[  2%] Built target drone__rosidl_generator_type_description
[  2%] Built target ament_cmake_python_symlink_drone
[  5%] Built target drone__cpp
[ 17%] Built target drone__rosidl_generator_c
[ 48%] Built target drone__rosidl_typesupport_cpp
[ 48%] Built target drone__rosidl_typesupport_c
[ 48%] Built target drone__rosidl_typesupport_introspection_c
[ 48%] Built target drone__rosidl_typesupport_fastrtps_cpp
[ 56%] Built target drone__rosidl_typesupport_fastrtps_c
[ 64%] Built target drone__rosidl_typesupport_introspection_cpp
[ 64%] Built target drone
[ 66%] Built target drone__py
[ 69%] [32mBuilding CXX object CMakeFiles/finder.dir/src/main.cpp.o[0m
[ 74%] Built target drone__rosidl_generator_py
[ 89%] Built target drone_s__rosidl_typesupport_c
[ 89%] Built target drone_s__rosidl_typesupport_introspection_c
[ 89%] Built target drone_s__rosidl_typesupport_fastrtps_c
running egg_info
writing drone.egg-info/PKG-INFO
writing dependency_links to drone.egg-info/dependency_links.txt
writing top-level names to drone.egg-info/top_level.txt
reading manifest file 'drone.egg-info/SOURCES.txt'
writing manifest file 'drone.egg-info/SOURCES.txt'
[ 89%] Built target ament_cmake_python_build_drone_egg
[01m[K/home/dksoren/drone_boys/src/drone/src/main.cpp:[m[K In function ‘[01m[Kvoid[01;32m[K sky_sorted_coloredshirt[m[K(cv::Mat&, const Config&)[m[K’:
[01m[K/home/dksoren/drone_boys/src/drone/src/main.cpp:106:12:[m[K [01;31m[Kerror: [m[Kreturn-statement with a value, in function returning ‘[01m[Kvoid[m[K’ [[01;31m[K]8;;https://gcc.gnu.org/onlinedocs/gcc/Warning-Options.html#index-fpermissive-fpermissive]8;;[m[K]
  106 |     return [01;31m[Kimage[m[K;
      |            [01;31m[K^~~~~[m[K
gmake[2]: *** [CMakeFiles/finder.dir/build.make:76: CMakeFiles/finder.dir/src/main.cpp.o] Error 1
gmake[1]: *** [CMakeFiles/Makefile2:626: CMakeFiles/finder.dir/all] Error 2
gmake: *** [Makefile:146: all] Error 2
