[0.008s] Invoking command in '/home/dksoren/drone_boys/build/drone': CMAKE_PREFIX_PATH=${CMAKE_PREFIX_PATH}:/opt/ros/jazzy DEBUGINFOD_URLS=https://debuginfod.ubuntu.com /usr/bin/cmake --build /home/dksoren/drone_boys/build/drone -- -j12 -l12
[0.055s] [  2%] Built target drone__rosidl_generator_type_description
[0.060s] [  2%] Built target ament_cmake_python_symlink_drone
[0.070s] [  5%] Built target drone__cpp
[0.072s] [ 17%] Built target drone__rosidl_generator_c
[0.093s] [ 48%] Built target drone__rosidl_typesupport_cpp
[0.093s] [ 48%] Built target drone__rosidl_typesupport_c
[0.093s] [ 48%] Built target drone__rosidl_typesupport_introspection_c
[0.093s] [ 48%] Built target drone__rosidl_typesupport_fastrtps_cpp
[0.094s] [ 56%] Built target drone__rosidl_typesupport_fastrtps_c
[0.095s] [ 64%] Built target drone__rosidl_typesupport_introspection_cpp
[0.114s] [ 64%] Built target drone
[0.133s] [ 66%] Built target drone__py
[0.148s] [ 69%] [32mBuilding CXX object CMakeFiles/finder.dir/src/main.cpp.o[0m
[0.156s] [ 74%] Built target drone__rosidl_generator_py
[0.178s] [ 89%] Built target drone_s__rosidl_typesupport_c
[0.178s] [ 89%] Built target drone_s__rosidl_typesupport_introspection_c
[0.178s] [ 89%] Built target drone_s__rosidl_typesupport_fastrtps_c
[0.243s] running egg_info
[0.260s] writing drone.egg-info/PKG-INFO
[0.260s] writing dependency_links to drone.egg-info/dependency_links.txt
[0.260s] writing top-level names to drone.egg-info/top_level.txt
[0.309s] reading manifest file 'drone.egg-info/SOURCES.txt'
[0.310s] writing manifest file 'drone.egg-info/SOURCES.txt'
[0.336s] [ 89%] Built target ament_cmake_python_build_drone_egg
[3.187s] [01m[K/home/dksoren/drone_boys/src/drone/src/main.cpp:[m[K In function ‘[01m[Kvoid[01;32m[K sky_sorted_coloredshirt[m[K(cv::Mat&, const Config&)[m[K’:
[3.187s] [01m[K/home/dksoren/drone_boys/src/drone/src/main.cpp:106:12:[m[K [01;31m[Kerror: [m[Kreturn-statement with a value, in function returning ‘[01m[Kvoid[m[K’ [[01;31m[K]8;;https://gcc.gnu.org/onlinedocs/gcc/Warning-Options.html#index-fpermissive-fpermissive]8;;[m[K]
[3.187s]   106 |     return [01;31m[Kimage[m[K;
[3.187s]       |            [01;31m[K^~~~~[m[K
[4.366s] gmake[2]: *** [CMakeFiles/finder.dir/build.make:76: CMakeFiles/finder.dir/src/main.cpp.o] Error 1
[4.366s] gmake[1]: *** [CMakeFiles/Makefile2:626: CMakeFiles/finder.dir/all] Error 2
[4.367s] gmake: *** [Makefile:146: all] Error 2
[4.369s] Invoked command in '/home/dksoren/drone_boys/build/drone' returned '2': CMAKE_PREFIX_PATH=${CMAKE_PREFIX_PATH}:/opt/ros/jazzy DEBUGINFOD_URLS=https://debuginfod.ubuntu.com /usr/bin/cmake --build /home/dksoren/drone_boys/build/drone -- -j12 -l12
