[0.011s] Invoking command in '/home/dksoren/drone_boys/build/drone_core': DEBUGINFOD_URLS=https://debuginfod.ubuntu.com /usr/bin/cmake --build /home/dksoren/drone_boys/build/drone_core -- -j12 -l12
[0.074s] [  2%] Built target drone_core__rosidl_generator_type_description
[0.078s] [  9%] Built target drone_core_lib
[0.086s] [  9%] Built target ament_cmake_python_copy_drone_core
[0.099s] [ 12%] Built target drone_core__cpp
[0.100s] [ 24%] Built target drone_core__rosidl_generator_c
[0.141s] [ 34%] Built target drone_core__rosidl_typesupport_fastrtps_c
[0.141s] [ 39%] Built target drone_core__rosidl_typesupport_cpp
[0.145s] [ 53%] Built target drone_core__rosidl_typesupport_introspection_cpp
[0.146s] [ 53%] Built target drone_core__rosidl_typesupport_c
[0.147s] [ 60%] Built target drone_core__rosidl_typesupport_introspection_c
[0.157s] [ 68%] Built target drone_core__rosidl_typesupport_fastrtps_cpp
[0.187s] [ 68%] Built target drone_core
[0.214s] [ 70%] Built target drone_core__py
[0.226s] [ 73%] [32mBuilding CXX object CMakeFiles/finder.dir/src/main.cpp.o[0m
[0.241s] [ 78%] Built target drone_core__rosidl_generator_py
[0.270s] [ 92%] Built target drone_core_s__rosidl_typesupport_c
[0.270s] [ 92%] Built target drone_core_s__rosidl_typesupport_fastrtps_c
[0.270s] [ 92%] Built target drone_core_s__rosidl_typesupport_introspection_c
[0.376s] running egg_info
[0.401s] writing drone_core.egg-info/PKG-INFO
[0.401s] writing dependency_links to drone_core.egg-info/dependency_links.txt
[0.401s] writing top-level names to drone_core.egg-info/top_level.txt
[0.478s] reading manifest file 'drone_core.egg-info/SOURCES.txt'
[0.478s] writing manifest file 'drone_core.egg-info/SOURCES.txt'
[0.509s] [ 92%] Built target ament_cmake_python_build_drone_core_egg
[3.310s] [01m[K/home/dksoren/drone_boys/src/drone_core/src/main.cpp:126:10:[m[K [01;31m[Kerror: [m[K‘[01m[Kcout[m[K’ in namespace ‘[01m[Kstd[m[K’ does not name a type
[3.310s]   126 |     std::[01;31m[Kcout[m[K << "Trying to open config: " << configPath << std::endl;
[3.310s]       |          [01;31m[K^~~~[m[K
[3.310s] In file included from [01m[K/usr/include/opencv4/opencv2/flann/params.h:37[m[K,
[3.310s]                  from [01m[K/usr/include/opencv4/opencv2/flann/flann_base.hpp:41[m[K,
[3.310s]                  from [01m[K/usr/include/opencv4/opencv2/flann.hpp:48[m[K,
[3.310s]                  from [01m[K/usr/include/opencv4/opencv2/opencv.hpp:65[m[K,
[3.310s]                  from [01m[K/home/dksoren/drone_boys/src/drone_core/include/drone_core/utils.h:3[m[K,
[3.310s]                  from [01m[K/home/dksoren/drone_boys/src/drone_core/src/main.cpp:1[m[K:
[3.310s] [01m[K/usr/include/c++/13/iostream:63:18:[m[K [01;36m[Knote: [m[K‘[01m[Kstd::cout[m[K’ declared here
[3.310s]    63 |   extern ostream [01;36m[Kcout[m[K;          ///< Linked to standard output
[3.310s]       |                  [01;36m[K^~~~[m[K
[4.504s] gmake[2]: *** [CMakeFiles/finder.dir/build.make:76: CMakeFiles/finder.dir/src/main.cpp.o] Error 1
[4.504s] gmake[1]: *** [CMakeFiles/Makefile2:655: CMakeFiles/finder.dir/all] Error 2
[4.504s] gmake: *** [Makefile:146: all] Error 2
[4.507s] Invoked command in '/home/dksoren/drone_boys/build/drone_core' returned '2': DEBUGINFOD_URLS=https://debuginfod.ubuntu.com /usr/bin/cmake --build /home/dksoren/drone_boys/build/drone_core -- -j12 -l12
