[ 14%] Built target glfw
[ 25%] Built target sharing
[ 25%] Built target heightmap
[ 25%] Built target boing
[ 25%] Built target gears
[ 25%] Built target splitview
[ 31%] Built target particles
[ 31%] Built target wave
[ 33%] Built target offscreen
[ 35%] Built target simple
[ 38%] Built target clipboard
[ 42%] Built target events
[ 47%] Built target ImGuiLib
[ 54%] Built target cursor
[ 55%] Built target monitors
[ 55%] Built target glfwinfo
[ 61%] Built target iconify
[ 62%] Built target msaa
[ 65%] Built target reopen
[ 68%] Built target icon
[ 70%] Built target gamma
[ 73%] Built target empty
[ 75%] Built target joysticks
[ 80%] Built target opacity
[ 80%] Built target inputlag
[ 82%] Built target tearing
[ 88%] Built target threads
[ 88%] Built target title
[ 89%] [32mBuilding CXX object CMakeFiles/InterfaceLib.dir/src/interfaceUtil.cpp.o[0m
[ 91%] Built target timeout
[ 94%] Built target triangle-vulkan
[ 97%] Built target windows
[01m[K/home/dksoren/drone_boys/src/drone_gui/src/interfaceUtil.cpp:1:10:[m[K [01;31m[Kfatal error: [m[KinterfaceUtil.h: No such file or directory
    1 | #include [01;31m[K"interfaceUtil.h"[m[K
      |          [01;31m[K^~~~~~~~~~~~~~~~~[m[K
compilation terminated.
gmake[2]: *** [CMakeFiles/InterfaceLib.dir/build.make:76: CMakeFiles/InterfaceLib.dir/src/interfaceUtil.cpp.o] Error 1
gmake[1]: *** [CMakeFiles/Makefile2:290: CMakeFiles/InterfaceLib.dir/all] Error 2
gmake: *** [Makefile:146: all] Error 2
