[0.010s] Invoking command in '/home/dksoren/drone_boys/build/drone_gui': CMAKE_PREFIX_PATH=/opt/ros/jazzy:/home/dksoren/drone_boys/install/drone_core:${CMAKE_PREFIX_PATH} DEBUGINFOD_URLS=https://debuginfod.ubuntu.com LD_LIBRARY_PATH=/home/dksoren/drone_boys/install/drone_core/lib:${LD_LIBRARY_PATH} PKG_CONFIG_PATH=/home/dksoren/drone_boys/install/drone_core/lib/x86_64-linux-gnu/pkgconfig:/home/dksoren/drone_boys/install/drone_core/lib/pkgconfig PYTHONPATH=/home/dksoren/drone_boys/install/drone_core/lib/python3.12/site-packages:${PYTHONPATH} ROS_PACKAGE_PATH=/home/dksoren/drone_boys/install/drone_core/share /usr/bin/cmake --build /home/dksoren/drone_boys/build/drone_gui -- -j12 -l12
[0.071s] [ 14%] Built target glfw
[0.097s] [ 25%] Built target sharing
[0.097s] [ 25%] Built target heightmap
[0.097s] [ 25%] Built target boing
[0.097s] [ 25%] Built target gears
[0.097s] [ 25%] Built target splitview
[0.097s] [ 31%] Built target particles
[0.097s] [ 31%] Built target wave
[0.098s] [ 33%] Built target offscreen
[0.098s] [ 35%] Built target simple
[0.098s] [ 38%] Built target clipboard
[0.105s] [ 42%] Built target events
[0.109s] [ 47%] Built target ImGuiLib
[0.125s] [ 54%] Built target cursor
[0.126s] [ 55%] Built target monitors
[0.126s] [ 55%] Built target glfwinfo
[0.132s] [ 61%] Built target iconify
[0.132s] [ 62%] Built target msaa
[0.132s] [ 65%] Built target reopen
[0.133s] [ 68%] Built target icon
[0.134s] [ 70%] Built target gamma
[0.139s] [ 73%] Built target empty
[0.140s] [ 75%] Built target joysticks
[0.140s] [ 80%] Built target opacity
[0.140s] [ 80%] Built target inputlag
[0.155s] [ 82%] Built target tearing
[0.156s] [ 88%] Built target threads
[0.156s] [ 88%] Built target title
[0.156s] [ 89%] [32mBuilding CXX object CMakeFiles/InterfaceLib.dir/src/interfaceUtil.cpp.o[0m
[0.156s] [ 91%] Built target timeout
[0.157s] [ 94%] Built target triangle-vulkan
[0.157s] [ 97%] Built target windows
[0.166s] [01m[K/home/dksoren/drone_boys/src/drone_gui/src/interfaceUtil.cpp:1:10:[m[K [01;31m[Kfatal error: [m[KinterfaceUtil.h: No such file or directory
[0.166s]     1 | #include [01;31m[K"interfaceUtil.h"[m[K
[0.166s]       |          [01;31m[K^~~~~~~~~~~~~~~~~[m[K
[0.166s] compilation terminated.
[0.167s] gmake[2]: *** [CMakeFiles/InterfaceLib.dir/build.make:76: CMakeFiles/InterfaceLib.dir/src/interfaceUtil.cpp.o] Error 1
[0.167s] gmake[1]: *** [CMakeFiles/Makefile2:290: CMakeFiles/InterfaceLib.dir/all] Error 2
[0.168s] gmake: *** [Makefile:146: all] Error 2
[0.171s] Invoked command in '/home/dksoren/drone_boys/build/drone_gui' returned '2': CMAKE_PREFIX_PATH=/opt/ros/jazzy:/home/dksoren/drone_boys/install/drone_core:${CMAKE_PREFIX_PATH} DEBUGINFOD_URLS=https://debuginfod.ubuntu.com LD_LIBRARY_PATH=/home/dksoren/drone_boys/install/drone_core/lib:${LD_LIBRARY_PATH} PKG_CONFIG_PATH=/home/dksoren/drone_boys/install/drone_core/lib/x86_64-linux-gnu/pkgconfig:/home/dksoren/drone_boys/install/drone_core/lib/pkgconfig PYTHONPATH=/home/dksoren/drone_boys/install/drone_core/lib/python3.12/site-packages:${PYTHONPATH} ROS_PACKAGE_PATH=/home/dksoren/drone_boys/install/drone_core/share /usr/bin/cmake --build /home/dksoren/drone_boys/build/drone_gui -- -j12 -l12
