[0.015s] Invoking command in '/home/dksoren/drone_boys/build/drone_gui': CMAKE_PREFIX_PATH=/opt/ros/jazzy:/home/dksoren/drone_boys/install/drone_core:${CMAKE_PREFIX_PATH} DEBUGINFOD_URLS=https://debuginfod.ubuntu.com LD_LIBRARY_PATH=/home/dksoren/drone_boys/install/drone_core/lib:${LD_LIBRARY_PATH} PKG_CONFIG_PATH=/home/dksoren/drone_boys/install/drone_core/lib/x86_64-linux-gnu/pkgconfig:/home/dksoren/drone_boys/install/drone_core/lib/pkgconfig PYTHONPATH=/home/dksoren/drone_boys/install/drone_core/lib/python3.12/site-packages:${PYTHONPATH} ROS_PACKAGE_PATH=/home/dksoren/drone_boys/install/drone_core/share /usr/bin/cmake /home/dksoren/drone_boys/src/drone_gui -DCMAKE_INSTALL_PREFIX=/home/dksoren/drone_boys/install/drone_gui
[0.031s] -- Found ament_cmake: 2.5.4 (/opt/ros/jazzy/share/ament_cmake/cmake)
[0.277s] -- Found rclcpp: 28.1.12 (/opt/ros/jazzy/share/rclcpp/cmake)
[0.310s] -- Found rosidl_generator_c: 4.6.6 (/opt/ros/jazzy/share/rosidl_generator_c/cmake)
[0.320s] -- Found rosidl_generator_cpp: 4.6.6 (/opt/ros/jazzy/share/rosidl_generator_cpp/cmake)
[0.330s] -- Using all available rosidl_typesupport_c: rosidl_typesupport_fastrtps_c;rosidl_typesupport_introspection_c
[0.340s] -- Using all available rosidl_typesupport_cpp: rosidl_typesupport_fastrtps_cpp;rosidl_typesupport_introspection_cpp
[0.385s] -- Found rmw_implementation_cmake: 7.3.2 (/opt/ros/jazzy/share/rmw_implementation_cmake/cmake)
[0.386s] -- Found rmw_fastrtps_cpp: 8.4.3 (/opt/ros/jazzy/share/rmw_fastrtps_cpp/cmake)
[0.439s] -- Using RMW implementation 'rmw_fastrtps_cpp' as default
[0.488s] -- Found std_msgs: 5.3.6 (/opt/ros/jazzy/share/std_msgs/cmake)
[1.432s] [0mCMake Deprecation Warning at /home/dksoren/drone_boys/build/drone_gui/_deps/glfw-src/CMakeLists.txt:1 (cmake_minimum_required):
[1.432s]   Compatibility with CMake < 3.5 will be removed from a future version of
[1.432s]   CMake.
[1.432s] 
[1.432s]   Update the VERSION argument <min> value or use a ...<max> suffix to tell
[1.432s]   CMake that the project does not need compatibility with older versions.
[1.432s] 
[1.432s] [0m
[1.437s] -- Could NOT find Doxygen (missing: DOXYGEN_EXECUTABLE) 
[1.437s] -- Using X11 for window creation
[1.559s] -- Configuring done (1.5s)
[1.615s] [31mCMake Error at CMakeLists.txt:66 (target_link_libraries):
[1.615s]   Target "gui_app" links to:
[1.615s] 
[1.615s]     std_msgs::std_msgs
[1.615s] 
[1.615s]   but the target was not found.  Possible reasons include:
[1.615s] 
[1.615s]     * There is a typo in the target name.
[1.615s]     * A find_package call is missing for an IMPORTED target.
[1.615s]     * An ALIAS target is missing.
[1.616s] 
[1.616s] 
[1.616s] [0m
[1.616s] -- Generating done (0.0s)
[1.619s] [0mCMake Generate step failed.  Build files cannot be regenerated correctly.[0m
[1.630s] Invoked command in '/home/dksoren/drone_boys/build/drone_gui' returned '1': CMAKE_PREFIX_PATH=/opt/ros/jazzy:/home/dksoren/drone_boys/install/drone_core:${CMAKE_PREFIX_PATH} DEBUGINFOD_URLS=https://debuginfod.ubuntu.com LD_LIBRARY_PATH=/home/dksoren/drone_boys/install/drone_core/lib:${LD_LIBRARY_PATH} PKG_CONFIG_PATH=/home/dksoren/drone_boys/install/drone_core/lib/x86_64-linux-gnu/pkgconfig:/home/dksoren/drone_boys/install/drone_core/lib/pkgconfig PYTHONPATH=/home/dksoren/drone_boys/install/drone_core/lib/python3.12/site-packages:${PYTHONPATH} ROS_PACKAGE_PATH=/home/dksoren/drone_boys/install/drone_core/share /usr/bin/cmake /home/dksoren/drone_boys/src/drone_gui -DCMAKE_INSTALL_PREFIX=/home/dksoren/drone_boys/install/drone_gui
