[0.011s] Invoking command in '/home/dksoren/drone_boys/build/drone': DEBUGINFOD_URLS=https://debuginfod.ubuntu.com /usr/bin/cmake --build /home/dksoren/drone_boys/build/drone -- -j12 -l12
[0.040s] -- Found ament_cmake: 2.5.4 (/opt/ros/jazzy/share/ament_cmake/cmake)
[0.070s] -- Found Python3: /usr/bin/python3 (found version "3.12.3") found components: Interpreter 
[0.152s] -- Override CMake install command with custom implementation using symlinks instead of copying resources
[0.159s] -- Found rclcpp: 28.1.12 (/opt/ros/jazzy/share/rclcpp/cmake)
[0.182s] -- Found rosidl_generator_c: 4.6.6 (/opt/ros/jazzy/share/rosidl_generator_c/cmake)
[0.188s] -- Found rosidl_generator_cpp: 4.6.6 (/opt/ros/jazzy/share/rosidl_generator_cpp/cmake)
[0.196s] -- Using all available rosidl_typesupport_c: rosidl_typesupport_fastrtps_c;rosidl_typesupport_introspection_c
[0.207s] -- Using all available rosidl_typesupport_cpp: rosidl_typesupport_fastrtps_cpp;rosidl_typesupport_introspection_cpp
[0.254s] -- Found rmw_implementation_cmake: 7.3.2 (/opt/ros/jazzy/share/rmw_implementation_cmake/cmake)
[0.256s] -- Found rmw_fastrtps_cpp: 8.4.3 (/opt/ros/jazzy/share/rmw_fastrtps_cpp/cmake)
[0.309s] -- Using RMW implementation 'rmw_fastrtps_cpp' as default
[0.358s] -- Found rclcpp_action: 28.1.12 (/opt/ros/jazzy/share/rclcpp_action/cmake)
[0.393s] -- Found rosidl_default_generators: 1.6.0 (/opt/ros/jazzy/share/rosidl_default_generators/cmake)
[0.399s] -- Found rosidl_adapter: 4.6.6 (/opt/ros/jazzy/share/rosidl_adapter/cmake)
[0.611s] -- Found ament_cmake_ros: 0.12.0 (/opt/ros/jazzy/share/ament_cmake_ros/cmake)
[0.744s] -- Using all available rosidl_typesupport_c: rosidl_typesupport_fastrtps_c;rosidl_typesupport_introspection_c
[0.796s] -- Using all available rosidl_typesupport_cpp: rosidl_typesupport_fastrtps_cpp;rosidl_typesupport_introspection_cpp
[0.796s] -- Found python_cmake_module: 0.11.1 (/opt/ros/jazzy/share/python_cmake_module/cmake)
[1.001s] -- Found Python3: /usr/bin/python3 (found version "3.12.3") found components: Interpreter Development NumPy Development.Module Development.Embed 
[1.018s] -- Configuring done (1.0s)
[1.057s] -- Generating done (0.0s)
[1.069s] -- Build files have been written to: /home/dksoren/drone_boys/build/drone
[1.105s] [  2%] Built target drone__rosidl_generator_type_description
[1.113s] [  2%] Built target ament_cmake_python_symlink_drone
[1.122s] [  5%] Built target drone__cpp
[1.125s] [ 18%] Built target drone__rosidl_generator_c
[1.151s] [ 35%] Built target drone__rosidl_typesupport_introspection_c
[1.151s] [ 35%] Built target drone__rosidl_typesupport_c
[1.152s] [ 56%] Built target drone__rosidl_typesupport_cpp
[1.153s] [ 59%] Built target drone__rosidl_typesupport_fastrtps_c
[1.153s] [ 59%] Built target drone__rosidl_typesupport_fastrtps_cpp
[1.153s] [ 67%] Built target drone__rosidl_typesupport_introspection_cpp
[1.171s] [ 67%] Built target drone
[1.182s] [ 70%] [32mBuilding CXX object CMakeFiles/finder.dir/src/main.cpp.o[0m
[1.190s] [01m[K/home/dksoren/drone_boys/src/drone/src/main.cpp:1:10:[m[K [01;31m[Kfatal error: [m[Kutils.h: No such file or directory
[1.190s]     1 | #include [01;31m[K"utils.h"[m[K
[1.190s]       |          [01;31m[K^~~~~~~~~[m[K
[1.190s] compilation terminated.
[1.191s] [ 72%] Built target drone__py
[1.191s] gmake[2]: *** [CMakeFiles/finder.dir/build.make:76: CMakeFiles/finder.dir/src/main.cpp.o] Error 1
[1.191s] gmake[1]: *** [CMakeFiles/Makefile2:625: CMakeFiles/finder.dir/all] Error 2
[1.191s] gmake[1]: *** Waiting for unfinished jobs....
[1.295s] running egg_info
[1.311s] writing drone.egg-info/PKG-INFO
[1.311s] writing dependency_links to drone.egg-info/dependency_links.txt
[1.311s] writing top-level names to drone.egg-info/top_level.txt
[1.357s] reading manifest file 'drone.egg-info/SOURCES.txt'
[1.357s] writing manifest file 'drone.egg-info/SOURCES.txt'
[1.380s] [ 72%] Built target ament_cmake_python_build_drone_egg
[1.381s] gmake: *** [Makefile:146: all] Error 2
