-- The C compiler identification is GNU 13.3.0
-- The CXX compiler identification is GNU 13.3.0
-- Detecting C compiler ABI info
-- Detecting C compiler ABI info - done
-- Check for working C compiler: /usr/bin/cc - skipped
-- Detecting C compile features
-- Detecting C compile features - done
-- Detecting CXX compiler ABI info
-- Detecting CXX compiler ABI info - done
-- Check for working CXX compiler: /usr/bin/c++ - skipped
-- Detecting CXX compile features
-- Detecting CXX compile features - done
-- Found ament_cmake: 2.5.4 (/opt/ros/jazzy/share/ament_cmake/cmake)
-- Found Python3: /usr/bin/python3 (found version "3.12.3") found components: Interpreter 
-- Found rclcpp: 28.1.13 (/opt/ros/jazzy/share/rclcpp/cmake)
-- Found rosidl_generator_c: 4.6.6 (/opt/ros/jazzy/share/rosidl_generator_c/cmake)
-- Found rosidl_generator_cpp: 4.6.6 (/opt/ros/jazzy/share/rosidl_generator_cpp/cmake)
-- Using all available rosidl_typesupport_c: rosidl_typesupport_fastrtps_c;rosidl_typesupport_introspection_c
-- Using all available rosidl_typesupport_cpp: rosidl_typesupport_fastrtps_cpp;rosidl_typesupport_introspection_cpp
-- Found rmw_implementation_cmake: 7.3.2 (/opt/ros/jazzy/share/rmw_implementation_cmake/cmake)
-- Found rmw_fastrtps_cpp: 8.4.3 (/opt/ros/jazzy/share/rmw_fastrtps_cpp/cmake)
-- Found OpenSSL: /usr/lib/x86_64-linux-gnu/libcrypto.so (found version "3.0.13")  
-- Found FastRTPS: /opt/ros/jazzy/include (Required is at least version "2.13") 
-- Using RMW implementation 'rmw_fastrtps_cpp' as default
-- Found rclcpp_action: 28.1.13 (/opt/ros/jazzy/share/rclcpp_action/cmake)
-- Found rosidl_default_generators: 1.6.0 (/opt/ros/jazzy/share/rosidl_default_generators/cmake)
-- Found rosidl_adapter: 4.6.6 (/opt/ros/jazzy/share/rosidl_adapter/cmake)
-- Found OpenCV: /usr (found version "4.6.0") 
-- Found ament_cmake_ros: 0.12.0 (/opt/ros/jazzy/share/ament_cmake_ros/cmake)
-- Using all available rosidl_typesupport_c: rosidl_typesupport_fastrtps_c;rosidl_typesupport_introspection_c
-- Using all available rosidl_typesupport_cpp: rosidl_typesupport_fastrtps_cpp;rosidl_typesupport_introspection_cpp
-- Found python_cmake_module: 0.11.1 (/opt/ros/jazzy/share/python_cmake_module/cmake)
-- Found PythonExtra: /usr/bin/python3  
-- Found Python3: /usr/bin/python3 (found version "3.12.3") found components: Interpreter Development NumPy Development.Module Development.Embed 
-- Configuring done (2.7s)
-- Generating done (0.0s)
-- Build files have been written to: /home/snekkie/DroneBoys/build/drone_core
[  7%] [32mBuilding CXX object CMakeFiles/drone_core_lib.dir/src/utils.cpp.o[0m
[  7%] [32mBuilding CXX object CMakeFiles/drone_core_lib.dir/src/manipulator.cpp.o[0m
[  7%] [34m[1mGenerating type hashes for ROS interfaces[0m
[  7%] Built target ament_cmake_python_copy_drone_core
running egg_info
creating drone_core.egg-info
writing drone_core.egg-info/PKG-INFO
writing dependency_links to drone_core.egg-info/dependency_links.txt
writing top-level names to drone_core.egg-info/top_level.txt
writing manifest file 'drone_core.egg-info/SOURCES.txt'
reading manifest file 'drone_core.egg-info/SOURCES.txt'
writing manifest file 'drone_core.egg-info/SOURCES.txt'
[  7%] Built target ament_cmake_python_build_drone_core_egg
[  7%] Built target drone_core__rosidl_generator_type_description
[  9%] [34m[1mGenerating C code for ROS interfaces[0m
[ 12%] [34m[1mGenerating C++ code for ROS interfaces[0m
[ 12%] Built target drone_core__cpp
[ 14%] [32mBuilding C object CMakeFiles/drone_core__rosidl_generator_c.dir/rosidl_generator_c/drone_core/action/detail/finder_action__type_support.c.o[0m
[ 19%] [32mBuilding C object CMakeFiles/drone_core__rosidl_generator_c.dir/rosidl_generator_c/drone_core/action/detail/finder_action__description.c.o[0m
[ 19%] [32mBuilding C object CMakeFiles/drone_core__rosidl_generator_c.dir/rosidl_generator_c/drone_core/action/detail/finder_action__functions.c.o[0m
[ 21%] [32m[1mLinking C shared library libdrone_core__rosidl_generator_c.so[0m
[ 21%] Built target drone_core__rosidl_generator_c
[ 36%] [34m[1mGenerating C++ type support dispatch for ROS interfaces[0m
[ 36%] [34m[1mGenerating C++ type support for eProsima Fast-RTPS[0m
[ 36%] [34m[1mGenerating C type support dispatch for ROS interfaces[0m
[ 36%] [34m[1mGenerating C type support for eProsima Fast-RTPS[0m
[ 36%] [34m[1mGenerating C++ introspection for ROS interfaces[0m
[ 36%] [34m[1mGenerating C introspection for ROS interfaces[0m
[ 39%] [32mBuilding CXX object CMakeFiles/drone_core__rosidl_typesupport_cpp.dir/rosidl_typesupport_cpp/drone_core/action/finder_action__type_support.cpp.o[0m
[ 41%] [32mBuilding C object CMakeFiles/drone_core__rosidl_typesupport_introspection_c.dir/rosidl_typesupport_introspection_c/drone_core/action/detail/finder_action__type_support.c.o[0m
[ 43%] [32mBuilding CXX object CMakeFiles/drone_core__rosidl_typesupport_fastrtps_cpp.dir/rosidl_typesupport_fastrtps_cpp/drone_core/action/detail/dds_fastrtps/finder_action__type_support.cpp.o[0m
[ 46%] [32mBuilding CXX object CMakeFiles/drone_core__rosidl_typesupport_c.dir/rosidl_typesupport_c/drone_core/action/finder_action__type_support.cpp.o[0m
[ 48%] [32m[1mLinking C shared library libdrone_core__rosidl_typesupport_introspection_c.so[0m
[ 51%] [32m[1mLinking CXX shared library libdrone_core__rosidl_typesupport_c.so[0m
[ 51%] Built target drone_core__rosidl_typesupport_introspection_c
[ 53%] [32mBuilding CXX object CMakeFiles/drone_core__rosidl_typesupport_fastrtps_c.dir/rosidl_typesupport_fastrtps_c/drone_core/action/detail/finder_action__type_support_c.cpp.o[0m
[ 56%] [32mBuilding CXX object CMakeFiles/drone_core__rosidl_typesupport_introspection_cpp.dir/rosidl_typesupport_introspection_cpp/drone_core/action/detail/finder_action__type_support.cpp.o[0m
[ 56%] Built target drone_core__rosidl_typesupport_c
[ 60%] [32m[1mLinking CXX shared library libdrone_core__rosidl_typesupport_cpp.so[0m
[ 60%] [32m[1mLinking CXX shared library libdrone_core__rosidl_typesupport_fastrtps_c.so[0m
[ 63%] [32m[1mLinking CXX shared library libdrone_core__rosidl_typesupport_introspection_cpp.so[0m
[ 63%] Built target drone_core__rosidl_typesupport_fastrtps_c
[ 63%] Built target drone_core__rosidl_typesupport_cpp
[ 63%] Built target drone_core__rosidl_typesupport_introspection_cpp
[ 65%] [32m[1mLinking CXX shared library libdrone_core__rosidl_typesupport_fastrtps_cpp.so[0m
[ 65%] Built target drone_core__rosidl_typesupport_fastrtps_cpp
[ 65%] Built target drone_core
[ 68%] [32m[1mLinking CXX shared library libdrone_core_lib.so[0m
[ 70%] [34m[1mGenerating Python code for ROS interfaces[0m
[ 70%] Built target drone_core_lib
[ 78%] [32mBuilding CXX object CMakeFiles/finder.dir/src/manipulator.cpp.o[0m
[ 78%] [32mBuilding CXX object CMakeFiles/finder.dir/src/utils.cpp.o[0m
[ 78%] [32mBuilding CXX object CMakeFiles/finder.dir/src/main.cpp.o[0m
[ 78%] Built target drone_core__py
[ 80%] [32mBuilding C object CMakeFiles/drone_core__rosidl_generator_py.dir/rosidl_generator_py/drone_core/action/_finder_action_s.c.o[0m
[ 82%] [32m[1mLinking C shared library libdrone_core__rosidl_generator_py.so[0m
[ 82%] Built target drone_core__rosidl_generator_py
[ 90%] [32mBuilding C object CMakeFiles/drone_core_s__rosidl_typesupport_c.dir/rosidl_generator_py/drone_core/_drone_core_s.ep.rosidl_typesupport_c.c.o[0m
[ 90%] [32mBuilding C object CMakeFiles/drone_core_s__rosidl_typesupport_introspection_c.dir/rosidl_generator_py/drone_core/_drone_core_s.ep.rosidl_typesupport_introspection_c.c.o[0m
[ 90%] [32mBuilding C object CMakeFiles/drone_core_s__rosidl_typesupport_fastrtps_c.dir/rosidl_generator_py/drone_core/_drone_core_s.ep.rosidl_typesupport_fastrtps_c.c.o[0m
[ 92%] [32m[1mLinking C shared module rosidl_generator_py/drone_core/drone_core_s__rosidl_typesupport_introspection_c.so[0m
[ 95%] [32m[1mLinking C shared module rosidl_generator_py/drone_core/drone_core_s__rosidl_typesupport_fastrtps_c.so[0m
[ 97%] [32m[1mLinking C shared module rosidl_generator_py/drone_core/drone_core_s__rosidl_typesupport_c.so[0m
[ 97%] Built target drone_core_s__rosidl_typesupport_introspection_c
[ 97%] Built target drone_core_s__rosidl_typesupport_fastrtps_c
[ 97%] Built target drone_core_s__rosidl_typesupport_c
[100%] [32m[1mLinking CXX executable finder[0m
[100%] Built target finder
-- Install configuration: ""
-- Installing: /home/snekkie/DroneBoys/install/drone_core/share/ament_index/resource_index/rosidl_interfaces/drone_core
-- Installing: /home/snekkie/DroneBoys/install/drone_core/share/drone_core/action/FinderAction.json
-- Installing: /home/snekkie/DroneBoys/install/drone_core/include/drone_core/drone_core
-- Installing: /home/snekkie/DroneBoys/install/drone_core/include/drone_core/drone_core/action
-- Installing: /home/snekkie/DroneBoys/install/drone_core/include/drone_core/drone_core/action/detail
-- Installing: /home/snekkie/DroneBoys/install/drone_core/include/drone_core/drone_core/action/detail/finder_action__description.c
-- Installing: /home/snekkie/DroneBoys/install/drone_core/include/drone_core/drone_core/action/detail/finder_action__functions.h
-- Installing: /home/snekkie/DroneBoys/install/drone_core/include/drone_core/drone_core/action/detail/finder_action__functions.c
-- Installing: /home/snekkie/DroneBoys/install/drone_core/include/drone_core/drone_core/action/detail/finder_action__struct.h
-- Installing: /home/snekkie/DroneBoys/install/drone_core/include/drone_core/drone_core/action/detail/finder_action__type_support.h
-- Installing: /home/snekkie/DroneBoys/install/drone_core/include/drone_core/drone_core/action/detail/finder_action__type_support.c
-- Installing: /home/snekkie/DroneBoys/install/drone_core/include/drone_core/drone_core/action/finder_action.h
-- Installing: /home/snekkie/DroneBoys/install/drone_core/include/drone_core/drone_core/msg
-- Installing: /home/snekkie/DroneBoys/install/drone_core/include/drone_core/drone_core/msg/rosidl_generator_c__visibility_control.h
-- Installing: /home/snekkie/DroneBoys/install/drone_core/share/drone_core/environment/library_path.sh
-- Installing: /home/snekkie/DroneBoys/install/drone_core/share/drone_core/environment/library_path.dsv
-- Installing: /home/snekkie/DroneBoys/install/drone_core/lib/libdrone_core__rosidl_generator_c.so
-- Set non-toolchain portion of runtime path of "/home/snekkie/DroneBoys/install/drone_core/lib/libdrone_core__rosidl_generator_c.so" to ""
-- Up-to-date: /home/snekkie/DroneBoys/install/drone_core/include/drone_core/drone_core
-- Up-to-date: /home/snekkie/DroneBoys/install/drone_core/include/drone_core/drone_core/action
-- Up-to-date: /home/snekkie/DroneBoys/install/drone_core/include/drone_core/drone_core/action/detail
-- Installing: /home/snekkie/DroneBoys/install/drone_core/include/drone_core/drone_core/action/detail/finder_action__rosidl_typesupport_fastrtps_c.h
-- Up-to-date: /home/snekkie/DroneBoys/install/drone_core/include/drone_core/drone_core/msg
-- Installing: /home/snekkie/DroneBoys/install/drone_core/include/drone_core/drone_core/msg/rosidl_typesupport_fastrtps_c__visibility_control.h
-- Installing: /home/snekkie/DroneBoys/install/drone_core/lib/libdrone_core__rosidl_typesupport_fastrtps_c.so
-- Set non-toolchain portion of runtime path of "/home/snekkie/DroneBoys/install/drone_core/lib/libdrone_core__rosidl_typesupport_fastrtps_c.so" to ""
-- Up-to-date: /home/snekkie/DroneBoys/install/drone_core/include/drone_core/drone_core
-- Up-to-date: /home/snekkie/DroneBoys/install/drone_core/include/drone_core/drone_core/action
-- Up-to-date: /home/snekkie/DroneBoys/install/drone_core/include/drone_core/drone_core/action/detail
-- Installing: /home/snekkie/DroneBoys/install/drone_core/include/drone_core/drone_core/action/detail/finder_action__traits.hpp
-- Installing: /home/snekkie/DroneBoys/install/drone_core/include/drone_core/drone_core/action/detail/finder_action__builder.hpp
-- Installing: /home/snekkie/DroneBoys/install/drone_core/include/drone_core/drone_core/action/detail/finder_action__type_support.hpp
-- Installing: /home/snekkie/DroneBoys/install/drone_core/include/drone_core/drone_core/action/detail/finder_action__struct.hpp
-- Installing: /home/snekkie/DroneBoys/install/drone_core/include/drone_core/drone_core/action/finder_action.hpp
-- Up-to-date: /home/snekkie/DroneBoys/install/drone_core/include/drone_core/drone_core/msg
-- Installing: /home/snekkie/DroneBoys/install/drone_core/include/drone_core/drone_core/msg/rosidl_generator_cpp__visibility_control.hpp
-- Up-to-date: /home/snekkie/DroneBoys/install/drone_core/include/drone_core/drone_core
-- Up-to-date: /home/snekkie/DroneBoys/install/drone_core/include/drone_core/drone_core/action
-- Up-to-date: /home/snekkie/DroneBoys/install/drone_core/include/drone_core/drone_core/action/detail
-- Installing: /home/snekkie/DroneBoys/install/drone_core/include/drone_core/drone_core/action/detail/dds_fastrtps
-- Installing: /home/snekkie/DroneBoys/install/drone_core/include/drone_core/drone_core/action/detail/finder_action__rosidl_typesupport_fastrtps_cpp.hpp
-- Up-to-date: /home/snekkie/DroneBoys/install/drone_core/include/drone_core/drone_core/msg
-- Installing: /home/snekkie/DroneBoys/install/drone_core/include/drone_core/drone_core/msg/rosidl_typesupport_fastrtps_cpp__visibility_control.h
-- Installing: /home/snekkie/DroneBoys/install/drone_core/lib/libdrone_core__rosidl_typesupport_fastrtps_cpp.so
-- Set non-toolchain portion of runtime path of "/home/snekkie/DroneBoys/install/drone_core/lib/libdrone_core__rosidl_typesupport_fastrtps_cpp.so" to ""
-- Up-to-date: /home/snekkie/DroneBoys/install/drone_core/include/drone_core/drone_core
-- Up-to-date: /home/snekkie/DroneBoys/install/drone_core/include/drone_core/drone_core/action
-- Up-to-date: /home/snekkie/DroneBoys/install/drone_core/include/drone_core/drone_core/action/detail
-- Installing: /home/snekkie/DroneBoys/install/drone_core/include/drone_core/drone_core/action/detail/finder_action__rosidl_typesupport_introspection_c.h
-- Up-to-date: /home/snekkie/DroneBoys/install/drone_core/include/drone_core/drone_core/action/detail/finder_action__type_support.c
-- Up-to-date: /home/snekkie/DroneBoys/install/drone_core/include/drone_core/drone_core/msg
-- Installing: /home/snekkie/DroneBoys/install/drone_core/include/drone_core/drone_core/msg/rosidl_typesupport_introspection_c__visibility_control.h
-- Installing: /home/snekkie/DroneBoys/install/drone_core/lib/libdrone_core__rosidl_typesupport_introspection_c.so
-- Set non-toolchain portion of runtime path of "/home/snekkie/DroneBoys/install/drone_core/lib/libdrone_core__rosidl_typesupport_introspection_c.so" to ""
-- Installing: /home/snekkie/DroneBoys/install/drone_core/lib/libdrone_core__rosidl_typesupport_c.so
-- Set non-toolchain portion of runtime path of "/home/snekkie/DroneBoys/install/drone_core/lib/libdrone_core__rosidl_typesupport_c.so" to ""
-- Up-to-date: /home/snekkie/DroneBoys/install/drone_core/include/drone_core/drone_core
-- Up-to-date: /home/snekkie/DroneBoys/install/drone_core/include/drone_core/drone_core/action
-- Up-to-date: /home/snekkie/DroneBoys/install/drone_core/include/drone_core/drone_core/action/detail
-- Installing: /home/snekkie/DroneBoys/install/drone_core/include/drone_core/drone_core/action/detail/finder_action__type_support.cpp
-- Installing: /home/snekkie/DroneBoys/install/drone_core/include/drone_core/drone_core/action/detail/finder_action__rosidl_typesupport_introspection_cpp.hpp
-- Installing: /home/snekkie/DroneBoys/install/drone_core/lib/libdrone_core__rosidl_typesupport_introspection_cpp.so
-- Set non-toolchain portion of runtime path of "/home/snekkie/DroneBoys/install/drone_core/lib/libdrone_core__rosidl_typesupport_introspection_cpp.so" to ""
-- Installing: /home/snekkie/DroneBoys/install/drone_core/lib/libdrone_core__rosidl_typesupport_cpp.so
-- Set non-toolchain portion of runtime path of "/home/snekkie/DroneBoys/install/drone_core/lib/libdrone_core__rosidl_typesupport_cpp.so" to ""
-- Installing: /home/snekkie/DroneBoys/install/drone_core/share/drone_core/environment/pythonpath.sh
-- Installing: /home/snekkie/DroneBoys/install/drone_core/share/drone_core/environment/pythonpath.dsv
-- Installing: /home/snekkie/DroneBoys/install/drone_core/lib/python3.12/site-packages/drone_core-0.0.1-py3.12.egg-info
-- Installing: /home/snekkie/DroneBoys/install/drone_core/lib/python3.12/site-packages/drone_core-0.0.1-py3.12.egg-info/dependency_links.txt
-- Installing: /home/snekkie/DroneBoys/install/drone_core/lib/python3.12/site-packages/drone_core-0.0.1-py3.12.egg-info/SOURCES.txt
-- Installing: /home/snekkie/DroneBoys/install/drone_core/lib/python3.12/site-packages/drone_core-0.0.1-py3.12.egg-info/top_level.txt
-- Installing: /home/snekkie/DroneBoys/install/drone_core/lib/python3.12/site-packages/drone_core-0.0.1-py3.12.egg-info/PKG-INFO
-- Installing: /home/snekkie/DroneBoys/install/drone_core/lib/python3.12/site-packages/drone_core
-- Installing: /home/snekkie/DroneBoys/install/drone_core/lib/python3.12/site-packages/drone_core/action
-- Installing: /home/snekkie/DroneBoys/install/drone_core/lib/python3.12/site-packages/drone_core/action/_finder_action.py
-- Installing: /home/snekkie/DroneBoys/install/drone_core/lib/python3.12/site-packages/drone_core/action/_finder_action_s.c
-- Installing: /home/snekkie/DroneBoys/install/drone_core/lib/python3.12/site-packages/drone_core/action/__init__.py
-- Installing: /home/snekkie/DroneBoys/install/drone_core/lib/python3.12/site-packages/drone_core/drone_core_s__rosidl_typesupport_fastrtps_c.so
-- Installing: /home/snekkie/DroneBoys/install/drone_core/lib/python3.12/site-packages/drone_core/_drone_core_s.ep.rosidl_typesupport_fastrtps_c.c
-- Installing: /home/snekkie/DroneBoys/install/drone_core/lib/python3.12/site-packages/drone_core/_drone_core_s.ep.rosidl_typesupport_c.c
-- Installing: /home/snekkie/DroneBoys/install/drone_core/lib/python3.12/site-packages/drone_core/drone_core_s__rosidl_typesupport_introspection_c.so
-- Installing: /home/snekkie/DroneBoys/install/drone_core/lib/python3.12/site-packages/drone_core/drone_core_s__rosidl_typesupport_c.so
-- Installing: /home/snekkie/DroneBoys/install/drone_core/lib/python3.12/site-packages/drone_core/_drone_core_s.ep.rosidl_typesupport_introspection_c.c
-- Installing: /home/snekkie/DroneBoys/install/drone_core/lib/python3.12/site-packages/drone_core/__init__.py
Listing '/home/snekkie/DroneBoys/install/drone_core/lib/python3.12/site-packages/drone_core'...
Compiling '/home/snekkie/DroneBoys/install/drone_core/lib/python3.12/site-packages/drone_core/__init__.py'...
Listing '/home/snekkie/DroneBoys/install/drone_core/lib/python3.12/site-packages/drone_core/action'...
Compiling '/home/snekkie/DroneBoys/install/drone_core/lib/python3.12/site-packages/drone_core/action/__init__.py'...
Compiling '/home/snekkie/DroneBoys/install/drone_core/lib/python3.12/site-packages/drone_core/action/_finder_action.py'...
-- Installing: /home/snekkie/DroneBoys/install/drone_core/lib/python3.12/site-packages/drone_core/drone_core_s__rosidl_typesupport_fastrtps_c.so
-- Set non-toolchain portion of runtime path of "/home/snekkie/DroneBoys/install/drone_core/lib/python3.12/site-packages/drone_core/drone_core_s__rosidl_typesupport_fastrtps_c.so" to ""
-- Installing: /home/snekkie/DroneBoys/install/drone_core/lib/python3.12/site-packages/drone_core/drone_core_s__rosidl_typesupport_introspection_c.so
-- Set non-toolchain portion of runtime path of "/home/snekkie/DroneBoys/install/drone_core/lib/python3.12/site-packages/drone_core/drone_core_s__rosidl_typesupport_introspection_c.so" to ""
-- Installing: /home/snekkie/DroneBoys/install/drone_core/lib/python3.12/site-packages/drone_core/drone_core_s__rosidl_typesupport_c.so
-- Set non-toolchain portion of runtime path of "/home/snekkie/DroneBoys/install/drone_core/lib/python3.12/site-packages/drone_core/drone_core_s__rosidl_typesupport_c.so" to ""
-- Installing: /home/snekkie/DroneBoys/install/drone_core/lib/libdrone_core__rosidl_generator_py.so
-- Set non-toolchain portion of runtime path of "/home/snekkie/DroneBoys/install/drone_core/lib/libdrone_core__rosidl_generator_py.so" to ""
-- Installing: /home/snekkie/DroneBoys/install/drone_core/share/drone_core/action/FinderAction.idl
-- Installing: /home/snekkie/DroneBoys/install/drone_core/share/drone_core/action/FinderAction.action
-- Up-to-date: /home/snekkie/DroneBoys/install/drone_core/include
-- Up-to-date: /home/snekkie/DroneBoys/install/drone_core/include/drone_core
-- Installing: /home/snekkie/DroneBoys/install/drone_core/include/drone_core/utils.h
-- Installing: /home/snekkie/DroneBoys/install/drone_core/include/drone_core/manipulator.h
-- Installing: /home/snekkie/DroneBoys/install/drone_core/lib/drone_core/libdrone_core_lib.so
-- Installing: /home/snekkie/DroneBoys/install/drone_core/lib/drone_core/finder
-- Set non-toolchain portion of runtime path of "/home/snekkie/DroneBoys/install/drone_core/lib/drone_core/finder" to ""
-- Installing: /home/snekkie/DroneBoys/install/drone_core/share/drone_core//config
-- Installing: /home/snekkie/DroneBoys/install/drone_core/share/drone_core//config/params.yaml
-- Installing: /home/snekkie/DroneBoys/install/drone_core/share/ament_index/resource_index/package_run_dependencies/drone_core
-- Installing: /home/snekkie/DroneBoys/install/drone_core/share/ament_index/resource_index/parent_prefix_path/drone_core
-- Installing: /home/snekkie/DroneBoys/install/drone_core/share/drone_core/environment/ament_prefix_path.sh
-- Installing: /home/snekkie/DroneBoys/install/drone_core/share/drone_core/environment/ament_prefix_path.dsv
-- Installing: /home/snekkie/DroneBoys/install/drone_core/share/drone_core/environment/path.sh
-- Installing: /home/snekkie/DroneBoys/install/drone_core/share/drone_core/environment/path.dsv
-- Installing: /home/snekkie/DroneBoys/install/drone_core/share/drone_core/local_setup.bash
-- Installing: /home/snekkie/DroneBoys/install/drone_core/share/drone_core/local_setup.sh
-- Installing: /home/snekkie/DroneBoys/install/drone_core/share/drone_core/local_setup.zsh
-- Installing: /home/snekkie/DroneBoys/install/drone_core/share/drone_core/local_setup.dsv
-- Installing: /home/snekkie/DroneBoys/install/drone_core/share/drone_core/package.dsv
-- Installing: /home/snekkie/DroneBoys/install/drone_core/share/ament_index/resource_index/packages/drone_core
-- Installing: /home/snekkie/DroneBoys/install/drone_core/share/drone_core/cmake/export_drone_core__rosidl_generator_cExport.cmake
-- Installing: /home/snekkie/DroneBoys/install/drone_core/share/drone_core/cmake/export_drone_core__rosidl_generator_cExport-noconfig.cmake
-- Installing: /home/snekkie/DroneBoys/install/drone_core/share/drone_core/cmake/export_drone_core__rosidl_typesupport_fastrtps_cExport.cmake
-- Installing: /home/snekkie/DroneBoys/install/drone_core/share/drone_core/cmake/export_drone_core__rosidl_typesupport_fastrtps_cExport-noconfig.cmake
-- Installing: /home/snekkie/DroneBoys/install/drone_core/share/drone_core/cmake/export_drone_core__rosidl_generator_cppExport.cmake
-- Installing: /home/snekkie/DroneBoys/install/drone_core/share/drone_core/cmake/export_drone_core__rosidl_typesupport_fastrtps_cppExport.cmake
-- Installing: /home/snekkie/DroneBoys/install/drone_core/share/drone_core/cmake/export_drone_core__rosidl_typesupport_fastrtps_cppExport-noconfig.cmake
-- Installing: /home/snekkie/DroneBoys/install/drone_core/share/drone_core/cmake/drone_core__rosidl_typesupport_introspection_cExport.cmake
-- Installing: /home/snekkie/DroneBoys/install/drone_core/share/drone_core/cmake/drone_core__rosidl_typesupport_introspection_cExport-noconfig.cmake
-- Installing: /home/snekkie/DroneBoys/install/drone_core/share/drone_core/cmake/drone_core__rosidl_typesupport_cExport.cmake
-- Installing: /home/snekkie/DroneBoys/install/drone_core/share/drone_core/cmake/drone_core__rosidl_typesupport_cExport-noconfig.cmake
-- Installing: /home/snekkie/DroneBoys/install/drone_core/share/drone_core/cmake/drone_core__rosidl_typesupport_introspection_cppExport.cmake
-- Installing: /home/snekkie/DroneBoys/install/drone_core/share/drone_core/cmake/drone_core__rosidl_typesupport_introspection_cppExport-noconfig.cmake
-- Installing: /home/snekkie/DroneBoys/install/drone_core/share/drone_core/cmake/drone_core__rosidl_typesupport_cppExport.cmake
-- Installing: /home/snekkie/DroneBoys/install/drone_core/share/drone_core/cmake/drone_core__rosidl_typesupport_cppExport-noconfig.cmake
-- Installing: /home/snekkie/DroneBoys/install/drone_core/share/drone_core/cmake/export_drone_core__rosidl_generator_pyExport.cmake
-- Installing: /home/snekkie/DroneBoys/install/drone_core/share/drone_core/cmake/export_drone_core__rosidl_generator_pyExport-noconfig.cmake
-- Installing: /home/snekkie/DroneBoys/install/drone_core/share/drone_core/cmake/rosidl_cmake-extras.cmake
-- Installing: /home/snekkie/DroneBoys/install/drone_core/share/drone_core/cmake/ament_cmake_export_dependencies-extras.cmake
-- Installing: /home/snekkie/DroneBoys/install/drone_core/share/drone_core/cmake/ament_cmake_export_include_directories-extras.cmake
-- Installing: /home/snekkie/DroneBoys/install/drone_core/share/drone_core/cmake/ament_cmake_export_libraries-extras.cmake
-- Installing: /home/snekkie/DroneBoys/install/drone_core/share/drone_core/cmake/ament_cmake_export_targets-extras.cmake
-- Installing: /home/snekkie/DroneBoys/install/drone_core/share/drone_core/cmake/rosidl_cmake_export_typesupport_targets-extras.cmake
-- Installing: /home/snekkie/DroneBoys/install/drone_core/share/drone_core/cmake/rosidl_cmake_export_typesupport_libraries-extras.cmake
-- Installing: /home/snekkie/DroneBoys/install/drone_core/share/drone_core/cmake/drone_coreConfig.cmake
-- Installing: /home/snekkie/DroneBoys/install/drone_core/share/drone_core/cmake/drone_coreConfig-version.cmake
-- Installing: /home/snekkie/DroneBoys/install/drone_core/share/drone_core/package.xml
