[0.007s] Invoking command in '/home/snekkie/DroneBoys/build/drone_core': CMAKE_PREFIX_PATH=${CMAKE_PREFIX_PATH}:/opt/ros/jazzy DEBUGINFOD_URLS=https://debuginfod.ubuntu.com /usr/bin/cmake /home/snekkie/DroneBoys/src/drone_core -DCMAKE_INSTALL_PREFIX=/home/snekkie/DroneBoys/install/drone_core
[0.058s] -- The C compiler identification is GNU 13.3.0
[0.104s] -- The CXX compiler identification is GNU 13.3.0
[0.118s] -- Detecting C compiler ABI info
[0.191s] -- Detecting C compiler ABI info - done
[0.198s] -- Check for working C compiler: /usr/bin/cc - skipped
[0.198s] -- Detecting C compile features
[0.198s] -- Detecting C compile features - done
[0.206s] -- Detecting CXX compiler ABI info
[0.288s] -- Detecting CXX compiler ABI info - done
[0.297s] -- Check for working CXX compiler: /usr/bin/c++ - skipped
[0.298s] -- Detecting CXX compile features
[0.298s] -- Detecting CXX compile features - done
[0.300s] -- Found ament_cmake: 2.5.4 (/opt/ros/jazzy/share/ament_cmake/cmake)
[0.428s] -- Found Python3: /usr/bin/python3 (found version "3.12.3") found components: Interpreter 
[0.494s] -- Found rclcpp: 28.1.13 (/opt/ros/jazzy/share/rclcpp/cmake)
[0.520s] -- Found rosidl_generator_c: 4.6.6 (/opt/ros/jazzy/share/rosidl_generator_c/cmake)
[0.527s] -- Found rosidl_generator_cpp: 4.6.6 (/opt/ros/jazzy/share/rosidl_generator_cpp/cmake)
[0.535s] -- Using all available rosidl_typesupport_c: rosidl_typesupport_fastrtps_c;rosidl_typesupport_introspection_c
[0.544s] -- Using all available rosidl_typesupport_cpp: rosidl_typesupport_fastrtps_cpp;rosidl_typesupport_introspection_cpp
[0.588s] -- Found rmw_implementation_cmake: 7.3.2 (/opt/ros/jazzy/share/rmw_implementation_cmake/cmake)
[0.588s] -- Found rmw_fastrtps_cpp: 8.4.3 (/opt/ros/jazzy/share/rmw_fastrtps_cpp/cmake)
[0.642s] -- Found OpenSSL: /usr/lib/x86_64-linux-gnu/libcrypto.so (found version "3.0.13")  
[0.658s] -- Found FastRTPS: /opt/ros/jazzy/include (Required is at least version "2.13") 
[0.677s] -- Using RMW implementation 'rmw_fastrtps_cpp' as default
[0.728s] -- Found rclcpp_action: 28.1.13 (/opt/ros/jazzy/share/rclcpp_action/cmake)
[0.757s] -- Found rosidl_default_generators: 1.6.0 (/opt/ros/jazzy/share/rosidl_default_generators/cmake)
[0.763s] -- Found rosidl_adapter: 4.6.6 (/opt/ros/jazzy/share/rosidl_adapter/cmake)
[0.769s] -- Found OpenCV: /usr (found version "4.6.0") 
[1.273s] -- Found ament_cmake_ros: 0.12.0 (/opt/ros/jazzy/share/ament_cmake_ros/cmake)
[1.904s] -- Using all available rosidl_typesupport_c: rosidl_typesupport_fastrtps_c;rosidl_typesupport_introspection_c
[2.156s] -- Using all available rosidl_typesupport_cpp: rosidl_typesupport_fastrtps_cpp;rosidl_typesupport_introspection_cpp
[2.157s] -- Found python_cmake_module: 0.11.1 (/opt/ros/jazzy/share/python_cmake_module/cmake)
[2.277s] -- Found PythonExtra: /usr/bin/python3  
[2.626s] -- Found Python3: /usr/bin/python3 (found version "3.12.3") found components: Interpreter Development NumPy Development.Module Development.Embed 
[2.660s] [0mCMake Deprecation Warning at /opt/ros/jazzy/share/rosidl_cmake/cmake/rosidl_target_interfaces.cmake:32 (message):
[2.660s]   Use rosidl_get_typesupport_target() and target_link_libraries() instead of
[2.661s]   rosidl_target_interfaces().  i.e:
[2.661s] 
[2.661s]     rosidl_get_typesupport_target(cpp_typesupport_target "${PROJECT_NAME}" "rosidl_typesupport_cpp")
[2.661s]     target_link_libraries(${PROJECT_NAME}_node "${cpp_typesupport_target}")
[2.661s] 
[2.661s] Call Stack (most recent call first):
[2.661s]   CMakeLists.txt:54 (rosidl_target_interfaces)
[2.661s] 
[2.661s] [0m
[2.664s] -- Configuring done (2.7s)
[2.697s] -- Generating done (0.0s)
[2.706s] -- Build files have been written to: /home/snekkie/DroneBoys/build/drone_core
[2.717s] Invoked command in '/home/snekkie/DroneBoys/build/drone_core' returned '0': CMAKE_PREFIX_PATH=${CMAKE_PREFIX_PATH}:/opt/ros/jazzy DEBUGINFOD_URLS=https://debuginfod.ubuntu.com /usr/bin/cmake /home/snekkie/DroneBoys/src/drone_core -DCMAKE_INSTALL_PREFIX=/home/snekkie/DroneBoys/install/drone_core
[2.718s] Invoking command in '/home/snekkie/DroneBoys/build/drone_core': CMAKE_PREFIX_PATH=${CMAKE_PREFIX_PATH}:/opt/ros/jazzy DEBUGINFOD_URLS=https://debuginfod.ubuntu.com /usr/bin/cmake --build /home/snekkie/DroneBoys/build/drone_core -- -j24 -l24
[2.763s] [  7%] [32mBuilding CXX object CMakeFiles/drone_core_lib.dir/src/utils.cpp.o[0m
[2.763s] [  7%] [32mBuilding CXX object CMakeFiles/drone_core_lib.dir/src/manipulator.cpp.o[0m
[2.763s] [  7%] [34m[1mGenerating type hashes for ROS interfaces[0m
[2.770s] [  7%] Built target ament_cmake_python_copy_drone_core
[2.884s] running egg_info
[2.885s] creating drone_core.egg-info
[2.893s] writing drone_core.egg-info/PKG-INFO
[2.893s] writing dependency_links to drone_core.egg-info/dependency_links.txt
[2.893s] writing top-level names to drone_core.egg-info/top_level.txt
[2.893s] writing manifest file 'drone_core.egg-info/SOURCES.txt'
[2.913s] reading manifest file 'drone_core.egg-info/SOURCES.txt'
[2.913s] writing manifest file 'drone_core.egg-info/SOURCES.txt'
[2.939s] [  7%] Built target ament_cmake_python_build_drone_core_egg
[2.939s] [  7%] Built target drone_core__rosidl_generator_type_description
[2.948s] [  9%] [34m[1mGenerating C code for ROS interfaces[0m
[2.957s] [ 12%] [34m[1mGenerating C++ code for ROS interfaces[0m
[3.173s] [ 12%] Built target drone_core__cpp
[3.186s] [ 14%] [32mBuilding C object CMakeFiles/drone_core__rosidl_generator_c.dir/rosidl_generator_c/drone_core/action/detail/finder_action__type_support.c.o[0m
[3.187s] [ 19%] [32mBuilding C object CMakeFiles/drone_core__rosidl_generator_c.dir/rosidl_generator_c/drone_core/action/detail/finder_action__description.c.o[0m
[3.187s] [ 19%] [32mBuilding C object CMakeFiles/drone_core__rosidl_generator_c.dir/rosidl_generator_c/drone_core/action/detail/finder_action__functions.c.o[0m
[3.283s] [ 21%] [32m[1mLinking C shared library libdrone_core__rosidl_generator_c.so[0m
[3.316s] [ 21%] Built target drone_core__rosidl_generator_c
[3.325s] [ 36%] [34m[1mGenerating C++ type support dispatch for ROS interfaces[0m
[3.325s] [ 36%] [34m[1mGenerating C++ type support for eProsima Fast-RTPS[0m
[3.325s] [ 36%] [34m[1mGenerating C type support dispatch for ROS interfaces[0m
[3.325s] [ 36%] [34m[1mGenerating C type support for eProsima Fast-RTPS[0m
[3.325s] [ 36%] [34m[1mGenerating C++ introspection for ROS interfaces[0m
[3.325s] [ 36%] [34m[1mGenerating C introspection for ROS interfaces[0m
[3.511s] [ 39%] [32mBuilding CXX object CMakeFiles/drone_core__rosidl_typesupport_cpp.dir/rosidl_typesupport_cpp/drone_core/action/finder_action__type_support.cpp.o[0m
[3.586s] [ 41%] [32mBuilding C object CMakeFiles/drone_core__rosidl_typesupport_introspection_c.dir/rosidl_typesupport_introspection_c/drone_core/action/detail/finder_action__type_support.c.o[0m
[3.608s] [ 43%] [32mBuilding CXX object CMakeFiles/drone_core__rosidl_typesupport_fastrtps_cpp.dir/rosidl_typesupport_fastrtps_cpp/drone_core/action/detail/dds_fastrtps/finder_action__type_support.cpp.o[0m
[3.617s] [ 46%] [32mBuilding CXX object CMakeFiles/drone_core__rosidl_typesupport_c.dir/rosidl_typesupport_c/drone_core/action/finder_action__type_support.cpp.o[0m
[3.631s] [ 48%] [32m[1mLinking C shared library libdrone_core__rosidl_typesupport_introspection_c.so[0m
[3.655s] [ 51%] [32m[1mLinking CXX shared library libdrone_core__rosidl_typesupport_c.so[0m
[3.658s] [ 51%] Built target drone_core__rosidl_typesupport_introspection_c
[3.663s] [ 53%] [32mBuilding CXX object CMakeFiles/drone_core__rosidl_typesupport_fastrtps_c.dir/rosidl_typesupport_fastrtps_c/drone_core/action/detail/finder_action__type_support_c.cpp.o[0m
[3.670s] [ 56%] [32mBuilding CXX object CMakeFiles/drone_core__rosidl_typesupport_introspection_cpp.dir/rosidl_typesupport_introspection_cpp/drone_core/action/detail/finder_action__type_support.cpp.o[0m
[3.692s] [ 56%] Built target drone_core__rosidl_typesupport_c
[4.042s] [ 60%] [32m[1mLinking CXX shared library libdrone_core__rosidl_typesupport_cpp.so[0m
[4.042s] [ 60%] [32m[1mLinking CXX shared library libdrone_core__rosidl_typesupport_fastrtps_c.so[0m
[4.059s] [ 63%] [32m[1mLinking CXX shared library libdrone_core__rosidl_typesupport_introspection_cpp.so[0m
[4.094s] [ 63%] Built target drone_core__rosidl_typesupport_fastrtps_c
[4.099s] [ 63%] Built target drone_core__rosidl_typesupport_cpp
[4.108s] [ 63%] Built target drone_core__rosidl_typesupport_introspection_cpp
[4.126s] [ 65%] [32m[1mLinking CXX shared library libdrone_core__rosidl_typesupport_fastrtps_cpp.so[0m
[4.180s] [ 65%] Built target drone_core__rosidl_typesupport_fastrtps_cpp
[4.194s] [ 65%] Built target drone_core
[4.207s] [ 68%] [32m[1mLinking CXX shared library libdrone_core_lib.so[0m
[4.209s] [ 70%] [34m[1mGenerating Python code for ROS interfaces[0m
[4.268s] [ 70%] Built target drone_core_lib
[4.283s] [ 78%] [32mBuilding CXX object CMakeFiles/finder.dir/src/manipulator.cpp.o[0m
[4.283s] [ 78%] [32mBuilding CXX object CMakeFiles/finder.dir/src/utils.cpp.o[0m
[4.283s] [ 78%] [32mBuilding CXX object CMakeFiles/finder.dir/src/main.cpp.o[0m
[4.537s] [ 78%] Built target drone_core__py
[4.552s] [ 80%] [32mBuilding C object CMakeFiles/drone_core__rosidl_generator_py.dir/rosidl_generator_py/drone_core/action/_finder_action_s.c.o[0m
[4.663s] [ 82%] [32m[1mLinking C shared library libdrone_core__rosidl_generator_py.so[0m
[4.696s] [ 82%] Built target drone_core__rosidl_generator_py
[4.715s] [ 90%] [32mBuilding C object CMakeFiles/drone_core_s__rosidl_typesupport_c.dir/rosidl_generator_py/drone_core/_drone_core_s.ep.rosidl_typesupport_c.c.o[0m
[4.715s] [ 90%] [32mBuilding C object CMakeFiles/drone_core_s__rosidl_typesupport_introspection_c.dir/rosidl_generator_py/drone_core/_drone_core_s.ep.rosidl_typesupport_introspection_c.c.o[0m
[4.715s] [ 90%] [32mBuilding C object CMakeFiles/drone_core_s__rosidl_typesupport_fastrtps_c.dir/rosidl_generator_py/drone_core/_drone_core_s.ep.rosidl_typesupport_fastrtps_c.c.o[0m
[4.787s] [ 92%] [32m[1mLinking C shared module rosidl_generator_py/drone_core/drone_core_s__rosidl_typesupport_introspection_c.so[0m
[4.806s] [ 95%] [32m[1mLinking C shared module rosidl_generator_py/drone_core/drone_core_s__rosidl_typesupport_fastrtps_c.so[0m
[4.812s] [ 97%] [32m[1mLinking C shared module rosidl_generator_py/drone_core/drone_core_s__rosidl_typesupport_c.so[0m
[4.812s] [ 97%] Built target drone_core_s__rosidl_typesupport_introspection_c
[4.827s] [ 97%] Built target drone_core_s__rosidl_typesupport_fastrtps_c
[4.833s] [ 97%] Built target drone_core_s__rosidl_typesupport_c
[7.608s] [100%] [32m[1mLinking CXX executable finder[0m
[7.977s] [100%] Built target finder
[7.988s] Invoked command in '/home/snekkie/DroneBoys/build/drone_core' returned '0': CMAKE_PREFIX_PATH=${CMAKE_PREFIX_PATH}:/opt/ros/jazzy DEBUGINFOD_URLS=https://debuginfod.ubuntu.com /usr/bin/cmake --build /home/snekkie/DroneBoys/build/drone_core -- -j24 -l24
[7.996s] Invoking command in '/home/snekkie/DroneBoys/build/drone_core': CMAKE_PREFIX_PATH=${CMAKE_PREFIX_PATH}:/opt/ros/jazzy DEBUGINFOD_URLS=https://debuginfod.ubuntu.com /usr/bin/cmake --install /home/snekkie/DroneBoys/build/drone_core
[8.002s] -- Install configuration: ""
[8.002s] -- Installing: /home/snekkie/DroneBoys/install/drone_core/share/ament_index/resource_index/rosidl_interfaces/drone_core
[8.002s] -- Installing: /home/snekkie/DroneBoys/install/drone_core/share/drone_core/action/FinderAction.json
[8.002s] -- Installing: /home/snekkie/DroneBoys/install/drone_core/include/drone_core/drone_core
[8.002s] -- Installing: /home/snekkie/DroneBoys/install/drone_core/include/drone_core/drone_core/action
[8.002s] -- Installing: /home/snekkie/DroneBoys/install/drone_core/include/drone_core/drone_core/action/detail
[8.002s] -- Installing: /home/snekkie/DroneBoys/install/drone_core/include/drone_core/drone_core/action/detail/finder_action__description.c
[8.003s] -- Installing: /home/snekkie/DroneBoys/install/drone_core/include/drone_core/drone_core/action/detail/finder_action__functions.h
[8.003s] -- Installing: /home/snekkie/DroneBoys/install/drone_core/include/drone_core/drone_core/action/detail/finder_action__functions.c
[8.003s] -- Installing: /home/snekkie/DroneBoys/install/drone_core/include/drone_core/drone_core/action/detail/finder_action__struct.h
[8.003s] -- Installing: /home/snekkie/DroneBoys/install/drone_core/include/drone_core/drone_core/action/detail/finder_action__type_support.h
[8.003s] -- Installing: /home/snekkie/DroneBoys/install/drone_core/include/drone_core/drone_core/action/detail/finder_action__type_support.c
[8.003s] -- Installing: /home/snekkie/DroneBoys/install/drone_core/include/drone_core/drone_core/action/finder_action.h
[8.003s] -- Installing: /home/snekkie/DroneBoys/install/drone_core/include/drone_core/drone_core/msg
[8.003s] -- Installing: /home/snekkie/DroneBoys/install/drone_core/include/drone_core/drone_core/msg/rosidl_generator_c__visibility_control.h
[8.003s] -- Installing: /home/snekkie/DroneBoys/install/drone_core/share/drone_core/environment/library_path.sh
[8.003s] -- Installing: /home/snekkie/DroneBoys/install/drone_core/share/drone_core/environment/library_path.dsv
[8.003s] -- Installing: /home/snekkie/DroneBoys/install/drone_core/lib/libdrone_core__rosidl_generator_c.so
[8.003s] -- Set non-toolchain portion of runtime path of "/home/snekkie/DroneBoys/install/drone_core/lib/libdrone_core__rosidl_generator_c.so" to ""
[8.003s] -- Up-to-date: /home/snekkie/DroneBoys/install/drone_core/include/drone_core/drone_core
[8.003s] -- Up-to-date: /home/snekkie/DroneBoys/install/drone_core/include/drone_core/drone_core/action
[8.003s] -- Up-to-date: /home/snekkie/DroneBoys/install/drone_core/include/drone_core/drone_core/action/detail
[8.003s] -- Installing: /home/snekkie/DroneBoys/install/drone_core/include/drone_core/drone_core/action/detail/finder_action__rosidl_typesupport_fastrtps_c.h
[8.003s] -- Up-to-date: /home/snekkie/DroneBoys/install/drone_core/include/drone_core/drone_core/msg
[8.003s] -- Installing: /home/snekkie/DroneBoys/install/drone_core/include/drone_core/drone_core/msg/rosidl_typesupport_fastrtps_c__visibility_control.h
[8.003s] -- Installing: /home/snekkie/DroneBoys/install/drone_core/lib/libdrone_core__rosidl_typesupport_fastrtps_c.so
[8.003s] -- Set non-toolchain portion of runtime path of "/home/snekkie/DroneBoys/install/drone_core/lib/libdrone_core__rosidl_typesupport_fastrtps_c.so" to ""
[8.003s] -- Up-to-date: /home/snekkie/DroneBoys/install/drone_core/include/drone_core/drone_core
[8.003s] -- Up-to-date: /home/snekkie/DroneBoys/install/drone_core/include/drone_core/drone_core/action
[8.003s] -- Up-to-date: /home/snekkie/DroneBoys/install/drone_core/include/drone_core/drone_core/action/detail
[8.003s] -- Installing: /home/snekkie/DroneBoys/install/drone_core/include/drone_core/drone_core/action/detail/finder_action__traits.hpp
[8.003s] -- Installing: /home/snekkie/DroneBoys/install/drone_core/include/drone_core/drone_core/action/detail/finder_action__builder.hpp
[8.004s] -- Installing: /home/snekkie/DroneBoys/install/drone_core/include/drone_core/drone_core/action/detail/finder_action__type_support.hpp
[8.004s] -- Installing: /home/snekkie/DroneBoys/install/drone_core/include/drone_core/drone_core/action/detail/finder_action__struct.hpp
[8.004s] -- Installing: /home/snekkie/DroneBoys/install/drone_core/include/drone_core/drone_core/action/finder_action.hpp
[8.004s] -- Up-to-date: /home/snekkie/DroneBoys/install/drone_core/include/drone_core/drone_core/msg
[8.004s] -- Installing: /home/snekkie/DroneBoys/install/drone_core/include/drone_core/drone_core/msg/rosidl_generator_cpp__visibility_control.hpp
[8.004s] -- Up-to-date: /home/snekkie/DroneBoys/install/drone_core/include/drone_core/drone_core
[8.004s] -- Up-to-date: /home/snekkie/DroneBoys/install/drone_core/include/drone_core/drone_core/action
[8.004s] -- Up-to-date: /home/snekkie/DroneBoys/install/drone_core/include/drone_core/drone_core/action/detail
[8.004s] -- Installing: /home/snekkie/DroneBoys/install/drone_core/include/drone_core/drone_core/action/detail/dds_fastrtps
[8.004s] -- Installing: /home/snekkie/DroneBoys/install/drone_core/include/drone_core/drone_core/action/detail/finder_action__rosidl_typesupport_fastrtps_cpp.hpp
[8.004s] -- Up-to-date: /home/snekkie/DroneBoys/install/drone_core/include/drone_core/drone_core/msg
[8.004s] -- Installing: /home/snekkie/DroneBoys/install/drone_core/include/drone_core/drone_core/msg/rosidl_typesupport_fastrtps_cpp__visibility_control.h
[8.004s] -- Installing: /home/snekkie/DroneBoys/install/drone_core/lib/libdrone_core__rosidl_typesupport_fastrtps_cpp.so
[8.004s] -- Set non-toolchain portion of runtime path of "/home/snekkie/DroneBoys/install/drone_core/lib/libdrone_core__rosidl_typesupport_fastrtps_cpp.so" to ""
[8.004s] -- Up-to-date: /home/snekkie/DroneBoys/install/drone_core/include/drone_core/drone_core
[8.004s] -- Up-to-date: /home/snekkie/DroneBoys/install/drone_core/include/drone_core/drone_core/action
[8.004s] -- Up-to-date: /home/snekkie/DroneBoys/install/drone_core/include/drone_core/drone_core/action/detail
[8.004s] -- Installing: /home/snekkie/DroneBoys/install/drone_core/include/drone_core/drone_core/action/detail/finder_action__rosidl_typesupport_introspection_c.h
[8.004s] -- Up-to-date: /home/snekkie/DroneBoys/install/drone_core/include/drone_core/drone_core/action/detail/finder_action__type_support.c
[8.004s] -- Up-to-date: /home/snekkie/DroneBoys/install/drone_core/include/drone_core/drone_core/msg
[8.004s] -- Installing: /home/snekkie/DroneBoys/install/drone_core/include/drone_core/drone_core/msg/rosidl_typesupport_introspection_c__visibility_control.h
[8.004s] -- Installing: /home/snekkie/DroneBoys/install/drone_core/lib/libdrone_core__rosidl_typesupport_introspection_c.so
[8.004s] -- Set non-toolchain portion of runtime path of "/home/snekkie/DroneBoys/install/drone_core/lib/libdrone_core__rosidl_typesupport_introspection_c.so" to ""
[8.004s] -- Installing: /home/snekkie/DroneBoys/install/drone_core/lib/libdrone_core__rosidl_typesupport_c.so
[8.004s] -- Set non-toolchain portion of runtime path of "/home/snekkie/DroneBoys/install/drone_core/lib/libdrone_core__rosidl_typesupport_c.so" to ""
[8.004s] -- Up-to-date: /home/snekkie/DroneBoys/install/drone_core/include/drone_core/drone_core
[8.004s] -- Up-to-date: /home/snekkie/DroneBoys/install/drone_core/include/drone_core/drone_core/action
[8.004s] -- Up-to-date: /home/snekkie/DroneBoys/install/drone_core/include/drone_core/drone_core/action/detail
[8.004s] -- Installing: /home/snekkie/DroneBoys/install/drone_core/include/drone_core/drone_core/action/detail/finder_action__type_support.cpp
[8.004s] -- Installing: /home/snekkie/DroneBoys/install/drone_core/include/drone_core/drone_core/action/detail/finder_action__rosidl_typesupport_introspection_cpp.hpp
[8.004s] -- Installing: /home/snekkie/DroneBoys/install/drone_core/lib/libdrone_core__rosidl_typesupport_introspection_cpp.so
[8.005s] -- Set non-toolchain portion of runtime path of "/home/snekkie/DroneBoys/install/drone_core/lib/libdrone_core__rosidl_typesupport_introspection_cpp.so" to ""
[8.005s] -- Installing: /home/snekkie/DroneBoys/install/drone_core/lib/libdrone_core__rosidl_typesupport_cpp.so
[8.005s] -- Set non-toolchain portion of runtime path of "/home/snekkie/DroneBoys/install/drone_core/lib/libdrone_core__rosidl_typesupport_cpp.so" to ""
[8.005s] -- Installing: /home/snekkie/DroneBoys/install/drone_core/share/drone_core/environment/pythonpath.sh
[8.005s] -- Installing: /home/snekkie/DroneBoys/install/drone_core/share/drone_core/environment/pythonpath.dsv
[8.005s] -- Installing: /home/snekkie/DroneBoys/install/drone_core/lib/python3.12/site-packages/drone_core-0.0.1-py3.12.egg-info
[8.005s] -- Installing: /home/snekkie/DroneBoys/install/drone_core/lib/python3.12/site-packages/drone_core-0.0.1-py3.12.egg-info/dependency_links.txt
[8.005s] -- Installing: /home/snekkie/DroneBoys/install/drone_core/lib/python3.12/site-packages/drone_core-0.0.1-py3.12.egg-info/SOURCES.txt
[8.005s] -- Installing: /home/snekkie/DroneBoys/install/drone_core/lib/python3.12/site-packages/drone_core-0.0.1-py3.12.egg-info/top_level.txt
[8.005s] -- Installing: /home/snekkie/DroneBoys/install/drone_core/lib/python3.12/site-packages/drone_core-0.0.1-py3.12.egg-info/PKG-INFO
[8.005s] -- Installing: /home/snekkie/DroneBoys/install/drone_core/lib/python3.12/site-packages/drone_core
[8.005s] -- Installing: /home/snekkie/DroneBoys/install/drone_core/lib/python3.12/site-packages/drone_core/action
[8.005s] -- Installing: /home/snekkie/DroneBoys/install/drone_core/lib/python3.12/site-packages/drone_core/action/_finder_action.py
[8.005s] -- Installing: /home/snekkie/DroneBoys/install/drone_core/lib/python3.12/site-packages/drone_core/action/_finder_action_s.c
[8.005s] -- Installing: /home/snekkie/DroneBoys/install/drone_core/lib/python3.12/site-packages/drone_core/action/__init__.py
[8.005s] -- Installing: /home/snekkie/DroneBoys/install/drone_core/lib/python3.12/site-packages/drone_core/drone_core_s__rosidl_typesupport_fastrtps_c.so
[8.005s] -- Installing: /home/snekkie/DroneBoys/install/drone_core/lib/python3.12/site-packages/drone_core/_drone_core_s.ep.rosidl_typesupport_fastrtps_c.c
[8.005s] -- Installing: /home/snekkie/DroneBoys/install/drone_core/lib/python3.12/site-packages/drone_core/_drone_core_s.ep.rosidl_typesupport_c.c
[8.005s] -- Installing: /home/snekkie/DroneBoys/install/drone_core/lib/python3.12/site-packages/drone_core/drone_core_s__rosidl_typesupport_introspection_c.so
[8.005s] -- Installing: /home/snekkie/DroneBoys/install/drone_core/lib/python3.12/site-packages/drone_core/drone_core_s__rosidl_typesupport_c.so
[8.005s] -- Installing: /home/snekkie/DroneBoys/install/drone_core/lib/python3.12/site-packages/drone_core/_drone_core_s.ep.rosidl_typesupport_introspection_c.c
[8.005s] -- Installing: /home/snekkie/DroneBoys/install/drone_core/lib/python3.12/site-packages/drone_core/__init__.py
[8.040s] Listing '/home/snekkie/DroneBoys/install/drone_core/lib/python3.12/site-packages/drone_core'...
[8.040s] Compiling '/home/snekkie/DroneBoys/install/drone_core/lib/python3.12/site-packages/drone_core/__init__.py'...
[8.040s] Listing '/home/snekkie/DroneBoys/install/drone_core/lib/python3.12/site-packages/drone_core/action'...
[8.040s] Compiling '/home/snekkie/DroneBoys/install/drone_core/lib/python3.12/site-packages/drone_core/action/__init__.py'...
[8.040s] Compiling '/home/snekkie/DroneBoys/install/drone_core/lib/python3.12/site-packages/drone_core/action/_finder_action.py'...
[8.044s] -- Installing: /home/snekkie/DroneBoys/install/drone_core/lib/python3.12/site-packages/drone_core/drone_core_s__rosidl_typesupport_fastrtps_c.so
[8.044s] -- Set non-toolchain portion of runtime path of "/home/snekkie/DroneBoys/install/drone_core/lib/python3.12/site-packages/drone_core/drone_core_s__rosidl_typesupport_fastrtps_c.so" to ""
[8.044s] -- Installing: /home/snekkie/DroneBoys/install/drone_core/lib/python3.12/site-packages/drone_core/drone_core_s__rosidl_typesupport_introspection_c.so
[8.044s] -- Set non-toolchain portion of runtime path of "/home/snekkie/DroneBoys/install/drone_core/lib/python3.12/site-packages/drone_core/drone_core_s__rosidl_typesupport_introspection_c.so" to ""
[8.044s] -- Installing: /home/snekkie/DroneBoys/install/drone_core/lib/python3.12/site-packages/drone_core/drone_core_s__rosidl_typesupport_c.so
[8.044s] -- Set non-toolchain portion of runtime path of "/home/snekkie/DroneBoys/install/drone_core/lib/python3.12/site-packages/drone_core/drone_core_s__rosidl_typesupport_c.so" to ""
[8.044s] -- Installing: /home/snekkie/DroneBoys/install/drone_core/lib/libdrone_core__rosidl_generator_py.so
[8.044s] -- Set non-toolchain portion of runtime path of "/home/snekkie/DroneBoys/install/drone_core/lib/libdrone_core__rosidl_generator_py.so" to ""
[8.045s] -- Installing: /home/snekkie/DroneBoys/install/drone_core/share/drone_core/action/FinderAction.idl
[8.045s] -- Installing: /home/snekkie/DroneBoys/install/drone_core/share/drone_core/action/FinderAction.action
[8.045s] -- Up-to-date: /home/snekkie/DroneBoys/install/drone_core/include
[8.045s] -- Up-to-date: /home/snekkie/DroneBoys/install/drone_core/include/drone_core
[8.045s] -- Installing: /home/snekkie/DroneBoys/install/drone_core/include/drone_core/utils.h
[8.045s] -- Installing: /home/snekkie/DroneBoys/install/drone_core/include/drone_core/manipulator.h
[8.045s] -- Installing: /home/snekkie/DroneBoys/install/drone_core/lib/drone_core/libdrone_core_lib.so
[8.045s] -- Installing: /home/snekkie/DroneBoys/install/drone_core/lib/drone_core/finder
[8.045s] -- Set non-toolchain portion of runtime path of "/home/snekkie/DroneBoys/install/drone_core/lib/drone_core/finder" to ""
[8.045s] -- Installing: /home/snekkie/DroneBoys/install/drone_core/share/drone_core//config
[8.045s] -- Installing: /home/snekkie/DroneBoys/install/drone_core/share/drone_core//config/params.yaml
[8.045s] -- Installing: /home/snekkie/DroneBoys/install/drone_core/share/ament_index/resource_index/package_run_dependencies/drone_core
[8.045s] -- Installing: /home/snekkie/DroneBoys/install/drone_core/share/ament_index/resource_index/parent_prefix_path/drone_core
[8.045s] -- Installing: /home/snekkie/DroneBoys/install/drone_core/share/drone_core/environment/ament_prefix_path.sh
[8.045s] -- Installing: /home/snekkie/DroneBoys/install/drone_core/share/drone_core/environment/ament_prefix_path.dsv
[8.045s] -- Installing: /home/snekkie/DroneBoys/install/drone_core/share/drone_core/environment/path.sh
[8.045s] -- Installing: /home/snekkie/DroneBoys/install/drone_core/share/drone_core/environment/path.dsv
[8.045s] -- Installing: /home/snekkie/DroneBoys/install/drone_core/share/drone_core/local_setup.bash
[8.045s] -- Installing: /home/snekkie/DroneBoys/install/drone_core/share/drone_core/local_setup.sh
[8.045s] -- Installing: /home/snekkie/DroneBoys/install/drone_core/share/drone_core/local_setup.zsh
[8.045s] -- Installing: /home/snekkie/DroneBoys/install/drone_core/share/drone_core/local_setup.dsv
[8.045s] -- Installing: /home/snekkie/DroneBoys/install/drone_core/share/drone_core/package.dsv
[8.045s] -- Installing: /home/snekkie/DroneBoys/install/drone_core/share/ament_index/resource_index/packages/drone_core
[8.045s] -- Installing: /home/snekkie/DroneBoys/install/drone_core/share/drone_core/cmake/export_drone_core__rosidl_generator_cExport.cmake
[8.045s] -- Installing: /home/snekkie/DroneBoys/install/drone_core/share/drone_core/cmake/export_drone_core__rosidl_generator_cExport-noconfig.cmake
[8.045s] -- Installing: /home/snekkie/DroneBoys/install/drone_core/share/drone_core/cmake/export_drone_core__rosidl_typesupport_fastrtps_cExport.cmake
[8.045s] -- Installing: /home/snekkie/DroneBoys/install/drone_core/share/drone_core/cmake/export_drone_core__rosidl_typesupport_fastrtps_cExport-noconfig.cmake
[8.045s] -- Installing: /home/snekkie/DroneBoys/install/drone_core/share/drone_core/cmake/export_drone_core__rosidl_generator_cppExport.cmake
[8.046s] -- Installing: /home/snekkie/DroneBoys/install/drone_core/share/drone_core/cmake/export_drone_core__rosidl_typesupport_fastrtps_cppExport.cmake
[8.046s] -- Installing: /home/snekkie/DroneBoys/install/drone_core/share/drone_core/cmake/export_drone_core__rosidl_typesupport_fastrtps_cppExport-noconfig.cmake
[8.046s] -- Installing: /home/snekkie/DroneBoys/install/drone_core/share/drone_core/cmake/drone_core__rosidl_typesupport_introspection_cExport.cmake
[8.046s] -- Installing: /home/snekkie/DroneBoys/install/drone_core/share/drone_core/cmake/drone_core__rosidl_typesupport_introspection_cExport-noconfig.cmake
[8.046s] -- Installing: /home/snekkie/DroneBoys/install/drone_core/share/drone_core/cmake/drone_core__rosidl_typesupport_cExport.cmake
[8.046s] -- Installing: /home/snekkie/DroneBoys/install/drone_core/share/drone_core/cmake/drone_core__rosidl_typesupport_cExport-noconfig.cmake
[8.046s] -- Installing: /home/snekkie/DroneBoys/install/drone_core/share/drone_core/cmake/drone_core__rosidl_typesupport_introspection_cppExport.cmake
[8.046s] -- Installing: /home/snekkie/DroneBoys/install/drone_core/share/drone_core/cmake/drone_core__rosidl_typesupport_introspection_cppExport-noconfig.cmake
[8.046s] -- Installing: /home/snekkie/DroneBoys/install/drone_core/share/drone_core/cmake/drone_core__rosidl_typesupport_cppExport.cmake
[8.046s] -- Installing: /home/snekkie/DroneBoys/install/drone_core/share/drone_core/cmake/drone_core__rosidl_typesupport_cppExport-noconfig.cmake
[8.046s] -- Installing: /home/snekkie/DroneBoys/install/drone_core/share/drone_core/cmake/export_drone_core__rosidl_generator_pyExport.cmake
[8.046s] -- Installing: /home/snekkie/DroneBoys/install/drone_core/share/drone_core/cmake/export_drone_core__rosidl_generator_pyExport-noconfig.cmake
[8.046s] -- Installing: /home/snekkie/DroneBoys/install/drone_core/share/drone_core/cmake/rosidl_cmake-extras.cmake
[8.046s] -- Installing: /home/snekkie/DroneBoys/install/drone_core/share/drone_core/cmake/ament_cmake_export_dependencies-extras.cmake
[8.046s] -- Installing: /home/snekkie/DroneBoys/install/drone_core/share/drone_core/cmake/ament_cmake_export_include_directories-extras.cmake
[8.046s] -- Installing: /home/snekkie/DroneBoys/install/drone_core/share/drone_core/cmake/ament_cmake_export_libraries-extras.cmake
[8.046s] -- Installing: /home/snekkie/DroneBoys/install/drone_core/share/drone_core/cmake/ament_cmake_export_targets-extras.cmake
[8.046s] -- Installing: /home/snekkie/DroneBoys/install/drone_core/share/drone_core/cmake/rosidl_cmake_export_typesupport_targets-extras.cmake
[8.046s] -- Installing: /home/snekkie/DroneBoys/install/drone_core/share/drone_core/cmake/rosidl_cmake_export_typesupport_libraries-extras.cmake
[8.046s] -- Installing: /home/snekkie/DroneBoys/install/drone_core/share/drone_core/cmake/drone_coreConfig.cmake
[8.046s] -- Installing: /home/snekkie/DroneBoys/install/drone_core/share/drone_core/cmake/drone_coreConfig-version.cmake
[8.046s] -- Installing: /home/snekkie/DroneBoys/install/drone_core/share/drone_core/package.xml
[8.048s] Invoked command in '/home/snekkie/DroneBoys/build/drone_core' returned '0': CMAKE_PREFIX_PATH=${CMAKE_PREFIX_PATH}:/opt/ros/jazzy DEBUGINFOD_URLS=https://debuginfod.ubuntu.com /usr/bin/cmake --install /home/snekkie/DroneBoys/build/drone_core
