-- Found ament_cmake: 2.5.4 (/opt/ros/jazzy/share/ament_cmake/cmake)
-- Found Python3: /usr/bin/python3 (found version "3.12.3") found components: Interpreter 
-- Override CMake install command with custom implementation using symlinks instead of copying resources
-- Found rclcpp: 28.1.12 (/opt/ros/jazzy/share/rclcpp/cmake)
-- Found rosidl_generator_c: 4.6.6 (/opt/ros/jazzy/share/rosidl_generator_c/cmake)
-- Found rosidl_generator_cpp: 4.6.6 (/opt/ros/jazzy/share/rosidl_generator_cpp/cmake)
-- Using all available rosidl_typesupport_c: rosidl_typesupport_fastrtps_c;rosidl_typesupport_introspection_c
-- Using all available rosidl_typesupport_cpp: rosidl_typesupport_fastrtps_cpp;rosidl_typesupport_introspection_cpp
-- Found rmw_implementation_cmake: 7.3.2 (/opt/ros/jazzy/share/rmw_implementation_cmake/cmake)
-- Found rmw_fastrtps_cpp: 8.4.3 (/opt/ros/jazzy/share/rmw_fastrtps_cpp/cmake)
-- Using RMW implementation 'rmw_fastrtps_cpp' as default
-- Found rclcpp_action: 28.1.12 (/opt/ros/jazzy/share/rclcpp_action/cmake)
-- Found rosidl_default_generators: 1.6.0 (/opt/ros/jazzy/share/rosidl_default_generators/cmake)
-- Found rosidl_adapter: 4.6.6 (/opt/ros/jazzy/share/rosidl_adapter/cmake)
-- Found ament_cmake_ros: 0.12.0 (/opt/ros/jazzy/share/ament_cmake_ros/cmake)
-- Using all available rosidl_typesupport_c: rosidl_typesupport_fastrtps_c;rosidl_typesupport_introspection_c
-- Using all available rosidl_typesupport_cpp: rosidl_typesupport_fastrtps_cpp;rosidl_typesupport_introspection_cpp
-- Found python_cmake_module: 0.11.1 (/opt/ros/jazzy/share/python_cmake_module/cmake)
-- Found Python3: /usr/bin/python3 (found version "3.12.3") found components: Interpreter Development NumPy Development.Module Development.Embed 
-- Configuring done (1.0s)
-- Generating done (0.0s)
-- Build files have been written to: /home/dksoren/drone_boys/build/drone
[  2%] Built target drone__rosidl_generator_type_description
[  2%] Built target ament_cmake_python_symlink_drone
[  5%] Built target drone__cpp
[ 17%] Built target drone__rosidl_generator_c
[ 25%] Built target drone__rosidl_typesupport_c
[ 33%] Built target drone__rosidl_typesupport_introspection_c
[ 48%] Built target drone__rosidl_typesupport_introspection_cpp
[ 48%] Built target drone__rosidl_typesupport_cpp
[ 56%] Built target drone__rosidl_typesupport_fastrtps_c
[ 64%] Built target drone__rosidl_typesupport_fastrtps_cpp
[ 64%] Built target drone
[ 66%] Built target drone__py
[ 69%] [32mBuilding CXX object CMakeFiles/finder.dir/src/main.cpp.o[0m
[ 74%] Built target drone__rosidl_generator_py
[ 89%] Built target drone_s__rosidl_typesupport_fastrtps_c
[ 89%] Built target drone_s__rosidl_typesupport_c
[ 89%] Built target drone_s__rosidl_typesupport_introspection_c
running egg_info
writing drone.egg-info/PKG-INFO
writing dependency_links to drone.egg-info/dependency_links.txt
writing top-level names to drone.egg-info/top_level.txt
reading manifest file 'drone.egg-info/SOURCES.txt'
writing manifest file 'drone.egg-info/SOURCES.txt'
[ 89%] Built target ament_cmake_python_build_drone_egg
[ 92%] [32m[1mLinking CXX executable finder[0m
[100%] Built target finder
-- Install configuration: ""
-- Execute custom install script
-- Symlinking: /home/dksoren/drone_boys/install/drone/share/ament_index/resource_index/rosidl_interfaces/drone
-- Symlinking: /home/dksoren/drone_boys/install/drone/share/drone/action/FinderAction.json
-- Symlinking: /home/dksoren/drone_boys/install/drone/include/drone/drone/action/detail/finder_action__functions.h
-- Symlinking: /home/dksoren/drone_boys/install/drone/include/drone/drone/action/detail/finder_action__struct.h
-- Symlinking: /home/dksoren/drone_boys/install/drone/include/drone/drone/action/detail/finder_action__type_support.h
-- Symlinking: /home/dksoren/drone_boys/install/drone/include/drone/drone/action/finder_action.h
-- Symlinking: /home/dksoren/drone_boys/install/drone/include/drone/drone/msg/rosidl_generator_c__visibility_control.h
-- Symlinking: /home/dksoren/drone_boys/install/drone/share/drone/environment/library_path.sh
-- Symlinking: /home/dksoren/drone_boys/install/drone/share/drone/environment/library_path.dsv
-- Symlinking: /home/dksoren/drone_boys/install/drone/include/drone/drone/action/detail/finder_action__rosidl_typesupport_fastrtps_c.h
-- Symlinking: /home/dksoren/drone_boys/install/drone/include/drone/drone/msg/rosidl_typesupport_fastrtps_c__visibility_control.h
-- Symlinking: /home/dksoren/drone_boys/install/drone/include/drone/drone/action/detail/finder_action__builder.hpp
-- Symlinking: /home/dksoren/drone_boys/install/drone/include/drone/drone/action/detail/finder_action__struct.hpp
-- Symlinking: /home/dksoren/drone_boys/install/drone/include/drone/drone/action/detail/finder_action__traits.hpp
-- Symlinking: /home/dksoren/drone_boys/install/drone/include/drone/drone/action/detail/finder_action__type_support.hpp
-- Symlinking: /home/dksoren/drone_boys/install/drone/include/drone/drone/action/finder_action.hpp
-- Symlinking: /home/dksoren/drone_boys/install/drone/include/drone/drone/msg/rosidl_generator_cpp__visibility_control.hpp
-- Symlinking: /home/dksoren/drone_boys/install/drone/include/drone/drone/action/detail/finder_action__rosidl_typesupport_fastrtps_cpp.hpp
-- Symlinking: /home/dksoren/drone_boys/install/drone/include/drone/drone/msg/rosidl_typesupport_fastrtps_cpp__visibility_control.h
-- Symlinking: /home/dksoren/drone_boys/install/drone/include/drone/drone/action/detail/finder_action__rosidl_typesupport_introspection_c.h
-- Symlinking: /home/dksoren/drone_boys/install/drone/include/drone/drone/msg/rosidl_typesupport_introspection_c__visibility_control.h
-- Symlinking: /home/dksoren/drone_boys/install/drone/include/drone/drone/action/detail/finder_action__rosidl_typesupport_introspection_cpp.hpp
-- Symlinking: /home/dksoren/drone_boys/install/drone/share/drone/environment/pythonpath.sh
-- Symlinking: /home/dksoren/drone_boys/install/drone/share/drone/environment/pythonpath.dsv
-- Symlinking: /home/dksoren/drone_boys/install/drone/lib/python3.12/site-packages/drone-0.1.0-py3.12.egg-info/PKG-INFO
-- Symlinking: /home/dksoren/drone_boys/install/drone/lib/python3.12/site-packages/drone-0.1.0-py3.12.egg-info/SOURCES.txt
-- Symlinking: /home/dksoren/drone_boys/install/drone/lib/python3.12/site-packages/drone-0.1.0-py3.12.egg-info/dependency_links.txt
-- Symlinking: /home/dksoren/drone_boys/install/drone/lib/python3.12/site-packages/drone-0.1.0-py3.12.egg-info/top_level.txt
-- Symlinking: /home/dksoren/drone_boys/install/drone/lib/python3.12/site-packages/drone/__init__.py
-- Symlinking: /home/dksoren/drone_boys/install/drone/lib/python3.12/site-packages/drone/_drone_s.ep.rosidl_typesupport_c.c
-- Symlinking: /home/dksoren/drone_boys/install/drone/lib/python3.12/site-packages/drone/_drone_s.ep.rosidl_typesupport_fastrtps_c.c
-- Symlinking: /home/dksoren/drone_boys/install/drone/lib/python3.12/site-packages/drone/_drone_s.ep.rosidl_typesupport_introspection_c.c
-- Symlinking: /home/dksoren/drone_boys/install/drone/lib/python3.12/site-packages/drone/action/__init__.py
-- Symlinking: /home/dksoren/drone_boys/install/drone/lib/python3.12/site-packages/drone/action/_finder_action.py
-- Symlinking: /home/dksoren/drone_boys/install/drone/lib/python3.12/site-packages/drone/action/_finder_action_s.c
-- Symlinking: /home/dksoren/drone_boys/install/drone/lib/python3.12/site-packages/drone/drone_s__rosidl_typesupport_c.so
-- Symlinking: /home/dksoren/drone_boys/install/drone/lib/python3.12/site-packages/drone/drone_s__rosidl_typesupport_fastrtps_c.so
-- Symlinking: /home/dksoren/drone_boys/install/drone/lib/python3.12/site-packages/drone/drone_s__rosidl_typesupport_introspection_c.so
-- Up-to-date symlink: /home/dksoren/drone_boys/install/drone/lib/python3.12/site-packages/drone/drone_s__rosidl_typesupport_fastrtps_c.so
-- Up-to-date symlink: /home/dksoren/drone_boys/install/drone/lib/python3.12/site-packages/drone/drone_s__rosidl_typesupport_introspection_c.so
-- Up-to-date symlink: /home/dksoren/drone_boys/install/drone/lib/python3.12/site-packages/drone/drone_s__rosidl_typesupport_c.so
-- Symlinking: /home/dksoren/drone_boys/install/drone/share/drone/action/FinderAction.idl
-- Symlinking: /home/dksoren/drone_boys/install/drone/share/drone/action/FinderAction.action
-- Symlinking: /home/dksoren/drone_boys/install/drone/lib/drone/finder
-- Symlinking: /home/dksoren/drone_boys/install/drone/share/drone//config/params.yaml
-- Symlinking: /home/dksoren/drone_boys/install/drone/share/ament_index/resource_index/package_run_dependencies/drone
-- Symlinking: /home/dksoren/drone_boys/install/drone/share/ament_index/resource_index/parent_prefix_path/drone
-- Symlinking: /home/dksoren/drone_boys/install/drone/share/drone/environment/ament_prefix_path.sh
-- Symlinking: /home/dksoren/drone_boys/install/drone/share/drone/environment/ament_prefix_path.dsv
-- Symlinking: /home/dksoren/drone_boys/install/drone/share/drone/environment/path.sh
-- Symlinking: /home/dksoren/drone_boys/install/drone/share/drone/environment/path.dsv
-- Symlinking: /home/dksoren/drone_boys/install/drone/share/drone/local_setup.bash
-- Symlinking: /home/dksoren/drone_boys/install/drone/share/drone/local_setup.sh
-- Symlinking: /home/dksoren/drone_boys/install/drone/share/drone/local_setup.zsh
-- Symlinking: /home/dksoren/drone_boys/install/drone/share/drone/local_setup.dsv
-- Symlinking: /home/dksoren/drone_boys/install/drone/share/drone/package.dsv
-- Symlinking: /home/dksoren/drone_boys/install/drone/share/ament_index/resource_index/packages/drone
-- Symlinking: /home/dksoren/drone_boys/install/drone/share/drone/cmake/rosidl_cmake-extras.cmake
-- Symlinking: /home/dksoren/drone_boys/install/drone/share/drone/cmake/ament_cmake_export_dependencies-extras.cmake
-- Symlinking: /home/dksoren/drone_boys/install/drone/share/drone/cmake/ament_cmake_export_include_directories-extras.cmake
-- Symlinking: /home/dksoren/drone_boys/install/drone/share/drone/cmake/ament_cmake_export_libraries-extras.cmake
-- Symlinking: /home/dksoren/drone_boys/install/drone/share/drone/cmake/ament_cmake_export_targets-extras.cmake
-- Symlinking: /home/dksoren/drone_boys/install/drone/share/drone/cmake/rosidl_cmake_export_typesupport_targets-extras.cmake
-- Symlinking: /home/dksoren/drone_boys/install/drone/share/drone/cmake/rosidl_cmake_export_typesupport_libraries-extras.cmake
-- Symlinking: /home/dksoren/drone_boys/install/drone/share/drone/cmake/droneConfig.cmake
-- Symlinking: /home/dksoren/drone_boys/install/drone/share/drone/cmake/droneConfig-version.cmake
-- Symlinking: /home/dksoren/drone_boys/install/drone/share/drone/package.xml
-- Installing: /home/dksoren/drone_boys/install/drone/lib/libdrone__rosidl_generator_c.so
-- Set non-toolchain portion of runtime path of "/home/dksoren/drone_boys/install/drone/lib/libdrone__rosidl_generator_c.so" to ""
-- Installing: /home/dksoren/drone_boys/install/drone/lib/libdrone__rosidl_typesupport_fastrtps_c.so
-- Set non-toolchain portion of runtime path of "/home/dksoren/drone_boys/install/drone/lib/libdrone__rosidl_typesupport_fastrtps_c.so" to ""
-- Installing: /home/dksoren/drone_boys/install/drone/lib/libdrone__rosidl_typesupport_fastrtps_cpp.so
-- Set non-toolchain portion of runtime path of "/home/dksoren/drone_boys/install/drone/lib/libdrone__rosidl_typesupport_fastrtps_cpp.so" to ""
-- Installing: /home/dksoren/drone_boys/install/drone/lib/libdrone__rosidl_typesupport_introspection_c.so
-- Set non-toolchain portion of runtime path of "/home/dksoren/drone_boys/install/drone/lib/libdrone__rosidl_typesupport_introspection_c.so" to ""
-- Installing: /home/dksoren/drone_boys/install/drone/lib/libdrone__rosidl_typesupport_c.so
-- Set non-toolchain portion of runtime path of "/home/dksoren/drone_boys/install/drone/lib/libdrone__rosidl_typesupport_c.so" to ""
-- Installing: /home/dksoren/drone_boys/install/drone/lib/libdrone__rosidl_typesupport_introspection_cpp.so
-- Set non-toolchain portion of runtime path of "/home/dksoren/drone_boys/install/drone/lib/libdrone__rosidl_typesupport_introspection_cpp.so" to ""
-- Installing: /home/dksoren/drone_boys/install/drone/lib/libdrone__rosidl_typesupport_cpp.so
-- Set non-toolchain portion of runtime path of "/home/dksoren/drone_boys/install/drone/lib/libdrone__rosidl_typesupport_cpp.so" to ""
Listing '/home/dksoren/drone_boys/install/drone/lib/python3.12/site-packages/drone'...
Compiling '/home/dksoren/drone_boys/install/drone/lib/python3.12/site-packages/drone/__init__.py'...
Listing '/home/dksoren/drone_boys/install/drone/lib/python3.12/site-packages/drone/action'...
Compiling '/home/dksoren/drone_boys/install/drone/lib/python3.12/site-packages/drone/action/__init__.py'...
Compiling '/home/dksoren/drone_boys/install/drone/lib/python3.12/site-packages/drone/action/_finder_action.py'...
-- Installing: /home/dksoren/drone_boys/install/drone/lib/libdrone__rosidl_generator_py.so
-- Set non-toolchain portion of runtime path of "/home/dksoren/drone_boys/install/drone/lib/libdrone__rosidl_generator_py.so" to ""
-- Installing: /home/dksoren/drone_boys/install/drone/share/drone/cmake/export_drone__rosidl_generator_cExport.cmake
-- Installing: /home/dksoren/drone_boys/install/drone/share/drone/cmake/export_drone__rosidl_generator_cExport-noconfig.cmake
-- Installing: /home/dksoren/drone_boys/install/drone/share/drone/cmake/export_drone__rosidl_typesupport_fastrtps_cExport.cmake
-- Installing: /home/dksoren/drone_boys/install/drone/share/drone/cmake/export_drone__rosidl_typesupport_fastrtps_cExport-noconfig.cmake
-- Installing: /home/dksoren/drone_boys/install/drone/share/drone/cmake/export_drone__rosidl_generator_cppExport.cmake
-- Installing: /home/dksoren/drone_boys/install/drone/share/drone/cmake/export_drone__rosidl_typesupport_fastrtps_cppExport.cmake
-- Installing: /home/dksoren/drone_boys/install/drone/share/drone/cmake/export_drone__rosidl_typesupport_fastrtps_cppExport-noconfig.cmake
-- Installing: /home/dksoren/drone_boys/install/drone/share/drone/cmake/drone__rosidl_typesupport_introspection_cExport.cmake
-- Installing: /home/dksoren/drone_boys/install/drone/share/drone/cmake/drone__rosidl_typesupport_introspection_cExport-noconfig.cmake
-- Installing: /home/dksoren/drone_boys/install/drone/share/drone/cmake/drone__rosidl_typesupport_cExport.cmake
-- Installing: /home/dksoren/drone_boys/install/drone/share/drone/cmake/drone__rosidl_typesupport_cExport-noconfig.cmake
-- Installing: /home/dksoren/drone_boys/install/drone/share/drone/cmake/drone__rosidl_typesupport_introspection_cppExport.cmake
-- Installing: /home/dksoren/drone_boys/install/drone/share/drone/cmake/drone__rosidl_typesupport_introspection_cppExport-noconfig.cmake
-- Installing: /home/dksoren/drone_boys/install/drone/share/drone/cmake/drone__rosidl_typesupport_cppExport.cmake
-- Installing: /home/dksoren/drone_boys/install/drone/share/drone/cmake/drone__rosidl_typesupport_cppExport-noconfig.cmake
-- Installing: /home/dksoren/drone_boys/install/drone/share/drone/cmake/export_drone__rosidl_generator_pyExport.cmake
-- Installing: /home/dksoren/drone_boys/install/drone/share/drone/cmake/export_drone__rosidl_generator_pyExport-noconfig.cmake
