[0.008s] Invoking command in '/home/dksoren/drone_boys/build/drone': CMAKE_PREFIX_PATH=${CMAKE_PREFIX_PATH}:/opt/ros/jazzy DEBUGINFOD_URLS=https://debuginfod.ubuntu.com /usr/bin/cmake /home/dksoren/drone_boys/src/drone -DCMAKE_INSTALL_PREFIX=/home/dksoren/drone_boys/install/drone
[0.019s] -- Found ament_cmake: 2.5.4 (/opt/ros/jazzy/share/ament_cmake/cmake)
[0.038s] -- Found Python3: /usr/bin/python3 (found version "3.12.3") found components: Interpreter 
[0.090s] -- Override CMake install command with custom implementation using symlinks instead of copying resources
[0.095s] -- Found rclcpp: 28.1.12 (/opt/ros/jazzy/share/rclcpp/cmake)
[0.117s] -- Found rosidl_generator_c: 4.6.6 (/opt/ros/jazzy/share/rosidl_generator_c/cmake)
[0.123s] -- Found rosidl_generator_cpp: 4.6.6 (/opt/ros/jazzy/share/rosidl_generator_cpp/cmake)
[0.132s] -- Using all available rosidl_typesupport_c: rosidl_typesupport_fastrtps_c;rosidl_typesupport_introspection_c
[0.142s] -- Using all available rosidl_typesupport_cpp: rosidl_typesupport_fastrtps_cpp;rosidl_typesupport_introspection_cpp
[0.192s] -- Found rmw_implementation_cmake: 7.3.2 (/opt/ros/jazzy/share/rmw_implementation_cmake/cmake)
[0.193s] -- Found rmw_fastrtps_cpp: 8.4.3 (/opt/ros/jazzy/share/rmw_fastrtps_cpp/cmake)
[0.249s] -- Using RMW implementation 'rmw_fastrtps_cpp' as default
[0.299s] -- Found rclcpp_action: 28.1.12 (/opt/ros/jazzy/share/rclcpp_action/cmake)
[0.335s] -- Found rosidl_default_generators: 1.6.0 (/opt/ros/jazzy/share/rosidl_default_generators/cmake)
[0.341s] -- Found rosidl_adapter: 4.6.6 (/opt/ros/jazzy/share/rosidl_adapter/cmake)
[0.551s] -- Found ament_cmake_ros: 0.12.0 (/opt/ros/jazzy/share/ament_cmake_ros/cmake)
[0.689s] -- Using all available rosidl_typesupport_c: rosidl_typesupport_fastrtps_c;rosidl_typesupport_introspection_c
[0.742s] -- Using all available rosidl_typesupport_cpp: rosidl_typesupport_fastrtps_cpp;rosidl_typesupport_introspection_cpp
[0.743s] -- Found python_cmake_module: 0.11.1 (/opt/ros/jazzy/share/python_cmake_module/cmake)
[0.954s] -- Found Python3: /usr/bin/python3 (found version "3.12.3") found components: Interpreter Development NumPy Development.Module Development.Embed 
[0.965s] [0mCMake Deprecation Warning at /opt/ros/jazzy/share/rosidl_cmake/cmake/rosidl_target_interfaces.cmake:32 (message):
[0.965s]   Use rosidl_get_typesupport_target() and target_link_libraries() instead of
[0.965s]   rosidl_target_interfaces().  i.e:
[0.965s] 
[0.965s]     rosidl_get_typesupport_target(cpp_typesupport_target "${PROJECT_NAME}" "rosidl_typesupport_cpp")
[0.965s]     target_link_libraries(${PROJECT_NAME}_node "${cpp_typesupport_target}")
[0.966s] 
[0.966s] Call Stack (most recent call first):
[0.966s]   CMakeLists.txt:43 (rosidl_target_interfaces)
[0.966s] 
[0.966s] [0m
[0.970s] -- Configuring done (1.0s)
[1.008s] -- Generating done (0.0s)
[1.019s] -- Build files have been written to: /home/dksoren/drone_boys/build/drone
[1.031s] Invoked command in '/home/dksoren/drone_boys/build/drone' returned '0': CMAKE_PREFIX_PATH=${CMAKE_PREFIX_PATH}:/opt/ros/jazzy DEBUGINFOD_URLS=https://debuginfod.ubuntu.com /usr/bin/cmake /home/dksoren/drone_boys/src/drone -DCMAKE_INSTALL_PREFIX=/home/dksoren/drone_boys/install/drone
[1.032s] Invoking command in '/home/dksoren/drone_boys/build/drone': CMAKE_PREFIX_PATH=${CMAKE_PREFIX_PATH}:/opt/ros/jazzy DEBUGINFOD_URLS=https://debuginfod.ubuntu.com /usr/bin/cmake --build /home/dksoren/drone_boys/build/drone -- -j12 -l12
[1.082s] [  2%] Built target drone__rosidl_generator_type_description
[1.089s] [  2%] Built target ament_cmake_python_symlink_drone
[1.098s] [  5%] Built target drone__cpp
[1.100s] [ 17%] Built target drone__rosidl_generator_c
[1.123s] [ 25%] Built target drone__rosidl_typesupport_c
[1.123s] [ 33%] Built target drone__rosidl_typesupport_introspection_c
[1.123s] [ 48%] Built target drone__rosidl_typesupport_introspection_cpp
[1.123s] [ 48%] Built target drone__rosidl_typesupport_cpp
[1.124s] [ 56%] Built target drone__rosidl_typesupport_fastrtps_c
[1.125s] [ 64%] Built target drone__rosidl_typesupport_fastrtps_cpp
[1.144s] [ 64%] Built target drone
[1.163s] [ 66%] Built target drone__py
[1.169s] [ 69%] [32mBuilding CXX object CMakeFiles/finder.dir/src/main.cpp.o[0m
[1.184s] [ 74%] Built target drone__rosidl_generator_py
[1.205s] [ 89%] Built target drone_s__rosidl_typesupport_fastrtps_c
[1.205s] [ 89%] Built target drone_s__rosidl_typesupport_c
[1.205s] [ 89%] Built target drone_s__rosidl_typesupport_introspection_c
[1.275s] running egg_info
[1.292s] writing drone.egg-info/PKG-INFO
[1.292s] writing dependency_links to drone.egg-info/dependency_links.txt
[1.292s] writing top-level names to drone.egg-info/top_level.txt
[1.341s] reading manifest file 'drone.egg-info/SOURCES.txt'
[1.342s] writing manifest file 'drone.egg-info/SOURCES.txt'
[1.365s] [ 89%] Built target ament_cmake_python_build_drone_egg
[5.189s] [ 92%] [32m[1mLinking CXX executable finder[0m
[5.655s] [100%] Built target finder
[5.667s] Invoked command in '/home/dksoren/drone_boys/build/drone' returned '0': CMAKE_PREFIX_PATH=${CMAKE_PREFIX_PATH}:/opt/ros/jazzy DEBUGINFOD_URLS=https://debuginfod.ubuntu.com /usr/bin/cmake --build /home/dksoren/drone_boys/build/drone -- -j12 -l12
[5.676s] Invoking command in '/home/dksoren/drone_boys/build/drone': CMAKE_PREFIX_PATH=${CMAKE_PREFIX_PATH}:/opt/ros/jazzy DEBUGINFOD_URLS=https://debuginfod.ubuntu.com /usr/bin/cmake --install /home/dksoren/drone_boys/build/drone
[5.684s] -- Install configuration: ""
[5.684s] -- Execute custom install script
[5.685s] -- Symlinking: /home/dksoren/drone_boys/install/drone/share/ament_index/resource_index/rosidl_interfaces/drone
[5.693s] -- Symlinking: /home/dksoren/drone_boys/install/drone/share/drone/action/FinderAction.json
[5.702s] -- Symlinking: /home/dksoren/drone_boys/install/drone/include/drone/drone/action/detail/finder_action__functions.h
[5.710s] -- Symlinking: /home/dksoren/drone_boys/install/drone/include/drone/drone/action/detail/finder_action__struct.h
[5.720s] -- Symlinking: /home/dksoren/drone_boys/install/drone/include/drone/drone/action/detail/finder_action__type_support.h
[5.730s] -- Symlinking: /home/dksoren/drone_boys/install/drone/include/drone/drone/action/finder_action.h
[5.739s] -- Symlinking: /home/dksoren/drone_boys/install/drone/include/drone/drone/msg/rosidl_generator_c__visibility_control.h
[5.750s] -- Symlinking: /home/dksoren/drone_boys/install/drone/share/drone/environment/library_path.sh
[5.759s] -- Symlinking: /home/dksoren/drone_boys/install/drone/share/drone/environment/library_path.dsv
[5.769s] -- Symlinking: /home/dksoren/drone_boys/install/drone/include/drone/drone/action/detail/finder_action__rosidl_typesupport_fastrtps_c.h
[5.776s] -- Symlinking: /home/dksoren/drone_boys/install/drone/include/drone/drone/msg/rosidl_typesupport_fastrtps_c__visibility_control.h
[5.784s] -- Symlinking: /home/dksoren/drone_boys/install/drone/include/drone/drone/action/detail/finder_action__builder.hpp
[5.792s] -- Symlinking: /home/dksoren/drone_boys/install/drone/include/drone/drone/action/detail/finder_action__struct.hpp
[5.801s] -- Symlinking: /home/dksoren/drone_boys/install/drone/include/drone/drone/action/detail/finder_action__traits.hpp
[5.809s] -- Symlinking: /home/dksoren/drone_boys/install/drone/include/drone/drone/action/detail/finder_action__type_support.hpp
[5.817s] -- Symlinking: /home/dksoren/drone_boys/install/drone/include/drone/drone/action/finder_action.hpp
[5.826s] -- Symlinking: /home/dksoren/drone_boys/install/drone/include/drone/drone/msg/rosidl_generator_cpp__visibility_control.hpp
[5.835s] -- Symlinking: /home/dksoren/drone_boys/install/drone/include/drone/drone/action/detail/finder_action__rosidl_typesupport_fastrtps_cpp.hpp
[5.843s] -- Symlinking: /home/dksoren/drone_boys/install/drone/include/drone/drone/msg/rosidl_typesupport_fastrtps_cpp__visibility_control.h
[5.852s] -- Symlinking: /home/dksoren/drone_boys/install/drone/include/drone/drone/action/detail/finder_action__rosidl_typesupport_introspection_c.h
[5.861s] -- Symlinking: /home/dksoren/drone_boys/install/drone/include/drone/drone/msg/rosidl_typesupport_introspection_c__visibility_control.h
[5.869s] -- Symlinking: /home/dksoren/drone_boys/install/drone/include/drone/drone/action/detail/finder_action__rosidl_typesupport_introspection_cpp.hpp
[5.877s] -- Symlinking: /home/dksoren/drone_boys/install/drone/share/drone/environment/pythonpath.sh
[5.885s] -- Symlinking: /home/dksoren/drone_boys/install/drone/share/drone/environment/pythonpath.dsv
[5.894s] -- Symlinking: /home/dksoren/drone_boys/install/drone/lib/python3.12/site-packages/drone-0.1.0-py3.12.egg-info/PKG-INFO
[5.902s] -- Symlinking: /home/dksoren/drone_boys/install/drone/lib/python3.12/site-packages/drone-0.1.0-py3.12.egg-info/SOURCES.txt
[5.911s] -- Symlinking: /home/dksoren/drone_boys/install/drone/lib/python3.12/site-packages/drone-0.1.0-py3.12.egg-info/dependency_links.txt
[5.920s] -- Symlinking: /home/dksoren/drone_boys/install/drone/lib/python3.12/site-packages/drone-0.1.0-py3.12.egg-info/top_level.txt
[5.929s] -- Symlinking: /home/dksoren/drone_boys/install/drone/lib/python3.12/site-packages/drone/__init__.py
[5.938s] -- Symlinking: /home/dksoren/drone_boys/install/drone/lib/python3.12/site-packages/drone/_drone_s.ep.rosidl_typesupport_c.c
[5.947s] -- Symlinking: /home/dksoren/drone_boys/install/drone/lib/python3.12/site-packages/drone/_drone_s.ep.rosidl_typesupport_fastrtps_c.c
[5.956s] -- Symlinking: /home/dksoren/drone_boys/install/drone/lib/python3.12/site-packages/drone/_drone_s.ep.rosidl_typesupport_introspection_c.c
[5.964s] -- Symlinking: /home/dksoren/drone_boys/install/drone/lib/python3.12/site-packages/drone/action/__init__.py
[5.973s] -- Symlinking: /home/dksoren/drone_boys/install/drone/lib/python3.12/site-packages/drone/action/_finder_action.py
[5.982s] -- Symlinking: /home/dksoren/drone_boys/install/drone/lib/python3.12/site-packages/drone/action/_finder_action_s.c
[5.989s] -- Symlinking: /home/dksoren/drone_boys/install/drone/lib/python3.12/site-packages/drone/drone_s__rosidl_typesupport_c.so
[5.998s] -- Symlinking: /home/dksoren/drone_boys/install/drone/lib/python3.12/site-packages/drone/drone_s__rosidl_typesupport_fastrtps_c.so
[6.006s] -- Symlinking: /home/dksoren/drone_boys/install/drone/lib/python3.12/site-packages/drone/drone_s__rosidl_typesupport_introspection_c.so
[6.014s] -- Up-to-date symlink: /home/dksoren/drone_boys/install/drone/lib/python3.12/site-packages/drone/drone_s__rosidl_typesupport_fastrtps_c.so
[6.014s] -- Up-to-date symlink: /home/dksoren/drone_boys/install/drone/lib/python3.12/site-packages/drone/drone_s__rosidl_typesupport_introspection_c.so
[6.015s] -- Up-to-date symlink: /home/dksoren/drone_boys/install/drone/lib/python3.12/site-packages/drone/drone_s__rosidl_typesupport_c.so
[6.015s] -- Symlinking: /home/dksoren/drone_boys/install/drone/share/drone/action/FinderAction.idl
[6.024s] -- Symlinking: /home/dksoren/drone_boys/install/drone/share/drone/action/FinderAction.action
[6.032s] -- Symlinking: /home/dksoren/drone_boys/install/drone/lib/drone/finder
[6.041s] -- Symlinking: /home/dksoren/drone_boys/install/drone/share/drone//config/params.yaml
[6.048s] -- Symlinking: /home/dksoren/drone_boys/install/drone/share/ament_index/resource_index/package_run_dependencies/drone
[6.056s] -- Symlinking: /home/dksoren/drone_boys/install/drone/share/ament_index/resource_index/parent_prefix_path/drone
[6.063s] -- Symlinking: /home/dksoren/drone_boys/install/drone/share/drone/environment/ament_prefix_path.sh
[6.071s] -- Symlinking: /home/dksoren/drone_boys/install/drone/share/drone/environment/ament_prefix_path.dsv
[6.079s] -- Symlinking: /home/dksoren/drone_boys/install/drone/share/drone/environment/path.sh
[6.086s] -- Symlinking: /home/dksoren/drone_boys/install/drone/share/drone/environment/path.dsv
[6.094s] -- Symlinking: /home/dksoren/drone_boys/install/drone/share/drone/local_setup.bash
[6.102s] -- Symlinking: /home/dksoren/drone_boys/install/drone/share/drone/local_setup.sh
[6.110s] -- Symlinking: /home/dksoren/drone_boys/install/drone/share/drone/local_setup.zsh
[6.119s] -- Symlinking: /home/dksoren/drone_boys/install/drone/share/drone/local_setup.dsv
[6.127s] -- Symlinking: /home/dksoren/drone_boys/install/drone/share/drone/package.dsv
[6.133s] -- Symlinking: /home/dksoren/drone_boys/install/drone/share/ament_index/resource_index/packages/drone
[6.141s] -- Symlinking: /home/dksoren/drone_boys/install/drone/share/drone/cmake/rosidl_cmake-extras.cmake
[6.150s] -- Symlinking: /home/dksoren/drone_boys/install/drone/share/drone/cmake/ament_cmake_export_dependencies-extras.cmake
[6.158s] -- Symlinking: /home/dksoren/drone_boys/install/drone/share/drone/cmake/ament_cmake_export_include_directories-extras.cmake
[6.167s] -- Symlinking: /home/dksoren/drone_boys/install/drone/share/drone/cmake/ament_cmake_export_libraries-extras.cmake
[6.176s] -- Symlinking: /home/dksoren/drone_boys/install/drone/share/drone/cmake/ament_cmake_export_targets-extras.cmake
[6.184s] -- Symlinking: /home/dksoren/drone_boys/install/drone/share/drone/cmake/rosidl_cmake_export_typesupport_targets-extras.cmake
[6.191s] -- Symlinking: /home/dksoren/drone_boys/install/drone/share/drone/cmake/rosidl_cmake_export_typesupport_libraries-extras.cmake
[6.200s] -- Symlinking: /home/dksoren/drone_boys/install/drone/share/drone/cmake/droneConfig.cmake
[6.208s] -- Symlinking: /home/dksoren/drone_boys/install/drone/share/drone/cmake/droneConfig-version.cmake
[6.217s] -- Symlinking: /home/dksoren/drone_boys/install/drone/share/drone/package.xml
[6.227s] -- Installing: /home/dksoren/drone_boys/install/drone/lib/libdrone__rosidl_generator_c.so
[6.227s] -- Set non-toolchain portion of runtime path of "/home/dksoren/drone_boys/install/drone/lib/libdrone__rosidl_generator_c.so" to ""
[6.227s] -- Installing: /home/dksoren/drone_boys/install/drone/lib/libdrone__rosidl_typesupport_fastrtps_c.so
[6.228s] -- Set non-toolchain portion of runtime path of "/home/dksoren/drone_boys/install/drone/lib/libdrone__rosidl_typesupport_fastrtps_c.so" to ""
[6.228s] -- Installing: /home/dksoren/drone_boys/install/drone/lib/libdrone__rosidl_typesupport_fastrtps_cpp.so
[6.228s] -- Set non-toolchain portion of runtime path of "/home/dksoren/drone_boys/install/drone/lib/libdrone__rosidl_typesupport_fastrtps_cpp.so" to ""
[6.228s] -- Installing: /home/dksoren/drone_boys/install/drone/lib/libdrone__rosidl_typesupport_introspection_c.so
[6.228s] -- Set non-toolchain portion of runtime path of "/home/dksoren/drone_boys/install/drone/lib/libdrone__rosidl_typesupport_introspection_c.so" to ""
[6.228s] -- Installing: /home/dksoren/drone_boys/install/drone/lib/libdrone__rosidl_typesupport_c.so
[6.229s] -- Set non-toolchain portion of runtime path of "/home/dksoren/drone_boys/install/drone/lib/libdrone__rosidl_typesupport_c.so" to ""
[6.229s] -- Installing: /home/dksoren/drone_boys/install/drone/lib/libdrone__rosidl_typesupport_introspection_cpp.so
[6.229s] -- Set non-toolchain portion of runtime path of "/home/dksoren/drone_boys/install/drone/lib/libdrone__rosidl_typesupport_introspection_cpp.so" to ""
[6.229s] -- Installing: /home/dksoren/drone_boys/install/drone/lib/libdrone__rosidl_typesupport_cpp.so
[6.230s] -- Set non-toolchain portion of runtime path of "/home/dksoren/drone_boys/install/drone/lib/libdrone__rosidl_typesupport_cpp.so" to ""
[6.266s] Listing '/home/dksoren/drone_boys/install/drone/lib/python3.12/site-packages/drone'...
[6.266s] Compiling '/home/dksoren/drone_boys/install/drone/lib/python3.12/site-packages/drone/__init__.py'...
[6.266s] Listing '/home/dksoren/drone_boys/install/drone/lib/python3.12/site-packages/drone/action'...
[6.266s] Compiling '/home/dksoren/drone_boys/install/drone/lib/python3.12/site-packages/drone/action/__init__.py'...
[6.266s] Compiling '/home/dksoren/drone_boys/install/drone/lib/python3.12/site-packages/drone/action/_finder_action.py'...
[6.272s] -- Installing: /home/dksoren/drone_boys/install/drone/lib/libdrone__rosidl_generator_py.so
[6.272s] -- Set non-toolchain portion of runtime path of "/home/dksoren/drone_boys/install/drone/lib/libdrone__rosidl_generator_py.so" to ""
[6.272s] -- Installing: /home/dksoren/drone_boys/install/drone/share/drone/cmake/export_drone__rosidl_generator_cExport.cmake
[6.272s] -- Installing: /home/dksoren/drone_boys/install/drone/share/drone/cmake/export_drone__rosidl_generator_cExport-noconfig.cmake
[6.272s] -- Installing: /home/dksoren/drone_boys/install/drone/share/drone/cmake/export_drone__rosidl_typesupport_fastrtps_cExport.cmake
[6.272s] -- Installing: /home/dksoren/drone_boys/install/drone/share/drone/cmake/export_drone__rosidl_typesupport_fastrtps_cExport-noconfig.cmake
[6.273s] -- Installing: /home/dksoren/drone_boys/install/drone/share/drone/cmake/export_drone__rosidl_generator_cppExport.cmake
[6.273s] -- Installing: /home/dksoren/drone_boys/install/drone/share/drone/cmake/export_drone__rosidl_typesupport_fastrtps_cppExport.cmake
[6.273s] -- Installing: /home/dksoren/drone_boys/install/drone/share/drone/cmake/export_drone__rosidl_typesupport_fastrtps_cppExport-noconfig.cmake
[6.273s] -- Installing: /home/dksoren/drone_boys/install/drone/share/drone/cmake/drone__rosidl_typesupport_introspection_cExport.cmake
[6.273s] -- Installing: /home/dksoren/drone_boys/install/drone/share/drone/cmake/drone__rosidl_typesupport_introspection_cExport-noconfig.cmake
[6.273s] -- Installing: /home/dksoren/drone_boys/install/drone/share/drone/cmake/drone__rosidl_typesupport_cExport.cmake
[6.273s] -- Installing: /home/dksoren/drone_boys/install/drone/share/drone/cmake/drone__rosidl_typesupport_cExport-noconfig.cmake
[6.273s] -- Installing: /home/dksoren/drone_boys/install/drone/share/drone/cmake/drone__rosidl_typesupport_introspection_cppExport.cmake
[6.273s] -- Installing: /home/dksoren/drone_boys/install/drone/share/drone/cmake/drone__rosidl_typesupport_introspection_cppExport-noconfig.cmake
[6.273s] -- Installing: /home/dksoren/drone_boys/install/drone/share/drone/cmake/drone__rosidl_typesupport_cppExport.cmake
[6.274s] -- Installing: /home/dksoren/drone_boys/install/drone/share/drone/cmake/drone__rosidl_typesupport_cppExport-noconfig.cmake
[6.274s] -- Installing: /home/dksoren/drone_boys/install/drone/share/drone/cmake/export_drone__rosidl_generator_pyExport.cmake
[6.274s] -- Installing: /home/dksoren/drone_boys/install/drone/share/drone/cmake/export_drone__rosidl_generator_pyExport-noconfig.cmake
[6.276s] Invoked command in '/home/dksoren/drone_boys/build/drone' returned '0': CMAKE_PREFIX_PATH=${CMAKE_PREFIX_PATH}:/opt/ros/jazzy DEBUGINFOD_URLS=https://debuginfod.ubuntu.com /usr/bin/cmake --install /home/dksoren/drone_boys/build/drone
