[0.059s] DEBUG:colcon:Command line arguments: ['/usr/bin/colcon', 'build', '--packages-select', 'drone_core']
[0.059s] DEBUG:colcon:Parsed command line arguments: Namespace(log_base=None, log_level=None, verb_name='build', build_base='build', install_base='install', merge_install=False, symlink_install=False, test_result_base=None, continue_on_error=False, executor='parallel', parallel_workers=24, event_handlers=None, ignore_user_meta=False, metas=['./colcon.meta'], base_paths=['.'], packages_ignore=None, packages_ignore_regex=None, paths=None, packages_up_to=None, packages_up_to_regex=None, packages_above=None, packages_above_and_dependencies=None, packages_above_depth=None, packages_select_by_dep=None, packages_skip_by_dep=None, packages_skip_up_to=None, packages_select_build_failed=False, packages_skip_build_finished=False, packages_select_test_failures=False, packages_skip_test_passed=False, packages_select=['drone_core'], packages_skip=None, packages_select_regex=None, packages_skip_regex=None, packages_start=None, packages_end=None, allow_overriding=[], cmake_args=None, cmake_target=None, cmake_target_skip_unavailable=False, cmake_clean_cache=False, cmake_clean_first=False, cmake_force_configure=False, ament_cmake_args=None, catkin_cmake_args=None, catkin_skip_building_tests=False, mixin_files=None, mixin=None, verb_parser=<colcon_mixin.mixin.mixin_argument.MixinArgumentDecorator object at 0x725bec95ed50>, verb_extension=<colcon_core.verb.build.BuildVerb object at 0x725bec95e210>, main=<bound method BuildVerb.main of <colcon_core.verb.build.BuildVerb object at 0x725bec95e210>>, mixin_verb=('build',))
[0.083s] Level 1:colcon.colcon_core.package_discovery:discover_packages(colcon_meta) check parameters
[0.083s] Level 1:colcon.colcon_core.package_discovery:discover_packages(recursive) check parameters
[0.083s] Level 1:colcon.colcon_core.package_discovery:discover_packages(ignore) check parameters
[0.083s] Level 1:colcon.colcon_core.package_discovery:discover_packages(path) check parameters
[0.083s] Level 1:colcon.colcon_core.package_discovery:discover_packages(colcon_meta) discover
[0.083s] Level 1:colcon.colcon_core.package_discovery:discover_packages(recursive) discover
[0.083s] INFO:colcon.colcon_core.package_discovery:Crawling recursively for packages in '/home/snekkie/DroneBoys'
[0.083s] Level 1:colcon.colcon_core.package_identification:_identify(.) by extensions ['ignore', 'ignore_ament_install']
[0.083s] Level 1:colcon.colcon_core.package_identification:_identify(.) by extension 'ignore'
[0.083s] Level 1:colcon.colcon_core.package_identification:_identify(.) by extension 'ignore_ament_install'
[0.083s] Level 1:colcon.colcon_core.package_identification:_identify(.) by extensions ['colcon_pkg']
[0.083s] Level 1:colcon.colcon_core.package_identification:_identify(.) by extension 'colcon_pkg'
[0.083s] Level 1:colcon.colcon_core.package_identification:_identify(.) by extensions ['colcon_meta']
[0.083s] Level 1:colcon.colcon_core.package_identification:_identify(.) by extension 'colcon_meta'
[0.083s] Level 1:colcon.colcon_core.package_identification:_identify(.) by extensions ['ros']
[0.083s] Level 1:colcon.colcon_core.package_identification:_identify(.) by extension 'ros'
[0.100s] Level 1:colcon.colcon_core.package_identification:_identify(.) by extensions ['cmake', 'python']
[0.100s] Level 1:colcon.colcon_core.package_identification:_identify(.) by extension 'cmake'
[0.100s] Level 1:colcon.colcon_core.package_identification:_identify(.) by extension 'python'
[0.100s] Level 1:colcon.colcon_core.package_identification:_identify(.) by extensions ['python_setup_py']
[0.100s] Level 1:colcon.colcon_core.package_identification:_identify(.) by extension 'python_setup_py'
[0.100s] Level 1:colcon.colcon_core.package_identification:_identify(Images) by extensions ['ignore', 'ignore_ament_install']
[0.100s] Level 1:colcon.colcon_core.package_identification:_identify(Images) by extension 'ignore'
[0.100s] Level 1:colcon.colcon_core.package_identification:_identify(Images) by extension 'ignore_ament_install'
[0.100s] Level 1:colcon.colcon_core.package_identification:_identify(Images) by extensions ['colcon_pkg']
[0.100s] Level 1:colcon.colcon_core.package_identification:_identify(Images) by extension 'colcon_pkg'
[0.100s] Level 1:colcon.colcon_core.package_identification:_identify(Images) by extensions ['colcon_meta']
[0.100s] Level 1:colcon.colcon_core.package_identification:_identify(Images) by extension 'colcon_meta'
[0.100s] Level 1:colcon.colcon_core.package_identification:_identify(Images) by extensions ['ros']
[0.100s] Level 1:colcon.colcon_core.package_identification:_identify(Images) by extension 'ros'
[0.101s] Level 1:colcon.colcon_core.package_identification:_identify(Images) by extensions ['cmake', 'python']
[0.101s] Level 1:colcon.colcon_core.package_identification:_identify(Images) by extension 'cmake'
[0.101s] Level 1:colcon.colcon_core.package_identification:_identify(Images) by extension 'python'
[0.101s] Level 1:colcon.colcon_core.package_identification:_identify(Images) by extensions ['python_setup_py']
[0.101s] Level 1:colcon.colcon_core.package_identification:_identify(Images) by extension 'python_setup_py'
[0.101s] Level 1:colcon.colcon_core.package_identification:_identify(build) by extensions ['ignore', 'ignore_ament_install']
[0.101s] Level 1:colcon.colcon_core.package_identification:_identify(build) by extension 'ignore'
[0.101s] Level 1:colcon.colcon_core.package_identification:_identify(build) ignored
[0.101s] Level 1:colcon.colcon_core.package_identification:_identify(install) by extensions ['ignore', 'ignore_ament_install']
[0.101s] Level 1:colcon.colcon_core.package_identification:_identify(install) by extension 'ignore'
[0.101s] Level 1:colcon.colcon_core.package_identification:_identify(install) ignored
[0.101s] Level 1:colcon.colcon_core.package_identification:_identify(log) by extensions ['ignore', 'ignore_ament_install']
[0.101s] Level 1:colcon.colcon_core.package_identification:_identify(log) by extension 'ignore'
[0.101s] Level 1:colcon.colcon_core.package_identification:_identify(log) ignored
[0.101s] Level 1:colcon.colcon_core.package_identification:_identify(src) by extensions ['ignore', 'ignore_ament_install']
[0.101s] Level 1:colcon.colcon_core.package_identification:_identify(src) by extension 'ignore'
[0.101s] Level 1:colcon.colcon_core.package_identification:_identify(src) by extension 'ignore_ament_install'
[0.101s] Level 1:colcon.colcon_core.package_identification:_identify(src) by extensions ['colcon_pkg']
[0.101s] Level 1:colcon.colcon_core.package_identification:_identify(src) by extension 'colcon_pkg'
[0.101s] Level 1:colcon.colcon_core.package_identification:_identify(src) by extensions ['colcon_meta']
[0.101s] Level 1:colcon.colcon_core.package_identification:_identify(src) by extension 'colcon_meta'
[0.101s] Level 1:colcon.colcon_core.package_identification:_identify(src) by extensions ['ros']
[0.101s] Level 1:colcon.colcon_core.package_identification:_identify(src) by extension 'ros'
[0.101s] Level 1:colcon.colcon_core.package_identification:_identify(src) by extensions ['cmake', 'python']
[0.101s] Level 1:colcon.colcon_core.package_identification:_identify(src) by extension 'cmake'
[0.101s] Level 1:colcon.colcon_core.package_identification:_identify(src) by extension 'python'
[0.101s] Level 1:colcon.colcon_core.package_identification:_identify(src) by extensions ['python_setup_py']
[0.101s] Level 1:colcon.colcon_core.package_identification:_identify(src) by extension 'python_setup_py'
[0.101s] Level 1:colcon.colcon_core.package_identification:_identify(src/drone_core) by extensions ['ignore', 'ignore_ament_install']
[0.101s] Level 1:colcon.colcon_core.package_identification:_identify(src/drone_core) by extension 'ignore'
[0.101s] Level 1:colcon.colcon_core.package_identification:_identify(src/drone_core) by extension 'ignore_ament_install'
[0.101s] Level 1:colcon.colcon_core.package_identification:_identify(src/drone_core) by extensions ['colcon_pkg']
[0.101s] Level 1:colcon.colcon_core.package_identification:_identify(src/drone_core) by extension 'colcon_pkg'
[0.101s] Level 1:colcon.colcon_core.package_identification:_identify(src/drone_core) by extensions ['colcon_meta']
[0.101s] Level 1:colcon.colcon_core.package_identification:_identify(src/drone_core) by extension 'colcon_meta'
[0.101s] Level 1:colcon.colcon_core.package_identification:_identify(src/drone_core) by extensions ['ros']
[0.101s] Level 1:colcon.colcon_core.package_identification:_identify(src/drone_core) by extension 'ros'
[0.104s] DEBUG:colcon.colcon_core.package_identification:Package 'src/drone_core' with type 'ros.ament_cmake' and name 'drone_core'
[0.104s] Level 1:colcon.colcon_core.package_identification:_identify(src/drone_gui) by extensions ['ignore', 'ignore_ament_install']
[0.104s] Level 1:colcon.colcon_core.package_identification:_identify(src/drone_gui) by extension 'ignore'
[0.104s] Level 1:colcon.colcon_core.package_identification:_identify(src/drone_gui) by extension 'ignore_ament_install'
[0.104s] Level 1:colcon.colcon_core.package_identification:_identify(src/drone_gui) by extensions ['colcon_pkg']
[0.104s] Level 1:colcon.colcon_core.package_identification:_identify(src/drone_gui) by extension 'colcon_pkg'
[0.104s] Level 1:colcon.colcon_core.package_identification:_identify(src/drone_gui) by extensions ['colcon_meta']
[0.104s] Level 1:colcon.colcon_core.package_identification:_identify(src/drone_gui) by extension 'colcon_meta'
[0.104s] Level 1:colcon.colcon_core.package_identification:_identify(src/drone_gui) by extensions ['ros']
[0.104s] Level 1:colcon.colcon_core.package_identification:_identify(src/drone_gui) by extension 'ros'
[0.104s] DEBUG:colcon.colcon_core.package_identification:Package 'src/drone_gui' with type 'ros.ament_cmake' and name 'drone_gui'
[0.104s] Level 1:colcon.colcon_core.package_discovery:discover_packages(recursive) using defaults
[0.104s] Level 1:colcon.colcon_core.package_discovery:discover_packages(ignore) discover
[0.104s] Level 1:colcon.colcon_core.package_discovery:discover_packages(ignore) using defaults
[0.104s] Level 1:colcon.colcon_core.package_discovery:discover_packages(path) discover
[0.104s] Level 1:colcon.colcon_core.package_discovery:discover_packages(path) using defaults
[0.116s] INFO:colcon.colcon_core.package_selection:Skipping not selected package 'drone_gui' in 'src/drone_gui'
[0.116s] Level 1:colcon.colcon_core.package_discovery:discover_packages(prefix_path) check parameters
[0.116s] Level 1:colcon.colcon_core.package_discovery:discover_packages(prefix_path) discover
[0.117s] WARNING:colcon.colcon_ros.prefix_path.ament:The path '/home/snekkie/DroneBoys/install/drone_core' in the environment variable AMENT_PREFIX_PATH doesn't exist
[0.117s] WARNING:colcon.colcon_ros.prefix_path.catkin:The path '/home/snekkie/DroneBoys/install/drone_core' in the environment variable CMAKE_PREFIX_PATH doesn't exist
[0.117s] DEBUG:colcon.colcon_installed_package_information.package_discovery:Found 0 installed packages in /home/snekkie/DroneBoys/install
[0.118s] DEBUG:colcon.colcon_installed_package_information.package_discovery:Found 92 installed packages in /opt/ros/jazzy
[0.118s] Level 1:colcon.colcon_core.package_discovery:discover_packages(prefix_path) using defaults
[0.124s] Level 5:colcon.colcon_core.verb:set package 'drone_core' build argument 'cmake_args' from command line to 'None'
[0.124s] Level 5:colcon.colcon_core.verb:set package 'drone_core' build argument 'cmake_target' from command line to 'None'
[0.124s] Level 5:colcon.colcon_core.verb:set package 'drone_core' build argument 'cmake_target_skip_unavailable' from command line to 'False'
[0.124s] Level 5:colcon.colcon_core.verb:set package 'drone_core' build argument 'cmake_clean_cache' from command line to 'False'
[0.124s] Level 5:colcon.colcon_core.verb:set package 'drone_core' build argument 'cmake_clean_first' from command line to 'False'
[0.124s] Level 5:colcon.colcon_core.verb:set package 'drone_core' build argument 'cmake_force_configure' from command line to 'False'
[0.124s] Level 5:colcon.colcon_core.verb:set package 'drone_core' build argument 'ament_cmake_args' from command line to 'None'
[0.124s] Level 5:colcon.colcon_core.verb:set package 'drone_core' build argument 'catkin_cmake_args' from command line to 'None'
[0.124s] Level 5:colcon.colcon_core.verb:set package 'drone_core' build argument 'catkin_skip_building_tests' from command line to 'False'
[0.124s] DEBUG:colcon.colcon_core.verb:Building package 'drone_core' with the following arguments: {'ament_cmake_args': None, 'build_base': '/home/snekkie/DroneBoys/build/drone_core', 'catkin_cmake_args': None, 'catkin_skip_building_tests': False, 'cmake_args': None, 'cmake_clean_cache': False, 'cmake_clean_first': False, 'cmake_force_configure': False, 'cmake_target': None, 'cmake_target_skip_unavailable': False, 'install_base': '/home/snekkie/DroneBoys/install/drone_core', 'merge_install': False, 'path': '/home/snekkie/DroneBoys/src/drone_core', 'symlink_install': False, 'test_result_base': None}
[0.124s] INFO:colcon.colcon_core.executor:Executing jobs using 'parallel' executor
[0.125s] DEBUG:colcon.colcon_parallel_executor.executor.parallel:run_until_complete
[0.126s] INFO:colcon.colcon_ros.task.ament_cmake.build:Building ROS package in '/home/snekkie/DroneBoys/src/drone_core' with build type 'ament_cmake'
[0.126s] INFO:colcon.colcon_cmake.task.cmake.build:Building CMake package in '/home/snekkie/DroneBoys/src/drone_core'
[0.127s] INFO:colcon.colcon_core.plugin_system:Skipping extension 'colcon_core.shell.bat': Not used on non-Windows systems
[0.127s] INFO:colcon.colcon_core.shell:Skip shell extension 'powershell' for command environment: Not usable outside of PowerShell
[0.127s] DEBUG:colcon.colcon_core.shell:Skip shell extension 'dsv' for command environment
[0.133s] DEBUG:colcon.colcon_core.event_handler.log_command:Invoking command in '/home/snekkie/DroneBoys/build/drone_core': CMAKE_PREFIX_PATH=${CMAKE_PREFIX_PATH}:/opt/ros/jazzy DEBUGINFOD_URLS=https://debuginfod.ubuntu.com /usr/bin/cmake /home/snekkie/DroneBoys/src/drone_core -DCMAKE_INSTALL_PREFIX=/home/snekkie/DroneBoys/install/drone_core
[2.843s] DEBUG:colcon.colcon_core.event_handler.log_command:Invoked command in '/home/snekkie/DroneBoys/build/drone_core' returned '0': CMAKE_PREFIX_PATH=${CMAKE_PREFIX_PATH}:/opt/ros/jazzy DEBUGINFOD_URLS=https://debuginfod.ubuntu.com /usr/bin/cmake /home/snekkie/DroneBoys/src/drone_core -DCMAKE_INSTALL_PREFIX=/home/snekkie/DroneBoys/install/drone_core
[2.844s] DEBUG:colcon.colcon_core.event_handler.log_command:Invoking command in '/home/snekkie/DroneBoys/build/drone_core': CMAKE_PREFIX_PATH=${CMAKE_PREFIX_PATH}:/opt/ros/jazzy DEBUGINFOD_URLS=https://debuginfod.ubuntu.com /usr/bin/cmake --build /home/snekkie/DroneBoys/build/drone_core -- -j24 -l24
[8.114s] DEBUG:colcon.colcon_core.event_handler.log_command:Invoked command in '/home/snekkie/DroneBoys/build/drone_core' returned '0': CMAKE_PREFIX_PATH=${CMAKE_PREFIX_PATH}:/opt/ros/jazzy DEBUGINFOD_URLS=https://debuginfod.ubuntu.com /usr/bin/cmake --build /home/snekkie/DroneBoys/build/drone_core -- -j24 -l24
[8.122s] DEBUG:colcon.colcon_core.event_handler.log_command:Invoking command in '/home/snekkie/DroneBoys/build/drone_core': CMAKE_PREFIX_PATH=${CMAKE_PREFIX_PATH}:/opt/ros/jazzy DEBUGINFOD_URLS=https://debuginfod.ubuntu.com /usr/bin/cmake --install /home/snekkie/DroneBoys/build/drone_core
[8.174s] Level 1:colcon.colcon_core.environment:create_environment_scripts_only(drone_core)
[8.174s] DEBUG:colcon.colcon_core.event_handler.log_command:Invoked command in '/home/snekkie/DroneBoys/build/drone_core' returned '0': CMAKE_PREFIX_PATH=${CMAKE_PREFIX_PATH}:/opt/ros/jazzy DEBUGINFOD_URLS=https://debuginfod.ubuntu.com /usr/bin/cmake --install /home/snekkie/DroneBoys/build/drone_core
[8.176s] Level 1:colcon.colcon_core.environment:checking '/home/snekkie/DroneBoys/install/drone_core' for CMake module files
[8.176s] Level 1:colcon.colcon_core.environment:checking '/home/snekkie/DroneBoys/install/drone_core' for CMake config files
[8.177s] Level 1:colcon.colcon_core.shell:create_environment_hook('drone_core', 'cmake_prefix_path')
[8.177s] INFO:colcon.colcon_core.shell:Creating environment hook '/home/snekkie/DroneBoys/install/drone_core/share/drone_core/hook/cmake_prefix_path.ps1'
[8.177s] INFO:colcon.colcon_core.shell:Creating environment descriptor '/home/snekkie/DroneBoys/install/drone_core/share/drone_core/hook/cmake_prefix_path.dsv'
[8.178s] INFO:colcon.colcon_core.shell:Creating environment hook '/home/snekkie/DroneBoys/install/drone_core/share/drone_core/hook/cmake_prefix_path.sh'
[8.178s] Level 1:colcon.colcon_core.environment:checking '/home/snekkie/DroneBoys/install/drone_core/lib'
[8.179s] Level 1:colcon.colcon_core.shell:create_environment_hook('drone_core', 'ld_library_path_lib')
[8.179s] INFO:colcon.colcon_core.shell:Creating environment hook '/home/snekkie/DroneBoys/install/drone_core/share/drone_core/hook/ld_library_path_lib.ps1'
[8.179s] INFO:colcon.colcon_core.shell:Creating environment descriptor '/home/snekkie/DroneBoys/install/drone_core/share/drone_core/hook/ld_library_path_lib.dsv'
[8.179s] INFO:colcon.colcon_core.shell:Creating environment hook '/home/snekkie/DroneBoys/install/drone_core/share/drone_core/hook/ld_library_path_lib.sh'
[8.179s] Level 1:colcon.colcon_core.environment:checking '/home/snekkie/DroneBoys/install/drone_core/bin'
[8.180s] Level 1:colcon.colcon_core.environment:checking '/home/snekkie/DroneBoys/install/drone_core/lib/pkgconfig/drone_core.pc'
[8.180s] Level 1:colcon.colcon_core.environment:checking '/home/snekkie/DroneBoys/install/drone_core/lib/python3.12/site-packages'
[8.180s] Level 1:colcon.colcon_core.shell:create_environment_hook('drone_core', 'pythonpath')
[8.180s] INFO:colcon.colcon_core.shell:Creating environment hook '/home/snekkie/DroneBoys/install/drone_core/share/drone_core/hook/pythonpath.ps1'
[8.180s] INFO:colcon.colcon_core.shell:Creating environment descriptor '/home/snekkie/DroneBoys/install/drone_core/share/drone_core/hook/pythonpath.dsv'
[8.180s] INFO:colcon.colcon_core.shell:Creating environment hook '/home/snekkie/DroneBoys/install/drone_core/share/drone_core/hook/pythonpath.sh'
[8.181s] Level 1:colcon.colcon_core.environment:checking '/home/snekkie/DroneBoys/install/drone_core/bin'
[8.181s] INFO:colcon.colcon_core.shell:Creating package script '/home/snekkie/DroneBoys/install/drone_core/share/drone_core/package.ps1'
[8.182s] INFO:colcon.colcon_core.shell:Creating package descriptor '/home/snekkie/DroneBoys/install/drone_core/share/drone_core/package.dsv'
[8.182s] INFO:colcon.colcon_core.shell:Creating package script '/home/snekkie/DroneBoys/install/drone_core/share/drone_core/package.sh'
[8.183s] INFO:colcon.colcon_core.shell:Creating package script '/home/snekkie/DroneBoys/install/drone_core/share/drone_core/package.bash'
[8.183s] INFO:colcon.colcon_core.shell:Creating package script '/home/snekkie/DroneBoys/install/drone_core/share/drone_core/package.zsh'
[8.183s] Level 1:colcon.colcon_core.environment:create_file_with_runtime_dependencies(/home/snekkie/DroneBoys/install/drone_core/share/colcon-core/packages/drone_core)
[8.184s] Level 1:colcon.colcon_core.environment:create_environment_scripts_only(drone_core)
[8.184s] Level 1:colcon.colcon_core.environment:checking '/home/snekkie/DroneBoys/install/drone_core' for CMake module files
[8.185s] Level 1:colcon.colcon_core.environment:checking '/home/snekkie/DroneBoys/install/drone_core' for CMake config files
[8.185s] Level 1:colcon.colcon_core.shell:create_environment_hook('drone_core', 'cmake_prefix_path')
[8.185s] INFO:colcon.colcon_core.shell:Creating environment hook '/home/snekkie/DroneBoys/install/drone_core/share/drone_core/hook/cmake_prefix_path.ps1'
[8.185s] INFO:colcon.colcon_core.shell:Creating environment descriptor '/home/snekkie/DroneBoys/install/drone_core/share/drone_core/hook/cmake_prefix_path.dsv'
[8.186s] INFO:colcon.colcon_core.shell:Creating environment hook '/home/snekkie/DroneBoys/install/drone_core/share/drone_core/hook/cmake_prefix_path.sh'
[8.186s] Level 1:colcon.colcon_core.environment:checking '/home/snekkie/DroneBoys/install/drone_core/lib'
[8.186s] Level 1:colcon.colcon_core.shell:create_environment_hook('drone_core', 'ld_library_path_lib')
[8.186s] INFO:colcon.colcon_core.shell:Creating environment hook '/home/snekkie/DroneBoys/install/drone_core/share/drone_core/hook/ld_library_path_lib.ps1'
[8.187s] INFO:colcon.colcon_core.shell:Creating environment descriptor '/home/snekkie/DroneBoys/install/drone_core/share/drone_core/hook/ld_library_path_lib.dsv'
[8.187s] INFO:colcon.colcon_core.shell:Creating environment hook '/home/snekkie/DroneBoys/install/drone_core/share/drone_core/hook/ld_library_path_lib.sh'
[8.187s] Level 1:colcon.colcon_core.environment:checking '/home/snekkie/DroneBoys/install/drone_core/bin'
[8.187s] Level 1:colcon.colcon_core.environment:checking '/home/snekkie/DroneBoys/install/drone_core/lib/pkgconfig/drone_core.pc'
[8.188s] Level 1:colcon.colcon_core.environment:checking '/home/snekkie/DroneBoys/install/drone_core/lib/python3.12/site-packages'
[8.188s] Level 1:colcon.colcon_core.shell:create_environment_hook('drone_core', 'pythonpath')
[8.188s] INFO:colcon.colcon_core.shell:Creating environment hook '/home/snekkie/DroneBoys/install/drone_core/share/drone_core/hook/pythonpath.ps1'
[8.188s] INFO:colcon.colcon_core.shell:Creating environment descriptor '/home/snekkie/DroneBoys/install/drone_core/share/drone_core/hook/pythonpath.dsv'
[8.188s] INFO:colcon.colcon_core.shell:Creating environment hook '/home/snekkie/DroneBoys/install/drone_core/share/drone_core/hook/pythonpath.sh'
[8.189s] Level 1:colcon.colcon_core.environment:checking '/home/snekkie/DroneBoys/install/drone_core/bin'
[8.189s] INFO:colcon.colcon_core.shell:Creating package script '/home/snekkie/DroneBoys/install/drone_core/share/drone_core/package.ps1'
[8.189s] INFO:colcon.colcon_core.shell:Creating package descriptor '/home/snekkie/DroneBoys/install/drone_core/share/drone_core/package.dsv'
[8.190s] INFO:colcon.colcon_core.shell:Creating package script '/home/snekkie/DroneBoys/install/drone_core/share/drone_core/package.sh'
[8.190s] INFO:colcon.colcon_core.shell:Creating package script '/home/snekkie/DroneBoys/install/drone_core/share/drone_core/package.bash'
[8.190s] INFO:colcon.colcon_core.shell:Creating package script '/home/snekkie/DroneBoys/install/drone_core/share/drone_core/package.zsh'
[8.190s] Level 1:colcon.colcon_core.environment:create_file_with_runtime_dependencies(/home/snekkie/DroneBoys/install/drone_core/share/colcon-core/packages/drone_core)
[8.191s] DEBUG:colcon.colcon_parallel_executor.executor.parallel:closing loop
[8.191s] DEBUG:colcon.colcon_parallel_executor.executor.parallel:loop closed
[8.191s] DEBUG:colcon.colcon_parallel_executor.executor.parallel:run_until_complete finished with '0'
[8.191s] DEBUG:colcon.colcon_core.event_reactor:joining thread
[8.194s] INFO:colcon.colcon_core.plugin_system:Skipping extension 'colcon_notification.desktop_notification.terminal_notifier': Not used on non-Darwin systems
[8.194s] INFO:colcon.colcon_core.plugin_system:Skipping extension 'colcon_notification.desktop_notification.win32': Not used on non-Windows systems
[8.194s] INFO:colcon.colcon_notification.desktop_notification:Sending desktop notification using 'notify2'
[8.201s] DEBUG:colcon.colcon_core.event_reactor:joined thread
[8.202s] INFO:colcon.colcon_core.shell:Creating prefix script '/home/snekkie/DroneBoys/install/local_setup.ps1'
[8.202s] INFO:colcon.colcon_core.shell:Creating prefix util module '/home/snekkie/DroneBoys/install/_local_setup_util_ps1.py'
[8.203s] INFO:colcon.colcon_core.shell:Creating prefix chain script '/home/snekkie/DroneBoys/install/setup.ps1'
[8.204s] INFO:colcon.colcon_core.shell:Creating prefix script '/home/snekkie/DroneBoys/install/local_setup.sh'
[8.204s] INFO:colcon.colcon_core.shell:Creating prefix util module '/home/snekkie/DroneBoys/install/_local_setup_util_sh.py'
[8.204s] INFO:colcon.colcon_core.shell:Creating prefix chain script '/home/snekkie/DroneBoys/install/setup.sh'
[8.205s] INFO:colcon.colcon_core.shell:Creating prefix script '/home/snekkie/DroneBoys/install/local_setup.bash'
[8.205s] INFO:colcon.colcon_core.shell:Creating prefix chain script '/home/snekkie/DroneBoys/install/setup.bash'
[8.206s] INFO:colcon.colcon_core.shell:Creating prefix script '/home/snekkie/DroneBoys/install/local_setup.zsh'
[8.206s] INFO:colcon.colcon_core.shell:Creating prefix chain script '/home/snekkie/DroneBoys/install/setup.zsh'
