-- The C compiler identification is GNU 13.3.0
-- The CXX compiler identification is GNU 13.3.0
-- Detecting C compiler ABI info
-- Detecting C compiler ABI info - done
-- Check for working C compiler: /usr/bin/cc - skipped
-- Detecting C compile features
-- Detecting C compile features - done
-- Detecting CXX compiler ABI info
-- Detecting CXX compiler ABI info - done
-- Check for working CXX compiler: /usr/bin/c++ - skipped
-- Detecting CXX compile features
-- Detecting CXX compile features - done
-- Found ament_cmake: 2.5.4 (/opt/ros/jazzy/share/ament_cmake/cmake)
-- Found Python3: /usr/bin/python3 (found version "3.12.3") found components: Interpreter 
-- Found OpenCV: /usr (found version "4.6.0") 
-- Configuring done (0.6s)
-- Generating done (0.0s)
-- Build files have been written to: /home/dksoren/drone_boys/build/drone_core
[ 66%] [32mBuilding CXX object CMakeFiles/drone_core.dir/src/manipulator.cpp.o[0m
[ 66%] [32mBuilding CXX object CMakeFiles/drone_core.dir/src/utils.cpp.o[0m
