[0.009s] Invoking command in '/home/dksoren/drone_boys/build/drone_core': CMAKE_PREFIX_PATH=${CMAKE_PREFIX_PATH}:/opt/ros/jazzy DEBUGINFOD_URLS=https://debuginfod.ubuntu.com /usr/bin/cmake /home/dksoren/drone_boys/src/drone_core -DCMAKE_INSTALL_PREFIX=/home/dksoren/drone_boys/install/drone_core
[0.065s] -- The C compiler identification is GNU 13.3.0
[0.117s] -- The CXX compiler identification is GNU 13.3.0
[0.133s] -- Detecting C compiler ABI info
[0.216s] -- Detecting C compiler ABI info - done
[0.223s] -- Check for working C compiler: /usr/bin/cc - skipped
[0.223s] -- Detecting C compile features
[0.223s] -- Detecting C compile features - done
[0.233s] -- Detecting CXX compiler ABI info
[0.322s] -- Detecting CXX compiler ABI info - done
[0.330s] -- Check for working CXX compiler: /usr/bin/c++ - skipped
[0.330s] -- Detecting CXX compile features
[0.330s] -- Detecting CXX compile features - done
[0.334s] -- Found ament_cmake: 2.5.4 (/opt/ros/jazzy/share/ament_cmake/cmake)
[0.454s] -- Found Python3: /usr/bin/python3 (found version "3.12.3") found components: Interpreter 
[0.549s] -- Found OpenCV: /usr (found version "4.6.0") 
[0.627s] -- Configuring done (0.6s)
[0.633s] -- Generating done (0.0s)
[0.635s] -- Build files have been written to: /home/dksoren/drone_boys/build/drone_core
[0.640s] Invoked command in '/home/dksoren/drone_boys/build/drone_core' returned '0': CMAKE_PREFIX_PATH=${CMAKE_PREFIX_PATH}:/opt/ros/jazzy DEBUGINFOD_URLS=https://debuginfod.ubuntu.com /usr/bin/cmake /home/dksoren/drone_boys/src/drone_core -DCMAKE_INSTALL_PREFIX=/home/dksoren/drone_boys/install/drone_core
[0.642s] Invoking command in '/home/dksoren/drone_boys/build/drone_core': CMAKE_PREFIX_PATH=${CMAKE_PREFIX_PATH}:/opt/ros/jazzy DEBUGINFOD_URLS=https://debuginfod.ubuntu.com /usr/bin/cmake --build /home/dksoren/drone_boys/build/drone_core -- -j12 -l12
[0.688s] [ 66%] [32mBuilding CXX object CMakeFiles/drone_core.dir/src/manipulator.cpp.o[0m
[0.688s] [ 66%] [32mBuilding CXX object CMakeFiles/drone_core.dir/src/utils.cpp.o[0m
[0.695s] [01m[K/home/dksoren/drone_boys/src/drone_core/src/manipulator.cpp:1:10:[m[K [01;31m[Kfatal error: [m[Kmanipulator.h: No such file or directory
[0.696s]     1 | #include [01;31m[K"manipulator.h"[m[K
[0.696s]       |          [01;31m[K^~~~~~~~~~~~~~~[m[K
[0.696s] compilation terminated.
[0.696s] [01m[K/home/dksoren/drone_boys/src/drone_core/src/utils.cpp:1:10:[m[K [01;31m[Kfatal error: [m[Kutils.h: No such file or directory
[0.696s]     1 | #include [01;31m[K"utils.h"[m[K
[0.696s]       |          [01;31m[K^~~~~~~~~[m[K
[0.696s] compilation terminated.
[0.696s] gmake[2]: *** [CMakeFiles/drone_core.dir/build.make:90: CMakeFiles/drone_core.dir/src/manipulator.cpp.o] Error 1
[0.696s] gmake[2]: *** Waiting for unfinished jobs....
[0.696s] gmake[2]: *** [CMakeFiles/drone_core.dir/build.make:76: CMakeFiles/drone_core.dir/src/utils.cpp.o] Error 1
[0.697s] gmake[1]: *** [CMakeFiles/Makefile2:137: CMakeFiles/drone_core.dir/all] Error 2
[0.697s] gmake: *** [Makefile:146: all] Error 2
[0.699s] Invoked command in '/home/dksoren/drone_boys/build/drone_core' returned '2': CMAKE_PREFIX_PATH=${CMAKE_PREFIX_PATH}:/opt/ros/jazzy DEBUGINFOD_URLS=https://debuginfod.ubuntu.com /usr/bin/cmake --build /home/dksoren/drone_boys/build/drone_core -- -j12 -l12
