[ 14%] Built target glfw
[ 26%] Built target gears
[ 26%] Built target offscreen
[ 26%] Built target boing
[ 26%] Built target heightmap
[ 29%] Built target sharing
[ 36%] Built target splitview
[ 38%] Built target ImGuiLib
[ 41%] Built target clipboard
[ 42%] Built target simple
[ 42%] Built target particles
[ 43%] Built target wave
[ 47%] Built target events
[ 69%] Built target reopen
[ 69%] Built target iconify
[ 69%] Built target glfwinfo
[ 69%] Built target gamma
[ 69%] Built target monitors
[ 73%] Built target inputlag
[ 69%] Built target icon
[ 73%] Built target msaa
[ 76%] Built target empty
[ 76%] Built target joysticks
[ 78%] Built target cursor
[ 80%] Built target opacity
[ 94%] Built target title
[ 94%] Built target tearing
[ 94%] Built target threads
[ 96%] Built target windows
[ 96%] Built target InterfaceLib
[ 96%] Built target timeout
[ 98%] Built target triangle-vulkan
[100%] Built target gui_app
-- Install configuration: ""
-- Execute custom install script
-- Up-to-date symlink: /home/dksoren/drone_boys/install/drone_gui/lib/cmake/glfw3/glfw3Config.cmake
-- Up-to-date symlink: /home/dksoren/drone_boys/install/drone_gui/lib/cmake/glfw3/glfw3ConfigVersion.cmake
-- Up-to-date symlink: /home/dksoren/drone_boys/install/drone_gui/lib/pkgconfig/glfw3.pc
-- Up-to-date symlink: /home/dksoren/drone_boys/install/drone_gui/lib/drone_gui/gui_app
-- Up-to-date symlink: /home/dksoren/drone_boys/install/drone_gui/share/ament_index/resource_index/package_run_dependencies/drone_gui
-- Up-to-date symlink: /home/dksoren/drone_boys/install/drone_gui/share/ament_index/resource_index/parent_prefix_path/drone_gui
-- Up-to-date symlink: /home/dksoren/drone_boys/install/drone_gui/share/drone_gui/environment/ament_prefix_path.sh
-- Up-to-date symlink: /home/dksoren/drone_boys/install/drone_gui/share/drone_gui/environment/ament_prefix_path.dsv
-- Up-to-date symlink: /home/dksoren/drone_boys/install/drone_gui/share/drone_gui/environment/path.sh
-- Up-to-date symlink: /home/dksoren/drone_boys/install/drone_gui/share/drone_gui/environment/path.dsv
-- Up-to-date symlink: /home/dksoren/drone_boys/install/drone_gui/share/drone_gui/local_setup.bash
-- Up-to-date symlink: /home/dksoren/drone_boys/install/drone_gui/share/drone_gui/local_setup.sh
-- Up-to-date symlink: /home/dksoren/drone_boys/install/drone_gui/share/drone_gui/local_setup.zsh
-- Up-to-date symlink: /home/dksoren/drone_boys/install/drone_gui/share/drone_gui/local_setup.dsv
-- Symlinking: /home/dksoren/drone_boys/install/drone_gui/share/drone_gui/package.dsv
-- Up-to-date symlink: /home/dksoren/drone_boys/install/drone_gui/share/ament_index/resource_index/packages/drone_gui
-- Up-to-date symlink: /home/dksoren/drone_boys/install/drone_gui/share/drone_gui/cmake/ament_cmake_export_dependencies-extras.cmake
-- Up-to-date symlink: /home/dksoren/drone_boys/install/drone_gui/share/drone_gui/cmake/drone_guiConfig.cmake
-- Up-to-date symlink: /home/dksoren/drone_boys/install/drone_gui/share/drone_gui/cmake/drone_guiConfig-version.cmake
-- Up-to-date symlink: /home/dksoren/drone_boys/install/drone_gui/share/drone_gui/package.xml
-- Up-to-date: /home/dksoren/drone_boys/install/drone_gui/include/GLFW
-- Up-to-date: /home/dksoren/drone_boys/install/drone_gui/include/GLFW/glfw3.h
-- Up-to-date: /home/dksoren/drone_boys/install/drone_gui/include/GLFW/glfw3native.h
-- Up-to-date: /home/dksoren/drone_boys/install/drone_gui/lib/cmake/glfw3/glfw3Targets.cmake
-- Up-to-date: /home/dksoren/drone_boys/install/drone_gui/lib/cmake/glfw3/glfw3Targets-noconfig.cmake
-- Up-to-date: /home/dksoren/drone_boys/install/drone_gui/lib/libglfw3.a
