[0.008s] Invoking command in '/home/dksoren/drone_boys/build/drone_gui': CMAKE_PREFIX_PATH=/opt/ros/jazzy:/home/dksoren/drone_boys/install/drone_core:/home/dksoren/drone_boys/install/drone_gui:/home/dksoren/drone_boys/install/drone:/opt/ros/jazzy/opt/gz_math_vendor:/opt/ros/jazzy/opt/gz_utils_vendor:/opt/ros/jazzy/opt/gz_cmake_vendor DEBUGINFOD_URLS=https://debuginfod.ubuntu.com /usr/bin/cmake --build /home/dksoren/drone_boys/build/drone_gui -- -j12 -l12
[0.062s] [ 14%] Built target glfw
[0.086s] [ 26%] Built target gears
[0.086s] [ 26%] Built target offscreen
[0.087s] [ 26%] Built target boing
[0.087s] [ 26%] Built target heightmap
[0.087s] [ 29%] Built target sharing
[0.087s] [ 36%] Built target splitview
[0.087s] [ 38%] Built target ImGuiLib
[0.087s] [ 41%] Built target clipboard
[0.088s] [ 42%] Built target simple
[0.088s] [ 42%] Built target particles
[0.089s] [ 43%] Built target wave
[0.089s] [ 47%] Built target events
[0.112s] [ 69%] Built target reopen
[0.112s] [ 69%] Built target iconify
[0.112s] [ 69%] Built target glfwinfo
[0.112s] [ 69%] Built target gamma
[0.112s] [ 69%] Built target monitors
[0.112s] [ 73%] Built target inputlag
[0.113s] [ 69%] Built target icon
[0.113s] [ 73%] Built target msaa
[0.113s] [ 76%] Built target empty
[0.113s] [ 76%] Built target joysticks
[0.117s] [ 78%] Built target cursor
[0.118s] [ 80%] Built target opacity
[0.133s] [ 94%] Built target title
[0.133s] [ 94%] Built target tearing
[0.133s] [ 94%] Built target threads
[0.133s] [ 96%] Built target windows
[0.133s] [ 96%] Built target InterfaceLib
[0.134s] [ 96%] Built target timeout
[0.134s] [ 98%] Built target triangle-vulkan
[0.155s] [100%] Built target gui_app
[0.168s] Invoked command in '/home/dksoren/drone_boys/build/drone_gui' returned '0': CMAKE_PREFIX_PATH=/opt/ros/jazzy:/home/dksoren/drone_boys/install/drone_core:/home/dksoren/drone_boys/install/drone_gui:/home/dksoren/drone_boys/install/drone:/opt/ros/jazzy/opt/gz_math_vendor:/opt/ros/jazzy/opt/gz_utils_vendor:/opt/ros/jazzy/opt/gz_cmake_vendor DEBUGINFOD_URLS=https://debuginfod.ubuntu.com /usr/bin/cmake --build /home/dksoren/drone_boys/build/drone_gui -- -j12 -l12
[0.169s] Invoking command in '/home/dksoren/drone_boys/build/drone_gui': CMAKE_PREFIX_PATH=/opt/ros/jazzy:/home/dksoren/drone_boys/install/drone_core:/home/dksoren/drone_boys/install/drone_gui:/home/dksoren/drone_boys/install/drone:/opt/ros/jazzy/opt/gz_math_vendor:/opt/ros/jazzy/opt/gz_utils_vendor:/opt/ros/jazzy/opt/gz_cmake_vendor DEBUGINFOD_URLS=https://debuginfod.ubuntu.com /usr/bin/cmake --install /home/dksoren/drone_boys/build/drone_gui
[0.176s] -- Install configuration: ""
[0.176s] -- Execute custom install script
[0.176s] -- Up-to-date symlink: /home/dksoren/drone_boys/install/drone_gui/lib/cmake/glfw3/glfw3Config.cmake
[0.176s] -- Up-to-date symlink: /home/dksoren/drone_boys/install/drone_gui/lib/cmake/glfw3/glfw3ConfigVersion.cmake
[0.176s] -- Up-to-date symlink: /home/dksoren/drone_boys/install/drone_gui/lib/pkgconfig/glfw3.pc
[0.177s] -- Up-to-date symlink: /home/dksoren/drone_boys/install/drone_gui/lib/drone_gui/gui_app
[0.177s] -- Up-to-date symlink: /home/dksoren/drone_boys/install/drone_gui/share/ament_index/resource_index/package_run_dependencies/drone_gui
[0.177s] -- Up-to-date symlink: /home/dksoren/drone_boys/install/drone_gui/share/ament_index/resource_index/parent_prefix_path/drone_gui
[0.177s] -- Up-to-date symlink: /home/dksoren/drone_boys/install/drone_gui/share/drone_gui/environment/ament_prefix_path.sh
[0.177s] -- Up-to-date symlink: /home/dksoren/drone_boys/install/drone_gui/share/drone_gui/environment/ament_prefix_path.dsv
[0.177s] -- Up-to-date symlink: /home/dksoren/drone_boys/install/drone_gui/share/drone_gui/environment/path.sh
[0.177s] -- Up-to-date symlink: /home/dksoren/drone_boys/install/drone_gui/share/drone_gui/environment/path.dsv
[0.177s] -- Up-to-date symlink: /home/dksoren/drone_boys/install/drone_gui/share/drone_gui/local_setup.bash
[0.178s] -- Up-to-date symlink: /home/dksoren/drone_boys/install/drone_gui/share/drone_gui/local_setup.sh
[0.178s] -- Up-to-date symlink: /home/dksoren/drone_boys/install/drone_gui/share/drone_gui/local_setup.zsh
[0.178s] -- Up-to-date symlink: /home/dksoren/drone_boys/install/drone_gui/share/drone_gui/local_setup.dsv
[0.178s] -- Symlinking: /home/dksoren/drone_boys/install/drone_gui/share/drone_gui/package.dsv
[0.186s] -- Up-to-date symlink: /home/dksoren/drone_boys/install/drone_gui/share/ament_index/resource_index/packages/drone_gui
[0.186s] -- Up-to-date symlink: /home/dksoren/drone_boys/install/drone_gui/share/drone_gui/cmake/ament_cmake_export_dependencies-extras.cmake
[0.186s] -- Up-to-date symlink: /home/dksoren/drone_boys/install/drone_gui/share/drone_gui/cmake/drone_guiConfig.cmake
[0.187s] -- Up-to-date symlink: /home/dksoren/drone_boys/install/drone_gui/share/drone_gui/cmake/drone_guiConfig-version.cmake
[0.187s] -- Up-to-date symlink: /home/dksoren/drone_boys/install/drone_gui/share/drone_gui/package.xml
[0.187s] -- Up-to-date: /home/dksoren/drone_boys/install/drone_gui/include/GLFW
[0.187s] -- Up-to-date: /home/dksoren/drone_boys/install/drone_gui/include/GLFW/glfw3.h
[0.187s] -- Up-to-date: /home/dksoren/drone_boys/install/drone_gui/include/GLFW/glfw3native.h
[0.187s] -- Up-to-date: /home/dksoren/drone_boys/install/drone_gui/lib/cmake/glfw3/glfw3Targets.cmake
[0.187s] -- Up-to-date: /home/dksoren/drone_boys/install/drone_gui/lib/cmake/glfw3/glfw3Targets-noconfig.cmake
[0.188s] -- Up-to-date: /home/dksoren/drone_boys/install/drone_gui/lib/libglfw3.a
[0.189s] Invoked command in '/home/dksoren/drone_boys/build/drone_gui' returned '0': CMAKE_PREFIX_PATH=/opt/ros/jazzy:/home/dksoren/drone_boys/install/drone_core:/home/dksoren/drone_boys/install/drone_gui:/home/dksoren/drone_boys/install/drone:/opt/ros/jazzy/opt/gz_math_vendor:/opt/ros/jazzy/opt/gz_utils_vendor:/opt/ros/jazzy/opt/gz_cmake_vendor DEBUGINFOD_URLS=https://debuginfod.ubuntu.com /usr/bin/cmake --install /home/dksoren/drone_boys/build/drone_gui
