[0.008s] Invoking command in '/home/dksoren/drone_boys/build/drone': DEBUGINFOD_URLS=https://debuginfod.ubuntu.com /usr/bin/cmake --build /home/dksoren/drone_boys/build/drone -- -j12 -l12
[0.049s] [  2%] Built target drone__rosidl_generator_type_description
[0.056s] [  2%] Built target ament_cmake_python_symlink_drone
[0.064s] [  5%] Built target drone__cpp
[0.065s] [ 18%] Built target drone__rosidl_generator_c
[0.086s] [ 35%] Built target drone__rosidl_typesupport_introspection_c
[0.086s] [ 35%] Built target drone__rosidl_typesupport_cpp
[0.087s] [ 43%] Built target drone__rosidl_typesupport_c
[0.088s] [ 51%] Built target drone__rosidl_typesupport_fastrtps_c
[0.090s] [ 59%] Built target drone__rosidl_typesupport_introspection_cpp
[0.090s] [ 67%] Built target drone__rosidl_typesupport_fastrtps_cpp
[0.108s] [ 67%] Built target drone
[0.112s] [ 70%] [32mBuilding CXX object CMakeFiles/finder.dir/src/main.cpp.o[0m
[0.120s] [01m[K/home/dksoren/drone_boys/src/drone/src/main.cpp:1:10:[m[K [01;31m[Kfatal error: [m[Kdrone_core/utils.h: No such file or directory
[0.120s]     1 | #include [01;31m[K"drone_core/utils.h"[m[K
[0.120s]       |          [01;31m[K^~~~~~~~~~~~~~~~~~~~[m[K
[0.120s] compilation terminated.
[0.121s] gmake[2]: *** [CMakeFiles/finder.dir/build.make:76: CMakeFiles/finder.dir/src/main.cpp.o] Error 1
[0.121s] gmake[1]: *** [CMakeFiles/Makefile2:625: CMakeFiles/finder.dir/all] Error 2
[0.121s] gmake[1]: *** Waiting for unfinished jobs....
[0.127s] [ 72%] Built target drone__py
[0.240s] running egg_info
[0.257s] writing drone.egg-info/PKG-INFO
[0.257s] writing dependency_links to drone.egg-info/dependency_links.txt
[0.257s] writing top-level names to drone.egg-info/top_level.txt
[0.307s] reading manifest file 'drone.egg-info/SOURCES.txt'
[0.308s] writing manifest file 'drone.egg-info/SOURCES.txt'
[0.334s] [ 72%] Built target ament_cmake_python_build_drone_egg
[0.335s] gmake: *** [Makefile:146: all] Error 2
[0.337s] Invoked command in '/home/dksoren/drone_boys/build/drone' returned '2': DEBUGINFOD_URLS=https://debuginfod.ubuntu.com /usr/bin/cmake --build /home/dksoren/drone_boys/build/drone -- -j12 -l12
