-- Found ament_cmake: 2.5.4 (/opt/ros/jazzy/share/ament_cmake/cmake)
-- Found Python3: /usr/bin/python3 (found version "3.12.3") found components: Interpreter 
-- Override CMake install command with custom implementation using symlinks instead of copying resources
-- Found rclcpp: 28.1.12 (/opt/ros/jazzy/share/rclcpp/cmake)
-- Found rosidl_generator_c: 4.6.6 (/opt/ros/jazzy/share/rosidl_generator_c/cmake)
-- Found rosidl_generator_cpp: 4.6.6 (/opt/ros/jazzy/share/rosidl_generator_cpp/cmake)
-- Using all available rosidl_typesupport_c: rosidl_typesupport_fastrtps_c;rosidl_typesupport_introspection_c
-- Using all available rosidl_typesupport_cpp: rosidl_typesupport_fastrtps_cpp;rosidl_typesupport_introspection_cpp
-- Found rmw_implementation_cmake: 7.3.2 (/opt/ros/jazzy/share/rmw_implementation_cmake/cmake)
-- Found rmw_fastrtps_cpp: 8.4.3 (/opt/ros/jazzy/share/rmw_fastrtps_cpp/cmake)
-- Using RMW implementation 'rmw_fastrtps_cpp' as default
-- Found rclcpp_action: 28.1.12 (/opt/ros/jazzy/share/rclcpp_action/cmake)
-- Found rosidl_default_generators: 1.6.0 (/opt/ros/jazzy/share/rosidl_default_generators/cmake)
-- Found rosidl_adapter: 4.6.6 (/opt/ros/jazzy/share/rosidl_adapter/cmake)
-- Found ament_cmake_ros: 0.12.0 (/opt/ros/jazzy/share/ament_cmake_ros/cmake)
-- Using all available rosidl_typesupport_c: rosidl_typesupport_fastrtps_c;rosidl_typesupport_introspection_c
-- Using all available rosidl_typesupport_cpp: rosidl_typesupport_fastrtps_cpp;rosidl_typesupport_introspection_cpp
-- Found python_cmake_module: 0.11.1 (/opt/ros/jazzy/share/python_cmake_module/cmake)
-- Found Python3: /usr/bin/python3 (found version "3.12.3") found components: Interpreter Development NumPy Development.Module Development.Embed 
-- Configuring done (1.0s)
-- Generating done (0.0s)
-- Build files have been written to: /home/dksoren/drone_boys/build/drone
[  2%] [34m[1mGenerating type hashes for ROS interfaces[0m
[  2%] Built target ament_cmake_python_symlink_drone
[  2%] Built target drone__rosidl_generator_type_description
[  5%] [34m[1mGenerating C code for ROS interfaces[0m
running egg_info
[  7%] [34m[1mGenerating C++ code for ROS interfaces[0m
writing drone.egg-info/PKG-INFO
writing dependency_links to drone.egg-info/dependency_links.txt
writing top-level names to drone.egg-info/top_level.txt
reading manifest file 'drone.egg-info/SOURCES.txt'
writing manifest file 'drone.egg-info/SOURCES.txt'
[  7%] Built target ament_cmake_python_build_drone_egg
[  7%] Built target drone__cpp
[ 12%] [32mBuilding C object CMakeFiles/drone__rosidl_generator_c.dir/rosidl_generator_c/drone/action/detail/finder_action__functions.c.o[0m
[ 12%] [32mBuilding C object CMakeFiles/drone__rosidl_generator_c.dir/rosidl_generator_c/drone/action/detail/finder_action__description.c.o[0m
[ 15%] [32mBuilding C object CMakeFiles/drone__rosidl_generator_c.dir/rosidl_generator_c/drone/action/detail/finder_action__type_support.c.o[0m
[ 17%] [32m[1mLinking C shared library libdrone__rosidl_generator_c.so[0m
[ 17%] Built target drone__rosidl_generator_c
[ 33%] [34m[1mGenerating C++ type support for eProsima Fast-RTPS[0m
[ 33%] [34m[1mGenerating C introspection for ROS interfaces[0m
[ 33%] [34m[1mGenerating C++ introspection for ROS interfaces[0m
[ 33%] [34m[1mGenerating C++ type support dispatch for ROS interfaces[0m
[ 33%] [34m[1mGenerating C type support dispatch for ROS interfaces[0m
[ 33%] [34m[1mGenerating C type support for eProsima Fast-RTPS[0m
[ 35%] [32mBuilding CXX object CMakeFiles/drone__rosidl_typesupport_c.dir/rosidl_typesupport_c/drone/action/finder_action__type_support.cpp.o[0m
[ 38%] [32mBuilding CXX object CMakeFiles/drone__rosidl_typesupport_cpp.dir/rosidl_typesupport_cpp/drone/action/finder_action__type_support.cpp.o[0m
[ 43%] [32m[1mLinking CXX shared library libdrone__rosidl_typesupport_c.so[0m
[ 43%] [32mBuilding CXX object CMakeFiles/drone__rosidl_typesupport_introspection_cpp.dir/rosidl_typesupport_introspection_cpp/drone/action/detail/finder_action__type_support.cpp.o[0m
[ 46%] [32mBuilding C object CMakeFiles/drone__rosidl_typesupport_introspection_c.dir/rosidl_typesupport_introspection_c/drone/action/detail/finder_action__type_support.c.o[0m
[ 46%] Built target drone__rosidl_typesupport_c
[ 48%] [32m[1mLinking C shared library libdrone__rosidl_typesupport_introspection_c.so[0m
[ 51%] [32mBuilding CXX object CMakeFiles/drone__rosidl_typesupport_fastrtps_cpp.dir/rosidl_typesupport_fastrtps_cpp/drone/action/detail/dds_fastrtps/finder_action__type_support.cpp.o[0m
[ 51%] Built target drone__rosidl_typesupport_introspection_c
[ 53%] [32mBuilding CXX object CMakeFiles/drone__rosidl_typesupport_fastrtps_c.dir/rosidl_typesupport_fastrtps_c/drone/action/detail/finder_action__type_support_c.cpp.o[0m
[ 56%] [32m[1mLinking CXX shared library libdrone__rosidl_typesupport_cpp.so[0m
[ 58%] [32m[1mLinking CXX shared library libdrone__rosidl_typesupport_fastrtps_c.so[0m
[ 58%] Built target drone__rosidl_typesupport_cpp
[ 61%] [32m[1mLinking CXX shared library libdrone__rosidl_typesupport_introspection_cpp.so[0m
[ 61%] Built target drone__rosidl_typesupport_fastrtps_c
[ 61%] Built target drone__rosidl_typesupport_introspection_cpp
[ 64%] [32m[1mLinking CXX shared library libdrone__rosidl_typesupport_fastrtps_cpp.so[0m
[ 64%] Built target drone__rosidl_typesupport_fastrtps_cpp
[ 64%] Built target drone
[ 66%] [34m[1mGenerating Python code for ROS interfaces[0m
[ 69%] [32mBuilding CXX object CMakeFiles/finder.dir/src/main.cpp.o[0m
[ 69%] Built target drone__py
[ 71%] [32mBuilding C object CMakeFiles/drone__rosidl_generator_py.dir/rosidl_generator_py/drone/action/_finder_action_s.c.o[0m
[ 74%] [32m[1mLinking C shared library libdrone__rosidl_generator_py.so[0m
[ 74%] Built target drone__rosidl_generator_py
[ 82%] [32mBuilding C object CMakeFiles/drone_s__rosidl_typesupport_c.dir/rosidl_generator_py/drone/_drone_s.ep.rosidl_typesupport_c.c.o[0m
[ 82%] [32mBuilding C object CMakeFiles/drone_s__rosidl_typesupport_fastrtps_c.dir/rosidl_generator_py/drone/_drone_s.ep.rosidl_typesupport_fastrtps_c.c.o[0m
[ 82%] [32mBuilding C object CMakeFiles/drone_s__rosidl_typesupport_introspection_c.dir/rosidl_generator_py/drone/_drone_s.ep.rosidl_typesupport_introspection_c.c.o[0m
[ 87%] [32m[1mLinking C shared module rosidl_generator_py/drone/drone_s__rosidl_typesupport_introspection_c.so[0m
[ 87%] [32m[1mLinking C shared module rosidl_generator_py/drone/drone_s__rosidl_typesupport_c.so[0m
[ 89%] [32m[1mLinking C shared module rosidl_generator_py/drone/drone_s__rosidl_typesupport_fastrtps_c.so[0m
[ 89%] Built target drone_s__rosidl_typesupport_introspection_c
[ 89%] Built target drone_s__rosidl_typesupport_c
[ 89%] Built target drone_s__rosidl_typesupport_fastrtps_c
[ 92%] [32m[1mLinking CXX executable finder[0m
[100%] Built target finder
-- Install configuration: ""
-- Execute custom install script
-- Up-to-date symlink: /home/dksoren/drone_boys/install/drone/share/ament_index/resource_index/rosidl_interfaces/drone
-- Up-to-date symlink: /home/dksoren/drone_boys/install/drone/share/drone/action/FinderAction.json
-- Up-to-date symlink: /home/dksoren/drone_boys/install/drone/include/drone/drone/action/detail/finder_action__functions.h
-- Up-to-date symlink: /home/dksoren/drone_boys/install/drone/include/drone/drone/action/detail/finder_action__struct.h
-- Up-to-date symlink: /home/dksoren/drone_boys/install/drone/include/drone/drone/action/detail/finder_action__type_support.h
-- Up-to-date symlink: /home/dksoren/drone_boys/install/drone/include/drone/drone/action/finder_action.h
-- Up-to-date symlink: /home/dksoren/drone_boys/install/drone/include/drone/drone/msg/rosidl_generator_c__visibility_control.h
-- Up-to-date symlink: /home/dksoren/drone_boys/install/drone/share/drone/environment/library_path.sh
-- Up-to-date symlink: /home/dksoren/drone_boys/install/drone/share/drone/environment/library_path.dsv
-- Up-to-date symlink: /home/dksoren/drone_boys/install/drone/include/drone/drone/action/detail/finder_action__rosidl_typesupport_fastrtps_c.h
-- Up-to-date symlink: /home/dksoren/drone_boys/install/drone/include/drone/drone/msg/rosidl_typesupport_fastrtps_c__visibility_control.h
-- Up-to-date symlink: /home/dksoren/drone_boys/install/drone/include/drone/drone/action/detail/finder_action__builder.hpp
-- Up-to-date symlink: /home/dksoren/drone_boys/install/drone/include/drone/drone/action/detail/finder_action__struct.hpp
-- Up-to-date symlink: /home/dksoren/drone_boys/install/drone/include/drone/drone/action/detail/finder_action__traits.hpp
-- Up-to-date symlink: /home/dksoren/drone_boys/install/drone/include/drone/drone/action/detail/finder_action__type_support.hpp
-- Up-to-date symlink: /home/dksoren/drone_boys/install/drone/include/drone/drone/action/finder_action.hpp
-- Up-to-date symlink: /home/dksoren/drone_boys/install/drone/include/drone/drone/msg/rosidl_generator_cpp__visibility_control.hpp
-- Up-to-date symlink: /home/dksoren/drone_boys/install/drone/include/drone/drone/action/detail/finder_action__rosidl_typesupport_fastrtps_cpp.hpp
-- Up-to-date symlink: /home/dksoren/drone_boys/install/drone/include/drone/drone/msg/rosidl_typesupport_fastrtps_cpp__visibility_control.h
-- Up-to-date symlink: /home/dksoren/drone_boys/install/drone/include/drone/drone/action/detail/finder_action__rosidl_typesupport_introspection_c.h
-- Up-to-date symlink: /home/dksoren/drone_boys/install/drone/include/drone/drone/msg/rosidl_typesupport_introspection_c__visibility_control.h
-- Up-to-date symlink: /home/dksoren/drone_boys/install/drone/include/drone/drone/action/detail/finder_action__rosidl_typesupport_introspection_cpp.hpp
-- Up-to-date symlink: /home/dksoren/drone_boys/install/drone/share/drone/environment/pythonpath.sh
-- Up-to-date symlink: /home/dksoren/drone_boys/install/drone/share/drone/environment/pythonpath.dsv
-- Up-to-date symlink: /home/dksoren/drone_boys/install/drone/lib/python3.12/site-packages/drone-0.1.0-py3.12.egg-info/PKG-INFO
-- Up-to-date symlink: /home/dksoren/drone_boys/install/drone/lib/python3.12/site-packages/drone-0.1.0-py3.12.egg-info/SOURCES.txt
-- Up-to-date symlink: /home/dksoren/drone_boys/install/drone/lib/python3.12/site-packages/drone-0.1.0-py3.12.egg-info/dependency_links.txt
-- Up-to-date symlink: /home/dksoren/drone_boys/install/drone/lib/python3.12/site-packages/drone-0.1.0-py3.12.egg-info/top_level.txt
-- Up-to-date symlink: /home/dksoren/drone_boys/install/drone/lib/python3.12/site-packages/drone/__init__.py
-- Up-to-date symlink: /home/dksoren/drone_boys/install/drone/lib/python3.12/site-packages/drone/_drone_s.ep.rosidl_typesupport_c.c
-- Up-to-date symlink: /home/dksoren/drone_boys/install/drone/lib/python3.12/site-packages/drone/_drone_s.ep.rosidl_typesupport_fastrtps_c.c
-- Up-to-date symlink: /home/dksoren/drone_boys/install/drone/lib/python3.12/site-packages/drone/_drone_s.ep.rosidl_typesupport_introspection_c.c
-- Up-to-date symlink: /home/dksoren/drone_boys/install/drone/lib/python3.12/site-packages/drone/action/__init__.py
-- Up-to-date symlink: /home/dksoren/drone_boys/install/drone/lib/python3.12/site-packages/drone/action/_finder_action.py
-- Up-to-date symlink: /home/dksoren/drone_boys/install/drone/lib/python3.12/site-packages/drone/action/_finder_action_s.c
-- Up-to-date symlink: /home/dksoren/drone_boys/install/drone/lib/python3.12/site-packages/drone/drone_s__rosidl_typesupport_c.so
-- Up-to-date symlink: /home/dksoren/drone_boys/install/drone/lib/python3.12/site-packages/drone/drone_s__rosidl_typesupport_fastrtps_c.so
-- Up-to-date symlink: /home/dksoren/drone_boys/install/drone/lib/python3.12/site-packages/drone/drone_s__rosidl_typesupport_introspection_c.so
-- Up-to-date symlink: /home/dksoren/drone_boys/install/drone/lib/python3.12/site-packages/drone/drone_s__rosidl_typesupport_fastrtps_c.so
-- Up-to-date symlink: /home/dksoren/drone_boys/install/drone/lib/python3.12/site-packages/drone/drone_s__rosidl_typesupport_introspection_c.so
-- Up-to-date symlink: /home/dksoren/drone_boys/install/drone/lib/python3.12/site-packages/drone/drone_s__rosidl_typesupport_c.so
-- Up-to-date symlink: /home/dksoren/drone_boys/install/drone/share/drone/action/FinderAction.idl
-- Up-to-date symlink: /home/dksoren/drone_boys/install/drone/share/drone/action/FinderAction.action
-- Up-to-date symlink: /home/dksoren/drone_boys/install/drone/lib/drone/finder
-- Up-to-date symlink: /home/dksoren/drone_boys/install/drone/share/drone//config/params.yaml
-- Up-to-date symlink: /home/dksoren/drone_boys/install/drone/share/ament_index/resource_index/package_run_dependencies/drone
-- Up-to-date symlink: /home/dksoren/drone_boys/install/drone/share/ament_index/resource_index/parent_prefix_path/drone
-- Up-to-date symlink: /home/dksoren/drone_boys/install/drone/share/drone/environment/ament_prefix_path.sh
-- Up-to-date symlink: /home/dksoren/drone_boys/install/drone/share/drone/environment/ament_prefix_path.dsv
-- Up-to-date symlink: /home/dksoren/drone_boys/install/drone/share/drone/environment/path.sh
-- Up-to-date symlink: /home/dksoren/drone_boys/install/drone/share/drone/environment/path.dsv
-- Up-to-date symlink: /home/dksoren/drone_boys/install/drone/share/drone/local_setup.bash
-- Up-to-date symlink: /home/dksoren/drone_boys/install/drone/share/drone/local_setup.sh
-- Up-to-date symlink: /home/dksoren/drone_boys/install/drone/share/drone/local_setup.zsh
-- Up-to-date symlink: /home/dksoren/drone_boys/install/drone/share/drone/local_setup.dsv
-- Symlinking: /home/dksoren/drone_boys/install/drone/share/drone/package.dsv
-- Up-to-date symlink: /home/dksoren/drone_boys/install/drone/share/ament_index/resource_index/packages/drone
-- Up-to-date symlink: /home/dksoren/drone_boys/install/drone/share/drone/cmake/rosidl_cmake-extras.cmake
-- Up-to-date symlink: /home/dksoren/drone_boys/install/drone/share/drone/cmake/ament_cmake_export_dependencies-extras.cmake
-- Up-to-date symlink: /home/dksoren/drone_boys/install/drone/share/drone/cmake/ament_cmake_export_include_directories-extras.cmake
-- Up-to-date symlink: /home/dksoren/drone_boys/install/drone/share/drone/cmake/ament_cmake_export_libraries-extras.cmake
-- Up-to-date symlink: /home/dksoren/drone_boys/install/drone/share/drone/cmake/ament_cmake_export_targets-extras.cmake
-- Up-to-date symlink: /home/dksoren/drone_boys/install/drone/share/drone/cmake/rosidl_cmake_export_typesupport_targets-extras.cmake
-- Up-to-date symlink: /home/dksoren/drone_boys/install/drone/share/drone/cmake/rosidl_cmake_export_typesupport_libraries-extras.cmake
-- Up-to-date symlink: /home/dksoren/drone_boys/install/drone/share/drone/cmake/droneConfig.cmake
-- Up-to-date symlink: /home/dksoren/drone_boys/install/drone/share/drone/cmake/droneConfig-version.cmake
-- Up-to-date symlink: /home/dksoren/drone_boys/install/drone/share/drone/package.xml
-- Installing: /home/dksoren/drone_boys/install/drone/lib/libdrone__rosidl_generator_c.so
-- Set non-toolchain portion of runtime path of "/home/dksoren/drone_boys/install/drone/lib/libdrone__rosidl_generator_c.so" to ""
-- Installing: /home/dksoren/drone_boys/install/drone/lib/libdrone__rosidl_typesupport_fastrtps_c.so
-- Set non-toolchain portion of runtime path of "/home/dksoren/drone_boys/install/drone/lib/libdrone__rosidl_typesupport_fastrtps_c.so" to ""
-- Installing: /home/dksoren/drone_boys/install/drone/lib/libdrone__rosidl_typesupport_fastrtps_cpp.so
-- Set non-toolchain portion of runtime path of "/home/dksoren/drone_boys/install/drone/lib/libdrone__rosidl_typesupport_fastrtps_cpp.so" to ""
-- Installing: /home/dksoren/drone_boys/install/drone/lib/libdrone__rosidl_typesupport_introspection_c.so
-- Set non-toolchain portion of runtime path of "/home/dksoren/drone_boys/install/drone/lib/libdrone__rosidl_typesupport_introspection_c.so" to ""
-- Installing: /home/dksoren/drone_boys/install/drone/lib/libdrone__rosidl_typesupport_c.so
-- Set non-toolchain portion of runtime path of "/home/dksoren/drone_boys/install/drone/lib/libdrone__rosidl_typesupport_c.so" to ""
-- Installing: /home/dksoren/drone_boys/install/drone/lib/libdrone__rosidl_typesupport_introspection_cpp.so
-- Set non-toolchain portion of runtime path of "/home/dksoren/drone_boys/install/drone/lib/libdrone__rosidl_typesupport_introspection_cpp.so" to ""
-- Installing: /home/dksoren/drone_boys/install/drone/lib/libdrone__rosidl_typesupport_cpp.so
-- Set non-toolchain portion of runtime path of "/home/dksoren/drone_boys/install/drone/lib/libdrone__rosidl_typesupport_cpp.so" to ""
Listing '/home/dksoren/drone_boys/install/drone/lib/python3.12/site-packages/drone'...
Compiling '/home/dksoren/drone_boys/install/drone/lib/python3.12/site-packages/drone/__init__.py'...
Listing '/home/dksoren/drone_boys/install/drone/lib/python3.12/site-packages/drone/action'...
Compiling '/home/dksoren/drone_boys/install/drone/lib/python3.12/site-packages/drone/action/__init__.py'...
Compiling '/home/dksoren/drone_boys/install/drone/lib/python3.12/site-packages/drone/action/_finder_action.py'...
-- Installing: /home/dksoren/drone_boys/install/drone/lib/libdrone__rosidl_generator_py.so
-- Set non-toolchain portion of runtime path of "/home/dksoren/drone_boys/install/drone/lib/libdrone__rosidl_generator_py.so" to ""
-- Up-to-date: /home/dksoren/drone_boys/install/drone/share/drone/cmake/export_drone__rosidl_generator_cExport.cmake
-- Up-to-date: /home/dksoren/drone_boys/install/drone/share/drone/cmake/export_drone__rosidl_generator_cExport-noconfig.cmake
-- Up-to-date: /home/dksoren/drone_boys/install/drone/share/drone/cmake/export_drone__rosidl_typesupport_fastrtps_cExport.cmake
-- Up-to-date: /home/dksoren/drone_boys/install/drone/share/drone/cmake/export_drone__rosidl_typesupport_fastrtps_cExport-noconfig.cmake
-- Up-to-date: /home/dksoren/drone_boys/install/drone/share/drone/cmake/export_drone__rosidl_generator_cppExport.cmake
-- Up-to-date: /home/dksoren/drone_boys/install/drone/share/drone/cmake/export_drone__rosidl_typesupport_fastrtps_cppExport.cmake
-- Up-to-date: /home/dksoren/drone_boys/install/drone/share/drone/cmake/export_drone__rosidl_typesupport_fastrtps_cppExport-noconfig.cmake
-- Up-to-date: /home/dksoren/drone_boys/install/drone/share/drone/cmake/drone__rosidl_typesupport_introspection_cExport.cmake
-- Up-to-date: /home/dksoren/drone_boys/install/drone/share/drone/cmake/drone__rosidl_typesupport_introspection_cExport-noconfig.cmake
-- Up-to-date: /home/dksoren/drone_boys/install/drone/share/drone/cmake/drone__rosidl_typesupport_cExport.cmake
-- Up-to-date: /home/dksoren/drone_boys/install/drone/share/drone/cmake/drone__rosidl_typesupport_cExport-noconfig.cmake
-- Up-to-date: /home/dksoren/drone_boys/install/drone/share/drone/cmake/drone__rosidl_typesupport_introspection_cppExport.cmake
-- Up-to-date: /home/dksoren/drone_boys/install/drone/share/drone/cmake/drone__rosidl_typesupport_introspection_cppExport-noconfig.cmake
-- Up-to-date: /home/dksoren/drone_boys/install/drone/share/drone/cmake/drone__rosidl_typesupport_cppExport.cmake
-- Up-to-date: /home/dksoren/drone_boys/install/drone/share/drone/cmake/drone__rosidl_typesupport_cppExport-noconfig.cmake
-- Up-to-date: /home/dksoren/drone_boys/install/drone/share/drone/cmake/export_drone__rosidl_generator_pyExport.cmake
-- Up-to-date: /home/dksoren/drone_boys/install/drone/share/drone/cmake/export_drone__rosidl_generator_pyExport-noconfig.cmake
