[0.009s] Invoking command in '/home/dksoren/drone_boys/build/drone': CMAKE_PREFIX_PATH=${CMAKE_PREFIX_PATH}:/opt/ros/jazzy DEBUGINFOD_URLS=https://debuginfod.ubuntu.com /usr/bin/cmake --build /home/dksoren/drone_boys/build/drone -- -j12 -l12
[0.039s] -- Found ament_cmake: 2.5.4 (/opt/ros/jazzy/share/ament_cmake/cmake)
[0.059s] -- Found Python3: /usr/bin/python3 (found version "3.12.3") found components: Interpreter 
[0.114s] -- Override CMake install command with custom implementation using symlinks instead of copying resources
[0.120s] -- Found rclcpp: 28.1.12 (/opt/ros/jazzy/share/rclcpp/cmake)
[0.155s] -- Found rosidl_generator_c: 4.6.6 (/opt/ros/jazzy/share/rosidl_generator_c/cmake)
[0.164s] -- Found rosidl_generator_cpp: 4.6.6 (/opt/ros/jazzy/share/rosidl_generator_cpp/cmake)
[0.173s] -- Using all available rosidl_typesupport_c: rosidl_typesupport_fastrtps_c;rosidl_typesupport_introspection_c
[0.183s] -- Using all available rosidl_typesupport_cpp: rosidl_typesupport_fastrtps_cpp;rosidl_typesupport_introspection_cpp
[0.232s] -- Found rmw_implementation_cmake: 7.3.2 (/opt/ros/jazzy/share/rmw_implementation_cmake/cmake)
[0.232s] -- Found rmw_fastrtps_cpp: 8.4.3 (/opt/ros/jazzy/share/rmw_fastrtps_cpp/cmake)
[0.289s] -- Using RMW implementation 'rmw_fastrtps_cpp' as default
[0.342s] -- Found rclcpp_action: 28.1.12 (/opt/ros/jazzy/share/rclcpp_action/cmake)
[0.379s] -- Found rosidl_default_generators: 1.6.0 (/opt/ros/jazzy/share/rosidl_default_generators/cmake)
[0.385s] -- Found rosidl_adapter: 4.6.6 (/opt/ros/jazzy/share/rosidl_adapter/cmake)
[0.596s] -- Found ament_cmake_ros: 0.12.0 (/opt/ros/jazzy/share/ament_cmake_ros/cmake)
[0.738s] -- Using all available rosidl_typesupport_c: rosidl_typesupport_fastrtps_c;rosidl_typesupport_introspection_c
[0.790s] -- Using all available rosidl_typesupport_cpp: rosidl_typesupport_fastrtps_cpp;rosidl_typesupport_introspection_cpp
[0.790s] -- Found python_cmake_module: 0.11.1 (/opt/ros/jazzy/share/python_cmake_module/cmake)
[1.010s] -- Found Python3: /usr/bin/python3 (found version "3.12.3") found components: Interpreter Development NumPy Development.Module Development.Embed 
[1.025s] [0mCMake Deprecation Warning at /opt/ros/jazzy/share/rosidl_cmake/cmake/rosidl_target_interfaces.cmake:32 (message):
[1.025s]   Use rosidl_get_typesupport_target() and target_link_libraries() instead of
[1.025s]   rosidl_target_interfaces().  i.e:
[1.025s] 
[1.025s]     rosidl_get_typesupport_target(cpp_typesupport_target "${PROJECT_NAME}" "rosidl_typesupport_cpp")
[1.025s]     target_link_libraries(${PROJECT_NAME}_node "${cpp_typesupport_target}")
[1.025s] 
[1.025s] Call Stack (most recent call first):
[1.025s]   CMakeLists.txt:43 (rosidl_target_interfaces)
[1.026s] 
[1.026s] [0m
[1.033s] -- Configuring done (1.0s)
[1.080s] -- Generating done (0.0s)
[1.093s] -- Build files have been written to: /home/dksoren/drone_boys/build/drone
[1.133s] [  2%] [34m[1mGenerating type hashes for ROS interfaces[0m
[1.140s] [  2%] Built target ament_cmake_python_symlink_drone
[1.301s] [  2%] Built target drone__rosidl_generator_type_description
[1.310s] [  5%] [34m[1mGenerating C code for ROS interfaces[0m
[1.318s] running egg_info
[1.319s] [  7%] [34m[1mGenerating C++ code for ROS interfaces[0m
[1.335s] writing drone.egg-info/PKG-INFO
[1.336s] writing dependency_links to drone.egg-info/dependency_links.txt
[1.336s] writing top-level names to drone.egg-info/top_level.txt
[1.385s] reading manifest file 'drone.egg-info/SOURCES.txt'
[1.386s] writing manifest file 'drone.egg-info/SOURCES.txt'
[1.413s] [  7%] Built target ament_cmake_python_build_drone_egg
[1.633s] [  7%] Built target drone__cpp
[1.657s] [ 12%] [32mBuilding C object CMakeFiles/drone__rosidl_generator_c.dir/rosidl_generator_c/drone/action/detail/finder_action__functions.c.o[0m
[1.658s] [ 12%] [32mBuilding C object CMakeFiles/drone__rosidl_generator_c.dir/rosidl_generator_c/drone/action/detail/finder_action__description.c.o[0m
[1.658s] [ 15%] [32mBuilding C object CMakeFiles/drone__rosidl_generator_c.dir/rosidl_generator_c/drone/action/detail/finder_action__type_support.c.o[0m
[1.777s] [ 17%] [32m[1mLinking C shared library libdrone__rosidl_generator_c.so[0m
[1.812s] [ 17%] Built target drone__rosidl_generator_c
[1.821s] [ 33%] [34m[1mGenerating C++ type support for eProsima Fast-RTPS[0m
[1.821s] [ 33%] [34m[1mGenerating C introspection for ROS interfaces[0m
[1.821s] [ 33%] [34m[1mGenerating C++ introspection for ROS interfaces[0m
[1.821s] [ 33%] [34m[1mGenerating C++ type support dispatch for ROS interfaces[0m
[1.821s] [ 33%] [34m[1mGenerating C type support dispatch for ROS interfaces[0m
[1.821s] [ 33%] [34m[1mGenerating C type support for eProsima Fast-RTPS[0m
[2.062s] [ 35%] [32mBuilding CXX object CMakeFiles/drone__rosidl_typesupport_c.dir/rosidl_typesupport_c/drone/action/finder_action__type_support.cpp.o[0m
[2.071s] [ 38%] [32mBuilding CXX object CMakeFiles/drone__rosidl_typesupport_cpp.dir/rosidl_typesupport_cpp/drone/action/finder_action__type_support.cpp.o[0m
[2.114s] [ 43%] [32m[1mLinking CXX shared library libdrone__rosidl_typesupport_c.so[0m
[2.114s] [ 43%] [32mBuilding CXX object CMakeFiles/drone__rosidl_typesupport_introspection_cpp.dir/rosidl_typesupport_introspection_cpp/drone/action/detail/finder_action__type_support.cpp.o[0m
[2.144s] [ 46%] [32mBuilding C object CMakeFiles/drone__rosidl_typesupport_introspection_c.dir/rosidl_typesupport_introspection_c/drone/action/detail/finder_action__type_support.c.o[0m
[2.162s] [ 46%] Built target drone__rosidl_typesupport_c
[2.203s] [ 48%] [32m[1mLinking C shared library libdrone__rosidl_typesupport_introspection_c.so[0m
[2.222s] [ 51%] [32mBuilding CXX object CMakeFiles/drone__rosidl_typesupport_fastrtps_cpp.dir/rosidl_typesupport_fastrtps_cpp/drone/action/detail/dds_fastrtps/finder_action__type_support.cpp.o[0m
[2.234s] [ 51%] Built target drone__rosidl_typesupport_introspection_c
[2.257s] [ 53%] [32mBuilding CXX object CMakeFiles/drone__rosidl_typesupport_fastrtps_c.dir/rosidl_typesupport_fastrtps_c/drone/action/detail/finder_action__type_support_c.cpp.o[0m
[2.647s] [ 56%] [32m[1mLinking CXX shared library libdrone__rosidl_typesupport_cpp.so[0m
[2.714s] [ 58%] [32m[1mLinking CXX shared library libdrone__rosidl_typesupport_fastrtps_c.so[0m
[2.729s] [ 58%] Built target drone__rosidl_typesupport_cpp
[2.762s] [ 61%] [32m[1mLinking CXX shared library libdrone__rosidl_typesupport_introspection_cpp.so[0m
[2.787s] [ 61%] Built target drone__rosidl_typesupport_fastrtps_c
[2.835s] [ 61%] Built target drone__rosidl_typesupport_introspection_cpp
[3.060s] [ 64%] [32m[1mLinking CXX shared library libdrone__rosidl_typesupport_fastrtps_cpp.so[0m
[3.126s] [ 64%] Built target drone__rosidl_typesupport_fastrtps_cpp
[3.146s] [ 64%] Built target drone
[3.165s] [ 66%] [34m[1mGenerating Python code for ROS interfaces[0m
[3.182s] [ 69%] [32mBuilding CXX object CMakeFiles/finder.dir/src/main.cpp.o[0m
[3.674s] [ 69%] Built target drone__py
[3.700s] [ 71%] [32mBuilding C object CMakeFiles/drone__rosidl_generator_py.dir/rosidl_generator_py/drone/action/_finder_action_s.c.o[0m
[3.868s] [ 74%] [32m[1mLinking C shared library libdrone__rosidl_generator_py.so[0m
[3.909s] [ 74%] Built target drone__rosidl_generator_py
[3.931s] [ 82%] [32mBuilding C object CMakeFiles/drone_s__rosidl_typesupport_c.dir/rosidl_generator_py/drone/_drone_s.ep.rosidl_typesupport_c.c.o[0m
[3.931s] [ 82%] [32mBuilding C object CMakeFiles/drone_s__rosidl_typesupport_fastrtps_c.dir/rosidl_generator_py/drone/_drone_s.ep.rosidl_typesupport_fastrtps_c.c.o[0m
[3.931s] [ 82%] [32mBuilding C object CMakeFiles/drone_s__rosidl_typesupport_introspection_c.dir/rosidl_generator_py/drone/_drone_s.ep.rosidl_typesupport_introspection_c.c.o[0m
[4.035s] [ 87%] [32m[1mLinking C shared module rosidl_generator_py/drone/drone_s__rosidl_typesupport_introspection_c.so[0m
[4.035s] [ 87%] [32m[1mLinking C shared module rosidl_generator_py/drone/drone_s__rosidl_typesupport_c.so[0m
[4.039s] [ 89%] [32m[1mLinking C shared module rosidl_generator_py/drone/drone_s__rosidl_typesupport_fastrtps_c.so[0m
[4.066s] [ 89%] Built target drone_s__rosidl_typesupport_introspection_c
[4.067s] [ 89%] Built target drone_s__rosidl_typesupport_c
[4.068s] [ 89%] Built target drone_s__rosidl_typesupport_fastrtps_c
[7.818s] [ 92%] [32m[1mLinking CXX executable finder[0m
[8.378s] [100%] Built target finder
[8.389s] Invoked command in '/home/dksoren/drone_boys/build/drone' returned '0': CMAKE_PREFIX_PATH=${CMAKE_PREFIX_PATH}:/opt/ros/jazzy DEBUGINFOD_URLS=https://debuginfod.ubuntu.com /usr/bin/cmake --build /home/dksoren/drone_boys/build/drone -- -j12 -l12
[8.398s] Invoking command in '/home/dksoren/drone_boys/build/drone': CMAKE_PREFIX_PATH=${CMAKE_PREFIX_PATH}:/opt/ros/jazzy DEBUGINFOD_URLS=https://debuginfod.ubuntu.com /usr/bin/cmake --install /home/dksoren/drone_boys/build/drone
[8.405s] -- Install configuration: ""
[8.405s] -- Execute custom install script
[8.405s] -- Up-to-date symlink: /home/dksoren/drone_boys/install/drone/share/ament_index/resource_index/rosidl_interfaces/drone
[8.406s] -- Up-to-date symlink: /home/dksoren/drone_boys/install/drone/share/drone/action/FinderAction.json
[8.406s] -- Up-to-date symlink: /home/dksoren/drone_boys/install/drone/include/drone/drone/action/detail/finder_action__functions.h
[8.406s] -- Up-to-date symlink: /home/dksoren/drone_boys/install/drone/include/drone/drone/action/detail/finder_action__struct.h
[8.406s] -- Up-to-date symlink: /home/dksoren/drone_boys/install/drone/include/drone/drone/action/detail/finder_action__type_support.h
[8.407s] -- Up-to-date symlink: /home/dksoren/drone_boys/install/drone/include/drone/drone/action/finder_action.h
[8.407s] -- Up-to-date symlink: /home/dksoren/drone_boys/install/drone/include/drone/drone/msg/rosidl_generator_c__visibility_control.h
[8.407s] -- Up-to-date symlink: /home/dksoren/drone_boys/install/drone/share/drone/environment/library_path.sh
[8.407s] -- Up-to-date symlink: /home/dksoren/drone_boys/install/drone/share/drone/environment/library_path.dsv
[8.407s] -- Up-to-date symlink: /home/dksoren/drone_boys/install/drone/include/drone/drone/action/detail/finder_action__rosidl_typesupport_fastrtps_c.h
[8.407s] -- Up-to-date symlink: /home/dksoren/drone_boys/install/drone/include/drone/drone/msg/rosidl_typesupport_fastrtps_c__visibility_control.h
[8.408s] -- Up-to-date symlink: /home/dksoren/drone_boys/install/drone/include/drone/drone/action/detail/finder_action__builder.hpp
[8.408s] -- Up-to-date symlink: /home/dksoren/drone_boys/install/drone/include/drone/drone/action/detail/finder_action__struct.hpp
[8.408s] -- Up-to-date symlink: /home/dksoren/drone_boys/install/drone/include/drone/drone/action/detail/finder_action__traits.hpp
[8.408s] -- Up-to-date symlink: /home/dksoren/drone_boys/install/drone/include/drone/drone/action/detail/finder_action__type_support.hpp
[8.408s] -- Up-to-date symlink: /home/dksoren/drone_boys/install/drone/include/drone/drone/action/finder_action.hpp
[8.408s] -- Up-to-date symlink: /home/dksoren/drone_boys/install/drone/include/drone/drone/msg/rosidl_generator_cpp__visibility_control.hpp
[8.409s] -- Up-to-date symlink: /home/dksoren/drone_boys/install/drone/include/drone/drone/action/detail/finder_action__rosidl_typesupport_fastrtps_cpp.hpp
[8.409s] -- Up-to-date symlink: /home/dksoren/drone_boys/install/drone/include/drone/drone/msg/rosidl_typesupport_fastrtps_cpp__visibility_control.h
[8.409s] -- Up-to-date symlink: /home/dksoren/drone_boys/install/drone/include/drone/drone/action/detail/finder_action__rosidl_typesupport_introspection_c.h
[8.409s] -- Up-to-date symlink: /home/dksoren/drone_boys/install/drone/include/drone/drone/msg/rosidl_typesupport_introspection_c__visibility_control.h
[8.410s] -- Up-to-date symlink: /home/dksoren/drone_boys/install/drone/include/drone/drone/action/detail/finder_action__rosidl_typesupport_introspection_cpp.hpp
[8.410s] -- Up-to-date symlink: /home/dksoren/drone_boys/install/drone/share/drone/environment/pythonpath.sh
[8.410s] -- Up-to-date symlink: /home/dksoren/drone_boys/install/drone/share/drone/environment/pythonpath.dsv
[8.410s] -- Up-to-date symlink: /home/dksoren/drone_boys/install/drone/lib/python3.12/site-packages/drone-0.1.0-py3.12.egg-info/PKG-INFO
[8.410s] -- Up-to-date symlink: /home/dksoren/drone_boys/install/drone/lib/python3.12/site-packages/drone-0.1.0-py3.12.egg-info/SOURCES.txt
[8.410s] -- Up-to-date symlink: /home/dksoren/drone_boys/install/drone/lib/python3.12/site-packages/drone-0.1.0-py3.12.egg-info/dependency_links.txt
[8.411s] -- Up-to-date symlink: /home/dksoren/drone_boys/install/drone/lib/python3.12/site-packages/drone-0.1.0-py3.12.egg-info/top_level.txt
[8.411s] -- Up-to-date symlink: /home/dksoren/drone_boys/install/drone/lib/python3.12/site-packages/drone/__init__.py
[8.411s] -- Up-to-date symlink: /home/dksoren/drone_boys/install/drone/lib/python3.12/site-packages/drone/_drone_s.ep.rosidl_typesupport_c.c
[8.411s] -- Up-to-date symlink: /home/dksoren/drone_boys/install/drone/lib/python3.12/site-packages/drone/_drone_s.ep.rosidl_typesupport_fastrtps_c.c
[8.411s] -- Up-to-date symlink: /home/dksoren/drone_boys/install/drone/lib/python3.12/site-packages/drone/_drone_s.ep.rosidl_typesupport_introspection_c.c
[8.411s] -- Up-to-date symlink: /home/dksoren/drone_boys/install/drone/lib/python3.12/site-packages/drone/action/__init__.py
[8.411s] -- Up-to-date symlink: /home/dksoren/drone_boys/install/drone/lib/python3.12/site-packages/drone/action/_finder_action.py
[8.411s] -- Up-to-date symlink: /home/dksoren/drone_boys/install/drone/lib/python3.12/site-packages/drone/action/_finder_action_s.c
[8.412s] -- Up-to-date symlink: /home/dksoren/drone_boys/install/drone/lib/python3.12/site-packages/drone/drone_s__rosidl_typesupport_c.so
[8.412s] -- Up-to-date symlink: /home/dksoren/drone_boys/install/drone/lib/python3.12/site-packages/drone/drone_s__rosidl_typesupport_fastrtps_c.so
[8.412s] -- Up-to-date symlink: /home/dksoren/drone_boys/install/drone/lib/python3.12/site-packages/drone/drone_s__rosidl_typesupport_introspection_c.so
[8.412s] -- Up-to-date symlink: /home/dksoren/drone_boys/install/drone/lib/python3.12/site-packages/drone/drone_s__rosidl_typesupport_fastrtps_c.so
[8.412s] -- Up-to-date symlink: /home/dksoren/drone_boys/install/drone/lib/python3.12/site-packages/drone/drone_s__rosidl_typesupport_introspection_c.so
[8.412s] -- Up-to-date symlink: /home/dksoren/drone_boys/install/drone/lib/python3.12/site-packages/drone/drone_s__rosidl_typesupport_c.so
[8.412s] -- Up-to-date symlink: /home/dksoren/drone_boys/install/drone/share/drone/action/FinderAction.idl
[8.413s] -- Up-to-date symlink: /home/dksoren/drone_boys/install/drone/share/drone/action/FinderAction.action
[8.413s] -- Up-to-date symlink: /home/dksoren/drone_boys/install/drone/lib/drone/finder
[8.413s] -- Up-to-date symlink: /home/dksoren/drone_boys/install/drone/share/drone//config/params.yaml
[8.413s] -- Up-to-date symlink: /home/dksoren/drone_boys/install/drone/share/ament_index/resource_index/package_run_dependencies/drone
[8.413s] -- Up-to-date symlink: /home/dksoren/drone_boys/install/drone/share/ament_index/resource_index/parent_prefix_path/drone
[8.413s] -- Up-to-date symlink: /home/dksoren/drone_boys/install/drone/share/drone/environment/ament_prefix_path.sh
[8.413s] -- Up-to-date symlink: /home/dksoren/drone_boys/install/drone/share/drone/environment/ament_prefix_path.dsv
[8.414s] -- Up-to-date symlink: /home/dksoren/drone_boys/install/drone/share/drone/environment/path.sh
[8.414s] -- Up-to-date symlink: /home/dksoren/drone_boys/install/drone/share/drone/environment/path.dsv
[8.414s] -- Up-to-date symlink: /home/dksoren/drone_boys/install/drone/share/drone/local_setup.bash
[8.414s] -- Up-to-date symlink: /home/dksoren/drone_boys/install/drone/share/drone/local_setup.sh
[8.414s] -- Up-to-date symlink: /home/dksoren/drone_boys/install/drone/share/drone/local_setup.zsh
[8.414s] -- Up-to-date symlink: /home/dksoren/drone_boys/install/drone/share/drone/local_setup.dsv
[8.414s] -- Symlinking: /home/dksoren/drone_boys/install/drone/share/drone/package.dsv
[8.422s] -- Up-to-date symlink: /home/dksoren/drone_boys/install/drone/share/ament_index/resource_index/packages/drone
[8.422s] -- Up-to-date symlink: /home/dksoren/drone_boys/install/drone/share/drone/cmake/rosidl_cmake-extras.cmake
[8.423s] -- Up-to-date symlink: /home/dksoren/drone_boys/install/drone/share/drone/cmake/ament_cmake_export_dependencies-extras.cmake
[8.423s] -- Up-to-date symlink: /home/dksoren/drone_boys/install/drone/share/drone/cmake/ament_cmake_export_include_directories-extras.cmake
[8.423s] -- Up-to-date symlink: /home/dksoren/drone_boys/install/drone/share/drone/cmake/ament_cmake_export_libraries-extras.cmake
[8.423s] -- Up-to-date symlink: /home/dksoren/drone_boys/install/drone/share/drone/cmake/ament_cmake_export_targets-extras.cmake
[8.423s] -- Up-to-date symlink: /home/dksoren/drone_boys/install/drone/share/drone/cmake/rosidl_cmake_export_typesupport_targets-extras.cmake
[8.423s] -- Up-to-date symlink: /home/dksoren/drone_boys/install/drone/share/drone/cmake/rosidl_cmake_export_typesupport_libraries-extras.cmake
[8.423s] -- Up-to-date symlink: /home/dksoren/drone_boys/install/drone/share/drone/cmake/droneConfig.cmake
[8.423s] -- Up-to-date symlink: /home/dksoren/drone_boys/install/drone/share/drone/cmake/droneConfig-version.cmake
[8.423s] -- Up-to-date symlink: /home/dksoren/drone_boys/install/drone/share/drone/package.xml
[8.423s] -- Installing: /home/dksoren/drone_boys/install/drone/lib/libdrone__rosidl_generator_c.so
[8.424s] -- Set non-toolchain portion of runtime path of "/home/dksoren/drone_boys/install/drone/lib/libdrone__rosidl_generator_c.so" to ""
[8.424s] -- Installing: /home/dksoren/drone_boys/install/drone/lib/libdrone__rosidl_typesupport_fastrtps_c.so
[8.424s] -- Set non-toolchain portion of runtime path of "/home/dksoren/drone_boys/install/drone/lib/libdrone__rosidl_typesupport_fastrtps_c.so" to ""
[8.425s] -- Installing: /home/dksoren/drone_boys/install/drone/lib/libdrone__rosidl_typesupport_fastrtps_cpp.so
[8.425s] -- Set non-toolchain portion of runtime path of "/home/dksoren/drone_boys/install/drone/lib/libdrone__rosidl_typesupport_fastrtps_cpp.so" to ""
[8.425s] -- Installing: /home/dksoren/drone_boys/install/drone/lib/libdrone__rosidl_typesupport_introspection_c.so
[8.426s] -- Set non-toolchain portion of runtime path of "/home/dksoren/drone_boys/install/drone/lib/libdrone__rosidl_typesupport_introspection_c.so" to ""
[8.426s] -- Installing: /home/dksoren/drone_boys/install/drone/lib/libdrone__rosidl_typesupport_c.so
[8.426s] -- Set non-toolchain portion of runtime path of "/home/dksoren/drone_boys/install/drone/lib/libdrone__rosidl_typesupport_c.so" to ""
[8.426s] -- Installing: /home/dksoren/drone_boys/install/drone/lib/libdrone__rosidl_typesupport_introspection_cpp.so
[8.427s] -- Set non-toolchain portion of runtime path of "/home/dksoren/drone_boys/install/drone/lib/libdrone__rosidl_typesupport_introspection_cpp.so" to ""
[8.427s] -- Installing: /home/dksoren/drone_boys/install/drone/lib/libdrone__rosidl_typesupport_cpp.so
[8.428s] -- Set non-toolchain portion of runtime path of "/home/dksoren/drone_boys/install/drone/lib/libdrone__rosidl_typesupport_cpp.so" to ""
[8.464s] Listing '/home/dksoren/drone_boys/install/drone/lib/python3.12/site-packages/drone'...
[8.464s] Compiling '/home/dksoren/drone_boys/install/drone/lib/python3.12/site-packages/drone/__init__.py'...
[8.464s] Listing '/home/dksoren/drone_boys/install/drone/lib/python3.12/site-packages/drone/action'...
[8.464s] Compiling '/home/dksoren/drone_boys/install/drone/lib/python3.12/site-packages/drone/action/__init__.py'...
[8.464s] Compiling '/home/dksoren/drone_boys/install/drone/lib/python3.12/site-packages/drone/action/_finder_action.py'...
[8.470s] -- Installing: /home/dksoren/drone_boys/install/drone/lib/libdrone__rosidl_generator_py.so
[8.470s] -- Set non-toolchain portion of runtime path of "/home/dksoren/drone_boys/install/drone/lib/libdrone__rosidl_generator_py.so" to ""
[8.471s] -- Up-to-date: /home/dksoren/drone_boys/install/drone/share/drone/cmake/export_drone__rosidl_generator_cExport.cmake
[8.471s] -- Up-to-date: /home/dksoren/drone_boys/install/drone/share/drone/cmake/export_drone__rosidl_generator_cExport-noconfig.cmake
[8.471s] -- Up-to-date: /home/dksoren/drone_boys/install/drone/share/drone/cmake/export_drone__rosidl_typesupport_fastrtps_cExport.cmake
[8.471s] -- Up-to-date: /home/dksoren/drone_boys/install/drone/share/drone/cmake/export_drone__rosidl_typesupport_fastrtps_cExport-noconfig.cmake
[8.471s] -- Up-to-date: /home/dksoren/drone_boys/install/drone/share/drone/cmake/export_drone__rosidl_generator_cppExport.cmake
[8.471s] -- Up-to-date: /home/dksoren/drone_boys/install/drone/share/drone/cmake/export_drone__rosidl_typesupport_fastrtps_cppExport.cmake
[8.471s] -- Up-to-date: /home/dksoren/drone_boys/install/drone/share/drone/cmake/export_drone__rosidl_typesupport_fastrtps_cppExport-noconfig.cmake
[8.471s] -- Up-to-date: /home/dksoren/drone_boys/install/drone/share/drone/cmake/drone__rosidl_typesupport_introspection_cExport.cmake
[8.471s] -- Up-to-date: /home/dksoren/drone_boys/install/drone/share/drone/cmake/drone__rosidl_typesupport_introspection_cExport-noconfig.cmake
[8.471s] -- Up-to-date: /home/dksoren/drone_boys/install/drone/share/drone/cmake/drone__rosidl_typesupport_cExport.cmake
[8.471s] -- Up-to-date: /home/dksoren/drone_boys/install/drone/share/drone/cmake/drone__rosidl_typesupport_cExport-noconfig.cmake
[8.471s] -- Up-to-date: /home/dksoren/drone_boys/install/drone/share/drone/cmake/drone__rosidl_typesupport_introspection_cppExport.cmake
[8.471s] -- Up-to-date: /home/dksoren/drone_boys/install/drone/share/drone/cmake/drone__rosidl_typesupport_introspection_cppExport-noconfig.cmake
[8.471s] -- Up-to-date: /home/dksoren/drone_boys/install/drone/share/drone/cmake/drone__rosidl_typesupport_cppExport.cmake
[8.472s] -- Up-to-date: /home/dksoren/drone_boys/install/drone/share/drone/cmake/drone__rosidl_typesupport_cppExport-noconfig.cmake
[8.472s] -- Up-to-date: /home/dksoren/drone_boys/install/drone/share/drone/cmake/export_drone__rosidl_generator_pyExport.cmake
[8.472s] -- Up-to-date: /home/dksoren/drone_boys/install/drone/share/drone/cmake/export_drone__rosidl_generator_pyExport-noconfig.cmake
[8.474s] Invoked command in '/home/dksoren/drone_boys/build/drone' returned '0': CMAKE_PREFIX_PATH=${CMAKE_PREFIX_PATH}:/opt/ros/jazzy DEBUGINFOD_URLS=https://debuginfod.ubuntu.com /usr/bin/cmake --install /home/dksoren/drone_boys/build/drone
