[0.008s] Invoking command in '/home/dksoren/drone_boys/build/drone': CMAKE_PREFIX_PATH=${CMAKE_PREFIX_PATH}:/opt/ros/jazzy DEBUGINFOD_URLS=https://debuginfod.ubuntu.com /usr/bin/cmake --build /home/dksoren/drone_boys/build/drone -- -j12 -l12
[0.054s] [  2%] Built target drone__rosidl_generator_type_description
[0.061s] [  2%] Built target ament_cmake_python_symlink_drone
[0.069s] [  5%] Built target drone__cpp
[0.071s] [ 17%] Built target drone__rosidl_generator_c
[0.091s] [ 51%] Built target drone__rosidl_typesupport_c
[0.091s] [ 51%] Built target drone__rosidl_typesupport_fastrtps_c
[0.092s] [ 53%] Built target drone__rosidl_typesupport_cpp
[0.092s] [ 61%] Built target drone__rosidl_typesupport_introspection_cpp
[0.092s] [ 51%] Built target drone__rosidl_typesupport_introspection_c
[0.092s] [ 64%] Built target drone__rosidl_typesupport_fastrtps_cpp
[0.112s] [ 64%] Built target drone
[0.129s] [ 66%] Built target drone__py
[0.148s] [ 69%] [32mBuilding CXX object CMakeFiles/finder.dir/src/main.cpp.o[0m
[0.151s] [ 74%] Built target drone__rosidl_generator_py
[0.173s] [ 89%] Built target drone_s__rosidl_typesupport_c
[0.174s] [ 89%] Built target drone_s__rosidl_typesupport_introspection_c
[0.174s] [ 89%] Built target drone_s__rosidl_typesupport_fastrtps_c
[0.236s] running egg_info
[0.252s] writing drone.egg-info/PKG-INFO
[0.253s] writing dependency_links to drone.egg-info/dependency_links.txt
[0.253s] writing top-level names to drone.egg-info/top_level.txt
[0.302s] reading manifest file 'drone.egg-info/SOURCES.txt'
[0.302s] writing manifest file 'drone.egg-info/SOURCES.txt'
[0.328s] [ 89%] Built target ament_cmake_python_build_drone_egg
[3.253s] [01m[K/home/dksoren/drone_boys/src/drone/src/main.cpp:[m[K In member function ‘[01m[Kvoid CommandActionServer::[01;32m[Kexecute[m[K(std::shared_ptr<rclcpp_action::ServerGoalHandle<drone::action::FinderAction> >)[m[K’:
[3.253s] [01m[K/home/dksoren/drone_boys/src/drone/src/main.cpp:156:51:[m[K [01;31m[Kerror: [m[K‘[01m[Kcfg[m[K’ was not declared in this scope
[3.253s]   156 |                 image = field_coloredshirt(image, [01;31m[Kcfg[m[K);
[3.253s]       |                                                   [01;31m[K^~~[m[K
[3.258s] [01m[K/home/dksoren/drone_boys/src/drone/src/main.cpp:[m[K In function ‘[01m[Kint[01;32m[K main[m[K()[m[K’:
[3.258s] [01m[K/home/dksoren/drone_boys/src/drone/src/main.cpp:198:18:[m[K [01;31m[Kerror: [m[K‘[01m[Kargc[m[K’ was not declared in this scope
[3.258s]   198 |     rclcpp::init([01;31m[Kargc[m[K, argv);
[3.258s]       |                  [01;31m[K^~~~[m[K
[3.262s] [01m[K/home/dksoren/drone_boys/src/drone/src/main.cpp:198:24:[m[K [01;31m[Kerror: [m[K‘[01m[Kargv[m[K’ was not declared in this scope
[3.262s]   198 |     rclcpp::init(argc, [01;31m[Kargv[m[K);
[3.262s]       |                        [01;31m[K^~~~[m[K
[4.466s] gmake[2]: *** [CMakeFiles/finder.dir/build.make:76: CMakeFiles/finder.dir/src/main.cpp.o] Error 1
[4.466s] gmake[1]: *** [CMakeFiles/Makefile2:626: CMakeFiles/finder.dir/all] Error 2
[4.466s] gmake: *** [Makefile:146: all] Error 2
[4.469s] Invoked command in '/home/dksoren/drone_boys/build/drone' returned '2': CMAKE_PREFIX_PATH=${CMAKE_PREFIX_PATH}:/opt/ros/jazzy DEBUGINFOD_URLS=https://debuginfod.ubuntu.com /usr/bin/cmake --build /home/dksoren/drone_boys/build/drone -- -j12 -l12
