[0.015s] Invoking command in '/home/dksoren/drone_boys/build/drone_gui': CMAKE_PREFIX_PATH=/opt/ros/jazzy:/home/dksoren/drone_boys/install/drone_core:${CMAKE_PREFIX_PATH} DEBUGINFOD_URLS=https://debuginfod.ubuntu.com LD_LIBRARY_PATH=/home/dksoren/drone_boys/install/drone_core/lib:${LD_LIBRARY_PATH} PKG_CONFIG_PATH=/home/dksoren/drone_boys/install/drone_core/lib/x86_64-linux-gnu/pkgconfig:/home/dksoren/drone_boys/install/drone_core/lib/pkgconfig PYTHONPATH=/home/dksoren/drone_boys/install/drone_core/lib/python3.12/site-packages:${PYTHONPATH} ROS_PACKAGE_PATH=/home/dksoren/drone_boys/install/drone_core/share /usr/bin/cmake /home/dksoren/drone_boys/src/drone_gui -DCMAKE_INSTALL_PREFIX=/home/dksoren/drone_boys/install/drone_gui
[0.032s] -- Found ament_cmake: 2.5.4 (/opt/ros/jazzy/share/ament_cmake/cmake)
[0.279s] -- Found rclcpp: 28.1.12 (/opt/ros/jazzy/share/rclcpp/cmake)
[0.313s] -- Found rosidl_generator_c: 4.6.6 (/opt/ros/jazzy/share/rosidl_generator_c/cmake)
[0.323s] -- Found rosidl_generator_cpp: 4.6.6 (/opt/ros/jazzy/share/rosidl_generator_cpp/cmake)
[0.336s] -- Using all available rosidl_typesupport_c: rosidl_typesupport_fastrtps_c;rosidl_typesupport_introspection_c
[0.351s] -- Using all available rosidl_typesupport_cpp: rosidl_typesupport_fastrtps_cpp;rosidl_typesupport_introspection_cpp
[0.421s] -- Found rmw_implementation_cmake: 7.3.2 (/opt/ros/jazzy/share/rmw_implementation_cmake/cmake)
[0.423s] -- Found rmw_fastrtps_cpp: 8.4.3 (/opt/ros/jazzy/share/rmw_fastrtps_cpp/cmake)
[0.503s] -- Using RMW implementation 'rmw_fastrtps_cpp' as default
[0.575s] -- Found std_msgs: 5.3.6 (/opt/ros/jazzy/share/std_msgs/cmake)
[0.585s] -- Found drone_core: 0.0.1 (/home/dksoren/drone_boys/install/drone_core/share/drone_core/cmake)
[1.547s] [0mCMake Deprecation Warning at /home/dksoren/drone_boys/build/drone_gui/_deps/glfw-src/CMakeLists.txt:1 (cmake_minimum_required):
[1.547s]   Compatibility with CMake < 3.5 will be removed from a future version of
[1.547s]   CMake.
[1.547s] 
[1.547s]   Update the VERSION argument <min> value or use a ...<max> suffix to tell
[1.547s]   CMake that the project does not need compatibility with older versions.
[1.547s] 
[1.547s] [0m
[1.551s] -- Could NOT find Doxygen (missing: DOXYGEN_EXECUTABLE) 
[1.552s] -- Using X11 for window creation
[1.674s] -- Configuring done (1.6s)
[1.678s] [31mCMake Error at CMakeLists.txt:17 (add_library):
[1.678s]   Cannot find source file:
[1.678s] 
[1.678s]     src/utils.cpp
[1.679s] 
[1.679s]   Tried extensions .c .C .c++ .cc .cpp .cxx .cu .mpp .m .M .mm .ixx .cppm
[1.679s]   .ccm .cxxm .c++m .h .hh .h++ .hm .hpp .hxx .in .txx .f .F .for .f77 .f90
[1.679s]   .f95 .f03 .hip .ispc
[1.679s] 
[1.679s] [0m
[1.683s] [31mCMake Error at CMakeLists.txt:17 (add_library):
[1.684s]   No SOURCES given to target: VisualLib
[1.684s] 
[1.684s] [0m
[1.684s] [0mCMake Generate step failed.  Build files cannot be regenerated correctly.[0m
[1.695s] Invoked command in '/home/dksoren/drone_boys/build/drone_gui' returned '1': CMAKE_PREFIX_PATH=/opt/ros/jazzy:/home/dksoren/drone_boys/install/drone_core:${CMAKE_PREFIX_PATH} DEBUGINFOD_URLS=https://debuginfod.ubuntu.com LD_LIBRARY_PATH=/home/dksoren/drone_boys/install/drone_core/lib:${LD_LIBRARY_PATH} PKG_CONFIG_PATH=/home/dksoren/drone_boys/install/drone_core/lib/x86_64-linux-gnu/pkgconfig:/home/dksoren/drone_boys/install/drone_core/lib/pkgconfig PYTHONPATH=/home/dksoren/drone_boys/install/drone_core/lib/python3.12/site-packages:${PYTHONPATH} ROS_PACKAGE_PATH=/home/dksoren/drone_boys/install/drone_core/share /usr/bin/cmake /home/dksoren/drone_boys/src/drone_gui -DCMAKE_INSTALL_PREFIX=/home/dksoren/drone_boys/install/drone_gui
