-- Found ament_cmake: 2.5.4 (/opt/ros/jazzy/share/ament_cmake/cmake)
-- Configuring done (0.4s)
-- Generating done (0.0s)
-- Build files have been written to: /home/dksoren/drone_boys/build/drone_core
[ 66%] [32mBuilding CXX object CMakeFiles/drone_core.dir/src/utils.cpp.o[0m
[ 66%] [32mBuilding CXX object CMakeFiles/drone_core.dir/src/manipulator.cpp.o[0m
[100%] [32m[1mLinking CXX static library libdrone_core.a[0m
[100%] Built target drone_core
-- Install configuration: ""
-- Installing: /home/dksoren/drone_boys/install/drone_core/lib/libdrone_core.a
-- Installing: /home/dksoren/drone_boys/install/drone_core/include
-- Installing: /home/dksoren/drone_boys/install/drone_core/include/drone_core
-- Installing: /home/dksoren/drone_boys/install/drone_core/include/drone_core/manipulator.h
-- Installing: /home/dksoren/drone_boys/install/drone_core/include/drone_core/utils.h
-- Installing: /home/dksoren/drone_boys/install/drone_core/share/ament_index/resource_index/package_run_dependencies/drone_core
-- Installing: /home/dksoren/drone_boys/install/drone_core/share/ament_index/resource_index/parent_prefix_path/drone_core
-- Installing: /home/dksoren/drone_boys/install/drone_core/share/drone_core/environment/ament_prefix_path.sh
-- Installing: /home/dksoren/drone_boys/install/drone_core/share/drone_core/environment/ament_prefix_path.dsv
-- Installing: /home/dksoren/drone_boys/install/drone_core/share/drone_core/environment/path.sh
-- Installing: /home/dksoren/drone_boys/install/drone_core/share/drone_core/environment/path.dsv
-- Installing: /home/dksoren/drone_boys/install/drone_core/share/drone_core/local_setup.bash
-- Installing: /home/dksoren/drone_boys/install/drone_core/share/drone_core/local_setup.sh
-- Installing: /home/dksoren/drone_boys/install/drone_core/share/drone_core/local_setup.zsh
-- Installing: /home/dksoren/drone_boys/install/drone_core/share/drone_core/local_setup.dsv
-- Installing: /home/dksoren/drone_boys/install/drone_core/share/drone_core/package.dsv
-- Installing: /home/dksoren/drone_boys/install/drone_core/share/ament_index/resource_index/packages/drone_core
-- Installing: /home/dksoren/drone_boys/install/drone_core/share/drone_core/cmake/drone_coreConfig.cmake
-- Installing: /home/dksoren/drone_boys/install/drone_core/share/drone_core/cmake/drone_coreConfig-version.cmake
-- Installing: /home/dksoren/drone_boys/install/drone_core/share/drone_core/package.xml
