[0.011s] Invoking command in '/home/dksoren/drone_boys/build/drone_core': CMAKE_PREFIX_PATH=${CMAKE_PREFIX_PATH}:/opt/ros/jazzy DEBUGINFOD_URLS=https://debuginfod.ubuntu.com /usr/bin/cmake --build /home/dksoren/drone_boys/build/drone_core -- -j12 -l12
[0.039s] -- Found ament_cmake: 2.5.4 (/opt/ros/jazzy/share/ament_cmake/cmake)
[0.393s] -- Configuring done (0.4s)
[0.403s] -- Generating done (0.0s)
[0.406s] -- Build files have been written to: /home/dksoren/drone_boys/build/drone_core
[0.448s] [ 66%] [32mBuilding CXX object CMakeFiles/drone_core.dir/src/utils.cpp.o[0m
[0.448s] [ 66%] [32mBuilding CXX object CMakeFiles/drone_core.dir/src/manipulator.cpp.o[0m
[2.449s] [100%] [32m[1mLinking CXX static library libdrone_core.a[0m
[2.518s] [100%] Built target drone_core
[2.531s] Invoked command in '/home/dksoren/drone_boys/build/drone_core' returned '0': CMAKE_PREFIX_PATH=${CMAKE_PREFIX_PATH}:/opt/ros/jazzy DEBUGINFOD_URLS=https://debuginfod.ubuntu.com /usr/bin/cmake --build /home/dksoren/drone_boys/build/drone_core -- -j12 -l12
[2.542s] Invoking command in '/home/dksoren/drone_boys/build/drone_core': CMAKE_PREFIX_PATH=${CMAKE_PREFIX_PATH}:/opt/ros/jazzy DEBUGINFOD_URLS=https://debuginfod.ubuntu.com /usr/bin/cmake --install /home/dksoren/drone_boys/build/drone_core
[2.550s] -- Install configuration: ""
[2.550s] -- Installing: /home/dksoren/drone_boys/install/drone_core/lib/libdrone_core.a
[2.551s] -- Installing: /home/dksoren/drone_boys/install/drone_core/include
[2.551s] -- Installing: /home/dksoren/drone_boys/install/drone_core/include/drone_core
[2.551s] -- Installing: /home/dksoren/drone_boys/install/drone_core/include/drone_core/manipulator.h
[2.551s] -- Installing: /home/dksoren/drone_boys/install/drone_core/include/drone_core/utils.h
[2.551s] -- Installing: /home/dksoren/drone_boys/install/drone_core/share/ament_index/resource_index/package_run_dependencies/drone_core
[2.551s] -- Installing: /home/dksoren/drone_boys/install/drone_core/share/ament_index/resource_index/parent_prefix_path/drone_core
[2.551s] -- Installing: /home/dksoren/drone_boys/install/drone_core/share/drone_core/environment/ament_prefix_path.sh
[2.552s] -- Installing: /home/dksoren/drone_boys/install/drone_core/share/drone_core/environment/ament_prefix_path.dsv
[2.552s] -- Installing: /home/dksoren/drone_boys/install/drone_core/share/drone_core/environment/path.sh
[2.552s] -- Installing: /home/dksoren/drone_boys/install/drone_core/share/drone_core/environment/path.dsv
[2.552s] -- Installing: /home/dksoren/drone_boys/install/drone_core/share/drone_core/local_setup.bash
[2.552s] -- Installing: /home/dksoren/drone_boys/install/drone_core/share/drone_core/local_setup.sh
[2.552s] -- Installing: /home/dksoren/drone_boys/install/drone_core/share/drone_core/local_setup.zsh
[2.552s] -- Installing: /home/dksoren/drone_boys/install/drone_core/share/drone_core/local_setup.dsv
[2.552s] -- Installing: /home/dksoren/drone_boys/install/drone_core/share/drone_core/package.dsv
[2.552s] -- Installing: /home/dksoren/drone_boys/install/drone_core/share/ament_index/resource_index/packages/drone_core
[2.552s] -- Installing: /home/dksoren/drone_boys/install/drone_core/share/drone_core/cmake/drone_coreConfig.cmake
[2.552s] -- Installing: /home/dksoren/drone_boys/install/drone_core/share/drone_core/cmake/drone_coreConfig-version.cmake
[2.553s] -- Installing: /home/dksoren/drone_boys/install/drone_core/share/drone_core/package.xml
[2.555s] Invoked command in '/home/dksoren/drone_boys/build/drone_core' returned '0': CMAKE_PREFIX_PATH=${CMAKE_PREFIX_PATH}:/opt/ros/jazzy DEBUGINFOD_URLS=https://debuginfod.ubuntu.com /usr/bin/cmake --install /home/dksoren/drone_boys/build/drone_core
