[0.009s] Invoking command in '/home/dksoren/drone_boys/build/drone_gui': AMENT_PREFIX_PATH=/home/dksoren/drone_boys/install/drone_core:${AMENT_PREFIX_PATH} CMAKE_PREFIX_PATH=/home/dksoren/drone_boys/install/drone_core:/home/dksoren/drone_boys/install/drone:/opt/ros/jazzy/opt/gz_math_vendor:/opt/ros/jazzy/opt/gz_utils_vendor:/opt/ros/jazzy/opt/gz_cmake_vendor:/opt/ros/jazzy DEBUGINFOD_URLS=https://debuginfod.ubuntu.com /usr/bin/cmake /home/dksoren/drone_boys/src/drone_gui -DCMAKE_INSTALL_PREFIX=/home/dksoren/drone_boys/install/drone_gui
[0.059s] -- The C compiler identification is GNU 13.3.0
[0.110s] -- The CXX compiler identification is GNU 13.3.0
[0.126s] -- Detecting C compiler ABI info
[0.207s] -- Detecting C compiler ABI info - done
[0.214s] -- Check for working C compiler: /usr/bin/cc - skipped
[0.214s] -- Detecting C compile features
[0.215s] -- Detecting C compile features - done
[0.223s] -- Detecting CXX compiler ABI info
[0.312s] -- Detecting CXX compiler ABI info - done
[0.319s] -- Check for working CXX compiler: /usr/bin/c++ - skipped
[0.319s] -- Detecting CXX compile features
[0.320s] -- Detecting CXX compile features - done
[0.328s] -- Found OpenCV: /usr (found version "4.6.0") 
[0.345s] -- Found OpenGL: /usr/lib/x86_64-linux-gnu/libOpenGL.so   
[0.346s] -- Found drone_core: 0.0.1 (/home/dksoren/drone_boys/install/drone_core/share/drone_core/cmake)
[28.746s] [0mCMake Deprecation Warning at /home/dksoren/drone_boys/build/drone_gui/_deps/glfw-src/CMakeLists.txt:1 (cmake_minimum_required):
[28.747s]   Compatibility with CMake < 3.5 will be removed from a future version of
[28.747s]   CMake.
[28.747s] 
[28.747s]   Update the VERSION argument <min> value or use a ...<max> suffix to tell
[28.747s]   CMake that the project does not need compatibility with older versions.
[28.747s] 
[28.747s] [0m
[28.749s] -- Performing Test CMAKE_HAVE_LIBC_PTHREAD
[28.830s] -- Performing Test CMAKE_HAVE_LIBC_PTHREAD - Success
[28.831s] -- Found Threads: TRUE  
[28.833s] -- Could NOT find Doxygen (missing: DOXYGEN_EXECUTABLE) 
[28.833s] -- Using X11 for window creation
[28.968s] -- Found X11: /usr/include   
[28.969s] -- Looking for XOpenDisplay in /usr/lib/x86_64-linux-gnu/libX11.so;/usr/lib/x86_64-linux-gnu/libXext.so
[29.050s] -- Looking for XOpenDisplay in /usr/lib/x86_64-linux-gnu/libX11.so;/usr/lib/x86_64-linux-gnu/libXext.so - found
[29.050s] -- Looking for gethostbyname
[29.129s] -- Looking for gethostbyname - found
[29.129s] -- Looking for connect
[29.204s] -- Looking for connect - found
[29.205s] -- Looking for remove
[29.281s] -- Looking for remove - found
[29.281s] -- Looking for shmat
[29.358s] -- Looking for shmat - found
[29.358s] -- Looking for IceConnectionNumber in ICE
[29.437s] -- Looking for IceConnectionNumber in ICE - found
[29.444s] [31mCMake Error at CMakeLists.txt:79 (ament_package):
[29.444s]   Unknown CMake command "ament_package".
[29.444s] 
[29.444s] [0m
[29.444s] -- Configuring incomplete, errors occurred!
