[0.012s] Invoking command in '/home/dksoren/drone_boys/build/drone_core': CMAKE_PREFIX_PATH=/home/dksoren/drone_boys/install/drone_gui:/opt/ros/jazzy:/home/dksoren/drone_boys/install/drone_core:/home/dksoren/drone_boys/install/drone:/opt/ros/jazzy/opt/gz_math_vendor:/opt/ros/jazzy/opt/gz_utils_vendor:/opt/ros/jazzy/opt/gz_cmake_vendor DEBUGINFOD_URLS=https://debuginfod.ubuntu.com /usr/bin/cmake --build /home/dksoren/drone_boys/build/drone_core -- -j12 -l12
[0.077s] [  2%] Built target drone_core__rosidl_generator_type_description
[0.085s] [  4%] [32mBuilding CXX object CMakeFiles/drone_core_lib.dir/src/utils.cpp.o[0m
[0.090s] [  4%] Built target ament_cmake_python_copy_drone_core
[0.105s] [  7%] Built target drone_core__cpp
[0.106s] [ 19%] Built target drone_core__rosidl_generator_c
[0.143s] [ 48%] Built target drone_core__rosidl_typesupport_c
[0.143s] [ 48%] Built target drone_core__rosidl_typesupport_fastrtps_c
[0.143s] [ 48%] Built target drone_core__rosidl_typesupport_introspection_c
[0.143s] [ 48%] Built target drone_core__rosidl_typesupport_cpp
[0.143s] [ 56%] Built target drone_core__rosidl_typesupport_introspection_cpp
[0.144s] [ 63%] Built target drone_core__rosidl_typesupport_fastrtps_cpp
[0.175s] [ 63%] Built target drone_core
[0.203s] [ 65%] Built target drone_core__py
[0.234s] [ 70%] Built target drone_core__rosidl_generator_py
[0.264s] [ 75%] Built target drone_core_s__rosidl_typesupport_introspection_c
[0.264s] [ 80%] Built target drone_core_s__rosidl_typesupport_fastrtps_c
[0.264s] [ 85%] Built target drone_core_s__rosidl_typesupport_c
[0.373s] running egg_info
[0.401s] writing drone_core.egg-info/PKG-INFO
[0.402s] writing dependency_links to drone_core.egg-info/dependency_links.txt
[0.402s] writing top-level names to drone_core.egg-info/top_level.txt
[0.496s] reading manifest file 'drone_core.egg-info/SOURCES.txt'
[0.496s] writing manifest file 'drone_core.egg-info/SOURCES.txt'
[0.531s] [ 85%] Built target ament_cmake_python_build_drone_core_egg
[2.192s] [ 87%] [32m[1mLinking CXX shared library libdrone_core_lib.so[0m
[2.272s] [ 90%] Built target drone_core_lib
[2.301s] [ 92%] [32mBuilding CXX object CMakeFiles/finder.dir/src/utils.cpp.o[0m
[4.304s] [ 95%] [32m[1mLinking CXX executable finder[0m
[4.787s] [100%] Built target finder
[4.799s] Invoked command in '/home/dksoren/drone_boys/build/drone_core' returned '0': CMAKE_PREFIX_PATH=/home/dksoren/drone_boys/install/drone_gui:/opt/ros/jazzy:/home/dksoren/drone_boys/install/drone_core:/home/dksoren/drone_boys/install/drone:/opt/ros/jazzy/opt/gz_math_vendor:/opt/ros/jazzy/opt/gz_utils_vendor:/opt/ros/jazzy/opt/gz_cmake_vendor DEBUGINFOD_URLS=https://debuginfod.ubuntu.com /usr/bin/cmake --build /home/dksoren/drone_boys/build/drone_core -- -j12 -l12
[4.808s] Invoking command in '/home/dksoren/drone_boys/build/drone_core': CMAKE_PREFIX_PATH=/home/dksoren/drone_boys/install/drone_gui:/opt/ros/jazzy:/home/dksoren/drone_boys/install/drone_core:/home/dksoren/drone_boys/install/drone:/opt/ros/jazzy/opt/gz_math_vendor:/opt/ros/jazzy/opt/gz_utils_vendor:/opt/ros/jazzy/opt/gz_cmake_vendor DEBUGINFOD_URLS=https://debuginfod.ubuntu.com /usr/bin/cmake --install /home/dksoren/drone_boys/build/drone_core
[4.815s] -- Install configuration: ""
[4.815s] -- Up-to-date: /home/dksoren/drone_boys/install/drone_core/share/ament_index/resource_index/rosidl_interfaces/drone_core
[4.815s] -- Up-to-date: /home/dksoren/drone_boys/install/drone_core/share/drone_core/action/FinderAction.json
[4.815s] -- Up-to-date: /home/dksoren/drone_boys/install/drone_core/include/drone_core/drone_core
[4.815s] -- Up-to-date: /home/dksoren/drone_boys/install/drone_core/include/drone_core/drone_core/action
[4.815s] -- Up-to-date: /home/dksoren/drone_boys/install/drone_core/include/drone_core/drone_core/action/detail
[4.815s] -- Up-to-date: /home/dksoren/drone_boys/install/drone_core/include/drone_core/drone_core/action/detail/finder_action__functions.h
[4.815s] -- Up-to-date: /home/dksoren/drone_boys/install/drone_core/include/drone_core/drone_core/action/detail/finder_action__description.c
[4.815s] -- Up-to-date: /home/dksoren/drone_boys/install/drone_core/include/drone_core/drone_core/action/detail/finder_action__functions.c
[4.816s] -- Up-to-date: /home/dksoren/drone_boys/install/drone_core/include/drone_core/drone_core/action/detail/finder_action__type_support.c
[4.816s] -- Up-to-date: /home/dksoren/drone_boys/install/drone_core/include/drone_core/drone_core/action/detail/finder_action__type_support.h
[4.816s] -- Up-to-date: /home/dksoren/drone_boys/install/drone_core/include/drone_core/drone_core/action/detail/finder_action__struct.h
[4.816s] -- Up-to-date: /home/dksoren/drone_boys/install/drone_core/include/drone_core/drone_core/action/finder_action.h
[4.816s] -- Up-to-date: /home/dksoren/drone_boys/install/drone_core/include/drone_core/drone_core/msg
[4.816s] -- Up-to-date: /home/dksoren/drone_boys/install/drone_core/include/drone_core/drone_core/msg/rosidl_generator_c__visibility_control.h
[4.816s] -- Up-to-date: /home/dksoren/drone_boys/install/drone_core/share/drone_core/environment/library_path.sh
[4.816s] -- Up-to-date: /home/dksoren/drone_boys/install/drone_core/share/drone_core/environment/library_path.dsv
[4.816s] -- Up-to-date: /home/dksoren/drone_boys/install/drone_core/lib/libdrone_core__rosidl_generator_c.so
[4.816s] -- Up-to-date: /home/dksoren/drone_boys/install/drone_core/include/drone_core/drone_core
[4.816s] -- Up-to-date: /home/dksoren/drone_boys/install/drone_core/include/drone_core/drone_core/action
[4.816s] -- Up-to-date: /home/dksoren/drone_boys/install/drone_core/include/drone_core/drone_core/action/detail
[4.816s] -- Up-to-date: /home/dksoren/drone_boys/install/drone_core/include/drone_core/drone_core/action/detail/finder_action__rosidl_typesupport_fastrtps_c.h
[4.816s] -- Up-to-date: /home/dksoren/drone_boys/install/drone_core/include/drone_core/drone_core/msg
[4.816s] -- Up-to-date: /home/dksoren/drone_boys/install/drone_core/include/drone_core/drone_core/msg/rosidl_typesupport_fastrtps_c__visibility_control.h
[4.816s] -- Up-to-date: /home/dksoren/drone_boys/install/drone_core/lib/libdrone_core__rosidl_typesupport_fastrtps_c.so
[4.816s] -- Up-to-date: /home/dksoren/drone_boys/install/drone_core/include/drone_core/drone_core
[4.817s] -- Up-to-date: /home/dksoren/drone_boys/install/drone_core/include/drone_core/drone_core/action
[4.817s] -- Up-to-date: /home/dksoren/drone_boys/install/drone_core/include/drone_core/drone_core/action/finder_action.hpp
[4.817s] -- Up-to-date: /home/dksoren/drone_boys/install/drone_core/include/drone_core/drone_core/action/detail
[4.817s] -- Up-to-date: /home/dksoren/drone_boys/install/drone_core/include/drone_core/drone_core/action/detail/finder_action__traits.hpp
[4.817s] -- Up-to-date: /home/dksoren/drone_boys/install/drone_core/include/drone_core/drone_core/action/detail/finder_action__type_support.hpp
[4.817s] -- Up-to-date: /home/dksoren/drone_boys/install/drone_core/include/drone_core/drone_core/action/detail/finder_action__struct.hpp
[4.817s] -- Up-to-date: /home/dksoren/drone_boys/install/drone_core/include/drone_core/drone_core/action/detail/finder_action__builder.hpp
[4.817s] -- Up-to-date: /home/dksoren/drone_boys/install/drone_core/include/drone_core/drone_core/msg
[4.817s] -- Up-to-date: /home/dksoren/drone_boys/install/drone_core/include/drone_core/drone_core/msg/rosidl_generator_cpp__visibility_control.hpp
[4.817s] -- Up-to-date: /home/dksoren/drone_boys/install/drone_core/include/drone_core/drone_core
[4.817s] -- Up-to-date: /home/dksoren/drone_boys/install/drone_core/include/drone_core/drone_core/action
[4.817s] -- Up-to-date: /home/dksoren/drone_boys/install/drone_core/include/drone_core/drone_core/action/detail
[4.817s] -- Up-to-date: /home/dksoren/drone_boys/install/drone_core/include/drone_core/drone_core/action/detail/dds_fastrtps
[4.817s] -- Up-to-date: /home/dksoren/drone_boys/install/drone_core/include/drone_core/drone_core/action/detail/finder_action__rosidl_typesupport_fastrtps_cpp.hpp
[4.817s] -- Up-to-date: /home/dksoren/drone_boys/install/drone_core/include/drone_core/drone_core/msg
[4.817s] -- Up-to-date: /home/dksoren/drone_boys/install/drone_core/include/drone_core/drone_core/msg/rosidl_typesupport_fastrtps_cpp__visibility_control.h
[4.817s] -- Up-to-date: /home/dksoren/drone_boys/install/drone_core/lib/libdrone_core__rosidl_typesupport_fastrtps_cpp.so
[4.817s] -- Up-to-date: /home/dksoren/drone_boys/install/drone_core/include/drone_core/drone_core
[4.818s] -- Up-to-date: /home/dksoren/drone_boys/install/drone_core/include/drone_core/drone_core/action
[4.818s] -- Up-to-date: /home/dksoren/drone_boys/install/drone_core/include/drone_core/drone_core/action/detail
[4.818s] -- Up-to-date: /home/dksoren/drone_boys/install/drone_core/include/drone_core/drone_core/action/detail/finder_action__type_support.c
[4.818s] -- Up-to-date: /home/dksoren/drone_boys/install/drone_core/include/drone_core/drone_core/action/detail/finder_action__rosidl_typesupport_introspection_c.h
[4.818s] -- Up-to-date: /home/dksoren/drone_boys/install/drone_core/include/drone_core/drone_core/msg
[4.818s] -- Up-to-date: /home/dksoren/drone_boys/install/drone_core/include/drone_core/drone_core/msg/rosidl_typesupport_introspection_c__visibility_control.h
[4.818s] -- Up-to-date: /home/dksoren/drone_boys/install/drone_core/lib/libdrone_core__rosidl_typesupport_introspection_c.so
[4.819s] -- Up-to-date: /home/dksoren/drone_boys/install/drone_core/lib/libdrone_core__rosidl_typesupport_c.so
[4.819s] -- Up-to-date: /home/dksoren/drone_boys/install/drone_core/include/drone_core/drone_core
[4.819s] -- Up-to-date: /home/dksoren/drone_boys/install/drone_core/include/drone_core/drone_core/action
[4.819s] -- Up-to-date: /home/dksoren/drone_boys/install/drone_core/include/drone_core/drone_core/action/detail
[4.819s] -- Up-to-date: /home/dksoren/drone_boys/install/drone_core/include/drone_core/drone_core/action/detail/finder_action__rosidl_typesupport_introspection_cpp.hpp
[4.819s] -- Up-to-date: /home/dksoren/drone_boys/install/drone_core/include/drone_core/drone_core/action/detail/finder_action__type_support.cpp
[4.819s] -- Up-to-date: /home/dksoren/drone_boys/install/drone_core/lib/libdrone_core__rosidl_typesupport_introspection_cpp.so
[4.819s] -- Up-to-date: /home/dksoren/drone_boys/install/drone_core/lib/libdrone_core__rosidl_typesupport_cpp.so
[4.819s] -- Up-to-date: /home/dksoren/drone_boys/install/drone_core/share/drone_core/environment/pythonpath.sh
[4.819s] -- Up-to-date: /home/dksoren/drone_boys/install/drone_core/share/drone_core/environment/pythonpath.dsv
[4.819s] -- Up-to-date: /home/dksoren/drone_boys/install/drone_core/lib/python3.12/site-packages/drone_core-0.0.1-py3.12.egg-info
[4.819s] -- Installing: /home/dksoren/drone_boys/install/drone_core/lib/python3.12/site-packages/drone_core-0.0.1-py3.12.egg-info/top_level.txt
[4.819s] -- Installing: /home/dksoren/drone_boys/install/drone_core/lib/python3.12/site-packages/drone_core-0.0.1-py3.12.egg-info/PKG-INFO
[4.820s] -- Installing: /home/dksoren/drone_boys/install/drone_core/lib/python3.12/site-packages/drone_core-0.0.1-py3.12.egg-info/SOURCES.txt
[4.820s] -- Installing: /home/dksoren/drone_boys/install/drone_core/lib/python3.12/site-packages/drone_core-0.0.1-py3.12.egg-info/dependency_links.txt
[4.820s] -- Up-to-date: /home/dksoren/drone_boys/install/drone_core/lib/python3.12/site-packages/drone_core
[4.820s] -- Up-to-date: /home/dksoren/drone_boys/install/drone_core/lib/python3.12/site-packages/drone_core/action
[4.820s] -- Up-to-date: /home/dksoren/drone_boys/install/drone_core/lib/python3.12/site-packages/drone_core/action/__init__.py
[4.820s] -- Up-to-date: /home/dksoren/drone_boys/install/drone_core/lib/python3.12/site-packages/drone_core/action/_finder_action.py
[4.820s] -- Up-to-date: /home/dksoren/drone_boys/install/drone_core/lib/python3.12/site-packages/drone_core/action/_finder_action_s.c
[4.820s] -- Up-to-date: /home/dksoren/drone_boys/install/drone_core/lib/python3.12/site-packages/drone_core/__init__.py
[4.820s] -- Up-to-date: /home/dksoren/drone_boys/install/drone_core/lib/python3.12/site-packages/drone_core/_drone_core_s.ep.rosidl_typesupport_introspection_c.c
[4.820s] -- Up-to-date: /home/dksoren/drone_boys/install/drone_core/lib/python3.12/site-packages/drone_core/_drone_core_s.ep.rosidl_typesupport_c.c
[4.820s] -- Up-to-date: /home/dksoren/drone_boys/install/drone_core/lib/python3.12/site-packages/drone_core/drone_core_s__rosidl_typesupport_c.so
[4.820s] -- Up-to-date: /home/dksoren/drone_boys/install/drone_core/lib/python3.12/site-packages/drone_core/drone_core_s__rosidl_typesupport_introspection_c.so
[4.820s] -- Up-to-date: /home/dksoren/drone_boys/install/drone_core/lib/python3.12/site-packages/drone_core/_drone_core_s.ep.rosidl_typesupport_fastrtps_c.c
[4.820s] -- Up-to-date: /home/dksoren/drone_boys/install/drone_core/lib/python3.12/site-packages/drone_core/drone_core_s__rosidl_typesupport_fastrtps_c.so
[4.847s] Listing '/home/dksoren/drone_boys/install/drone_core/lib/python3.12/site-packages/drone_core'...
[4.847s] Listing '/home/dksoren/drone_boys/install/drone_core/lib/python3.12/site-packages/drone_core/action'...
[4.852s] -- Up-to-date: /home/dksoren/drone_boys/install/drone_core/lib/python3.12/site-packages/drone_core/drone_core_s__rosidl_typesupport_fastrtps_c.so
[4.853s] -- Up-to-date: /home/dksoren/drone_boys/install/drone_core/lib/python3.12/site-packages/drone_core/drone_core_s__rosidl_typesupport_introspection_c.so
[4.853s] -- Up-to-date: /home/dksoren/drone_boys/install/drone_core/lib/python3.12/site-packages/drone_core/drone_core_s__rosidl_typesupport_c.so
[4.853s] -- Up-to-date: /home/dksoren/drone_boys/install/drone_core/lib/libdrone_core__rosidl_generator_py.so
[4.854s] -- Up-to-date: /home/dksoren/drone_boys/install/drone_core/share/drone_core/action/FinderAction.idl
[4.854s] -- Up-to-date: /home/dksoren/drone_boys/install/drone_core/share/drone_core/action/FinderAction.action
[4.854s] -- Up-to-date: /home/dksoren/drone_boys/install/drone_core/include
[4.854s] -- Up-to-date: /home/dksoren/drone_boys/install/drone_core/include/drone_core
[4.854s] -- Up-to-date: /home/dksoren/drone_boys/install/drone_core/include/drone_core/manipulator.h
[4.854s] -- Up-to-date: /home/dksoren/drone_boys/install/drone_core/include/drone_core/utils.h
[4.854s] -- Installing: /home/dksoren/drone_boys/install/drone_core/lib/drone_core/libdrone_core_lib.so
[4.854s] -- Installing: /home/dksoren/drone_boys/install/drone_core/lib/drone_core/finder
[4.856s] -- Set non-toolchain portion of runtime path of "/home/dksoren/drone_boys/install/drone_core/lib/drone_core/finder" to ""
[4.856s] -- Up-to-date: /home/dksoren/drone_boys/install/drone_core/share/drone_core//config
[4.856s] -- Up-to-date: /home/dksoren/drone_boys/install/drone_core/share/drone_core//config/params.yaml
[4.856s] -- Up-to-date: /home/dksoren/drone_boys/install/drone_core/share/ament_index/resource_index/package_run_dependencies/drone_core
[4.856s] -- Up-to-date: /home/dksoren/drone_boys/install/drone_core/share/ament_index/resource_index/parent_prefix_path/drone_core
[4.856s] -- Up-to-date: /home/dksoren/drone_boys/install/drone_core/share/drone_core/environment/ament_prefix_path.sh
[4.856s] -- Up-to-date: /home/dksoren/drone_boys/install/drone_core/share/drone_core/environment/ament_prefix_path.dsv
[4.856s] -- Up-to-date: /home/dksoren/drone_boys/install/drone_core/share/drone_core/environment/path.sh
[4.856s] -- Up-to-date: /home/dksoren/drone_boys/install/drone_core/share/drone_core/environment/path.dsv
[4.856s] -- Up-to-date: /home/dksoren/drone_boys/install/drone_core/share/drone_core/local_setup.bash
[4.856s] -- Up-to-date: /home/dksoren/drone_boys/install/drone_core/share/drone_core/local_setup.sh
[4.856s] -- Up-to-date: /home/dksoren/drone_boys/install/drone_core/share/drone_core/local_setup.zsh
[4.856s] -- Up-to-date: /home/dksoren/drone_boys/install/drone_core/share/drone_core/local_setup.dsv
[4.856s] -- Installing: /home/dksoren/drone_boys/install/drone_core/share/drone_core/package.dsv
[4.856s] -- Up-to-date: /home/dksoren/drone_boys/install/drone_core/share/ament_index/resource_index/packages/drone_core
[4.856s] -- Up-to-date: /home/dksoren/drone_boys/install/drone_core/share/drone_core/cmake/export_drone_core__rosidl_generator_cExport.cmake
[4.857s] -- Up-to-date: /home/dksoren/drone_boys/install/drone_core/share/drone_core/cmake/export_drone_core__rosidl_generator_cExport-noconfig.cmake
[4.857s] -- Up-to-date: /home/dksoren/drone_boys/install/drone_core/share/drone_core/cmake/export_drone_core__rosidl_typesupport_fastrtps_cExport.cmake
[4.857s] -- Up-to-date: /home/dksoren/drone_boys/install/drone_core/share/drone_core/cmake/export_drone_core__rosidl_typesupport_fastrtps_cExport-noconfig.cmake
[4.857s] -- Up-to-date: /home/dksoren/drone_boys/install/drone_core/share/drone_core/cmake/export_drone_core__rosidl_generator_cppExport.cmake
[4.857s] -- Up-to-date: /home/dksoren/drone_boys/install/drone_core/share/drone_core/cmake/export_drone_core__rosidl_typesupport_fastrtps_cppExport.cmake
[4.857s] -- Up-to-date: /home/dksoren/drone_boys/install/drone_core/share/drone_core/cmake/export_drone_core__rosidl_typesupport_fastrtps_cppExport-noconfig.cmake
[4.857s] -- Up-to-date: /home/dksoren/drone_boys/install/drone_core/share/drone_core/cmake/drone_core__rosidl_typesupport_introspection_cExport.cmake
[4.857s] -- Up-to-date: /home/dksoren/drone_boys/install/drone_core/share/drone_core/cmake/drone_core__rosidl_typesupport_introspection_cExport-noconfig.cmake
[4.857s] -- Up-to-date: /home/dksoren/drone_boys/install/drone_core/share/drone_core/cmake/drone_core__rosidl_typesupport_cExport.cmake
[4.857s] -- Up-to-date: /home/dksoren/drone_boys/install/drone_core/share/drone_core/cmake/drone_core__rosidl_typesupport_cExport-noconfig.cmake
[4.857s] -- Up-to-date: /home/dksoren/drone_boys/install/drone_core/share/drone_core/cmake/drone_core__rosidl_typesupport_introspection_cppExport.cmake
[4.857s] -- Up-to-date: /home/dksoren/drone_boys/install/drone_core/share/drone_core/cmake/drone_core__rosidl_typesupport_introspection_cppExport-noconfig.cmake
[4.857s] -- Up-to-date: /home/dksoren/drone_boys/install/drone_core/share/drone_core/cmake/drone_core__rosidl_typesupport_cppExport.cmake
[4.857s] -- Up-to-date: /home/dksoren/drone_boys/install/drone_core/share/drone_core/cmake/drone_core__rosidl_typesupport_cppExport-noconfig.cmake
[4.857s] -- Up-to-date: /home/dksoren/drone_boys/install/drone_core/share/drone_core/cmake/export_drone_core__rosidl_generator_pyExport.cmake
[4.857s] -- Up-to-date: /home/dksoren/drone_boys/install/drone_core/share/drone_core/cmake/export_drone_core__rosidl_generator_pyExport-noconfig.cmake
[4.858s] -- Up-to-date: /home/dksoren/drone_boys/install/drone_core/share/drone_core/cmake/rosidl_cmake-extras.cmake
[4.858s] -- Up-to-date: /home/dksoren/drone_boys/install/drone_core/share/drone_core/cmake/ament_cmake_export_dependencies-extras.cmake
[4.858s] -- Up-to-date: /home/dksoren/drone_boys/install/drone_core/share/drone_core/cmake/ament_cmake_export_include_directories-extras.cmake
[4.858s] -- Up-to-date: /home/dksoren/drone_boys/install/drone_core/share/drone_core/cmake/ament_cmake_export_libraries-extras.cmake
[4.858s] -- Up-to-date: /home/dksoren/drone_boys/install/drone_core/share/drone_core/cmake/ament_cmake_export_targets-extras.cmake
[4.858s] -- Up-to-date: /home/dksoren/drone_boys/install/drone_core/share/drone_core/cmake/rosidl_cmake_export_typesupport_targets-extras.cmake
[4.858s] -- Up-to-date: /home/dksoren/drone_boys/install/drone_core/share/drone_core/cmake/rosidl_cmake_export_typesupport_libraries-extras.cmake
[4.858s] -- Up-to-date: /home/dksoren/drone_boys/install/drone_core/share/drone_core/cmake/drone_coreConfig.cmake
[4.858s] -- Up-to-date: /home/dksoren/drone_boys/install/drone_core/share/drone_core/cmake/drone_coreConfig-version.cmake
[4.858s] -- Up-to-date: /home/dksoren/drone_boys/install/drone_core/share/drone_core/package.xml
[4.860s] Invoked command in '/home/dksoren/drone_boys/build/drone_core' returned '0': CMAKE_PREFIX_PATH=/home/dksoren/drone_boys/install/drone_gui:/opt/ros/jazzy:/home/dksoren/drone_boys/install/drone_core:/home/dksoren/drone_boys/install/drone:/opt/ros/jazzy/opt/gz_math_vendor:/opt/ros/jazzy/opt/gz_utils_vendor:/opt/ros/jazzy/opt/gz_cmake_vendor DEBUGINFOD_URLS=https://debuginfod.ubuntu.com /usr/bin/cmake --install /home/dksoren/drone_boys/build/drone_core
