[0.009s] Invoking command in '/home/dksoren/drone_boys/build/drone': CMAKE_PREFIX_PATH=${CMAKE_PREFIX_PATH}:/opt/ros/jazzy DEBUGINFOD_URLS=https://debuginfod.ubuntu.com /usr/bin/cmake --build /home/dksoren/drone_boys/build/drone -- -j12 -l12
[0.060s] [  2%] Built target drone__rosidl_generator_type_description
[0.067s] [  2%] Built target ament_cmake_python_symlink_drone
[0.076s] [  5%] Built target drone__cpp
[0.077s] [ 17%] Built target drone__rosidl_generator_c
[0.097s] [ 48%] Built target drone__rosidl_typesupport_fastrtps_c
[0.097s] [ 48%] Built target drone__rosidl_typesupport_cpp
[0.097s] [ 48%] Built target drone__rosidl_typesupport_introspection_c
[0.097s] [ 48%] Built target drone__rosidl_typesupport_c
[0.098s] [ 56%] Built target drone__rosidl_typesupport_introspection_cpp
[0.099s] [ 64%] Built target drone__rosidl_typesupport_fastrtps_cpp
[0.118s] [ 64%] Built target drone
[0.138s] [ 66%] Built target drone__py
[0.153s] [ 69%] [32mBuilding CXX object CMakeFiles/finder.dir/src/main.cpp.o[0m
[0.160s] [ 74%] Built target drone__rosidl_generator_py
[0.179s] [ 84%] Built target drone_s__rosidl_typesupport_c
[0.179s] [ 84%] Built target drone_s__rosidl_typesupport_introspection_c
[0.180s] [ 89%] Built target drone_s__rosidl_typesupport_fastrtps_c
[0.242s] running egg_info
[0.258s] writing drone.egg-info/PKG-INFO
[0.258s] writing dependency_links to drone.egg-info/dependency_links.txt
[0.258s] writing top-level names to drone.egg-info/top_level.txt
[0.305s] reading manifest file 'drone.egg-info/SOURCES.txt'
[0.306s] writing manifest file 'drone.egg-info/SOURCES.txt'
[0.329s] [ 89%] Built target ament_cmake_python_build_drone_egg
[4.139s] [ 92%] [32m[1mLinking CXX executable finder[0m
[4.635s] [100%] Built target finder
[4.646s] Invoked command in '/home/dksoren/drone_boys/build/drone' returned '0': CMAKE_PREFIX_PATH=${CMAKE_PREFIX_PATH}:/opt/ros/jazzy DEBUGINFOD_URLS=https://debuginfod.ubuntu.com /usr/bin/cmake --build /home/dksoren/drone_boys/build/drone -- -j12 -l12
[4.655s] Invoking command in '/home/dksoren/drone_boys/build/drone': CMAKE_PREFIX_PATH=${CMAKE_PREFIX_PATH}:/opt/ros/jazzy DEBUGINFOD_URLS=https://debuginfod.ubuntu.com /usr/bin/cmake --install /home/dksoren/drone_boys/build/drone
[4.663s] -- Install configuration: ""
[4.663s] -- Execute custom install script
[4.664s] -- Up-to-date symlink: /home/dksoren/drone_boys/install/drone/share/ament_index/resource_index/rosidl_interfaces/drone
[4.664s] -- Up-to-date symlink: /home/dksoren/drone_boys/install/drone/share/drone/action/FinderAction.json
[4.664s] -- Up-to-date symlink: /home/dksoren/drone_boys/install/drone/include/drone/drone/action/detail/finder_action__functions.h
[4.664s] -- Up-to-date symlink: /home/dksoren/drone_boys/install/drone/include/drone/drone/action/detail/finder_action__struct.h
[4.665s] -- Up-to-date symlink: /home/dksoren/drone_boys/install/drone/include/drone/drone/action/detail/finder_action__type_support.h
[4.665s] -- Up-to-date symlink: /home/dksoren/drone_boys/install/drone/include/drone/drone/action/finder_action.h
[4.665s] -- Up-to-date symlink: /home/dksoren/drone_boys/install/drone/include/drone/drone/msg/rosidl_generator_c__visibility_control.h
[4.665s] -- Up-to-date symlink: /home/dksoren/drone_boys/install/drone/share/drone/environment/library_path.sh
[4.665s] -- Up-to-date symlink: /home/dksoren/drone_boys/install/drone/share/drone/environment/library_path.dsv
[4.666s] -- Up-to-date symlink: /home/dksoren/drone_boys/install/drone/include/drone/drone/action/detail/finder_action__rosidl_typesupport_fastrtps_c.h
[4.666s] -- Up-to-date symlink: /home/dksoren/drone_boys/install/drone/include/drone/drone/msg/rosidl_typesupport_fastrtps_c__visibility_control.h
[4.666s] -- Up-to-date symlink: /home/dksoren/drone_boys/install/drone/include/drone/drone/action/detail/finder_action__builder.hpp
[4.666s] -- Up-to-date symlink: /home/dksoren/drone_boys/install/drone/include/drone/drone/action/detail/finder_action__struct.hpp
[4.667s] -- Up-to-date symlink: /home/dksoren/drone_boys/install/drone/include/drone/drone/action/detail/finder_action__traits.hpp
[4.667s] -- Up-to-date symlink: /home/dksoren/drone_boys/install/drone/include/drone/drone/action/detail/finder_action__type_support.hpp
[4.667s] -- Up-to-date symlink: /home/dksoren/drone_boys/install/drone/include/drone/drone/action/finder_action.hpp
[4.667s] -- Up-to-date symlink: /home/dksoren/drone_boys/install/drone/include/drone/drone/msg/rosidl_generator_cpp__visibility_control.hpp
[4.667s] -- Up-to-date symlink: /home/dksoren/drone_boys/install/drone/include/drone/drone/action/detail/finder_action__rosidl_typesupport_fastrtps_cpp.hpp
[4.668s] -- Up-to-date symlink: /home/dksoren/drone_boys/install/drone/include/drone/drone/msg/rosidl_typesupport_fastrtps_cpp__visibility_control.h
[4.668s] -- Up-to-date symlink: /home/dksoren/drone_boys/install/drone/include/drone/drone/action/detail/finder_action__rosidl_typesupport_introspection_c.h
[4.668s] -- Up-to-date symlink: /home/dksoren/drone_boys/install/drone/include/drone/drone/msg/rosidl_typesupport_introspection_c__visibility_control.h
[4.668s] -- Up-to-date symlink: /home/dksoren/drone_boys/install/drone/include/drone/drone/action/detail/finder_action__rosidl_typesupport_introspection_cpp.hpp
[4.669s] -- Up-to-date symlink: /home/dksoren/drone_boys/install/drone/share/drone/environment/pythonpath.sh
[4.669s] -- Up-to-date symlink: /home/dksoren/drone_boys/install/drone/share/drone/environment/pythonpath.dsv
[4.669s] -- Up-to-date symlink: /home/dksoren/drone_boys/install/drone/lib/python3.12/site-packages/drone-0.1.0-py3.12.egg-info/PKG-INFO
[4.669s] -- Up-to-date symlink: /home/dksoren/drone_boys/install/drone/lib/python3.12/site-packages/drone-0.1.0-py3.12.egg-info/SOURCES.txt
[4.669s] -- Up-to-date symlink: /home/dksoren/drone_boys/install/drone/lib/python3.12/site-packages/drone-0.1.0-py3.12.egg-info/dependency_links.txt
[4.669s] -- Up-to-date symlink: /home/dksoren/drone_boys/install/drone/lib/python3.12/site-packages/drone-0.1.0-py3.12.egg-info/top_level.txt
[4.670s] -- Up-to-date symlink: /home/dksoren/drone_boys/install/drone/lib/python3.12/site-packages/drone/__init__.py
[4.670s] -- Up-to-date symlink: /home/dksoren/drone_boys/install/drone/lib/python3.12/site-packages/drone/_drone_s.ep.rosidl_typesupport_c.c
[4.670s] -- Up-to-date symlink: /home/dksoren/drone_boys/install/drone/lib/python3.12/site-packages/drone/_drone_s.ep.rosidl_typesupport_fastrtps_c.c
[4.670s] -- Up-to-date symlink: /home/dksoren/drone_boys/install/drone/lib/python3.12/site-packages/drone/_drone_s.ep.rosidl_typesupport_introspection_c.c
[4.670s] -- Up-to-date symlink: /home/dksoren/drone_boys/install/drone/lib/python3.12/site-packages/drone/action/__init__.py
[4.671s] -- Up-to-date symlink: /home/dksoren/drone_boys/install/drone/lib/python3.12/site-packages/drone/action/_finder_action.py
[4.671s] -- Up-to-date symlink: /home/dksoren/drone_boys/install/drone/lib/python3.12/site-packages/drone/action/_finder_action_s.c
[4.671s] -- Up-to-date symlink: /home/dksoren/drone_boys/install/drone/lib/python3.12/site-packages/drone/drone_s__rosidl_typesupport_c.so
[4.671s] -- Up-to-date symlink: /home/dksoren/drone_boys/install/drone/lib/python3.12/site-packages/drone/drone_s__rosidl_typesupport_fastrtps_c.so
[4.671s] -- Up-to-date symlink: /home/dksoren/drone_boys/install/drone/lib/python3.12/site-packages/drone/drone_s__rosidl_typesupport_introspection_c.so
[4.671s] -- Up-to-date symlink: /home/dksoren/drone_boys/install/drone/lib/python3.12/site-packages/drone/drone_s__rosidl_typesupport_fastrtps_c.so
[4.672s] -- Up-to-date symlink: /home/dksoren/drone_boys/install/drone/lib/python3.12/site-packages/drone/drone_s__rosidl_typesupport_introspection_c.so
[4.672s] -- Up-to-date symlink: /home/dksoren/drone_boys/install/drone/lib/python3.12/site-packages/drone/drone_s__rosidl_typesupport_c.so
[4.672s] -- Up-to-date symlink: /home/dksoren/drone_boys/install/drone/share/drone/action/FinderAction.idl
[4.672s] -- Up-to-date symlink: /home/dksoren/drone_boys/install/drone/share/drone/action/FinderAction.action
[4.672s] -- Up-to-date symlink: /home/dksoren/drone_boys/install/drone/lib/drone/finder
[4.672s] -- Up-to-date symlink: /home/dksoren/drone_boys/install/drone/share/drone//config/params.yaml
[4.673s] -- Up-to-date symlink: /home/dksoren/drone_boys/install/drone/share/ament_index/resource_index/package_run_dependencies/drone
[4.673s] -- Up-to-date symlink: /home/dksoren/drone_boys/install/drone/share/ament_index/resource_index/parent_prefix_path/drone
[4.673s] -- Up-to-date symlink: /home/dksoren/drone_boys/install/drone/share/drone/environment/ament_prefix_path.sh
[4.673s] -- Up-to-date symlink: /home/dksoren/drone_boys/install/drone/share/drone/environment/ament_prefix_path.dsv
[4.673s] -- Up-to-date symlink: /home/dksoren/drone_boys/install/drone/share/drone/environment/path.sh
[4.673s] -- Up-to-date symlink: /home/dksoren/drone_boys/install/drone/share/drone/environment/path.dsv
[4.673s] -- Up-to-date symlink: /home/dksoren/drone_boys/install/drone/share/drone/local_setup.bash
[4.673s] -- Up-to-date symlink: /home/dksoren/drone_boys/install/drone/share/drone/local_setup.sh
[4.673s] -- Up-to-date symlink: /home/dksoren/drone_boys/install/drone/share/drone/local_setup.zsh
[4.674s] -- Up-to-date symlink: /home/dksoren/drone_boys/install/drone/share/drone/local_setup.dsv
[4.674s] -- Symlinking: /home/dksoren/drone_boys/install/drone/share/drone/package.dsv
[4.682s] -- Up-to-date symlink: /home/dksoren/drone_boys/install/drone/share/ament_index/resource_index/packages/drone
[4.682s] -- Up-to-date symlink: /home/dksoren/drone_boys/install/drone/share/drone/cmake/rosidl_cmake-extras.cmake
[4.682s] -- Up-to-date symlink: /home/dksoren/drone_boys/install/drone/share/drone/cmake/ament_cmake_export_dependencies-extras.cmake
[4.683s] -- Up-to-date symlink: /home/dksoren/drone_boys/install/drone/share/drone/cmake/ament_cmake_export_include_directories-extras.cmake
[4.683s] -- Up-to-date symlink: /home/dksoren/drone_boys/install/drone/share/drone/cmake/ament_cmake_export_libraries-extras.cmake
[4.683s] -- Up-to-date symlink: /home/dksoren/drone_boys/install/drone/share/drone/cmake/ament_cmake_export_targets-extras.cmake
[4.683s] -- Up-to-date symlink: /home/dksoren/drone_boys/install/drone/share/drone/cmake/rosidl_cmake_export_typesupport_targets-extras.cmake
[4.683s] -- Up-to-date symlink: /home/dksoren/drone_boys/install/drone/share/drone/cmake/rosidl_cmake_export_typesupport_libraries-extras.cmake
[4.683s] -- Up-to-date symlink: /home/dksoren/drone_boys/install/drone/share/drone/cmake/droneConfig.cmake
[4.683s] -- Up-to-date symlink: /home/dksoren/drone_boys/install/drone/share/drone/cmake/droneConfig-version.cmake
[4.683s] -- Up-to-date symlink: /home/dksoren/drone_boys/install/drone/share/drone/package.xml
[4.684s] -- Up-to-date: /home/dksoren/drone_boys/install/drone/lib/libdrone__rosidl_generator_c.so
[4.684s] -- Up-to-date: /home/dksoren/drone_boys/install/drone/lib/libdrone__rosidl_typesupport_fastrtps_c.so
[4.684s] -- Up-to-date: /home/dksoren/drone_boys/install/drone/lib/libdrone__rosidl_typesupport_fastrtps_cpp.so
[4.684s] -- Up-to-date: /home/dksoren/drone_boys/install/drone/lib/libdrone__rosidl_typesupport_introspection_c.so
[4.685s] -- Up-to-date: /home/dksoren/drone_boys/install/drone/lib/libdrone__rosidl_typesupport_c.so
[4.685s] -- Up-to-date: /home/dksoren/drone_boys/install/drone/lib/libdrone__rosidl_typesupport_introspection_cpp.so
[4.685s] -- Up-to-date: /home/dksoren/drone_boys/install/drone/lib/libdrone__rosidl_typesupport_cpp.so
[4.711s] Listing '/home/dksoren/drone_boys/install/drone/lib/python3.12/site-packages/drone'...
[4.711s] Listing '/home/dksoren/drone_boys/install/drone/lib/python3.12/site-packages/drone/action'...
[4.715s] -- Up-to-date: /home/dksoren/drone_boys/install/drone/lib/libdrone__rosidl_generator_py.so
[4.715s] -- Up-to-date: /home/dksoren/drone_boys/install/drone/share/drone/cmake/export_drone__rosidl_generator_cExport.cmake
[4.716s] -- Up-to-date: /home/dksoren/drone_boys/install/drone/share/drone/cmake/export_drone__rosidl_generator_cExport-noconfig.cmake
[4.716s] -- Up-to-date: /home/dksoren/drone_boys/install/drone/share/drone/cmake/export_drone__rosidl_typesupport_fastrtps_cExport.cmake
[4.716s] -- Up-to-date: /home/dksoren/drone_boys/install/drone/share/drone/cmake/export_drone__rosidl_typesupport_fastrtps_cExport-noconfig.cmake
[4.716s] -- Up-to-date: /home/dksoren/drone_boys/install/drone/share/drone/cmake/export_drone__rosidl_generator_cppExport.cmake
[4.716s] -- Up-to-date: /home/dksoren/drone_boys/install/drone/share/drone/cmake/export_drone__rosidl_typesupport_fastrtps_cppExport.cmake
[4.716s] -- Up-to-date: /home/dksoren/drone_boys/install/drone/share/drone/cmake/export_drone__rosidl_typesupport_fastrtps_cppExport-noconfig.cmake
[4.716s] -- Up-to-date: /home/dksoren/drone_boys/install/drone/share/drone/cmake/drone__rosidl_typesupport_introspection_cExport.cmake
[4.716s] -- Up-to-date: /home/dksoren/drone_boys/install/drone/share/drone/cmake/drone__rosidl_typesupport_introspection_cExport-noconfig.cmake
[4.716s] -- Up-to-date: /home/dksoren/drone_boys/install/drone/share/drone/cmake/drone__rosidl_typesupport_cExport.cmake
[4.716s] -- Up-to-date: /home/dksoren/drone_boys/install/drone/share/drone/cmake/drone__rosidl_typesupport_cExport-noconfig.cmake
[4.716s] -- Up-to-date: /home/dksoren/drone_boys/install/drone/share/drone/cmake/drone__rosidl_typesupport_introspection_cppExport.cmake
[4.716s] -- Up-to-date: /home/dksoren/drone_boys/install/drone/share/drone/cmake/drone__rosidl_typesupport_introspection_cppExport-noconfig.cmake
[4.716s] -- Up-to-date: /home/dksoren/drone_boys/install/drone/share/drone/cmake/drone__rosidl_typesupport_cppExport.cmake
[4.717s] -- Up-to-date: /home/dksoren/drone_boys/install/drone/share/drone/cmake/drone__rosidl_typesupport_cppExport-noconfig.cmake
[4.717s] -- Up-to-date: /home/dksoren/drone_boys/install/drone/share/drone/cmake/export_drone__rosidl_generator_pyExport.cmake
[4.717s] -- Up-to-date: /home/dksoren/drone_boys/install/drone/share/drone/cmake/export_drone__rosidl_generator_pyExport-noconfig.cmake
[4.719s] Invoked command in '/home/dksoren/drone_boys/build/drone' returned '0': CMAKE_PREFIX_PATH=${CMAKE_PREFIX_PATH}:/opt/ros/jazzy DEBUGINFOD_URLS=https://debuginfod.ubuntu.com /usr/bin/cmake --install /home/dksoren/drone_boys/build/drone
