[0.010s] Invoking command in '/home/dksoren/drone_boys/build/drone': AMENT_PREFIX_PATH=/home/dksoren/drone_boys/install/drone_core:${AMENT_PREFIX_PATH} CMAKE_PREFIX_PATH=/home/dksoren/drone_boys/install/drone_core:/home/dksoren/drone_boys/install/drone:/opt/ros/jazzy/opt/gz_math_vendor:/opt/ros/jazzy/opt/gz_utils_vendor:/opt/ros/jazzy/opt/gz_cmake_vendor:/opt/ros/jazzy DEBUGINFOD_URLS=https://debuginfod.ubuntu.com /usr/bin/cmake --build /home/dksoren/drone_boys/build/drone -- -j12 -l12
[0.034s] -- Found ament_cmake: 2.5.4 (/opt/ros/jazzy/share/ament_cmake/cmake)
[0.058s] -- Found Python3: /usr/bin/python3 (found version "3.12.3") found components: Interpreter 
[0.119s] -- Override CMake install command with custom implementation using symlinks instead of copying resources
[0.126s] -- Found rclcpp: 28.1.12 (/opt/ros/jazzy/share/rclcpp/cmake)
[0.148s] -- Found rosidl_generator_c: 4.6.6 (/opt/ros/jazzy/share/rosidl_generator_c/cmake)
[0.155s] -- Found rosidl_generator_cpp: 4.6.6 (/opt/ros/jazzy/share/rosidl_generator_cpp/cmake)
[0.164s] -- Using all available rosidl_typesupport_c: rosidl_typesupport_fastrtps_c;rosidl_typesupport_introspection_c
[0.175s] -- Using all available rosidl_typesupport_cpp: rosidl_typesupport_fastrtps_cpp;rosidl_typesupport_introspection_cpp
[0.223s] -- Found rmw_implementation_cmake: 7.3.2 (/opt/ros/jazzy/share/rmw_implementation_cmake/cmake)
[0.224s] -- Found rmw_fastrtps_cpp: 8.4.3 (/opt/ros/jazzy/share/rmw_fastrtps_cpp/cmake)
[0.281s] -- Using RMW implementation 'rmw_fastrtps_cpp' as default
[0.330s] -- Found rclcpp_action: 28.1.12 (/opt/ros/jazzy/share/rclcpp_action/cmake)
[0.365s] -- Found rosidl_default_generators: 1.6.0 (/opt/ros/jazzy/share/rosidl_default_generators/cmake)
[0.371s] -- Found rosidl_adapter: 4.6.6 (/opt/ros/jazzy/share/rosidl_adapter/cmake)
[0.515s] [31mCMake Error at /opt/ros/jazzy/share/rosidl_cmake/cmake/rosidl_generate_interfaces.cmake:223 (message):
[0.515s]   Packages installing interfaces must include
[0.515s]   '<member_of_group>rosidl_interface_packages</member_of_group>' in their
[0.515s]   package.xml
[0.515s] Call Stack (most recent call first):
[0.516s]   CMakeLists.txt:14 (rosidl_generate_interfaces)
[0.516s] 
[0.516s] [0m
[0.516s] -- Configuring incomplete, errors occurred!
[0.524s] gmake: *** [Makefile:937: cmake_check_build_system] Error 1
[0.526s] Invoked command in '/home/dksoren/drone_boys/build/drone' returned '2': AMENT_PREFIX_PATH=/home/dksoren/drone_boys/install/drone_core:${AMENT_PREFIX_PATH} CMAKE_PREFIX_PATH=/home/dksoren/drone_boys/install/drone_core:/home/dksoren/drone_boys/install/drone:/opt/ros/jazzy/opt/gz_math_vendor:/opt/ros/jazzy/opt/gz_utils_vendor:/opt/ros/jazzy/opt/gz_cmake_vendor:/opt/ros/jazzy DEBUGINFOD_URLS=https://debuginfod.ubuntu.com /usr/bin/cmake --build /home/dksoren/drone_boys/build/drone -- -j12 -l12
