[ 14%] Built target glfw
[ 27%] Built target simple
[ 27%] Built target boing
[ 27%] Built target sharing
[ 28%] Built target heightmap
[ 27%] Built target gears
[ 28%] Built target particles
[ 32%] Built target events
[ 35%] Built target clipboard
[ 37%] Built target offscreen
[ 41%] Built target wave
[ 42%] Built target splitview
[ 47%] Built target ImGuiLib
[ 61%] Built target monitors
[ 61%] Built target glfwinfo
[ 62%] Built target iconify
[ 63%] Built target msaa
[ 63%] Built target reopen
[ 67%] Built target cursor
[ 67%] Built target gamma
[ 70%] Built target empty
[ 73%] Built target icon
[ 76%] Built target inputlag
[ 78%] Built target joysticks
[ 80%] Built target opacity
[ 84%] [32mBuilding CXX object CMakeFiles/InterfaceLib.dir/src/interfaceUtil.cpp.o[0m
[ 89%] Built target threads
[ 94%] Built target triangle-vulkan
[ 95%] Built target timeout
[ 95%] Built target title
[ 95%] Built target tearing
[ 97%] Built target windows
