-- The C compiler identification is GNU 13.3.0
-- The CXX compiler identification is GNU 13.3.0
-- Detecting C compiler ABI info
-- Detecting C compiler ABI info - done
-- Check for working C compiler: /usr/bin/cc - skipped
-- Detecting C compile features
-- Detecting C compile features - done
-- Detecting CXX compiler ABI info
-- Detecting CXX compiler ABI info - done
-- Check for working CXX compiler: /usr/bin/c++ - skipped
-- Detecting CXX compile features
-- Detecting CXX compile features - done
-- Found ament_cmake: 2.5.4 (/opt/ros/jazzy/share/ament_cmake/cmake)
-- Found Python3: /usr/bin/python3 (found version "3.12.3") found components: Interpreter 
-- Override CMake install command with custom implementation using symlinks instead of copying resources
-- Found rclcpp: 28.1.12 (/opt/ros/jazzy/share/rclcpp/cmake)
-- Found rosidl_generator_c: 4.6.6 (/opt/ros/jazzy/share/rosidl_generator_c/cmake)
-- Found rosidl_generator_cpp: 4.6.6 (/opt/ros/jazzy/share/rosidl_generator_cpp/cmake)
-- Using all available rosidl_typesupport_c: rosidl_typesupport_fastrtps_c;rosidl_typesupport_introspection_c
-- Using all available rosidl_typesupport_cpp: rosidl_typesupport_fastrtps_cpp;rosidl_typesupport_introspection_cpp
-- Found rmw_implementation_cmake: 7.3.2 (/opt/ros/jazzy/share/rmw_implementation_cmake/cmake)
-- Found rmw_fastrtps_cpp: 8.4.3 (/opt/ros/jazzy/share/rmw_fastrtps_cpp/cmake)
-- Found OpenSSL: /usr/lib/x86_64-linux-gnu/libcrypto.so (found version "3.0.13")  
-- Found FastRTPS: /opt/ros/jazzy/include (Required is at least version "2.13") 
-- Using RMW implementation 'rmw_fastrtps_cpp' as default
-- Found rclcpp_action: 28.1.12 (/opt/ros/jazzy/share/rclcpp_action/cmake)
-- Found OpenCV: /usr (found version "4.6.0") 
-- Found rosidl_default_generators: 1.6.0 (/opt/ros/jazzy/share/rosidl_default_generators/cmake)
-- Found rosidl_adapter: 4.6.6 (/opt/ros/jazzy/share/rosidl_adapter/cmake)
-- Found ament_cmake_ros: 0.12.0 (/opt/ros/jazzy/share/ament_cmake_ros/cmake)
-- Using all available rosidl_typesupport_c: rosidl_typesupport_fastrtps_c;rosidl_typesupport_introspection_c
-- Using all available rosidl_typesupport_cpp: rosidl_typesupport_fastrtps_cpp;rosidl_typesupport_introspection_cpp
-- Found python_cmake_module: 0.11.1 (/opt/ros/jazzy/share/python_cmake_module/cmake)
-- Found PythonExtra: /usr/bin/python3  
-- Found Python3: /usr/bin/python3 (found version "3.12.3") found components: Interpreter Development NumPy Development.Module Development.Embed 
-- Configuring done (2.6s)
-- Generating done (0.0s)
-- Build files have been written to: /home/dksoren/drone_boys/build/drone
[  2%] [34m[1mGenerating type hashes for ROS interfaces[0m
[  2%] Built target ament_cmake_python_symlink_drone
[  2%] Built target drone__rosidl_generator_type_description
[  5%] [34m[1mGenerating C code for ROS interfaces[0m
[  7%] [34m[1mGenerating C++ code for ROS interfaces[0m
running egg_info
creating drone.egg-info
writing drone.egg-info/PKG-INFO
writing dependency_links to drone.egg-info/dependency_links.txt
writing top-level names to drone.egg-info/top_level.txt
writing manifest file 'drone.egg-info/SOURCES.txt'
reading manifest file 'drone.egg-info/SOURCES.txt'
writing manifest file 'drone.egg-info/SOURCES.txt'
[  7%] Built target ament_cmake_python_build_drone_egg
[  7%] Built target drone__cpp
[ 15%] [32mBuilding C object CMakeFiles/drone__rosidl_generator_c.dir/rosidl_generator_c/drone/action/detail/finder_action__type_support.c.o[0m
[ 15%] [32mBuilding C object CMakeFiles/drone__rosidl_generator_c.dir/rosidl_generator_c/drone/action/detail/finder_action__functions.c.o[0m
[ 15%] [32mBuilding C object CMakeFiles/drone__rosidl_generator_c.dir/rosidl_generator_c/drone/action/detail/finder_action__description.c.o[0m
[ 17%] [32m[1mLinking C shared library libdrone__rosidl_generator_c.so[0m
[ 17%] Built target drone__rosidl_generator_c
[ 33%] [34m[1mGenerating C++ introspection for ROS interfaces[0m
[ 33%] [34m[1mGenerating C introspection for ROS interfaces[0m
[ 33%] [34m[1mGenerating C type support dispatch for ROS interfaces[0m
[ 33%] [34m[1mGenerating C++ type support dispatch for ROS interfaces[0m
[ 33%] [34m[1mGenerating C++ type support for eProsima Fast-RTPS[0m
[ 33%] [34m[1mGenerating C type support for eProsima Fast-RTPS[0m
[ 35%] [32mBuilding CXX object CMakeFiles/drone__rosidl_typesupport_c.dir/rosidl_typesupport_c/drone/action/finder_action__type_support.cpp.o[0m
[ 38%] [32mBuilding CXX object CMakeFiles/drone__rosidl_typesupport_cpp.dir/rosidl_typesupport_cpp/drone/action/finder_action__type_support.cpp.o[0m
[ 41%] [32m[1mLinking CXX shared library libdrone__rosidl_typesupport_c.so[0m
[ 43%] [32mBuilding CXX object CMakeFiles/drone__rosidl_typesupport_introspection_cpp.dir/rosidl_typesupport_introspection_cpp/drone/action/detail/finder_action__type_support.cpp.o[0m
[ 46%] [32mBuilding C object CMakeFiles/drone__rosidl_typesupport_introspection_c.dir/rosidl_typesupport_introspection_c/drone/action/detail/finder_action__type_support.c.o[0m
[ 46%] Built target drone__rosidl_typesupport_c
[ 48%] [32m[1mLinking C shared library libdrone__rosidl_typesupport_introspection_c.so[0m
[ 51%] [32mBuilding CXX object CMakeFiles/drone__rosidl_typesupport_fastrtps_cpp.dir/rosidl_typesupport_fastrtps_cpp/drone/action/detail/dds_fastrtps/finder_action__type_support.cpp.o[0m
[ 51%] Built target drone__rosidl_typesupport_introspection_c
[ 53%] [32mBuilding CXX object CMakeFiles/drone__rosidl_typesupport_fastrtps_c.dir/rosidl_typesupport_fastrtps_c/drone/action/detail/finder_action__type_support_c.cpp.o[0m
[ 56%] [32m[1mLinking CXX shared library libdrone__rosidl_typesupport_cpp.so[0m
[ 56%] Built target drone__rosidl_typesupport_cpp
[ 58%] [32m[1mLinking CXX shared library libdrone__rosidl_typesupport_introspection_cpp.so[0m
[ 61%] [32m[1mLinking CXX shared library libdrone__rosidl_typesupport_fastrtps_c.so[0m
[ 61%] Built target drone__rosidl_typesupport_introspection_cpp
[ 61%] Built target drone__rosidl_typesupport_fastrtps_c
[ 64%] [32m[1mLinking CXX shared library libdrone__rosidl_typesupport_fastrtps_cpp.so[0m
[ 64%] Built target drone__rosidl_typesupport_fastrtps_cpp
[ 64%] Built target drone
[ 66%] [34m[1mGenerating Python code for ROS interfaces[0m
[ 71%] [32mBuilding CXX object CMakeFiles/finder.dir/src/interface.cpp.o[0m
[ 71%] [32mBuilding CXX object CMakeFiles/finder.dir/src/manipulator.cpp.o[0m
[ 76%] [32mBuilding CXX object CMakeFiles/finder.dir/src/main.cpp.o[0m
[ 76%] [32mBuilding CXX object CMakeFiles/finder.dir/src/utils.cpp.o[0m
[ 76%] Built target drone__py
[ 79%] [32mBuilding C object CMakeFiles/drone__rosidl_generator_py.dir/rosidl_generator_py/drone/action/_finder_action_s.c.o[0m
[ 82%] [32m[1mLinking C shared library libdrone__rosidl_generator_py.so[0m
[ 82%] Built target drone__rosidl_generator_py
[ 89%] [32mBuilding C object CMakeFiles/drone_s__rosidl_typesupport_fastrtps_c.dir/rosidl_generator_py/drone/_drone_s.ep.rosidl_typesupport_fastrtps_c.c.o[0m
[ 89%] [32mBuilding C object CMakeFiles/drone_s__rosidl_typesupport_introspection_c.dir/rosidl_generator_py/drone/_drone_s.ep.rosidl_typesupport_introspection_c.c.o[0m
[ 89%] [32mBuilding C object CMakeFiles/drone_s__rosidl_typesupport_c.dir/rosidl_generator_py/drone/_drone_s.ep.rosidl_typesupport_c.c.o[0m
[ 94%] [32m[1mLinking C shared module rosidl_generator_py/drone/drone_s__rosidl_typesupport_c.so[0m
[ 94%] [32m[1mLinking C shared module rosidl_generator_py/drone/drone_s__rosidl_typesupport_introspection_c.so[0m
[ 97%] [32m[1mLinking C shared module rosidl_generator_py/drone/drone_s__rosidl_typesupport_fastrtps_c.so[0m
[ 97%] Built target drone_s__rosidl_typesupport_introspection_c
[ 97%] Built target drone_s__rosidl_typesupport_c
[ 97%] Built target drone_s__rosidl_typesupport_fastrtps_c
