[0.008s] Invoking command in '/home/dksoren/drone_boys/build/drone': CMAKE_PREFIX_PATH=${CMAKE_PREFIX_PATH}:/opt/ros/jazzy DEBUGINFOD_URLS=https://debuginfod.ubuntu.com /usr/bin/cmake /home/dksoren/drone_boys/src/drone -DAMENT_CMAKE_SYMLINK_INSTALL=1 -DCMAKE_INSTALL_PREFIX=/home/dksoren/drone_boys/install/drone
[0.077s] -- The C compiler identification is GNU 13.3.0
[0.128s] -- The CXX compiler identification is GNU 13.3.0
[0.144s] -- Detecting C compiler ABI info
[0.223s] -- Detecting C compiler ABI info - done
[0.230s] -- Check for working C compiler: /usr/bin/cc - skipped
[0.230s] -- Detecting C compile features
[0.230s] -- Detecting C compile features - done
[0.239s] -- Detecting CXX compiler ABI info
[0.326s] -- Detecting CXX compiler ABI info - done
[0.333s] -- Check for working CXX compiler: /usr/bin/c++ - skipped
[0.333s] -- Detecting CXX compile features
[0.334s] -- Detecting CXX compile features - done
[0.335s] -- Found ament_cmake: 2.5.4 (/opt/ros/jazzy/share/ament_cmake/cmake)
[0.447s] -- Found Python3: /usr/bin/python3 (found version "3.12.3") found components: Interpreter 
[0.501s] -- Override CMake install command with custom implementation using symlinks instead of copying resources
[0.524s] -- Found rclcpp: 28.1.12 (/opt/ros/jazzy/share/rclcpp/cmake)
[0.555s] -- Found rosidl_generator_c: 4.6.6 (/opt/ros/jazzy/share/rosidl_generator_c/cmake)
[0.564s] -- Found rosidl_generator_cpp: 4.6.6 (/opt/ros/jazzy/share/rosidl_generator_cpp/cmake)
[0.575s] -- Using all available rosidl_typesupport_c: rosidl_typesupport_fastrtps_c;rosidl_typesupport_introspection_c
[0.588s] -- Using all available rosidl_typesupport_cpp: rosidl_typesupport_fastrtps_cpp;rosidl_typesupport_introspection_cpp
[0.645s] -- Found rmw_implementation_cmake: 7.3.2 (/opt/ros/jazzy/share/rmw_implementation_cmake/cmake)
[0.648s] -- Found rmw_fastrtps_cpp: 8.4.3 (/opt/ros/jazzy/share/rmw_fastrtps_cpp/cmake)
[0.722s] -- Found OpenSSL: /usr/lib/x86_64-linux-gnu/libcrypto.so (found version "3.0.13")  
[0.739s] -- Found FastRTPS: /opt/ros/jazzy/include (Required is at least version "2.13") 
[0.758s] -- Using RMW implementation 'rmw_fastrtps_cpp' as default
[0.814s] -- Found rclcpp_action: 28.1.12 (/opt/ros/jazzy/share/rclcpp_action/cmake)
[0.854s] -- Found OpenCV: /usr (found version "4.6.0") 
[0.855s] -- Found rosidl_default_generators: 1.6.0 (/opt/ros/jazzy/share/rosidl_default_generators/cmake)
[0.865s] -- Found rosidl_adapter: 4.6.6 (/opt/ros/jazzy/share/rosidl_adapter/cmake)
[1.315s] -- Found ament_cmake_ros: 0.12.0 (/opt/ros/jazzy/share/ament_cmake_ros/cmake)
[1.902s] -- Using all available rosidl_typesupport_c: rosidl_typesupport_fastrtps_c;rosidl_typesupport_introspection_c
[2.127s] -- Using all available rosidl_typesupport_cpp: rosidl_typesupport_fastrtps_cpp;rosidl_typesupport_introspection_cpp
[2.129s] -- Found python_cmake_module: 0.11.1 (/opt/ros/jazzy/share/python_cmake_module/cmake)
[2.237s] -- Found PythonExtra: /usr/bin/python3  
[2.567s] -- Found Python3: /usr/bin/python3 (found version "3.12.3") found components: Interpreter Development NumPy Development.Module Development.Embed 
[2.597s] [0mCMake Deprecation Warning at /opt/ros/jazzy/share/rosidl_cmake/cmake/rosidl_target_interfaces.cmake:32 (message):
[2.597s]   Use rosidl_get_typesupport_target() and target_link_libraries() instead of
[2.597s]   rosidl_target_interfaces().  i.e:
[2.597s] 
[2.597s]     rosidl_get_typesupport_target(cpp_typesupport_target "${PROJECT_NAME}" "rosidl_typesupport_cpp")
[2.597s]     target_link_libraries(${PROJECT_NAME}_node "${cpp_typesupport_target}")
[2.597s] 
[2.597s] Call Stack (most recent call first):
[2.597s]   CMakeLists.txt:43 (rosidl_target_interfaces)
[2.597s] 
[2.598s] [0m
[2.605s] -- Configuring done (2.6s)
[2.642s] -- Generating done (0.0s)
[2.653s] -- Build files have been written to: /home/dksoren/drone_boys/build/drone
[2.665s] Invoked command in '/home/dksoren/drone_boys/build/drone' returned '0': CMAKE_PREFIX_PATH=${CMAKE_PREFIX_PATH}:/opt/ros/jazzy DEBUGINFOD_URLS=https://debuginfod.ubuntu.com /usr/bin/cmake /home/dksoren/drone_boys/src/drone -DAMENT_CMAKE_SYMLINK_INSTALL=1 -DCMAKE_INSTALL_PREFIX=/home/dksoren/drone_boys/install/drone
[2.666s] Invoking command in '/home/dksoren/drone_boys/build/drone': CMAKE_PREFIX_PATH=${CMAKE_PREFIX_PATH}:/opt/ros/jazzy DEBUGINFOD_URLS=https://debuginfod.ubuntu.com /usr/bin/cmake --build /home/dksoren/drone_boys/build/drone -- -j12 -l12
[2.711s] [  2%] [34m[1mGenerating type hashes for ROS interfaces[0m
[2.718s] [  2%] Built target ament_cmake_python_symlink_drone
[2.866s] [  2%] Built target drone__rosidl_generator_type_description
[2.875s] [  5%] [34m[1mGenerating C code for ROS interfaces[0m
[2.884s] [  7%] [34m[1mGenerating C++ code for ROS interfaces[0m
[2.893s] running egg_info
[2.893s] creating drone.egg-info
[2.910s] writing drone.egg-info/PKG-INFO
[2.911s] writing dependency_links to drone.egg-info/dependency_links.txt
[2.911s] writing top-level names to drone.egg-info/top_level.txt
[2.911s] writing manifest file 'drone.egg-info/SOURCES.txt'
[2.959s] reading manifest file 'drone.egg-info/SOURCES.txt'
[2.959s] writing manifest file 'drone.egg-info/SOURCES.txt'
[2.982s] [  7%] Built target ament_cmake_python_build_drone_egg
[3.183s] [  7%] Built target drone__cpp
[3.202s] [ 15%] [32mBuilding C object CMakeFiles/drone__rosidl_generator_c.dir/rosidl_generator_c/drone/action/detail/finder_action__type_support.c.o[0m
[3.202s] [ 15%] [32mBuilding C object CMakeFiles/drone__rosidl_generator_c.dir/rosidl_generator_c/drone/action/detail/finder_action__functions.c.o[0m
[3.202s] [ 15%] [32mBuilding C object CMakeFiles/drone__rosidl_generator_c.dir/rosidl_generator_c/drone/action/detail/finder_action__description.c.o[0m
[3.314s] [ 17%] [32m[1mLinking C shared library libdrone__rosidl_generator_c.so[0m
[3.348s] [ 17%] Built target drone__rosidl_generator_c
[3.357s] [ 33%] [34m[1mGenerating C++ introspection for ROS interfaces[0m
[3.357s] [ 33%] [34m[1mGenerating C introspection for ROS interfaces[0m
[3.357s] [ 33%] [34m[1mGenerating C type support dispatch for ROS interfaces[0m
[3.357s] [ 33%] [34m[1mGenerating C++ type support dispatch for ROS interfaces[0m
[3.357s] [ 33%] [34m[1mGenerating C++ type support for eProsima Fast-RTPS[0m
[3.357s] [ 33%] [34m[1mGenerating C type support for eProsima Fast-RTPS[0m
[3.577s] [ 35%] [32mBuilding CXX object CMakeFiles/drone__rosidl_typesupport_c.dir/rosidl_typesupport_c/drone/action/finder_action__type_support.cpp.o[0m
[3.586s] [ 38%] [32mBuilding CXX object CMakeFiles/drone__rosidl_typesupport_cpp.dir/rosidl_typesupport_cpp/drone/action/finder_action__type_support.cpp.o[0m
[3.625s] [ 41%] [32m[1mLinking CXX shared library libdrone__rosidl_typesupport_c.so[0m
[3.626s] [ 43%] [32mBuilding CXX object CMakeFiles/drone__rosidl_typesupport_introspection_cpp.dir/rosidl_typesupport_introspection_cpp/drone/action/detail/finder_action__type_support.cpp.o[0m
[3.642s] [ 46%] [32mBuilding C object CMakeFiles/drone__rosidl_typesupport_introspection_c.dir/rosidl_typesupport_introspection_c/drone/action/detail/finder_action__type_support.c.o[0m
[3.662s] [ 46%] Built target drone__rosidl_typesupport_c
[3.696s] [ 48%] [32m[1mLinking C shared library libdrone__rosidl_typesupport_introspection_c.so[0m
[3.715s] [ 51%] [32mBuilding CXX object CMakeFiles/drone__rosidl_typesupport_fastrtps_cpp.dir/rosidl_typesupport_fastrtps_cpp/drone/action/detail/dds_fastrtps/finder_action__type_support.cpp.o[0m
[3.726s] [ 51%] Built target drone__rosidl_typesupport_introspection_c
[3.746s] [ 53%] [32mBuilding CXX object CMakeFiles/drone__rosidl_typesupport_fastrtps_c.dir/rosidl_typesupport_fastrtps_c/drone/action/detail/finder_action__type_support_c.cpp.o[0m
[4.099s] [ 56%] [32m[1mLinking CXX shared library libdrone__rosidl_typesupport_cpp.so[0m
[4.166s] [ 56%] Built target drone__rosidl_typesupport_cpp
[4.176s] [ 58%] [32m[1mLinking CXX shared library libdrone__rosidl_typesupport_introspection_cpp.so[0m
[4.182s] [ 61%] [32m[1mLinking CXX shared library libdrone__rosidl_typesupport_fastrtps_c.so[0m
[4.247s] [ 61%] Built target drone__rosidl_typesupport_introspection_cpp
[4.251s] [ 61%] Built target drone__rosidl_typesupport_fastrtps_c
[4.437s] [ 64%] [32m[1mLinking CXX shared library libdrone__rosidl_typesupport_fastrtps_cpp.so[0m
[4.498s] [ 64%] Built target drone__rosidl_typesupport_fastrtps_cpp
[4.517s] [ 64%] Built target drone
[4.534s] [ 66%] [34m[1mGenerating Python code for ROS interfaces[0m
[4.534s] [ 71%] [32mBuilding CXX object CMakeFiles/finder.dir/src/interface.cpp.o[0m
[4.534s] [ 71%] [32mBuilding CXX object CMakeFiles/finder.dir/src/manipulator.cpp.o[0m
[4.535s] [ 76%] [32mBuilding CXX object CMakeFiles/finder.dir/src/main.cpp.o[0m
[4.535s] [ 76%] [32mBuilding CXX object CMakeFiles/finder.dir/src/utils.cpp.o[0m
[4.868s] [01m[K/home/dksoren/drone_boys/src/drone/src/main.cpp:8:10:[m[K [01;31m[Kfatal error: [m[Kdrone/action/FinderAction.hpp: No such file or directory
[4.868s]     8 | #include [01;31m[K"drone/action/FinderAction.hpp"[m[K
[4.868s]       |          [01;31m[K^~~~~~~~~~~~~~~~~~~~~~~~~~~~~~~[m[K
[4.868s] compilation terminated.
[4.877s] gmake[2]: *** [CMakeFiles/finder.dir/build.make:76: CMakeFiles/finder.dir/src/main.cpp.o] Error 1
[4.877s] gmake[2]: *** Waiting for unfinished jobs....
[5.013s] [ 76%] Built target drone__py
[5.034s] [ 79%] [32mBuilding C object CMakeFiles/drone__rosidl_generator_py.dir/rosidl_generator_py/drone/action/_finder_action_s.c.o[0m
[5.186s] [ 82%] [32m[1mLinking C shared library libdrone__rosidl_generator_py.so[0m
[5.229s] [ 82%] Built target drone__rosidl_generator_py
[5.247s] [ 89%] [32mBuilding C object CMakeFiles/drone_s__rosidl_typesupport_fastrtps_c.dir/rosidl_generator_py/drone/_drone_s.ep.rosidl_typesupport_fastrtps_c.c.o[0m
[5.248s] [ 89%] [32mBuilding C object CMakeFiles/drone_s__rosidl_typesupport_introspection_c.dir/rosidl_generator_py/drone/_drone_s.ep.rosidl_typesupport_introspection_c.c.o[0m
[5.248s] [ 89%] [32mBuilding C object CMakeFiles/drone_s__rosidl_typesupport_c.dir/rosidl_generator_py/drone/_drone_s.ep.rosidl_typesupport_c.c.o[0m
[5.346s] [ 94%] [32m[1mLinking C shared module rosidl_generator_py/drone/drone_s__rosidl_typesupport_c.so[0m
[5.346s] [ 94%] [32m[1mLinking C shared module rosidl_generator_py/drone/drone_s__rosidl_typesupport_introspection_c.so[0m
[5.351s] [ 97%] [32m[1mLinking C shared module rosidl_generator_py/drone/drone_s__rosidl_typesupport_fastrtps_c.so[0m
[5.375s] [ 97%] Built target drone_s__rosidl_typesupport_introspection_c
[5.375s] [ 97%] Built target drone_s__rosidl_typesupport_c
[5.382s] [ 97%] Built target drone_s__rosidl_typesupport_fastrtps_c
[6.538s] gmake[1]: *** [CMakeFiles/Makefile2:626: CMakeFiles/finder.dir/all] Error 2
[6.539s] gmake: *** [Makefile:146: all] Error 2
[6.541s] Invoked command in '/home/dksoren/drone_boys/build/drone' returned '2': CMAKE_PREFIX_PATH=${CMAKE_PREFIX_PATH}:/opt/ros/jazzy DEBUGINFOD_URLS=https://debuginfod.ubuntu.com /usr/bin/cmake --build /home/dksoren/drone_boys/build/drone -- -j12 -l12
