[0.007s] Invoking command in '/home/dksoren/drone_boys/build/drone_gui': CMAKE_PREFIX_PATH=/opt/ros/jazzy:/home/dksoren/drone_boys/install/drone_core:/home/dksoren/drone_boys/install/drone_gui:/home/dksoren/drone_boys/install/drone:/opt/ros/jazzy/opt/gz_math_vendor:/opt/ros/jazzy/opt/gz_utils_vendor:/opt/ros/jazzy/opt/gz_cmake_vendor DEBUGINFOD_URLS=https://debuginfod.ubuntu.com /usr/bin/cmake --build /home/dksoren/drone_boys/build/drone_gui -- -j12 -l12
[0.062s] [ 14%] Built target glfw
[0.089s] [ 24%] Built target boing
[0.090s] [ 26%] Built target ImGuiLib
[0.090s] [ 28%] Built target simple
[0.090s] [ 34%] Built target heightmap
[0.090s] [ 34%] Built target particles
[0.090s] [ 24%] Built target sharing
[0.090s] [ 34%] Built target splitview
[0.091s] [ 36%] Built target wave
[0.094s] [ 38%] Built target offscreen
[0.097s] [ 41%] Built target clipboard
[0.097s] [ 45%] Built target events
[0.103s] [ 47%] Built target gears
[0.115s] [ 50%] Built target iconify
[0.119s] [ 53%] Built target glfwinfo
[0.119s] [ 56%] Built target monitors
[0.121s] [ 60%] Built target msaa
[0.122s] [ 64%] Built target gamma
[0.123s] [ 65%] Built target reopen
[0.125s] [ 67%] Built target cursor
[0.129s] [ 71%] Built target opacity
[0.129s] [ 71%] Built target joysticks
[0.129s] [ 77%] Built target empty
[0.129s] [ 77%] Built target icon
[0.130s] [ 80%] Built target inputlag
[0.138s] [ 82%] Built target tearing
[0.143s] [ 86%] Built target timeout
[0.143s] [ 87%] Built target threads
[0.148s] [ 98%] Built target InterfaceLib
[0.148s] [ 98%] Built target title
[0.148s] [ 98%] Built target windows
[0.148s] [ 98%] Built target triangle-vulkan
[0.172s] [100%] Built target gui_app
[0.183s] Invoked command in '/home/dksoren/drone_boys/build/drone_gui' returned '0': CMAKE_PREFIX_PATH=/opt/ros/jazzy:/home/dksoren/drone_boys/install/drone_core:/home/dksoren/drone_boys/install/drone_gui:/home/dksoren/drone_boys/install/drone:/opt/ros/jazzy/opt/gz_math_vendor:/opt/ros/jazzy/opt/gz_utils_vendor:/opt/ros/jazzy/opt/gz_cmake_vendor DEBUGINFOD_URLS=https://debuginfod.ubuntu.com /usr/bin/cmake --build /home/dksoren/drone_boys/build/drone_gui -- -j12 -l12
[0.184s] Invoking command in '/home/dksoren/drone_boys/build/drone_gui': CMAKE_PREFIX_PATH=/opt/ros/jazzy:/home/dksoren/drone_boys/install/drone_core:/home/dksoren/drone_boys/install/drone_gui:/home/dksoren/drone_boys/install/drone:/opt/ros/jazzy/opt/gz_math_vendor:/opt/ros/jazzy/opt/gz_utils_vendor:/opt/ros/jazzy/opt/gz_cmake_vendor DEBUGINFOD_URLS=https://debuginfod.ubuntu.com /usr/bin/cmake --install /home/dksoren/drone_boys/build/drone_gui
[0.192s] -- Install configuration: ""
[0.192s] -- Up-to-date: /home/dksoren/drone_boys/install/drone_gui/include/GLFW
[0.192s] -- Up-to-date: /home/dksoren/drone_boys/install/drone_gui/include/GLFW/glfw3.h
[0.192s] -- Up-to-date: /home/dksoren/drone_boys/install/drone_gui/include/GLFW/glfw3native.h
[0.192s] -- Up-to-date: /home/dksoren/drone_boys/install/drone_gui/lib/cmake/glfw3/glfw3Config.cmake
[0.193s] -- Up-to-date: /home/dksoren/drone_boys/install/drone_gui/lib/cmake/glfw3/glfw3ConfigVersion.cmake
[0.193s] -- Up-to-date: /home/dksoren/drone_boys/install/drone_gui/lib/cmake/glfw3/glfw3Targets.cmake
[0.193s] -- Up-to-date: /home/dksoren/drone_boys/install/drone_gui/lib/cmake/glfw3/glfw3Targets-noconfig.cmake
[0.193s] -- Up-to-date: /home/dksoren/drone_boys/install/drone_gui/lib/pkgconfig/glfw3.pc
[0.193s] -- Up-to-date: /home/dksoren/drone_boys/install/drone_gui/lib/libglfw3.a
[0.193s] -- Up-to-date: /home/dksoren/drone_boys/install/drone_gui/lib/drone_gui/gui_app
[0.193s] -- Up-to-date: /home/dksoren/drone_boys/install/drone_gui/share/drone_gui//config
[0.193s] -- Up-to-date: /home/dksoren/drone_boys/install/drone_gui/share/ament_index/resource_index/package_run_dependencies/drone_gui
[0.193s] -- Up-to-date: /home/dksoren/drone_boys/install/drone_gui/share/ament_index/resource_index/parent_prefix_path/drone_gui
[0.193s] -- Up-to-date: /home/dksoren/drone_boys/install/drone_gui/share/drone_gui/environment/ament_prefix_path.sh
[0.194s] -- Up-to-date: /home/dksoren/drone_boys/install/drone_gui/share/drone_gui/environment/ament_prefix_path.dsv
[0.194s] -- Up-to-date: /home/dksoren/drone_boys/install/drone_gui/share/drone_gui/environment/path.sh
[0.194s] -- Up-to-date: /home/dksoren/drone_boys/install/drone_gui/share/drone_gui/environment/path.dsv
[0.194s] -- Up-to-date: /home/dksoren/drone_boys/install/drone_gui/share/drone_gui/local_setup.bash
[0.194s] -- Up-to-date: /home/dksoren/drone_boys/install/drone_gui/share/drone_gui/local_setup.sh
[0.194s] -- Up-to-date: /home/dksoren/drone_boys/install/drone_gui/share/drone_gui/local_setup.zsh
[0.194s] -- Up-to-date: /home/dksoren/drone_boys/install/drone_gui/share/drone_gui/local_setup.dsv
[0.194s] -- Installing: /home/dksoren/drone_boys/install/drone_gui/share/drone_gui/package.dsv
[0.194s] -- Up-to-date: /home/dksoren/drone_boys/install/drone_gui/share/ament_index/resource_index/packages/drone_gui
[0.194s] -- Up-to-date: /home/dksoren/drone_boys/install/drone_gui/share/drone_gui/cmake/ament_cmake_export_dependencies-extras.cmake
[0.194s] -- Up-to-date: /home/dksoren/drone_boys/install/drone_gui/share/drone_gui/cmake/drone_guiConfig.cmake
[0.194s] -- Up-to-date: /home/dksoren/drone_boys/install/drone_gui/share/drone_gui/cmake/drone_guiConfig-version.cmake
[0.194s] -- Up-to-date: /home/dksoren/drone_boys/install/drone_gui/share/drone_gui/package.xml
[0.195s] Invoked command in '/home/dksoren/drone_boys/build/drone_gui' returned '0': CMAKE_PREFIX_PATH=/opt/ros/jazzy:/home/dksoren/drone_boys/install/drone_core:/home/dksoren/drone_boys/install/drone_gui:/home/dksoren/drone_boys/install/drone:/opt/ros/jazzy/opt/gz_math_vendor:/opt/ros/jazzy/opt/gz_utils_vendor:/opt/ros/jazzy/opt/gz_cmake_vendor DEBUGINFOD_URLS=https://debuginfod.ubuntu.com /usr/bin/cmake --install /home/dksoren/drone_boys/build/drone_gui
