[31mCMake Error at CMakeLists.txt:80:
  Parse error.  Function missing ending ")".  Instead found unterminated
  string with text "

      GIT_TAG 3.3.4

  )

  FetchContent_MakeAvailable(glfw)



  # ImGui library

  add_library(ImGuiLib

      ${imgui_SOURCE_DIR}/imgui.cpp
      ${imgui_SOURCE_DIR}/imgui_draw.cpp
      ${imgui_SOURCE_DIR}/imgui_tables.cpp
      ${imgui_SOURCE_DIR}/imgui_widgets.cpp
      ${imgui_SOURCE_DIR}/backends/imgui_impl_glfw.cpp
      ${imgui_SOURCE_DIR}/backends/imgui_impl_opengl3.cpp

  )

  target_include_directories(ImGuiLib PUBLIC

      ${imgui_SOURCE_DIR}
      ${imgui_SOURCE_DIR}/backends

  )

  target_link_libraries(ImGuiLib PUBLIC glfw OpenGL::GL)



  # InterfaceLib (GUI helper code)

  add_library(InterfaceLib

      src/interfaceUtil.cpp

  )

  target_include_directories(InterfaceLib PUBLIC

      include
      ${imgui_SOURCE_DIR}
      ${imgui_SOURCE_DIR}/backends
      ${glfw_SOURCE_DIR}/include

  )

  target_link_libraries(InterfaceLib PUBLIC

      ImGuiLib
      glfw
      OpenGL::GL

  )



  # GUI executable

  add_executable(gui_app src/interface.cpp)

  target_compile_features(gui_app PUBLIC cxx_std_20)

  target_link_libraries(gui_app PRIVATE

      InterfaceLib
      ImGuiLib
      glfw
      OpenGL::GL
      ${OpenCV_LIBS}
      rclcpp::rclcpp
      std_msgs::std_msgs

  )



  install(TARGETS gui_app DESTINATION lib/${PROJECT_NAME})

  install(DIRECTORY config DESTINATION share/${PROJECT_NAME}/)



  ament_package()

  ".

[0m
-- Configuring incomplete, errors occurred!
