-- Found ament_cmake: 2.5.4 (/opt/ros/jazzy/share/ament_cmake/cmake)
-- Found rclcpp: 28.1.12 (/opt/ros/jazzy/share/rclcpp/cmake)
-- Found rosidl_generator_c: 4.6.6 (/opt/ros/jazzy/share/rosidl_generator_c/cmake)
-- Found rosidl_generator_cpp: 4.6.6 (/opt/ros/jazzy/share/rosidl_generator_cpp/cmake)
-- Using all available rosidl_typesupport_c: rosidl_typesupport_fastrtps_c;rosidl_typesupport_introspection_c
-- Using all available rosidl_typesupport_cpp: rosidl_typesupport_fastrtps_cpp;rosidl_typesupport_introspection_cpp
-- Found rmw_implementation_cmake: 7.3.2 (/opt/ros/jazzy/share/rmw_implementation_cmake/cmake)
-- Found rmw_fastrtps_cpp: 8.4.3 (/opt/ros/jazzy/share/rmw_fastrtps_cpp/cmake)
-- Using RMW implementation 'rmw_fastrtps_cpp' as default
-- Found std_msgs: 5.3.6 (/opt/ros/jazzy/share/std_msgs/cmake)
[0mCMake Deprecation Warning at /home/dksoren/drone_boys/build/drone_gui/_deps/glfw-src/CMakeLists.txt:1 (cmake_minimum_required):
  Compatibility with CMake < 3.5 will be removed from a future version of
  CMake.

  Update the VERSION argument <min> value or use a ...<max> suffix to tell
  CMake that the project does not need compatibility with older versions.

[0m
-- Could NOT find Doxygen (missing: DOXYGEN_EXECUTABLE) 
-- Using X11 for window creation
-- Configuring done (1.5s)
-- Generating done (0.0s)
-- Build files have been written to: /home/dksoren/drone_boys/build/drone_gui
[ 14%] Built target glfw
[ 25%] Built target sharing
[ 25%] Built target simple
[ 26%] Built target particles
[ 25%] Built target offscreen
[ 26%] Built target heightmap
[ 28%] Built target gears
[ 31%] Built target clipboard
[ 34%] Built target splitview
[ 39%] Built target events
[ 40%] Built target boing
[ 42%] Built target wave
[ 47%] Built target ImGuiLib
[ 56%] Built target iconify
[ 57%] Built target monitors
[ 59%] Built target cursor
[ 63%] Built target msaa
[ 57%] Built target glfwinfo
[ 75%] Built target empty
[ 75%] Built target joysticks
[ 75%] Built target inputlag
[ 75%] Built target gamma
[ 75%] Built target reopen
[ 78%] Built target icon
[ 80%] Built target opacity
[ 86%] Built target triangle-vulkan
[ 86%] Built target title
[ 88%] [32mBuilding CXX object CMakeFiles/InterfaceLib.dir/src/interfaceUtil.cpp.o[0m
[ 90%] Built target windows
[ 93%] Built target threads
[ 96%] Built target tearing
[ 97%] Built target timeout
[01m[K/home/dksoren/drone_boys/src/drone_gui/src/interfaceUtil.cpp:4:10:[m[K [01;31m[Kfatal error: [m[Kstb_image.h: No such file or directory
    4 | #include [01;31m[K"stb_image.h"[m[K
      |          [01;31m[K^~~~~~~~~~~~~[m[K
compilation terminated.
gmake[2]: *** [CMakeFiles/InterfaceLib.dir/build.make:76: CMakeFiles/InterfaceLib.dir/src/interfaceUtil.cpp.o] Error 1
gmake[1]: *** [CMakeFiles/Makefile2:290: CMakeFiles/InterfaceLib.dir/all] Error 2
gmake: *** [Makefile:146: all] Error 2
