[  2%] Built target drone_core__rosidl_generator_type_description
[  9%] Built target drone_core_lib
[  9%] Built target ament_cmake_python_copy_drone_core
[ 12%] Built target drone_core__cpp
[ 24%] Built target drone_core__rosidl_generator_c
[ 39%] Built target drone_core__rosidl_typesupport_introspection_c
[ 39%] Built target drone_core__rosidl_typesupport_c
[ 46%] Built target drone_core__rosidl_typesupport_cpp
[ 53%] Built target drone_core__rosidl_typesupport_fastrtps_c
[ 63%] Built target drone_core__rosidl_typesupport_fastrtps_cpp
[ 68%] Built target drone_core__rosidl_typesupport_introspection_cpp
[ 68%] Built target drone_core
[ 70%] Built target drone_core__py
[ 73%] [32mBuilding CXX object CMakeFiles/finder.dir/src/main.cpp.o[0m
[ 78%] Built target drone_core__rosidl_generator_py
[ 87%] Built target drone_core_s__rosidl_typesupport_introspection_c
[ 87%] Built target drone_core_s__rosidl_typesupport_c
[ 92%] Built target drone_core_s__rosidl_typesupport_fastrtps_c
running egg_info
writing drone_core.egg-info/PKG-INFO
writing dependency_links to drone_core.egg-info/dependency_links.txt
writing top-level names to drone_core.egg-info/top_level.txt
reading manifest file 'drone_core.egg-info/SOURCES.txt'
writing manifest file 'drone_core.egg-info/SOURCES.txt'
[ 92%] Built target ament_cmake_python_build_drone_core_egg
[01m[K/home/dksoren/drone_boys/src/drone_core/src/main.cpp:126:12:[m[K [01;31m[Kerror: [m[Kexpected identifier before string constant
  126 |     printf([01;31m[K"Config path: %s\n"[m[K, configPath.c_str());
      |            [01;31m[K^~~~~~~~~~~~~~~~~~~[m[K
[01m[K/home/dksoren/drone_boys/src/drone_core/src/main.cpp:126:12:[m[K [01;31m[Kerror: [m[Kexpected ‘[01m[K,[m[K’ or ‘[01m[K...[m[K’ before string constant
[01m[K/home/dksoren/drone_boys/src/drone_core/src/main.cpp:126:5:[m[K [01;31m[Kerror: [m[KISO C++ forbids declaration of ‘[01m[Kprintf[m[K’ with no type [[01;31m[K]8;;https://gcc.gnu.org/onlinedocs/gcc/Warning-Options.html#index-fpermissive-fpermissive]8;;[m[K]
  126 |     [01;31m[Kprintf[m[K("Config path: %s\n", configPath.c_str());
      |     [01;31m[K^~~~~~[m[K
gmake[2]: *** [CMakeFiles/finder.dir/build.make:76: CMakeFiles/finder.dir/src/main.cpp.o] Error 1
gmake[1]: *** [CMakeFiles/Makefile2:655: CMakeFiles/finder.dir/all] Error 2
gmake: *** [Makefile:146: all] Error 2
