[0.008s] Invoking command in '/home/dksoren/drone_boys/build/drone_core': DEBUGINFOD_URLS=https://debuginfod.ubuntu.com /usr/bin/cmake --build /home/dksoren/drone_boys/build/drone_core -- -j12 -l12
[0.055s] [  2%] Built target drone_core__rosidl_generator_type_description
[0.058s] [  9%] Built target drone_core_lib
[0.063s] [  9%] Built target ament_cmake_python_copy_drone_core
[0.072s] [ 12%] Built target drone_core__cpp
[0.073s] [ 24%] Built target drone_core__rosidl_generator_c
[0.093s] [ 39%] Built target drone_core__rosidl_typesupport_introspection_c
[0.093s] [ 39%] Built target drone_core__rosidl_typesupport_c
[0.094s] [ 46%] Built target drone_core__rosidl_typesupport_cpp
[0.095s] [ 53%] Built target drone_core__rosidl_typesupport_fastrtps_c
[0.096s] [ 63%] Built target drone_core__rosidl_typesupport_fastrtps_cpp
[0.096s] [ 68%] Built target drone_core__rosidl_typesupport_introspection_cpp
[0.118s] [ 68%] Built target drone_core
[0.137s] [ 70%] Built target drone_core__py
[0.154s] [ 73%] [32mBuilding CXX object CMakeFiles/finder.dir/src/main.cpp.o[0m
[0.161s] [ 78%] Built target drone_core__rosidl_generator_py
[0.182s] [ 87%] Built target drone_core_s__rosidl_typesupport_introspection_c
[0.182s] [ 87%] Built target drone_core_s__rosidl_typesupport_c
[0.182s] [ 92%] Built target drone_core_s__rosidl_typesupport_fastrtps_c
[0.248s] running egg_info
[0.265s] writing drone_core.egg-info/PKG-INFO
[0.265s] writing dependency_links to drone_core.egg-info/dependency_links.txt
[0.266s] writing top-level names to drone_core.egg-info/top_level.txt
[0.315s] reading manifest file 'drone_core.egg-info/SOURCES.txt'
[0.316s] writing manifest file 'drone_core.egg-info/SOURCES.txt'
[0.339s] [ 92%] Built target ament_cmake_python_build_drone_core_egg
[3.162s] [01m[K/home/dksoren/drone_boys/src/drone_core/src/main.cpp:126:12:[m[K [01;31m[Kerror: [m[Kexpected identifier before string constant
[3.162s]   126 |     printf([01;31m[K"Config path: %s\n"[m[K, configPath.c_str());
[3.163s]       |            [01;31m[K^~~~~~~~~~~~~~~~~~~[m[K
[3.163s] [01m[K/home/dksoren/drone_boys/src/drone_core/src/main.cpp:126:12:[m[K [01;31m[Kerror: [m[Kexpected ‘[01m[K,[m[K’ or ‘[01m[K...[m[K’ before string constant
[3.163s] [01m[K/home/dksoren/drone_boys/src/drone_core/src/main.cpp:126:5:[m[K [01;31m[Kerror: [m[KISO C++ forbids declaration of ‘[01m[Kprintf[m[K’ with no type [[01;31m[K]8;;https://gcc.gnu.org/onlinedocs/gcc/Warning-Options.html#index-fpermissive-fpermissive]8;;[m[K]
[3.163s]   126 |     [01;31m[Kprintf[m[K("Config path: %s\n", configPath.c_str());
[3.163s]       |     [01;31m[K^~~~~~[m[K
[4.357s] gmake[2]: *** [CMakeFiles/finder.dir/build.make:76: CMakeFiles/finder.dir/src/main.cpp.o] Error 1
[4.357s] gmake[1]: *** [CMakeFiles/Makefile2:655: CMakeFiles/finder.dir/all] Error 2
[4.357s] gmake: *** [Makefile:146: all] Error 2
[4.360s] Invoked command in '/home/dksoren/drone_boys/build/drone_core' returned '2': DEBUGINFOD_URLS=https://debuginfod.ubuntu.com /usr/bin/cmake --build /home/dksoren/drone_boys/build/drone_core -- -j12 -l12
