[0.012s] Invoking command in '/home/dksoren/drone_boys/build/drone_core': CMAKE_PREFIX_PATH=/home/dksoren/drone_boys/install/drone_gui:/opt/ros/jazzy:/home/dksoren/drone_boys/install/drone_core:/home/dksoren/drone_boys/install/drone:/opt/ros/jazzy/opt/gz_math_vendor:/opt/ros/jazzy/opt/gz_utils_vendor:/opt/ros/jazzy/opt/gz_cmake_vendor DEBUGINFOD_URLS=https://debuginfod.ubuntu.com /usr/bin/cmake --build /home/dksoren/drone_boys/build/drone_core -- -j12 -l12
[0.047s] -- Found ament_cmake: 2.5.4 (/opt/ros/jazzy/share/ament_cmake/cmake)
[0.077s] -- Found Python3: /usr/bin/python3 (found version "3.12.3") found components: Interpreter 
[0.165s] -- Found rclcpp: 28.1.12 (/opt/ros/jazzy/share/rclcpp/cmake)
[0.198s] -- Found rosidl_generator_c: 4.6.6 (/opt/ros/jazzy/share/rosidl_generator_c/cmake)
[0.209s] -- Found rosidl_generator_cpp: 4.6.6 (/opt/ros/jazzy/share/rosidl_generator_cpp/cmake)
[0.222s] -- Using all available rosidl_typesupport_c: rosidl_typesupport_fastrtps_c;rosidl_typesupport_introspection_c
[0.236s] -- Using all available rosidl_typesupport_cpp: rosidl_typesupport_fastrtps_cpp;rosidl_typesupport_introspection_cpp
[0.308s] -- Found rmw_implementation_cmake: 7.3.2 (/opt/ros/jazzy/share/rmw_implementation_cmake/cmake)
[0.309s] -- Found rmw_fastrtps_cpp: 8.4.3 (/opt/ros/jazzy/share/rmw_fastrtps_cpp/cmake)
[0.375s] -- Using RMW implementation 'rmw_fastrtps_cpp' as default
[0.424s] -- Found rclcpp_action: 28.1.12 (/opt/ros/jazzy/share/rclcpp_action/cmake)
[0.454s] -- Found rosidl_default_generators: 1.6.0 (/opt/ros/jazzy/share/rosidl_default_generators/cmake)
[0.460s] -- Found rosidl_adapter: 4.6.6 (/opt/ros/jazzy/share/rosidl_adapter/cmake)
[0.478s] [31mCMake Error at CMakeLists.txt:11 (find_package):
[0.478s]   By not providing "Findfinder_action.cmake" in CMAKE_MODULE_PATH this
[0.478s]   project has asked CMake to find a package configuration file provided by
[0.478s]   "finder_action", but CMake did not find one.
[0.478s] 
[0.478s]   Could not find a package configuration file provided by "finder_action"
[0.479s]   with any of the following names:
[0.479s] 
[0.479s]     finder_actionConfig.cmake
[0.479s]     finder_action-config.cmake
[0.479s] 
[0.479s]   Add the installation prefix of "finder_action" to CMAKE_PREFIX_PATH or set
[0.479s]   "finder_action_DIR" to a directory containing one of the above files.  If
[0.479s]   "finder_action" provides a separate development package or SDK, be sure it
[0.479s]   has been installed.
[0.479s] 
[0.480s] [0m
[0.480s] -- Configuring incomplete, errors occurred!
[0.484s] gmake: *** [Makefile:930: cmake_check_build_system] Error 1
[0.486s] Invoked command in '/home/dksoren/drone_boys/build/drone_core' returned '2': CMAKE_PREFIX_PATH=/home/dksoren/drone_boys/install/drone_gui:/opt/ros/jazzy:/home/dksoren/drone_boys/install/drone_core:/home/dksoren/drone_boys/install/drone:/opt/ros/jazzy/opt/gz_math_vendor:/opt/ros/jazzy/opt/gz_utils_vendor:/opt/ros/jazzy/opt/gz_cmake_vendor DEBUGINFOD_URLS=https://debuginfod.ubuntu.com /usr/bin/cmake --build /home/dksoren/drone_boys/build/drone_core -- -j12 -l12
