[0.012s] Invoking command in '/home/dksoren/drone_boys/build/drone_core': DEBUGINFOD_URLS=https://debuginfod.ubuntu.com /usr/bin/cmake --build /home/dksoren/drone_boys/build/drone_core -- -j12 -l12
[0.076s] [  2%] Built target drone_core__rosidl_generator_type_description
[0.082s] [  9%] Built target drone_core_lib
[0.089s] [  9%] Built target ament_cmake_python_copy_drone_core
[0.100s] [ 14%] Built target drone_core__cpp
[0.100s] [ 24%] Built target drone_core__rosidl_generator_c
[0.124s] [ 53%] Built target drone_core__rosidl_typesupport_cpp
[0.124s] [ 53%] Built target drone_core__rosidl_typesupport_fastrtps_c
[0.124s] [ 53%] Built target drone_core__rosidl_typesupport_introspection_c
[0.124s] [ 53%] Built target drone_core__rosidl_typesupport_c
[0.124s] [ 60%] Built target drone_core__rosidl_typesupport_fastrtps_cpp
[0.125s] [ 68%] Built target drone_core__rosidl_typesupport_introspection_cpp
[0.145s] [ 68%] Built target drone_core
[0.165s] [ 70%] Built target drone_core__py
[0.181s] [ 73%] [32mBuilding CXX object CMakeFiles/finder.dir/src/main.cpp.o[0m
[0.186s] [ 78%] Built target drone_core__rosidl_generator_py
[0.207s] [ 92%] Built target drone_core_s__rosidl_typesupport_c
[0.207s] [ 92%] Built target drone_core_s__rosidl_typesupport_fastrtps_c
[0.207s] [ 92%] Built target drone_core_s__rosidl_typesupport_introspection_c
[0.272s] running egg_info
[0.289s] writing drone_core.egg-info/PKG-INFO
[0.289s] writing dependency_links to drone_core.egg-info/dependency_links.txt
[0.290s] writing top-level names to drone_core.egg-info/top_level.txt
[0.339s] reading manifest file 'drone_core.egg-info/SOURCES.txt'
[0.339s] writing manifest file 'drone_core.egg-info/SOURCES.txt'
[0.369s] [ 92%] Built target ament_cmake_python_build_drone_core_egg
[3.169s] [01m[K/home/dksoren/drone_boys/src/drone_core/src/main.cpp:126:5:[m[K [01;31m[Kerror: [m[K‘[01m[Kcout[m[K’ does not name a type
[3.169s]   126 |     [01;31m[Kcout[m[K << "Trying to open config: " << configPath << endl;
[3.169s]       |     [01;31m[K^~~~[m[K
[4.408s] gmake[2]: *** [CMakeFiles/finder.dir/build.make:76: CMakeFiles/finder.dir/src/main.cpp.o] Error 1
[4.409s] gmake[1]: *** [CMakeFiles/Makefile2:655: CMakeFiles/finder.dir/all] Error 2
[4.409s] gmake: *** [Makefile:146: all] Error 2
[4.411s] Invoked command in '/home/dksoren/drone_boys/build/drone_core' returned '2': DEBUGINFOD_URLS=https://debuginfod.ubuntu.com /usr/bin/cmake --build /home/dksoren/drone_boys/build/drone_core -- -j12 -l12
