[0.008s] Invoking command in '/home/dksoren/drone_boys/build/drone_core': DEBUGINFOD_URLS=https://debuginfod.ubuntu.com /usr/bin/cmake --build /home/dksoren/drone_boys/build/drone_core -- -j12 -l12
[0.053s] [  2%] Built target drone_core__rosidl_generator_type_description
[0.056s] [  9%] Built target drone_core_lib
[0.061s] [  9%] Built target ament_cmake_python_copy_drone_core
[0.069s] [ 12%] Built target drone_core__cpp
[0.070s] [ 24%] Built target drone_core__rosidl_generator_c
[0.090s] [ 39%] Built target drone_core__rosidl_typesupport_introspection_cpp
[0.091s] [ 41%] Built target drone_core__rosidl_typesupport_introspection_c
[0.091s] [ 46%] Built target drone_core__rosidl_typesupport_fastrtps_cpp
[0.091s] [ 53%] Built target drone_core__rosidl_typesupport_c
[0.091s] [ 60%] Built target drone_core__rosidl_typesupport_fastrtps_c
[0.092s] [ 68%] Built target drone_core__rosidl_typesupport_cpp
[0.113s] [ 68%] Built target drone_core
[0.134s] [ 70%] Built target drone_core__py
[0.150s] [ 73%] [32mBuilding CXX object CMakeFiles/finder.dir/src/main.cpp.o[0m
[0.158s] [ 78%] Built target drone_core__rosidl_generator_py
[0.179s] [ 92%] Built target drone_core_s__rosidl_typesupport_fastrtps_c
[0.179s] [ 92%] Built target drone_core_s__rosidl_typesupport_c
[0.179s] [ 92%] Built target drone_core_s__rosidl_typesupport_introspection_c
[0.241s] running egg_info
[0.258s] writing drone_core.egg-info/PKG-INFO
[0.258s] writing dependency_links to drone_core.egg-info/dependency_links.txt
[0.258s] writing top-level names to drone_core.egg-info/top_level.txt
[0.305s] reading manifest file 'drone_core.egg-info/SOURCES.txt'
[0.306s] writing manifest file 'drone_core.egg-info/SOURCES.txt'
[0.334s] [ 92%] Built target ament_cmake_python_build_drone_core_egg
[3.148s] [01m[K/home/dksoren/drone_boys/src/drone_core/src/main.cpp:126:5:[m[K [01;31m[Kerror: [m[K‘[01m[Kcout[m[K’ does not name a type
[3.148s]   126 |     [01;31m[Kcout[m[K << "Loading config from: " << configPath << std::endl;
[3.148s]       |     [01;31m[K^~~~[m[K
[4.356s] gmake[2]: *** [CMakeFiles/finder.dir/build.make:76: CMakeFiles/finder.dir/src/main.cpp.o] Error 1
[4.356s] gmake[1]: *** [CMakeFiles/Makefile2:655: CMakeFiles/finder.dir/all] Error 2
[4.357s] gmake: *** [Makefile:146: all] Error 2
[4.360s] Invoked command in '/home/dksoren/drone_boys/build/drone_core' returned '2': DEBUGINFOD_URLS=https://debuginfod.ubuntu.com /usr/bin/cmake --build /home/dksoren/drone_boys/build/drone_core -- -j12 -l12
