[0.008s] Invoking command in '/home/snekkie/DroneBoys/build/drone_core': CMAKE_PREFIX_PATH=${CMAKE_PREFIX_PATH}:/opt/ros/jazzy DEBUGINFOD_URLS=https://debuginfod.ubuntu.com /usr/bin/cmake --build /home/snekkie/DroneBoys/build/drone_core -- -j24 -l24
[0.053s] [  2%] Built target drone_core__rosidl_generator_type_description
[0.055s] [  9%] Built target drone_core_lib
[0.061s] [  9%] Built target ament_cmake_python_copy_drone_core
[0.070s] [ 17%] Built target drone_core__cpp
[0.070s] [ 24%] Built target drone_core__rosidl_generator_c
[0.092s] [ 68%] Built target drone_core__rosidl_typesupport_fastrtps_c
[0.092s] [ 68%] Built target drone_core__rosidl_typesupport_cpp
[0.092s] [ 68%] Built target drone_core__rosidl_typesupport_introspection_c
[0.092s] [ 68%] Built target drone_core__rosidl_typesupport_introspection_cpp
[0.092s] [ 68%] Built target drone_core__rosidl_typesupport_c
[0.092s] [ 68%] Built target drone_core__rosidl_typesupport_fastrtps_cpp
[0.108s] [ 68%] Built target drone_core
[0.127s] [ 70%] Built target drone_core__py
[0.134s] [ 80%] Built target finder
[0.145s] [ 85%] Built target drone_core__rosidl_generator_py
[0.166s] [ 97%] Built target drone_core_s__rosidl_typesupport_c
[0.166s] [ 97%] Built target drone_core_s__rosidl_typesupport_introspection_c
[0.166s] [100%] Built target drone_core_s__rosidl_typesupport_fastrtps_c
[0.230s] running egg_info
[0.239s] writing drone_core.egg-info/PKG-INFO
[0.239s] writing dependency_links to drone_core.egg-info/dependency_links.txt
[0.239s] writing top-level names to drone_core.egg-info/top_level.txt
[0.267s] reading manifest file 'drone_core.egg-info/SOURCES.txt'
[0.268s] writing manifest file 'drone_core.egg-info/SOURCES.txt'
[0.291s] [100%] Built target ament_cmake_python_build_drone_core_egg
[0.302s] Invoked command in '/home/snekkie/DroneBoys/build/drone_core' returned '0': CMAKE_PREFIX_PATH=${CMAKE_PREFIX_PATH}:/opt/ros/jazzy DEBUGINFOD_URLS=https://debuginfod.ubuntu.com /usr/bin/cmake --build /home/snekkie/DroneBoys/build/drone_core -- -j24 -l24
[0.310s] Invoking command in '/home/snekkie/DroneBoys/build/drone_core': CMAKE_PREFIX_PATH=${CMAKE_PREFIX_PATH}:/opt/ros/jazzy DEBUGINFOD_URLS=https://debuginfod.ubuntu.com /usr/bin/cmake --install /home/snekkie/DroneBoys/build/drone_core
[0.318s] -- Install configuration: ""
[0.318s] -- Up-to-date: /home/snekkie/DroneBoys/install/drone_core/share/ament_index/resource_index/rosidl_interfaces/drone_core
[0.318s] -- Up-to-date: /home/snekkie/DroneBoys/install/drone_core/share/drone_core/action/FinderAction.json
[0.318s] -- Up-to-date: /home/snekkie/DroneBoys/install/drone_core/include/drone_core/drone_core
[0.318s] -- Up-to-date: /home/snekkie/DroneBoys/install/drone_core/include/drone_core/drone_core/action
[0.318s] -- Up-to-date: /home/snekkie/DroneBoys/install/drone_core/include/drone_core/drone_core/action/detail
[0.318s] -- Up-to-date: /home/snekkie/DroneBoys/install/drone_core/include/drone_core/drone_core/action/detail/finder_action__description.c
[0.318s] -- Up-to-date: /home/snekkie/DroneBoys/install/drone_core/include/drone_core/drone_core/action/detail/finder_action__functions.h
[0.318s] -- Up-to-date: /home/snekkie/DroneBoys/install/drone_core/include/drone_core/drone_core/action/detail/finder_action__functions.c
[0.319s] -- Up-to-date: /home/snekkie/DroneBoys/install/drone_core/include/drone_core/drone_core/action/detail/finder_action__struct.h
[0.319s] -- Up-to-date: /home/snekkie/DroneBoys/install/drone_core/include/drone_core/drone_core/action/detail/finder_action__type_support.h
[0.319s] -- Up-to-date: /home/snekkie/DroneBoys/install/drone_core/include/drone_core/drone_core/action/detail/finder_action__type_support.c
[0.319s] -- Up-to-date: /home/snekkie/DroneBoys/install/drone_core/include/drone_core/drone_core/action/finder_action.h
[0.319s] -- Up-to-date: /home/snekkie/DroneBoys/install/drone_core/include/drone_core/drone_core/msg
[0.319s] -- Up-to-date: /home/snekkie/DroneBoys/install/drone_core/include/drone_core/drone_core/msg/rosidl_generator_c__visibility_control.h
[0.319s] -- Up-to-date: /home/snekkie/DroneBoys/install/drone_core/share/drone_core/environment/library_path.sh
[0.319s] -- Up-to-date: /home/snekkie/DroneBoys/install/drone_core/share/drone_core/environment/library_path.dsv
[0.319s] -- Up-to-date: /home/snekkie/DroneBoys/install/drone_core/lib/libdrone_core__rosidl_generator_c.so
[0.319s] -- Up-to-date: /home/snekkie/DroneBoys/install/drone_core/include/drone_core/drone_core
[0.319s] -- Up-to-date: /home/snekkie/DroneBoys/install/drone_core/include/drone_core/drone_core/action
[0.319s] -- Up-to-date: /home/snekkie/DroneBoys/install/drone_core/include/drone_core/drone_core/action/detail
[0.319s] -- Up-to-date: /home/snekkie/DroneBoys/install/drone_core/include/drone_core/drone_core/action/detail/finder_action__rosidl_typesupport_fastrtps_c.h
[0.319s] -- Up-to-date: /home/snekkie/DroneBoys/install/drone_core/include/drone_core/drone_core/msg
[0.319s] -- Up-to-date: /home/snekkie/DroneBoys/install/drone_core/include/drone_core/drone_core/msg/rosidl_typesupport_fastrtps_c__visibility_control.h
[0.319s] -- Up-to-date: /home/snekkie/DroneBoys/install/drone_core/lib/libdrone_core__rosidl_typesupport_fastrtps_c.so
[0.319s] -- Up-to-date: /home/snekkie/DroneBoys/install/drone_core/include/drone_core/drone_core
[0.319s] -- Up-to-date: /home/snekkie/DroneBoys/install/drone_core/include/drone_core/drone_core/action
[0.320s] -- Up-to-date: /home/snekkie/DroneBoys/install/drone_core/include/drone_core/drone_core/action/detail
[0.320s] -- Up-to-date: /home/snekkie/DroneBoys/install/drone_core/include/drone_core/drone_core/action/detail/finder_action__traits.hpp
[0.320s] -- Up-to-date: /home/snekkie/DroneBoys/install/drone_core/include/drone_core/drone_core/action/detail/finder_action__builder.hpp
[0.320s] -- Up-to-date: /home/snekkie/DroneBoys/install/drone_core/include/drone_core/drone_core/action/detail/finder_action__type_support.hpp
[0.320s] -- Up-to-date: /home/snekkie/DroneBoys/install/drone_core/include/drone_core/drone_core/action/detail/finder_action__struct.hpp
[0.320s] -- Up-to-date: /home/snekkie/DroneBoys/install/drone_core/include/drone_core/drone_core/action/finder_action.hpp
[0.320s] -- Up-to-date: /home/snekkie/DroneBoys/install/drone_core/include/drone_core/drone_core/msg
[0.320s] -- Up-to-date: /home/snekkie/DroneBoys/install/drone_core/include/drone_core/drone_core/msg/rosidl_generator_cpp__visibility_control.hpp
[0.320s] -- Up-to-date: /home/snekkie/DroneBoys/install/drone_core/include/drone_core/drone_core
[0.320s] -- Up-to-date: /home/snekkie/DroneBoys/install/drone_core/include/drone_core/drone_core/action
[0.320s] -- Up-to-date: /home/snekkie/DroneBoys/install/drone_core/include/drone_core/drone_core/action/detail
[0.320s] -- Up-to-date: /home/snekkie/DroneBoys/install/drone_core/include/drone_core/drone_core/action/detail/dds_fastrtps
[0.320s] -- Up-to-date: /home/snekkie/DroneBoys/install/drone_core/include/drone_core/drone_core/action/detail/finder_action__rosidl_typesupport_fastrtps_cpp.hpp
[0.320s] -- Up-to-date: /home/snekkie/DroneBoys/install/drone_core/include/drone_core/drone_core/msg
[0.320s] -- Up-to-date: /home/snekkie/DroneBoys/install/drone_core/include/drone_core/drone_core/msg/rosidl_typesupport_fastrtps_cpp__visibility_control.h
[0.320s] -- Up-to-date: /home/snekkie/DroneBoys/install/drone_core/lib/libdrone_core__rosidl_typesupport_fastrtps_cpp.so
[0.320s] -- Up-to-date: /home/snekkie/DroneBoys/install/drone_core/include/drone_core/drone_core
[0.320s] -- Up-to-date: /home/snekkie/DroneBoys/install/drone_core/include/drone_core/drone_core/action
[0.320s] -- Up-to-date: /home/snekkie/DroneBoys/install/drone_core/include/drone_core/drone_core/action/detail
[0.320s] -- Up-to-date: /home/snekkie/DroneBoys/install/drone_core/include/drone_core/drone_core/action/detail/finder_action__rosidl_typesupport_introspection_c.h
[0.321s] -- Up-to-date: /home/snekkie/DroneBoys/install/drone_core/include/drone_core/drone_core/action/detail/finder_action__type_support.c
[0.321s] -- Up-to-date: /home/snekkie/DroneBoys/install/drone_core/include/drone_core/drone_core/msg
[0.321s] -- Up-to-date: /home/snekkie/DroneBoys/install/drone_core/include/drone_core/drone_core/msg/rosidl_typesupport_introspection_c__visibility_control.h
[0.321s] -- Up-to-date: /home/snekkie/DroneBoys/install/drone_core/lib/libdrone_core__rosidl_typesupport_introspection_c.so
[0.321s] -- Up-to-date: /home/snekkie/DroneBoys/install/drone_core/lib/libdrone_core__rosidl_typesupport_c.so
[0.321s] -- Up-to-date: /home/snekkie/DroneBoys/install/drone_core/include/drone_core/drone_core
[0.321s] -- Up-to-date: /home/snekkie/DroneBoys/install/drone_core/include/drone_core/drone_core/action
[0.321s] -- Up-to-date: /home/snekkie/DroneBoys/install/drone_core/include/drone_core/drone_core/action/detail
[0.321s] -- Up-to-date: /home/snekkie/DroneBoys/install/drone_core/include/drone_core/drone_core/action/detail/finder_action__type_support.cpp
[0.321s] -- Up-to-date: /home/snekkie/DroneBoys/install/drone_core/include/drone_core/drone_core/action/detail/finder_action__rosidl_typesupport_introspection_cpp.hpp
[0.321s] -- Up-to-date: /home/snekkie/DroneBoys/install/drone_core/lib/libdrone_core__rosidl_typesupport_introspection_cpp.so
[0.321s] -- Up-to-date: /home/snekkie/DroneBoys/install/drone_core/lib/libdrone_core__rosidl_typesupport_cpp.so
[0.321s] -- Up-to-date: /home/snekkie/DroneBoys/install/drone_core/share/drone_core/environment/pythonpath.sh
[0.321s] -- Up-to-date: /home/snekkie/DroneBoys/install/drone_core/share/drone_core/environment/pythonpath.dsv
[0.321s] -- Up-to-date: /home/snekkie/DroneBoys/install/drone_core/lib/python3.12/site-packages/drone_core-0.0.1-py3.12.egg-info
[0.321s] -- Installing: /home/snekkie/DroneBoys/install/drone_core/lib/python3.12/site-packages/drone_core-0.0.1-py3.12.egg-info/dependency_links.txt
[0.321s] -- Installing: /home/snekkie/DroneBoys/install/drone_core/lib/python3.12/site-packages/drone_core-0.0.1-py3.12.egg-info/SOURCES.txt
[0.321s] -- Installing: /home/snekkie/DroneBoys/install/drone_core/lib/python3.12/site-packages/drone_core-0.0.1-py3.12.egg-info/top_level.txt
[0.321s] -- Installing: /home/snekkie/DroneBoys/install/drone_core/lib/python3.12/site-packages/drone_core-0.0.1-py3.12.egg-info/PKG-INFO
[0.321s] -- Up-to-date: /home/snekkie/DroneBoys/install/drone_core/lib/python3.12/site-packages/drone_core
[0.322s] -- Up-to-date: /home/snekkie/DroneBoys/install/drone_core/lib/python3.12/site-packages/drone_core/action
[0.322s] -- Up-to-date: /home/snekkie/DroneBoys/install/drone_core/lib/python3.12/site-packages/drone_core/action/_finder_action.py
[0.322s] -- Up-to-date: /home/snekkie/DroneBoys/install/drone_core/lib/python3.12/site-packages/drone_core/action/_finder_action_s.c
[0.322s] -- Up-to-date: /home/snekkie/DroneBoys/install/drone_core/lib/python3.12/site-packages/drone_core/action/__init__.py
[0.322s] -- Up-to-date: /home/snekkie/DroneBoys/install/drone_core/lib/python3.12/site-packages/drone_core/drone_core_s__rosidl_typesupport_fastrtps_c.so
[0.322s] -- Up-to-date: /home/snekkie/DroneBoys/install/drone_core/lib/python3.12/site-packages/drone_core/_drone_core_s.ep.rosidl_typesupport_fastrtps_c.c
[0.322s] -- Up-to-date: /home/snekkie/DroneBoys/install/drone_core/lib/python3.12/site-packages/drone_core/_drone_core_s.ep.rosidl_typesupport_c.c
[0.322s] -- Up-to-date: /home/snekkie/DroneBoys/install/drone_core/lib/python3.12/site-packages/drone_core/drone_core_s__rosidl_typesupport_introspection_c.so
[0.322s] -- Up-to-date: /home/snekkie/DroneBoys/install/drone_core/lib/python3.12/site-packages/drone_core/drone_core_s__rosidl_typesupport_c.so
[0.322s] -- Up-to-date: /home/snekkie/DroneBoys/install/drone_core/lib/python3.12/site-packages/drone_core/_drone_core_s.ep.rosidl_typesupport_introspection_c.c
[0.322s] -- Up-to-date: /home/snekkie/DroneBoys/install/drone_core/lib/python3.12/site-packages/drone_core/__init__.py
[0.348s] Listing '/home/snekkie/DroneBoys/install/drone_core/lib/python3.12/site-packages/drone_core'...
[0.348s] Listing '/home/snekkie/DroneBoys/install/drone_core/lib/python3.12/site-packages/drone_core/action'...
[0.353s] -- Up-to-date: /home/snekkie/DroneBoys/install/drone_core/lib/python3.12/site-packages/drone_core/drone_core_s__rosidl_typesupport_fastrtps_c.so
[0.353s] -- Up-to-date: /home/snekkie/DroneBoys/install/drone_core/lib/python3.12/site-packages/drone_core/drone_core_s__rosidl_typesupport_introspection_c.so
[0.353s] -- Up-to-date: /home/snekkie/DroneBoys/install/drone_core/lib/python3.12/site-packages/drone_core/drone_core_s__rosidl_typesupport_c.so
[0.353s] -- Up-to-date: /home/snekkie/DroneBoys/install/drone_core/lib/libdrone_core__rosidl_generator_py.so
[0.353s] -- Up-to-date: /home/snekkie/DroneBoys/install/drone_core/share/drone_core/action/FinderAction.idl
[0.353s] -- Up-to-date: /home/snekkie/DroneBoys/install/drone_core/share/drone_core/action/FinderAction.action
[0.353s] -- Up-to-date: /home/snekkie/DroneBoys/install/drone_core/include
[0.353s] -- Up-to-date: /home/snekkie/DroneBoys/install/drone_core/include/drone_core
[0.353s] -- Up-to-date: /home/snekkie/DroneBoys/install/drone_core/include/drone_core/utils.h
[0.353s] -- Up-to-date: /home/snekkie/DroneBoys/install/drone_core/include/drone_core/manipulator.h
[0.353s] -- Up-to-date: /home/snekkie/DroneBoys/install/drone_core/lib/drone_core/libdrone_core_lib.so
[0.353s] -- Up-to-date: /home/snekkie/DroneBoys/install/drone_core/lib/drone_core/finder
[0.353s] -- Up-to-date: /home/snekkie/DroneBoys/install/drone_core/share/drone_core//config
[0.354s] -- Up-to-date: /home/snekkie/DroneBoys/install/drone_core/share/drone_core//config/params.yaml
[0.354s] -- Up-to-date: /home/snekkie/DroneBoys/install/drone_core/share/ament_index/resource_index/package_run_dependencies/drone_core
[0.354s] -- Up-to-date: /home/snekkie/DroneBoys/install/drone_core/share/ament_index/resource_index/parent_prefix_path/drone_core
[0.354s] -- Up-to-date: /home/snekkie/DroneBoys/install/drone_core/share/drone_core/environment/ament_prefix_path.sh
[0.354s] -- Up-to-date: /home/snekkie/DroneBoys/install/drone_core/share/drone_core/environment/ament_prefix_path.dsv
[0.354s] -- Up-to-date: /home/snekkie/DroneBoys/install/drone_core/share/drone_core/environment/path.sh
[0.354s] -- Up-to-date: /home/snekkie/DroneBoys/install/drone_core/share/drone_core/environment/path.dsv
[0.354s] -- Up-to-date: /home/snekkie/DroneBoys/install/drone_core/share/drone_core/local_setup.bash
[0.354s] -- Up-to-date: /home/snekkie/DroneBoys/install/drone_core/share/drone_core/local_setup.sh
[0.354s] -- Up-to-date: /home/snekkie/DroneBoys/install/drone_core/share/drone_core/local_setup.zsh
[0.354s] -- Up-to-date: /home/snekkie/DroneBoys/install/drone_core/share/drone_core/local_setup.dsv
[0.354s] -- Installing: /home/snekkie/DroneBoys/install/drone_core/share/drone_core/package.dsv
[0.354s] -- Up-to-date: /home/snekkie/DroneBoys/install/drone_core/share/ament_index/resource_index/packages/drone_core
[0.354s] -- Up-to-date: /home/snekkie/DroneBoys/install/drone_core/share/drone_core/cmake/export_drone_core__rosidl_generator_cExport.cmake
[0.354s] -- Up-to-date: /home/snekkie/DroneBoys/install/drone_core/share/drone_core/cmake/export_drone_core__rosidl_generator_cExport-noconfig.cmake
[0.354s] -- Up-to-date: /home/snekkie/DroneBoys/install/drone_core/share/drone_core/cmake/export_drone_core__rosidl_typesupport_fastrtps_cExport.cmake
[0.354s] -- Up-to-date: /home/snekkie/DroneBoys/install/drone_core/share/drone_core/cmake/export_drone_core__rosidl_typesupport_fastrtps_cExport-noconfig.cmake
[0.354s] -- Up-to-date: /home/snekkie/DroneBoys/install/drone_core/share/drone_core/cmake/export_drone_core__rosidl_generator_cppExport.cmake
[0.354s] -- Up-to-date: /home/snekkie/DroneBoys/install/drone_core/share/drone_core/cmake/export_drone_core__rosidl_typesupport_fastrtps_cppExport.cmake
[0.354s] -- Up-to-date: /home/snekkie/DroneBoys/install/drone_core/share/drone_core/cmake/export_drone_core__rosidl_typesupport_fastrtps_cppExport-noconfig.cmake
[0.354s] -- Up-to-date: /home/snekkie/DroneBoys/install/drone_core/share/drone_core/cmake/drone_core__rosidl_typesupport_introspection_cExport.cmake
[0.354s] -- Up-to-date: /home/snekkie/DroneBoys/install/drone_core/share/drone_core/cmake/drone_core__rosidl_typesupport_introspection_cExport-noconfig.cmake
[0.354s] -- Up-to-date: /home/snekkie/DroneBoys/install/drone_core/share/drone_core/cmake/drone_core__rosidl_typesupport_cExport.cmake
[0.354s] -- Up-to-date: /home/snekkie/DroneBoys/install/drone_core/share/drone_core/cmake/drone_core__rosidl_typesupport_cExport-noconfig.cmake
[0.354s] -- Up-to-date: /home/snekkie/DroneBoys/install/drone_core/share/drone_core/cmake/drone_core__rosidl_typesupport_introspection_cppExport.cmake
[0.354s] -- Up-to-date: /home/snekkie/DroneBoys/install/drone_core/share/drone_core/cmake/drone_core__rosidl_typesupport_introspection_cppExport-noconfig.cmake
[0.355s] -- Up-to-date: /home/snekkie/DroneBoys/install/drone_core/share/drone_core/cmake/drone_core__rosidl_typesupport_cppExport.cmake
[0.355s] -- Up-to-date: /home/snekkie/DroneBoys/install/drone_core/share/drone_core/cmake/drone_core__rosidl_typesupport_cppExport-noconfig.cmake
[0.355s] -- Up-to-date: /home/snekkie/DroneBoys/install/drone_core/share/drone_core/cmake/export_drone_core__rosidl_generator_pyExport.cmake
[0.355s] -- Up-to-date: /home/snekkie/DroneBoys/install/drone_core/share/drone_core/cmake/export_drone_core__rosidl_generator_pyExport-noconfig.cmake
[0.355s] -- Up-to-date: /home/snekkie/DroneBoys/install/drone_core/share/drone_core/cmake/rosidl_cmake-extras.cmake
[0.355s] -- Up-to-date: /home/snekkie/DroneBoys/install/drone_core/share/drone_core/cmake/ament_cmake_export_dependencies-extras.cmake
[0.355s] -- Up-to-date: /home/snekkie/DroneBoys/install/drone_core/share/drone_core/cmake/ament_cmake_export_include_directories-extras.cmake
[0.355s] -- Up-to-date: /home/snekkie/DroneBoys/install/drone_core/share/drone_core/cmake/ament_cmake_export_libraries-extras.cmake
[0.355s] -- Up-to-date: /home/snekkie/DroneBoys/install/drone_core/share/drone_core/cmake/ament_cmake_export_targets-extras.cmake
[0.355s] -- Up-to-date: /home/snekkie/DroneBoys/install/drone_core/share/drone_core/cmake/rosidl_cmake_export_typesupport_targets-extras.cmake
[0.355s] -- Up-to-date: /home/snekkie/DroneBoys/install/drone_core/share/drone_core/cmake/rosidl_cmake_export_typesupport_libraries-extras.cmake
[0.355s] -- Up-to-date: /home/snekkie/DroneBoys/install/drone_core/share/drone_core/cmake/drone_coreConfig.cmake
[0.355s] -- Up-to-date: /home/snekkie/DroneBoys/install/drone_core/share/drone_core/cmake/drone_coreConfig-version.cmake
[0.355s] -- Up-to-date: /home/snekkie/DroneBoys/install/drone_core/share/drone_core/package.xml
[0.357s] Invoked command in '/home/snekkie/DroneBoys/build/drone_core' returned '0': CMAKE_PREFIX_PATH=${CMAKE_PREFIX_PATH}:/opt/ros/jazzy DEBUGINFOD_URLS=https://debuginfod.ubuntu.com /usr/bin/cmake --install /home/snekkie/DroneBoys/build/drone_core
