[0.119s] DEBUG:colcon:Command line arguments: ['/usr/bin/colcon', 'build']
[0.119s] DEBUG:colcon:Parsed command line arguments: Namespace(log_base=None, log_level=None, verb_name='build', build_base='build', install_base='install', merge_install=False, symlink_install=False, test_result_base=None, continue_on_error=False, executor='parallel', parallel_workers=12, event_handlers=None, ignore_user_meta=False, metas=['./colcon.meta'], base_paths=['.'], packages_ignore=None, packages_ignore_regex=None, paths=None, packages_up_to=None, packages_up_to_regex=None, packages_above=None, packages_above_and_dependencies=None, packages_above_depth=None, packages_select_by_dep=None, packages_skip_by_dep=None, packages_skip_up_to=None, packages_select_build_failed=False, packages_skip_build_finished=False, packages_select_test_failures=False, packages_skip_test_passed=False, packages_select=None, packages_skip=None, packages_select_regex=None, packages_skip_regex=None, packages_start=None, packages_end=None, allow_overriding=[], cmake_args=None, cmake_target=None, cmake_target_skip_unavailable=False, cmake_clean_cache=False, cmake_clean_first=False, cmake_force_configure=False, ament_cmake_args=None, catkin_cmake_args=None, catkin_skip_building_tests=False, mixin_files=None, mixin=None, verb_parser=<colcon_mixin.mixin.mixin_argument.MixinArgumentDecorator object at 0x737c89b92f00>, verb_extension=<colcon_core.verb.build.BuildVerb object at 0x737c89b92c00>, main=<bound method BuildVerb.main of <colcon_core.verb.build.BuildVerb object at 0x737c89b92c00>>, mixin_verb=('build',))
[0.161s] Level 1:colcon.colcon_core.package_discovery:discover_packages(colcon_meta) check parameters
[0.161s] Level 1:colcon.colcon_core.package_discovery:discover_packages(recursive) check parameters
[0.161s] Level 1:colcon.colcon_core.package_discovery:discover_packages(ignore) check parameters
[0.161s] Level 1:colcon.colcon_core.package_discovery:discover_packages(path) check parameters
[0.161s] Level 1:colcon.colcon_core.package_discovery:discover_packages(colcon_meta) discover
[0.161s] Level 1:colcon.colcon_core.package_discovery:discover_packages(recursive) discover
[0.161s] INFO:colcon.colcon_core.package_discovery:Crawling recursively for packages in '/home/dksoren/drone_boys'
[0.162s] Level 1:colcon.colcon_core.package_identification:_identify(.) by extensions ['ignore', 'ignore_ament_install']
[0.162s] Level 1:colcon.colcon_core.package_identification:_identify(.) by extension 'ignore'
[0.162s] Level 1:colcon.colcon_core.package_identification:_identify(.) by extension 'ignore_ament_install'
[0.162s] Level 1:colcon.colcon_core.package_identification:_identify(.) by extensions ['colcon_pkg']
[0.162s] Level 1:colcon.colcon_core.package_identification:_identify(.) by extension 'colcon_pkg'
[0.162s] Level 1:colcon.colcon_core.package_identification:_identify(.) by extensions ['colcon_meta']
[0.162s] Level 1:colcon.colcon_core.package_identification:_identify(.) by extension 'colcon_meta'
[0.162s] Level 1:colcon.colcon_core.package_identification:_identify(.) by extensions ['ros']
[0.162s] Level 1:colcon.colcon_core.package_identification:_identify(.) by extension 'ros'
[0.189s] Level 1:colcon.colcon_core.package_identification:_identify(.) by extensions ['cmake', 'python']
[0.189s] Level 1:colcon.colcon_core.package_identification:_identify(.) by extension 'cmake'
[0.189s] Level 1:colcon.colcon_core.package_identification:_identify(.) by extension 'python'
[0.189s] Level 1:colcon.colcon_core.package_identification:_identify(.) by extensions ['python_setup_py']
[0.189s] Level 1:colcon.colcon_core.package_identification:_identify(.) by extension 'python_setup_py'
[0.189s] Level 1:colcon.colcon_core.package_identification:_identify(build) by extensions ['ignore', 'ignore_ament_install']
[0.189s] Level 1:colcon.colcon_core.package_identification:_identify(build) by extension 'ignore'
[0.189s] Level 1:colcon.colcon_core.package_identification:_identify(build) ignored
[0.189s] Level 1:colcon.colcon_core.package_identification:_identify(install) by extensions ['ignore', 'ignore_ament_install']
[0.189s] Level 1:colcon.colcon_core.package_identification:_identify(install) by extension 'ignore'
[0.189s] Level 1:colcon.colcon_core.package_identification:_identify(install) ignored
[0.190s] Level 1:colcon.colcon_core.package_identification:_identify(log) by extensions ['ignore', 'ignore_ament_install']
[0.190s] Level 1:colcon.colcon_core.package_identification:_identify(log) by extension 'ignore'
[0.190s] Level 1:colcon.colcon_core.package_identification:_identify(log) ignored
[0.190s] Level 1:colcon.colcon_core.package_identification:_identify(src) by extensions ['ignore', 'ignore_ament_install']
[0.190s] Level 1:colcon.colcon_core.package_identification:_identify(src) by extension 'ignore'
[0.190s] Level 1:colcon.colcon_core.package_identification:_identify(src) by extension 'ignore_ament_install'
[0.190s] Level 1:colcon.colcon_core.package_identification:_identify(src) by extensions ['colcon_pkg']
[0.190s] Level 1:colcon.colcon_core.package_identification:_identify(src) by extension 'colcon_pkg'
[0.190s] Level 1:colcon.colcon_core.package_identification:_identify(src) by extensions ['colcon_meta']
[0.190s] Level 1:colcon.colcon_core.package_identification:_identify(src) by extension 'colcon_meta'
[0.190s] Level 1:colcon.colcon_core.package_identification:_identify(src) by extensions ['ros']
[0.190s] Level 1:colcon.colcon_core.package_identification:_identify(src) by extension 'ros'
[0.190s] Level 1:colcon.colcon_core.package_identification:_identify(src) by extensions ['cmake', 'python']
[0.190s] Level 1:colcon.colcon_core.package_identification:_identify(src) by extension 'cmake'
[0.190s] Level 1:colcon.colcon_core.package_identification:_identify(src) by extension 'python'
[0.190s] Level 1:colcon.colcon_core.package_identification:_identify(src) by extensions ['python_setup_py']
[0.190s] Level 1:colcon.colcon_core.package_identification:_identify(src) by extension 'python_setup_py'
[0.191s] Level 1:colcon.colcon_core.package_identification:_identify(src/drone_core) by extensions ['ignore', 'ignore_ament_install']
[0.191s] Level 1:colcon.colcon_core.package_identification:_identify(src/drone_core) by extension 'ignore'
[0.191s] Level 1:colcon.colcon_core.package_identification:_identify(src/drone_core) by extension 'ignore_ament_install'
[0.191s] Level 1:colcon.colcon_core.package_identification:_identify(src/drone_core) by extensions ['colcon_pkg']
[0.191s] Level 1:colcon.colcon_core.package_identification:_identify(src/drone_core) by extension 'colcon_pkg'
[0.191s] Level 1:colcon.colcon_core.package_identification:_identify(src/drone_core) by extensions ['colcon_meta']
[0.191s] Level 1:colcon.colcon_core.package_identification:_identify(src/drone_core) by extension 'colcon_meta'
[0.191s] Level 1:colcon.colcon_core.package_identification:_identify(src/drone_core) by extensions ['ros']
[0.191s] Level 1:colcon.colcon_core.package_identification:_identify(src/drone_core) by extension 'ros'
[0.193s] DEBUG:colcon.colcon_core.package_identification:Package 'src/drone_core' with type 'ros.ament_cmake' and name 'drone_core'
[0.194s] Level 1:colcon.colcon_core.package_identification:_identify(src/drone_gui) by extensions ['ignore', 'ignore_ament_install']
[0.194s] Level 1:colcon.colcon_core.package_identification:_identify(src/drone_gui) by extension 'ignore'
[0.194s] Level 1:colcon.colcon_core.package_identification:_identify(src/drone_gui) by extension 'ignore_ament_install'
[0.194s] Level 1:colcon.colcon_core.package_identification:_identify(src/drone_gui) by extensions ['colcon_pkg']
[0.194s] Level 1:colcon.colcon_core.package_identification:_identify(src/drone_gui) by extension 'colcon_pkg'
[0.194s] Level 1:colcon.colcon_core.package_identification:_identify(src/drone_gui) by extensions ['colcon_meta']
[0.194s] Level 1:colcon.colcon_core.package_identification:_identify(src/drone_gui) by extension 'colcon_meta'
[0.194s] Level 1:colcon.colcon_core.package_identification:_identify(src/drone_gui) by extensions ['ros']
[0.194s] Level 1:colcon.colcon_core.package_identification:_identify(src/drone_gui) by extension 'ros'
[0.195s] DEBUG:colcon.colcon_core.package_identification:Package 'src/drone_gui' with type 'ros.ament_cmake' and name 'drone_gui'
[0.195s] Level 1:colcon.colcon_core.package_discovery:discover_packages(recursive) using defaults
[0.195s] Level 1:colcon.colcon_core.package_discovery:discover_packages(ignore) discover
[0.195s] Level 1:colcon.colcon_core.package_discovery:discover_packages(ignore) using defaults
[0.195s] Level 1:colcon.colcon_core.package_discovery:discover_packages(path) discover
[0.195s] Level 1:colcon.colcon_core.package_discovery:discover_packages(path) using defaults
[0.213s] Level 1:colcon.colcon_core.package_discovery:discover_packages(prefix_path) check parameters
[0.213s] Level 1:colcon.colcon_core.package_discovery:discover_packages(prefix_path) discover
[0.215s] DEBUG:colcon.colcon_installed_package_information.package_discovery:Found 3 installed packages in /home/dksoren/drone_boys/install
[0.217s] DEBUG:colcon.colcon_installed_package_information.package_discovery:Found 290 installed packages in /opt/ros/jazzy
[0.218s] Level 1:colcon.colcon_core.package_discovery:discover_packages(prefix_path) using defaults
[0.262s] Level 5:colcon.colcon_core.verb:set package 'drone_core' build argument 'cmake_args' from command line to 'None'
[0.262s] Level 5:colcon.colcon_core.verb:set package 'drone_core' build argument 'cmake_target' from command line to 'None'
[0.263s] Level 5:colcon.colcon_core.verb:set package 'drone_core' build argument 'cmake_target_skip_unavailable' from command line to 'False'
[0.263s] Level 5:colcon.colcon_core.verb:set package 'drone_core' build argument 'cmake_clean_cache' from command line to 'False'
[0.263s] Level 5:colcon.colcon_core.verb:set package 'drone_core' build argument 'cmake_clean_first' from command line to 'False'
[0.263s] Level 5:colcon.colcon_core.verb:set package 'drone_core' build argument 'cmake_force_configure' from command line to 'False'
[0.263s] Level 5:colcon.colcon_core.verb:set package 'drone_core' build argument 'ament_cmake_args' from command line to 'None'
[0.263s] Level 5:colcon.colcon_core.verb:set package 'drone_core' build argument 'catkin_cmake_args' from command line to 'None'
[0.263s] Level 5:colcon.colcon_core.verb:set package 'drone_core' build argument 'catkin_skip_building_tests' from command line to 'False'
[0.263s] DEBUG:colcon.colcon_core.verb:Building package 'drone_core' with the following arguments: {'ament_cmake_args': None, 'build_base': '/home/dksoren/drone_boys/build/drone_core', 'catkin_cmake_args': None, 'catkin_skip_building_tests': False, 'cmake_args': None, 'cmake_clean_cache': False, 'cmake_clean_first': False, 'cmake_force_configure': False, 'cmake_target': None, 'cmake_target_skip_unavailable': False, 'install_base': '/home/dksoren/drone_boys/install/drone_core', 'merge_install': False, 'path': '/home/dksoren/drone_boys/src/drone_core', 'symlink_install': False, 'test_result_base': None}
[0.263s] Level 5:colcon.colcon_core.verb:set package 'drone_gui' build argument 'cmake_args' from command line to 'None'
[0.263s] Level 5:colcon.colcon_core.verb:set package 'drone_gui' build argument 'cmake_target' from command line to 'None'
[0.263s] Level 5:colcon.colcon_core.verb:set package 'drone_gui' build argument 'cmake_target_skip_unavailable' from command line to 'False'
[0.263s] Level 5:colcon.colcon_core.verb:set package 'drone_gui' build argument 'cmake_clean_cache' from command line to 'False'
[0.263s] Level 5:colcon.colcon_core.verb:set package 'drone_gui' build argument 'cmake_clean_first' from command line to 'False'
[0.263s] Level 5:colcon.colcon_core.verb:set package 'drone_gui' build argument 'cmake_force_configure' from command line to 'False'
[0.263s] Level 5:colcon.colcon_core.verb:set package 'drone_gui' build argument 'ament_cmake_args' from command line to 'None'
[0.263s] Level 5:colcon.colcon_core.verb:set package 'drone_gui' build argument 'catkin_cmake_args' from command line to 'None'
[0.263s] Level 5:colcon.colcon_core.verb:set package 'drone_gui' build argument 'catkin_skip_building_tests' from command line to 'False'
[0.263s] DEBUG:colcon.colcon_core.verb:Building package 'drone_gui' with the following arguments: {'ament_cmake_args': None, 'build_base': '/home/dksoren/drone_boys/build/drone_gui', 'catkin_cmake_args': None, 'catkin_skip_building_tests': False, 'cmake_args': None, 'cmake_clean_cache': False, 'cmake_clean_first': False, 'cmake_force_configure': False, 'cmake_target': None, 'cmake_target_skip_unavailable': False, 'install_base': '/home/dksoren/drone_boys/install/drone_gui', 'merge_install': False, 'path': '/home/dksoren/drone_boys/src/drone_gui', 'symlink_install': False, 'test_result_base': None}
[0.263s] INFO:colcon.colcon_core.executor:Executing jobs using 'parallel' executor
[0.264s] DEBUG:colcon.colcon_parallel_executor.executor.parallel:run_until_complete
[0.265s] INFO:colcon.colcon_ros.task.ament_cmake.build:Building ROS package in '/home/dksoren/drone_boys/src/drone_core' with build type 'ament_cmake'
[0.265s] INFO:colcon.colcon_cmake.task.cmake.build:Building CMake package in '/home/dksoren/drone_boys/src/drone_core'
[0.268s] INFO:colcon.colcon_core.plugin_system:Skipping extension 'colcon_core.shell.bat': Not used on non-Windows systems
[0.268s] INFO:colcon.colcon_core.shell:Skip shell extension 'powershell' for command environment: Not usable outside of PowerShell
[0.268s] DEBUG:colcon.colcon_core.shell:Skip shell extension 'dsv' for command environment
[0.278s] DEBUG:colcon.colcon_core.event_handler.log_command:Invoking command in '/home/dksoren/drone_boys/build/drone_core': CMAKE_PREFIX_PATH=/home/dksoren/drone_boys/install/drone_gui:/opt/ros/jazzy:/home/dksoren/drone_boys/install/drone_core:/home/dksoren/drone_boys/install/drone:/opt/ros/jazzy/opt/gz_math_vendor:/opt/ros/jazzy/opt/gz_utils_vendor:/opt/ros/jazzy/opt/gz_cmake_vendor DEBUGINFOD_URLS=https://debuginfod.ubuntu.com /usr/bin/cmake --build /home/dksoren/drone_boys/build/drone_core -- -j12 -l12
[0.752s] DEBUG:colcon.colcon_core.event_handler.log_command:Invoked command in '/home/dksoren/drone_boys/build/drone_core' returned '0': CMAKE_PREFIX_PATH=/home/dksoren/drone_boys/install/drone_gui:/opt/ros/jazzy:/home/dksoren/drone_boys/install/drone_core:/home/dksoren/drone_boys/install/drone:/opt/ros/jazzy/opt/gz_math_vendor:/opt/ros/jazzy/opt/gz_utils_vendor:/opt/ros/jazzy/opt/gz_cmake_vendor DEBUGINFOD_URLS=https://debuginfod.ubuntu.com /usr/bin/cmake --build /home/dksoren/drone_boys/build/drone_core -- -j12 -l12
[0.762s] DEBUG:colcon.colcon_core.event_handler.log_command:Invoking command in '/home/dksoren/drone_boys/build/drone_core': CMAKE_PREFIX_PATH=/home/dksoren/drone_boys/install/drone_gui:/opt/ros/jazzy:/home/dksoren/drone_boys/install/drone_core:/home/dksoren/drone_boys/install/drone:/opt/ros/jazzy/opt/gz_math_vendor:/opt/ros/jazzy/opt/gz_utils_vendor:/opt/ros/jazzy/opt/gz_cmake_vendor DEBUGINFOD_URLS=https://debuginfod.ubuntu.com /usr/bin/cmake --install /home/dksoren/drone_boys/build/drone_core
[0.808s] Level 1:colcon.colcon_core.environment:create_environment_scripts_only(drone_core)
[0.808s] DEBUG:colcon.colcon_core.event_handler.log_command:Invoked command in '/home/dksoren/drone_boys/build/drone_core' returned '0': CMAKE_PREFIX_PATH=/home/dksoren/drone_boys/install/drone_gui:/opt/ros/jazzy:/home/dksoren/drone_boys/install/drone_core:/home/dksoren/drone_boys/install/drone:/opt/ros/jazzy/opt/gz_math_vendor:/opt/ros/jazzy/opt/gz_utils_vendor:/opt/ros/jazzy/opt/gz_cmake_vendor DEBUGINFOD_URLS=https://debuginfod.ubuntu.com /usr/bin/cmake --install /home/dksoren/drone_boys/build/drone_core
[0.810s] Level 1:colcon.colcon_core.environment:checking '/home/dksoren/drone_boys/install/drone_core' for CMake module files
[0.810s] Level 1:colcon.colcon_core.environment:checking '/home/dksoren/drone_boys/install/drone_core' for CMake config files
[0.811s] Level 1:colcon.colcon_core.shell:create_environment_hook('drone_core', 'cmake_prefix_path')
[0.811s] INFO:colcon.colcon_core.shell:Creating environment hook '/home/dksoren/drone_boys/install/drone_core/share/drone_core/hook/cmake_prefix_path.ps1'
[0.811s] INFO:colcon.colcon_core.shell:Creating environment descriptor '/home/dksoren/drone_boys/install/drone_core/share/drone_core/hook/cmake_prefix_path.dsv'
[0.811s] INFO:colcon.colcon_core.shell:Creating environment hook '/home/dksoren/drone_boys/install/drone_core/share/drone_core/hook/cmake_prefix_path.sh'
[0.812s] Level 1:colcon.colcon_core.environment:checking '/home/dksoren/drone_boys/install/drone_core/lib'
[0.812s] Level 1:colcon.colcon_core.shell:create_environment_hook('drone_core', 'ld_library_path_lib')
[0.812s] INFO:colcon.colcon_core.shell:Creating environment hook '/home/dksoren/drone_boys/install/drone_core/share/drone_core/hook/ld_library_path_lib.ps1'
[0.812s] INFO:colcon.colcon_core.shell:Creating environment descriptor '/home/dksoren/drone_boys/install/drone_core/share/drone_core/hook/ld_library_path_lib.dsv'
[0.813s] INFO:colcon.colcon_core.shell:Creating environment hook '/home/dksoren/drone_boys/install/drone_core/share/drone_core/hook/ld_library_path_lib.sh'
[0.813s] Level 1:colcon.colcon_core.environment:checking '/home/dksoren/drone_boys/install/drone_core/bin'
[0.813s] Level 1:colcon.colcon_core.environment:checking '/home/dksoren/drone_boys/install/drone_core/lib/pkgconfig/drone_core.pc'
[0.813s] Level 1:colcon.colcon_core.environment:checking '/home/dksoren/drone_boys/install/drone_core/lib/python3.12/site-packages'
[0.813s] Level 1:colcon.colcon_core.shell:create_environment_hook('drone_core', 'pythonpath')
[0.813s] INFO:colcon.colcon_core.shell:Creating environment hook '/home/dksoren/drone_boys/install/drone_core/share/drone_core/hook/pythonpath.ps1'
[0.814s] INFO:colcon.colcon_core.shell:Creating environment descriptor '/home/dksoren/drone_boys/install/drone_core/share/drone_core/hook/pythonpath.dsv'
[0.814s] INFO:colcon.colcon_core.shell:Creating environment hook '/home/dksoren/drone_boys/install/drone_core/share/drone_core/hook/pythonpath.sh'
[0.814s] Level 1:colcon.colcon_core.environment:checking '/home/dksoren/drone_boys/install/drone_core/bin'
[0.814s] INFO:colcon.colcon_core.shell:Creating package script '/home/dksoren/drone_boys/install/drone_core/share/drone_core/package.ps1'
[0.815s] INFO:colcon.colcon_core.shell:Creating package descriptor '/home/dksoren/drone_boys/install/drone_core/share/drone_core/package.dsv'
[0.815s] INFO:colcon.colcon_core.shell:Creating package script '/home/dksoren/drone_boys/install/drone_core/share/drone_core/package.sh'
[0.816s] INFO:colcon.colcon_core.shell:Creating package script '/home/dksoren/drone_boys/install/drone_core/share/drone_core/package.bash'
[0.816s] INFO:colcon.colcon_core.shell:Creating package script '/home/dksoren/drone_boys/install/drone_core/share/drone_core/package.zsh'
[0.816s] Level 1:colcon.colcon_core.environment:create_file_with_runtime_dependencies(/home/dksoren/drone_boys/install/drone_core/share/colcon-core/packages/drone_core)
[0.817s] Level 1:colcon.colcon_core.environment:create_environment_scripts_only(drone_core)
[0.817s] Level 1:colcon.colcon_core.environment:checking '/home/dksoren/drone_boys/install/drone_core' for CMake module files
[0.817s] Level 1:colcon.colcon_core.environment:checking '/home/dksoren/drone_boys/install/drone_core' for CMake config files
[0.818s] Level 1:colcon.colcon_core.shell:create_environment_hook('drone_core', 'cmake_prefix_path')
[0.818s] INFO:colcon.colcon_core.shell:Creating environment hook '/home/dksoren/drone_boys/install/drone_core/share/drone_core/hook/cmake_prefix_path.ps1'
[0.818s] INFO:colcon.colcon_core.shell:Creating environment descriptor '/home/dksoren/drone_boys/install/drone_core/share/drone_core/hook/cmake_prefix_path.dsv'
[0.818s] INFO:colcon.colcon_core.shell:Creating environment hook '/home/dksoren/drone_boys/install/drone_core/share/drone_core/hook/cmake_prefix_path.sh'
[0.819s] Level 1:colcon.colcon_core.environment:checking '/home/dksoren/drone_boys/install/drone_core/lib'
[0.819s] Level 1:colcon.colcon_core.shell:create_environment_hook('drone_core', 'ld_library_path_lib')
[0.819s] INFO:colcon.colcon_core.shell:Creating environment hook '/home/dksoren/drone_boys/install/drone_core/share/drone_core/hook/ld_library_path_lib.ps1'
[0.819s] INFO:colcon.colcon_core.shell:Creating environment descriptor '/home/dksoren/drone_boys/install/drone_core/share/drone_core/hook/ld_library_path_lib.dsv'
[0.819s] INFO:colcon.colcon_core.shell:Creating environment hook '/home/dksoren/drone_boys/install/drone_core/share/drone_core/hook/ld_library_path_lib.sh'
[0.819s] Level 1:colcon.colcon_core.environment:checking '/home/dksoren/drone_boys/install/drone_core/bin'
[0.820s] Level 1:colcon.colcon_core.environment:checking '/home/dksoren/drone_boys/install/drone_core/lib/pkgconfig/drone_core.pc'
[0.820s] Level 1:colcon.colcon_core.environment:checking '/home/dksoren/drone_boys/install/drone_core/lib/python3.12/site-packages'
[0.820s] Level 1:colcon.colcon_core.shell:create_environment_hook('drone_core', 'pythonpath')
[0.820s] INFO:colcon.colcon_core.shell:Creating environment hook '/home/dksoren/drone_boys/install/drone_core/share/drone_core/hook/pythonpath.ps1'
[0.820s] INFO:colcon.colcon_core.shell:Creating environment descriptor '/home/dksoren/drone_boys/install/drone_core/share/drone_core/hook/pythonpath.dsv'
[0.821s] INFO:colcon.colcon_core.shell:Creating environment hook '/home/dksoren/drone_boys/install/drone_core/share/drone_core/hook/pythonpath.sh'
[0.822s] Level 1:colcon.colcon_core.environment:checking '/home/dksoren/drone_boys/install/drone_core/bin'
[0.822s] INFO:colcon.colcon_core.shell:Creating package script '/home/dksoren/drone_boys/install/drone_core/share/drone_core/package.ps1'
[0.822s] INFO:colcon.colcon_core.shell:Creating package descriptor '/home/dksoren/drone_boys/install/drone_core/share/drone_core/package.dsv'
[0.822s] INFO:colcon.colcon_core.shell:Creating package script '/home/dksoren/drone_boys/install/drone_core/share/drone_core/package.sh'
[0.823s] INFO:colcon.colcon_core.shell:Creating package script '/home/dksoren/drone_boys/install/drone_core/share/drone_core/package.bash'
[0.823s] INFO:colcon.colcon_core.shell:Creating package script '/home/dksoren/drone_boys/install/drone_core/share/drone_core/package.zsh'
[0.823s] Level 1:colcon.colcon_core.environment:create_file_with_runtime_dependencies(/home/dksoren/drone_boys/install/drone_core/share/colcon-core/packages/drone_core)
[0.823s] INFO:colcon.colcon_ros.task.ament_cmake.build:Building ROS package in '/home/dksoren/drone_boys/src/drone_gui' with build type 'ament_cmake'
[0.823s] INFO:colcon.colcon_cmake.task.cmake.build:Building CMake package in '/home/dksoren/drone_boys/src/drone_gui'
[0.824s] INFO:colcon.colcon_core.shell:Skip shell extension 'powershell' for command environment: Not usable outside of PowerShell
[0.824s] DEBUG:colcon.colcon_core.shell:Skip shell extension 'dsv' for command environment
[0.832s] DEBUG:colcon.colcon_core.event_handler.log_command:Invoking command in '/home/dksoren/drone_boys/build/drone_gui': CMAKE_PREFIX_PATH=/opt/ros/jazzy:/home/dksoren/drone_boys/install/drone_core:/home/dksoren/drone_boys/install/drone_gui:/home/dksoren/drone_boys/install/drone:/opt/ros/jazzy/opt/gz_math_vendor:/opt/ros/jazzy/opt/gz_utils_vendor:/opt/ros/jazzy/opt/gz_cmake_vendor DEBUGINFOD_URLS=https://debuginfod.ubuntu.com /usr/bin/cmake --build /home/dksoren/drone_boys/build/drone_gui -- -j12 -l12
[0.993s] DEBUG:colcon.colcon_core.event_handler.log_command:Invoked command in '/home/dksoren/drone_boys/build/drone_gui' returned '0': CMAKE_PREFIX_PATH=/opt/ros/jazzy:/home/dksoren/drone_boys/install/drone_core:/home/dksoren/drone_boys/install/drone_gui:/home/dksoren/drone_boys/install/drone:/opt/ros/jazzy/opt/gz_math_vendor:/opt/ros/jazzy/opt/gz_utils_vendor:/opt/ros/jazzy/opt/gz_cmake_vendor DEBUGINFOD_URLS=https://debuginfod.ubuntu.com /usr/bin/cmake --build /home/dksoren/drone_boys/build/drone_gui -- -j12 -l12
[0.994s] DEBUG:colcon.colcon_core.event_handler.log_command:Invoking command in '/home/dksoren/drone_boys/build/drone_gui': CMAKE_PREFIX_PATH=/opt/ros/jazzy:/home/dksoren/drone_boys/install/drone_core:/home/dksoren/drone_boys/install/drone_gui:/home/dksoren/drone_boys/install/drone:/opt/ros/jazzy/opt/gz_math_vendor:/opt/ros/jazzy/opt/gz_utils_vendor:/opt/ros/jazzy/opt/gz_cmake_vendor DEBUGINFOD_URLS=https://debuginfod.ubuntu.com /usr/bin/cmake --install /home/dksoren/drone_boys/build/drone_gui
[1.013s] Level 1:colcon.colcon_core.environment:create_environment_scripts_only(drone_gui)
[1.014s] Level 1:colcon.colcon_core.environment:checking '/home/dksoren/drone_boys/install/drone_gui' for CMake module files
[1.014s] DEBUG:colcon.colcon_core.event_handler.log_command:Invoked command in '/home/dksoren/drone_boys/build/drone_gui' returned '0': CMAKE_PREFIX_PATH=/opt/ros/jazzy:/home/dksoren/drone_boys/install/drone_core:/home/dksoren/drone_boys/install/drone_gui:/home/dksoren/drone_boys/install/drone:/opt/ros/jazzy/opt/gz_math_vendor:/opt/ros/jazzy/opt/gz_utils_vendor:/opt/ros/jazzy/opt/gz_cmake_vendor DEBUGINFOD_URLS=https://debuginfod.ubuntu.com /usr/bin/cmake --install /home/dksoren/drone_boys/build/drone_gui
[1.015s] Level 1:colcon.colcon_core.environment:checking '/home/dksoren/drone_boys/install/drone_gui' for CMake config files
[1.015s] Level 1:colcon.colcon_core.shell:create_environment_hook('drone_gui', 'cmake_prefix_path')
[1.015s] INFO:colcon.colcon_core.shell:Creating environment hook '/home/dksoren/drone_boys/install/drone_gui/share/drone_gui/hook/cmake_prefix_path.ps1'
[1.015s] INFO:colcon.colcon_core.shell:Creating environment descriptor '/home/dksoren/drone_boys/install/drone_gui/share/drone_gui/hook/cmake_prefix_path.dsv'
[1.015s] INFO:colcon.colcon_core.shell:Creating environment hook '/home/dksoren/drone_boys/install/drone_gui/share/drone_gui/hook/cmake_prefix_path.sh'
[1.016s] Level 1:colcon.colcon_core.environment:checking '/home/dksoren/drone_boys/install/drone_gui/lib'
[1.016s] Level 1:colcon.colcon_core.environment:checking '/home/dksoren/drone_boys/install/drone_gui/bin'
[1.016s] Level 1:colcon.colcon_core.environment:checking '/home/dksoren/drone_boys/install/drone_gui/lib/pkgconfig/drone_gui.pc'
[1.016s] Level 1:colcon.colcon_core.environment:checking '/home/dksoren/drone_boys/install/drone_gui/lib/python3.12/site-packages'
[1.016s] Level 1:colcon.colcon_core.environment:checking '/home/dksoren/drone_boys/install/drone_gui/bin'
[1.016s] INFO:colcon.colcon_core.shell:Creating package script '/home/dksoren/drone_boys/install/drone_gui/share/drone_gui/package.ps1'
[1.017s] INFO:colcon.colcon_core.shell:Creating package descriptor '/home/dksoren/drone_boys/install/drone_gui/share/drone_gui/package.dsv'
[1.017s] INFO:colcon.colcon_core.shell:Creating package script '/home/dksoren/drone_boys/install/drone_gui/share/drone_gui/package.sh'
[1.017s] INFO:colcon.colcon_core.shell:Creating package script '/home/dksoren/drone_boys/install/drone_gui/share/drone_gui/package.bash'
[1.017s] INFO:colcon.colcon_core.shell:Creating package script '/home/dksoren/drone_boys/install/drone_gui/share/drone_gui/package.zsh'
[1.018s] Level 1:colcon.colcon_core.environment:create_file_with_runtime_dependencies(/home/dksoren/drone_boys/install/drone_gui/share/colcon-core/packages/drone_gui)
[1.018s] Level 1:colcon.colcon_core.environment:create_environment_scripts_only(drone_gui)
[1.018s] Level 1:colcon.colcon_core.environment:checking '/home/dksoren/drone_boys/install/drone_gui' for CMake module files
[1.019s] Level 1:colcon.colcon_core.environment:checking '/home/dksoren/drone_boys/install/drone_gui' for CMake config files
[1.019s] Level 1:colcon.colcon_core.shell:create_environment_hook('drone_gui', 'cmake_prefix_path')
[1.019s] INFO:colcon.colcon_core.shell:Creating environment hook '/home/dksoren/drone_boys/install/drone_gui/share/drone_gui/hook/cmake_prefix_path.ps1'
[1.019s] INFO:colcon.colcon_core.shell:Creating environment descriptor '/home/dksoren/drone_boys/install/drone_gui/share/drone_gui/hook/cmake_prefix_path.dsv'
[1.019s] INFO:colcon.colcon_core.shell:Creating environment hook '/home/dksoren/drone_boys/install/drone_gui/share/drone_gui/hook/cmake_prefix_path.sh'
[1.020s] Level 1:colcon.colcon_core.environment:checking '/home/dksoren/drone_boys/install/drone_gui/lib'
[1.020s] Level 1:colcon.colcon_core.environment:checking '/home/dksoren/drone_boys/install/drone_gui/bin'
[1.020s] Level 1:colcon.colcon_core.environment:checking '/home/dksoren/drone_boys/install/drone_gui/lib/pkgconfig/drone_gui.pc'
[1.020s] Level 1:colcon.colcon_core.environment:checking '/home/dksoren/drone_boys/install/drone_gui/lib/python3.12/site-packages'
[1.020s] Level 1:colcon.colcon_core.environment:checking '/home/dksoren/drone_boys/install/drone_gui/bin'
[1.020s] INFO:colcon.colcon_core.shell:Creating package script '/home/dksoren/drone_boys/install/drone_gui/share/drone_gui/package.ps1'
[1.020s] INFO:colcon.colcon_core.shell:Creating package descriptor '/home/dksoren/drone_boys/install/drone_gui/share/drone_gui/package.dsv'
[1.021s] INFO:colcon.colcon_core.shell:Creating package script '/home/dksoren/drone_boys/install/drone_gui/share/drone_gui/package.sh'
[1.021s] INFO:colcon.colcon_core.shell:Creating package script '/home/dksoren/drone_boys/install/drone_gui/share/drone_gui/package.bash'
[1.021s] INFO:colcon.colcon_core.shell:Creating package script '/home/dksoren/drone_boys/install/drone_gui/share/drone_gui/package.zsh'
[1.022s] Level 1:colcon.colcon_core.environment:create_file_with_runtime_dependencies(/home/dksoren/drone_boys/install/drone_gui/share/colcon-core/packages/drone_gui)
[1.022s] DEBUG:colcon.colcon_parallel_executor.executor.parallel:closing loop
[1.022s] DEBUG:colcon.colcon_parallel_executor.executor.parallel:loop closed
[1.022s] DEBUG:colcon.colcon_parallel_executor.executor.parallel:run_until_complete finished with '0'
[1.022s] DEBUG:colcon.colcon_core.event_reactor:joining thread
[1.026s] INFO:colcon.colcon_core.plugin_system:Skipping extension 'colcon_notification.desktop_notification.terminal_notifier': Not used on non-Darwin systems
[1.026s] INFO:colcon.colcon_core.plugin_system:Skipping extension 'colcon_notification.desktop_notification.win32': Not used on non-Windows systems
[1.026s] INFO:colcon.colcon_notification.desktop_notification:Sending desktop notification using 'notify2'
[1.035s] DEBUG:colcon.colcon_core.event_reactor:joined thread
[1.036s] INFO:colcon.colcon_core.shell:Creating prefix script '/home/dksoren/drone_boys/install/local_setup.ps1'
[1.036s] INFO:colcon.colcon_core.shell:Creating prefix util module '/home/dksoren/drone_boys/install/_local_setup_util_ps1.py'
[1.037s] INFO:colcon.colcon_core.shell:Creating prefix chain script '/home/dksoren/drone_boys/install/setup.ps1'
[1.038s] INFO:colcon.colcon_core.shell:Creating prefix script '/home/dksoren/drone_boys/install/local_setup.sh'
[1.038s] INFO:colcon.colcon_core.shell:Creating prefix util module '/home/dksoren/drone_boys/install/_local_setup_util_sh.py'
[1.039s] INFO:colcon.colcon_core.shell:Creating prefix chain script '/home/dksoren/drone_boys/install/setup.sh'
[1.039s] INFO:colcon.colcon_core.shell:Creating prefix script '/home/dksoren/drone_boys/install/local_setup.bash'
[1.040s] INFO:colcon.colcon_core.shell:Creating prefix chain script '/home/dksoren/drone_boys/install/setup.bash'
[1.040s] INFO:colcon.colcon_core.shell:Creating prefix script '/home/dksoren/drone_boys/install/local_setup.zsh'
[1.041s] INFO:colcon.colcon_core.shell:Creating prefix chain script '/home/dksoren/drone_boys/install/setup.zsh'
