[  2%] Built target drone_core__rosidl_generator_type_description
[  9%] Built target drone_core_lib
[  9%] Built target ament_cmake_python_copy_drone_core
[ 12%] Built target drone_core__cpp
[ 24%] Built target drone_core__rosidl_generator_c
[ 43%] Built target drone_core__rosidl_typesupport_cpp
[ 46%] Built target drone_core__rosidl_typesupport_fastrtps_c
[ 46%] Built target drone_core__rosidl_typesupport_c
[ 60%] Built target drone_core__rosidl_typesupport_fastrtps_cpp
[ 60%] Built target drone_core__rosidl_typesupport_introspection_c
[ 68%] Built target drone_core__rosidl_typesupport_introspection_cpp
[ 68%] Built target drone_core
[ 70%] Built target drone_core__py
[ 73%] [32mBuilding CXX object CMakeFiles/finder.dir/src/main.cpp.o[0m
[ 78%] Built target drone_core__rosidl_generator_py
[ 90%] Built target drone_core_s__rosidl_typesupport_c
[ 92%] Built target drone_core_s__rosidl_typesupport_introspection_c
[ 92%] Built target drone_core_s__rosidl_typesupport_fastrtps_c
running egg_info
writing drone_core.egg-info/PKG-INFO
writing dependency_links to drone_core.egg-info/dependency_links.txt
writing top-level names to drone_core.egg-info/top_level.txt
reading manifest file 'drone_core.egg-info/SOURCES.txt'
writing manifest file 'drone_core.egg-info/SOURCES.txt'
[ 92%] Built target ament_cmake_python_build_drone_core_egg
[01m[K/home/dksoren/drone_boys/src/drone_core/src/main.cpp:[m[K In member function ‘[01m[Kvoid CommandActionServer::[01;32m[Kexecute[m[K(std::shared_ptr<rclcpp_action::ServerGoalHandle<drone_core::action::FinderAction> >)[m[K’:
[01m[K/home/dksoren/drone_boys/src/drone_core/src/main.cpp:160:51:[m[K [01;31m[Kerror: [m[K‘[01m[Kcfg[m[K’ was not declared in this scope
  160 |                 image = field_coloredshirt(image, [01;31m[Kcfg[m[K);
      |                                                   [01;31m[K^~~[m[K
[01m[K/home/dksoren/drone_boys/src/drone_core/src/main.cpp:168:48:[m[K [01;31m[Kerror: [m[K‘[01m[Kcfg[m[K’ was not declared in this scope
  168 |                 sky_sorted_coloredshirt(image, [01;31m[Kcfg[m[K);
      |                                                [01;31m[K^~~[m[K
gmake[2]: *** [CMakeFiles/finder.dir/build.make:76: CMakeFiles/finder.dir/src/main.cpp.o] Error 1
gmake[1]: *** [CMakeFiles/Makefile2:655: CMakeFiles/finder.dir/all] Error 2
gmake: *** [Makefile:146: all] Error 2
