[0.012s] Invoking command in '/home/dksoren/drone_boys/build/drone_core': DEBUGINFOD_URLS=https://debuginfod.ubuntu.com /usr/bin/cmake --build /home/dksoren/drone_boys/build/drone_core -- -j12 -l12
[0.076s] [  2%] Built target drone_core__rosidl_generator_type_description
[0.079s] [  9%] Built target drone_core_lib
[0.089s] [  9%] Built target ament_cmake_python_copy_drone_core
[0.102s] [ 12%] Built target drone_core__cpp
[0.102s] [ 24%] Built target drone_core__rosidl_generator_c
[0.135s] [ 43%] Built target drone_core__rosidl_typesupport_cpp
[0.135s] [ 46%] Built target drone_core__rosidl_typesupport_fastrtps_c
[0.135s] [ 46%] Built target drone_core__rosidl_typesupport_c
[0.136s] [ 60%] Built target drone_core__rosidl_typesupport_fastrtps_cpp
[0.136s] [ 60%] Built target drone_core__rosidl_typesupport_introspection_c
[0.137s] [ 68%] Built target drone_core__rosidl_typesupport_introspection_cpp
[0.167s] [ 68%] Built target drone_core
[0.190s] [ 70%] Built target drone_core__py
[0.207s] [ 73%] [32mBuilding CXX object CMakeFiles/finder.dir/src/main.cpp.o[0m
[0.211s] [ 78%] Built target drone_core__rosidl_generator_py
[0.231s] [ 90%] Built target drone_core_s__rosidl_typesupport_c
[0.231s] [ 92%] Built target drone_core_s__rosidl_typesupport_introspection_c
[0.231s] [ 92%] Built target drone_core_s__rosidl_typesupport_fastrtps_c
[0.301s] running egg_info
[0.319s] writing drone_core.egg-info/PKG-INFO
[0.319s] writing dependency_links to drone_core.egg-info/dependency_links.txt
[0.319s] writing top-level names to drone_core.egg-info/top_level.txt
[0.371s] reading manifest file 'drone_core.egg-info/SOURCES.txt'
[0.371s] writing manifest file 'drone_core.egg-info/SOURCES.txt'
[0.399s] [ 92%] Built target ament_cmake_python_build_drone_core_egg
[3.293s] [01m[K/home/dksoren/drone_boys/src/drone_core/src/main.cpp:[m[K In member function ‘[01m[Kvoid CommandActionServer::[01;32m[Kexecute[m[K(std::shared_ptr<rclcpp_action::ServerGoalHandle<drone_core::action::FinderAction> >)[m[K’:
[3.294s] [01m[K/home/dksoren/drone_boys/src/drone_core/src/main.cpp:160:51:[m[K [01;31m[Kerror: [m[K‘[01m[Kcfg[m[K’ was not declared in this scope
[3.294s]   160 |                 image = field_coloredshirt(image, [01;31m[Kcfg[m[K);
[3.294s]       |                                                   [01;31m[K^~~[m[K
[3.299s] [01m[K/home/dksoren/drone_boys/src/drone_core/src/main.cpp:168:48:[m[K [01;31m[Kerror: [m[K‘[01m[Kcfg[m[K’ was not declared in this scope
[3.300s]   168 |                 sky_sorted_coloredshirt(image, [01;31m[Kcfg[m[K);
[3.300s]       |                                                [01;31m[K^~~[m[K
[4.505s] gmake[2]: *** [CMakeFiles/finder.dir/build.make:76: CMakeFiles/finder.dir/src/main.cpp.o] Error 1
[4.506s] gmake[1]: *** [CMakeFiles/Makefile2:655: CMakeFiles/finder.dir/all] Error 2
[4.506s] gmake: *** [Makefile:146: all] Error 2
[4.508s] Invoked command in '/home/dksoren/drone_boys/build/drone_core' returned '2': DEBUGINFOD_URLS=https://debuginfod.ubuntu.com /usr/bin/cmake --build /home/dksoren/drone_boys/build/drone_core -- -j12 -l12
