[0.011s] Invoking command in '/home/dksoren/drone_boys/build/drone_gui': CMAKE_PREFIX_PATH=/opt/ros/jazzy:/home/dksoren/drone_boys/install/drone_core:${CMAKE_PREFIX_PATH} DEBUGINFOD_URLS=https://debuginfod.ubuntu.com LD_LIBRARY_PATH=/home/dksoren/drone_boys/install/drone_core/lib:${LD_LIBRARY_PATH} PKG_CONFIG_PATH=/home/dksoren/drone_boys/install/drone_core/lib/x86_64-linux-gnu/pkgconfig:/home/dksoren/drone_boys/install/drone_core/lib/pkgconfig PYTHONPATH=/home/dksoren/drone_boys/install/drone_core/lib/python3.12/site-packages:${PYTHONPATH} ROS_PACKAGE_PATH=/home/dksoren/drone_boys/install/drone_core/share /usr/bin/cmake /home/dksoren/drone_boys/src/drone_gui -DCMAKE_INSTALL_PREFIX=/home/dksoren/drone_boys/install/drone_gui
[0.022s] -- Found ament_cmake: 2.5.4 (/opt/ros/jazzy/share/ament_cmake/cmake)
[0.191s] -- Found rclcpp: 28.1.12 (/opt/ros/jazzy/share/rclcpp/cmake)
[0.213s] -- Found rosidl_generator_c: 4.6.6 (/opt/ros/jazzy/share/rosidl_generator_c/cmake)
[0.220s] -- Found rosidl_generator_cpp: 4.6.6 (/opt/ros/jazzy/share/rosidl_generator_cpp/cmake)
[0.228s] -- Using all available rosidl_typesupport_c: rosidl_typesupport_fastrtps_c;rosidl_typesupport_introspection_c
[0.237s] -- Using all available rosidl_typesupport_cpp: rosidl_typesupport_fastrtps_cpp;rosidl_typesupport_introspection_cpp
[0.284s] -- Found rmw_implementation_cmake: 7.3.2 (/opt/ros/jazzy/share/rmw_implementation_cmake/cmake)
[0.285s] -- Found rmw_fastrtps_cpp: 8.4.3 (/opt/ros/jazzy/share/rmw_fastrtps_cpp/cmake)
[0.337s] -- Using RMW implementation 'rmw_fastrtps_cpp' as default
[0.386s] -- Found std_msgs: 5.3.6 (/opt/ros/jazzy/share/std_msgs/cmake)
[1.645s] [0mCMake Deprecation Warning at /home/dksoren/drone_boys/build/drone_gui/_deps/glfw-src/CMakeLists.txt:1 (cmake_minimum_required):
[1.645s]   Compatibility with CMake < 3.5 will be removed from a future version of
[1.645s]   CMake.
[1.645s] 
[1.645s]   Update the VERSION argument <min> value or use a ...<max> suffix to tell
[1.646s]   CMake that the project does not need compatibility with older versions.
[1.646s] 
[1.646s] [0m
[1.650s] -- Could NOT find Doxygen (missing: DOXYGEN_EXECUTABLE) 
[1.650s] -- Using X11 for window creation
[1.783s] -- Configuring done (1.8s)
[1.841s] -- Generating done (0.0s)
[1.856s] -- Build files have been written to: /home/dksoren/drone_boys/build/drone_gui
[1.867s] Invoked command in '/home/dksoren/drone_boys/build/drone_gui' returned '0': CMAKE_PREFIX_PATH=/opt/ros/jazzy:/home/dksoren/drone_boys/install/drone_core:${CMAKE_PREFIX_PATH} DEBUGINFOD_URLS=https://debuginfod.ubuntu.com LD_LIBRARY_PATH=/home/dksoren/drone_boys/install/drone_core/lib:${LD_LIBRARY_PATH} PKG_CONFIG_PATH=/home/dksoren/drone_boys/install/drone_core/lib/x86_64-linux-gnu/pkgconfig:/home/dksoren/drone_boys/install/drone_core/lib/pkgconfig PYTHONPATH=/home/dksoren/drone_boys/install/drone_core/lib/python3.12/site-packages:${PYTHONPATH} ROS_PACKAGE_PATH=/home/dksoren/drone_boys/install/drone_core/share /usr/bin/cmake /home/dksoren/drone_boys/src/drone_gui -DCMAKE_INSTALL_PREFIX=/home/dksoren/drone_boys/install/drone_gui
[1.868s] Invoking command in '/home/dksoren/drone_boys/build/drone_gui': CMAKE_PREFIX_PATH=/opt/ros/jazzy:/home/dksoren/drone_boys/install/drone_core:${CMAKE_PREFIX_PATH} DEBUGINFOD_URLS=https://debuginfod.ubuntu.com LD_LIBRARY_PATH=/home/dksoren/drone_boys/install/drone_core/lib:${LD_LIBRARY_PATH} PKG_CONFIG_PATH=/home/dksoren/drone_boys/install/drone_core/lib/x86_64-linux-gnu/pkgconfig:/home/dksoren/drone_boys/install/drone_core/lib/pkgconfig PYTHONPATH=/home/dksoren/drone_boys/install/drone_core/lib/python3.12/site-packages:${PYTHONPATH} ROS_PACKAGE_PATH=/home/dksoren/drone_boys/install/drone_core/share /usr/bin/cmake --build /home/dksoren/drone_boys/build/drone_gui -- -j12 -l12
[1.922s] [  4%] [32mBuilding C object _deps/glfw-build/src/CMakeFiles/glfw.dir/vulkan.c.o[0m
[1.922s] [  4%] [32mBuilding C object _deps/glfw-build/src/CMakeFiles/glfw.dir/init.c.o[0m
[1.923s] [  4%] [32mBuilding C object _deps/glfw-build/src/CMakeFiles/glfw.dir/window.c.o[0m
[1.923s] [  6%] [32mBuilding C object _deps/glfw-build/src/CMakeFiles/glfw.dir/xkb_unicode.c.o[0m
[1.923s] [  7%] [32mBuilding C object _deps/glfw-build/src/CMakeFiles/glfw.dir/x11_monitor.c.o[0m
[1.924s] [  4%] [32mBuilding C object _deps/glfw-build/src/CMakeFiles/glfw.dir/input.c.o[0m
[1.924s] [  4%] [32mBuilding C object _deps/glfw-build/src/CMakeFiles/glfw.dir/x11_window.c.o[0m
[1.924s] [  7%] [32mBuilding C object _deps/glfw-build/src/CMakeFiles/glfw.dir/x11_init.c.o[0m
[1.924s] [  8%] [32mBuilding C object _deps/glfw-build/src/CMakeFiles/glfw.dir/posix_thread.c.o[0m
[1.924s] [  8%] [32mBuilding C object _deps/glfw-build/src/CMakeFiles/glfw.dir/monitor.c.o[0m
[1.925s] [  9%] [32mBuilding C object _deps/glfw-build/src/CMakeFiles/glfw.dir/context.c.o[0m
[1.930s] [ 10%] [32mBuilding C object _deps/glfw-build/src/CMakeFiles/glfw.dir/posix_time.c.o[0m
[2.002s] [ 10%] [32mBuilding C object _deps/glfw-build/src/CMakeFiles/glfw.dir/glx_context.c.o[0m
[2.019s] [ 11%] [32mBuilding C object _deps/glfw-build/src/CMakeFiles/glfw.dir/egl_context.c.o[0m
[2.025s] [ 12%] [32mBuilding C object _deps/glfw-build/src/CMakeFiles/glfw.dir/linux_joystick.c.o[0m
[2.034s] [ 13%] [32mBuilding C object _deps/glfw-build/src/CMakeFiles/glfw.dir/osmesa_context.c.o[0m
[2.124s] [ 14%] [32m[1mLinking C static library libglfw3.a[0m
[2.189s] [ 14%] Built target glfw
[2.212s] [ 17%] [32mBuilding C object _deps/glfw-build/examples/CMakeFiles/particles.dir/particles.c.o[0m
[2.212s] [ 17%] [32mBuilding C object _deps/glfw-build/examples/CMakeFiles/heightmap.dir/heightmap.c.o[0m
[2.212s] [ 17%] [32mBuilding C object _deps/glfw-build/examples/CMakeFiles/boing.dir/boing.c.o[0m
[2.212s] [ 17%] [32mBuilding C object _deps/glfw-build/examples/CMakeFiles/sharing.dir/sharing.c.o[0m
[2.212s] [ 17%] [32mBuilding C object _deps/glfw-build/examples/CMakeFiles/offscreen.dir/offscreen.c.o[0m
[2.213s] [ 17%] [32mBuilding C object _deps/glfw-build/examples/CMakeFiles/splitview.dir/splitview.c.o[0m
[2.213s] [ 17%] [32mBuilding CXX object CMakeFiles/ImGuiLib.dir/_deps/imgui-src/imgui.cpp.o[0m
[2.214s] [ 18%] [32mBuilding C object _deps/glfw-build/tests/CMakeFiles/clipboard.dir/clipboard.c.o[0m
[2.216s] [ 19%] [32mBuilding C object _deps/glfw-build/tests/CMakeFiles/events.dir/events.c.o[0m
[2.216s] [ 21%] [32mBuilding C object _deps/glfw-build/examples/CMakeFiles/simple.dir/simple.c.o[0m
[2.217s] [ 21%] [32mBuilding C object _deps/glfw-build/examples/CMakeFiles/gears.dir/gears.c.o[0m
[2.219s] [ 22%] [32mBuilding C object _deps/glfw-build/examples/CMakeFiles/wave.dir/wave.c.o[0m
[2.273s] [ 22%] [32mBuilding C object _deps/glfw-build/tests/CMakeFiles/clipboard.dir/__/__/glfw-src/deps/getopt.c.o[0m
[2.284s] [ 23%] [32mBuilding C object _deps/glfw-build/examples/CMakeFiles/sharing.dir/__/__/glfw-src/deps/glad_gl.c.o[0m
[2.289s] [ 23%] [32mBuilding C object _deps/glfw-build/examples/CMakeFiles/simple.dir/__/__/glfw-src/deps/glad_gl.c.o[0m
[2.292s] [ 24%] [32mBuilding C object _deps/glfw-build/examples/CMakeFiles/heightmap.dir/__/__/glfw-src/deps/glad_gl.c.o[0m
[2.301s] [ 25%] [32mBuilding C object _deps/glfw-build/examples/CMakeFiles/gears.dir/__/__/glfw-src/deps/glad_gl.c.o[0m
[2.302s] [ 26%] [32mBuilding C object _deps/glfw-build/tests/CMakeFiles/events.dir/__/__/glfw-src/deps/getopt.c.o[0m
[2.304s] [ 27%] [32mBuilding C object _deps/glfw-build/examples/CMakeFiles/wave.dir/__/__/glfw-src/deps/glad_gl.c.o[0m
[2.305s] [ 28%] [32mBuilding C object _deps/glfw-build/examples/CMakeFiles/boing.dir/__/__/glfw-src/deps/glad_gl.c.o[0m
[2.310s] [ 29%] [32mBuilding C object _deps/glfw-build/examples/CMakeFiles/splitview.dir/__/__/glfw-src/deps/glad_gl.c.o[0m
[2.310s] [ 30%] [32mBuilding C object _deps/glfw-build/tests/CMakeFiles/clipboard.dir/__/__/glfw-src/deps/glad_gl.c.o[0m
[2.317s] [ 31%] [32mBuilding C object _deps/glfw-build/examples/CMakeFiles/particles.dir/__/__/glfw-src/deps/tinycthread.c.o[0m
[2.345s] [ 32%] [32mBuilding C object _deps/glfw-build/tests/CMakeFiles/events.dir/__/__/glfw-src/deps/glad_gl.c.o[0m
[2.357s] [ 33%] [32mBuilding C object _deps/glfw-build/examples/CMakeFiles/offscreen.dir/__/__/glfw-src/deps/glad_gl.c.o[0m
[2.384s] [ 34%] [32mBuilding C object _deps/glfw-build/examples/CMakeFiles/particles.dir/__/__/glfw-src/deps/getopt.c.o[0m
[2.427s] [ 34%] [32mBuilding C object _deps/glfw-build/examples/CMakeFiles/particles.dir/__/__/glfw-src/deps/glad_gl.c.o[0m
[2.442s] [ 35%] [32m[1mLinking C executable sharing[0m
[2.444s] [ 35%] [32m[1mLinking C executable heightmap[0m
[2.444s] [ 36%] [32m[1mLinking C executable simple[0m
[2.453s] [ 36%] [32m[1mLinking C executable wave[0m
[2.453s] [ 36%] [32m[1mLinking C executable gears[0m
[2.453s] [ 37%] [32m[1mLinking C executable boing[0m
[2.468s] [ 39%] [32m[1mLinking C executable clipboard[0m
[2.468s] [ 39%] [32m[1mLinking C executable splitview[0m
[2.509s] [ 40%] [32m[1mLinking C executable events[0m
[2.535s] [ 41%] [32m[1mLinking C executable offscreen[0m
[2.540s] [ 41%] Built target heightmap
[2.544s] [ 41%] Built target simple
[2.544s] [ 41%] Built target sharing
[2.548s] [ 41%] Built target gears
[2.548s] [ 41%] Built target boing
[2.551s] [ 41%] Built target wave
[2.555s] [ 42%] [32mBuilding CXX object CMakeFiles/ImGuiLib.dir/_deps/imgui-src/imgui_draw.cpp.o[0m
[2.557s] [ 42%] Built target clipboard
[2.560s] [ 44%] [32mBuilding CXX object CMakeFiles/ImGuiLib.dir/_deps/imgui-src/imgui_tables.cpp.o[0m
[2.560s] [ 44%] [32mBuilding CXX object CMakeFiles/ImGuiLib.dir/_deps/imgui-src/imgui_widgets.cpp.o[0m
[2.565s] [ 44%] [32mBuilding CXX object CMakeFiles/ImGuiLib.dir/_deps/imgui-src/backends/imgui_impl_glfw.cpp.o[0m
[2.569s] [ 46%] [32mBuilding CXX object CMakeFiles/ImGuiLib.dir/_deps/imgui-src/backends/imgui_impl_opengl3.cpp.o[0m
[2.569s] [ 46%] [32mBuilding C object _deps/glfw-build/tests/CMakeFiles/msaa.dir/msaa.c.o[0m
[2.573s] [ 46%] [32mBuilding C object _deps/glfw-build/tests/CMakeFiles/glfwinfo.dir/glfwinfo.c.o[0m
[2.574s] [ 46%] Built target splitview
[2.586s] [ 47%] [32mBuilding C object _deps/glfw-build/tests/CMakeFiles/glfwinfo.dir/__/__/glfw-src/deps/getopt.c.o[0m
[2.592s] [ 48%] [32m[1mLinking C executable particles[0m
[2.598s] [ 48%] Built target events
[2.609s] [ 49%] [32mBuilding C object _deps/glfw-build/tests/CMakeFiles/glfwinfo.dir/__/__/glfw-src/deps/glad_gl.c.o[0m
[2.624s] [ 49%] Built target offscreen
[2.655s] [ 50%] [32mBuilding C object _deps/glfw-build/tests/CMakeFiles/iconify.dir/iconify.c.o[0m
[2.665s] [ 51%] [32mBuilding C object _deps/glfw-build/tests/CMakeFiles/monitors.dir/monitors.c.o[0m
[2.674s] [ 51%] Built target particles
[2.680s] [ 52%] [32mBuilding C object _deps/glfw-build/tests/CMakeFiles/msaa.dir/__/__/glfw-src/deps/getopt.c.o[0m
[2.686s] [ 54%] [32mBuilding C object _deps/glfw-build/tests/CMakeFiles/monitors.dir/__/__/glfw-src/deps/getopt.c.o[0m
[2.686s] [ 54%] [32mBuilding C object _deps/glfw-build/tests/CMakeFiles/msaa.dir/__/__/glfw-src/deps/glad_gl.c.o[0m
[2.725s] [ 55%] [32mBuilding C object _deps/glfw-build/tests/CMakeFiles/monitors.dir/__/__/glfw-src/deps/glad_gl.c.o[0m
[2.726s] [ 55%] [32mBuilding C object _deps/glfw-build/tests/CMakeFiles/iconify.dir/__/__/glfw-src/deps/getopt.c.o[0m
[2.739s] [ 56%] [32mBuilding C object _deps/glfw-build/tests/CMakeFiles/glfwinfo.dir/__/__/glfw-src/deps/glad_vulkan.c.o[0m
[2.749s] [ 57%] [32mBuilding C object _deps/glfw-build/tests/CMakeFiles/reopen.dir/reopen.c.o[0m
[2.772s] [ 58%] [32mBuilding C object _deps/glfw-build/tests/CMakeFiles/iconify.dir/__/__/glfw-src/deps/glad_gl.c.o[0m
[2.775s] [ 60%] [32mBuilding C object _deps/glfw-build/tests/CMakeFiles/cursor.dir/cursor.c.o[0m
[2.775s] [ 60%] [32mBuilding C object _deps/glfw-build/tests/CMakeFiles/reopen.dir/__/__/glfw-src/deps/glad_gl.c.o[0m
[2.791s] [ 61%] [32mBuilding C object _deps/glfw-build/tests/CMakeFiles/empty.dir/empty.c.o[0m
[2.828s] [ 62%] [32m[1mLinking C executable glfwinfo[0m
[2.829s] [ 62%] [32mBuilding C object _deps/glfw-build/tests/CMakeFiles/empty.dir/__/__/glfw-src/deps/tinycthread.c.o[0m
[2.857s] [ 63%] [32m[1mLinking C executable msaa[0m
[2.885s] [ 64%] [32mBuilding C object _deps/glfw-build/tests/CMakeFiles/cursor.dir/__/__/glfw-src/deps/glad_gl.c.o[0m
[2.901s] [ 65%] [32mBuilding C object _deps/glfw-build/tests/CMakeFiles/empty.dir/__/__/glfw-src/deps/glad_gl.c.o[0m
[2.901s] [ 65%] [32mBuilding C object _deps/glfw-build/tests/CMakeFiles/gamma.dir/gamma.c.o[0m
[2.919s] [ 65%] [32m[1mLinking C executable monitors[0m
[2.921s] [ 65%] Built target glfwinfo
[2.928s] [ 66%] [32m[1mLinking C executable reopen[0m
[2.934s] [ 67%] [32mBuilding C object _deps/glfw-build/tests/CMakeFiles/gamma.dir/__/__/glfw-src/deps/glad_gl.c.o[0m
[2.938s] [ 67%] Built target msaa
[2.939s] [ 68%] [32m[1mLinking C executable iconify[0m
[2.967s] [ 69%] [32mBuilding C object _deps/glfw-build/tests/CMakeFiles/icon.dir/icon.c.o[0m
[3.014s] [ 69%] Built target monitors
[3.025s] [ 69%] Built target reopen
[3.031s] [ 70%] [32mBuilding C object _deps/glfw-build/tests/CMakeFiles/icon.dir/__/__/glfw-src/deps/glad_gl.c.o[0m
[3.047s] [ 70%] Built target iconify
[3.053s] [ 71%] [32m[1mLinking C executable cursor[0m
[3.053s] [ 71%] [32mBuilding C object _deps/glfw-build/tests/CMakeFiles/inputlag.dir/inputlag.c.o[0m
[3.055s] [ 71%] [32m[1mLinking C executable empty[0m
[3.060s] [ 71%] [32mBuilding C object _deps/glfw-build/tests/CMakeFiles/inputlag.dir/__/__/glfw-src/deps/getopt.c.o[0m
[3.083s] [ 72%] [32mBuilding C object _deps/glfw-build/tests/CMakeFiles/joysticks.dir/joysticks.c.o[0m
[3.097s] [ 73%] [32mBuilding C object _deps/glfw-build/tests/CMakeFiles/inputlag.dir/__/__/glfw-src/deps/glad_gl.c.o[0m
[3.146s] [ 73%] Built target empty
[3.148s] [ 73%] Built target cursor
[3.163s] [ 74%] [32mBuilding C object _deps/glfw-build/tests/CMakeFiles/opacity.dir/opacity.c.o[0m
[3.183s] [ 74%] [32mBuilding C object _deps/glfw-build/tests/CMakeFiles/tearing.dir/tearing.c.o[0m
[3.186s] [ 75%] [32mBuilding C object _deps/glfw-build/tests/CMakeFiles/threads.dir/threads.c.o[0m
[3.202s] [ 76%] [32m[1mLinking C executable icon[0m
[3.283s] [ 76%] [32mBuilding C object _deps/glfw-build/tests/CMakeFiles/threads.dir/__/__/glfw-src/deps/tinycthread.c.o[0m
[3.288s] [ 76%] [32mBuilding C object _deps/glfw-build/tests/CMakeFiles/opacity.dir/__/__/glfw-src/deps/glad_gl.c.o[0m
[3.301s] [ 76%] Built target icon
[3.305s] [ 77%] [32mBuilding C object _deps/glfw-build/tests/CMakeFiles/tearing.dir/__/__/glfw-src/deps/glad_gl.c.o[0m
[3.322s] [ 78%] [32mBuilding C object _deps/glfw-build/tests/CMakeFiles/threads.dir/__/__/glfw-src/deps/glad_gl.c.o[0m
[3.368s] [ 79%] [32mBuilding C object _deps/glfw-build/tests/CMakeFiles/joysticks.dir/__/__/glfw-src/deps/glad_gl.c.o[0m
[3.484s] [ 80%] [32mBuilding C object _deps/glfw-build/tests/CMakeFiles/timeout.dir/timeout.c.o[0m
[3.523s] [ 81%] [32m[1mLinking C executable tearing[0m
[3.537s] [ 82%] [32m[1mLinking C executable threads[0m
[3.544s] [ 83%] [32mBuilding C object _deps/glfw-build/tests/CMakeFiles/timeout.dir/__/__/glfw-src/deps/glad_gl.c.o[0m
[3.593s] [ 84%] [32mBuilding C object _deps/glfw-build/tests/CMakeFiles/title.dir/title.c.o[0m
[3.628s] [ 84%] Built target tearing
[3.648s] [ 84%] Built target threads
[3.669s] [ 85%] [32mBuilding C object _deps/glfw-build/tests/CMakeFiles/title.dir/__/__/glfw-src/deps/glad_gl.c.o[0m
[3.676s] [ 85%] [32mBuilding C object _deps/glfw-build/tests/CMakeFiles/triangle-vulkan.dir/triangle-vulkan.c.o[0m
[3.740s] [ 86%] [32m[1mLinking C executable timeout[0m
[3.740s] [ 86%] [32mBuilding C object _deps/glfw-build/tests/CMakeFiles/windows.dir/windows.c.o[0m
[3.823s] [ 87%] [32mBuilding C object _deps/glfw-build/tests/CMakeFiles/windows.dir/__/__/glfw-src/deps/getopt.c.o[0m
[3.830s] [ 87%] Built target timeout
[3.840s] [ 88%] [32m[1mLinking C executable title[0m
[3.841s] [ 90%] [32mBuilding C object _deps/glfw-build/tests/CMakeFiles/windows.dir/__/__/glfw-src/deps/glad_gl.c.o[0m
[3.842s] [ 90%] [32mBuilding C object _deps/glfw-build/tests/CMakeFiles/triangle-vulkan.dir/__/__/glfw-src/deps/glad_vulkan.c.o[0m
[3.923s] [ 90%] Built target title
[3.930s] [ 91%] [32m[1mLinking C executable triangle-vulkan[0m
[3.999s] [ 92%] [32m[1mLinking C executable windows[0m
[4.016s] [ 92%] Built target triangle-vulkan
[4.055s] [ 92%] Built target windows
[4.301s] [ 93%] [32m[1mLinking C executable gamma[0m
[4.359s] [ 93%] Built target gamma
[4.416s] [ 94%] [32m[1mLinking C executable inputlag[0m
[4.427s] [ 95%] [32m[1mLinking C executable opacity[0m
[4.471s] [ 95%] Built target inputlag
[4.478s] [ 95%] Built target opacity
[4.514s] [ 95%] [32m[1mLinking C executable joysticks[0m
[4.572s] [ 95%] Built target joysticks
[4.583s] [ 96%] [32m[1mLinking CXX static library libImGuiLib.a[0m
[4.667s] [ 96%] Built target ImGuiLib
[4.690s] [ 97%] [32mBuilding CXX object CMakeFiles/InterfaceLib.dir/src/interfaceUtil.cpp.o[0m
[4.710s] [ 98%] [32m[1mLinking CXX static library libInterfaceLib.a[0m
[4.774s] [ 98%] Built target InterfaceLib
[4.797s] [ 99%] [32mBuilding CXX object CMakeFiles/gui_app.dir/src/interface.cpp.o[0m
[4.816s] [100%] [32m[1mLinking CXX executable gui_app[0m
[5.052s] /usr/bin/ld: /usr/lib/gcc/x86_64-linux-gnu/13/../../../x86_64-linux-gnu/Scrt1.o: in function `_start':
[5.052s] (.text+0x1b): undefined reference to `main'
[5.055s] collect2: error: ld returned 1 exit status
[5.057s] gmake[2]: *** [CMakeFiles/gui_app.dir/build.make:234: gui_app] Error 1
[5.057s] gmake[1]: *** [CMakeFiles/Makefile2:318: CMakeFiles/gui_app.dir/all] Error 2
[5.058s] gmake: *** [Makefile:146: all] Error 2
[5.061s] Invoked command in '/home/dksoren/drone_boys/build/drone_gui' returned '2': CMAKE_PREFIX_PATH=/opt/ros/jazzy:/home/dksoren/drone_boys/install/drone_core:${CMAKE_PREFIX_PATH} DEBUGINFOD_URLS=https://debuginfod.ubuntu.com LD_LIBRARY_PATH=/home/dksoren/drone_boys/install/drone_core/lib:${LD_LIBRARY_PATH} PKG_CONFIG_PATH=/home/dksoren/drone_boys/install/drone_core/lib/x86_64-linux-gnu/pkgconfig:/home/dksoren/drone_boys/install/drone_core/lib/pkgconfig PYTHONPATH=/home/dksoren/drone_boys/install/drone_core/lib/python3.12/site-packages:${PYTHONPATH} ROS_PACKAGE_PATH=/home/dksoren/drone_boys/install/drone_core/share /usr/bin/cmake --build /home/dksoren/drone_boys/build/drone_gui -- -j12 -l12
