-- Found ament_cmake: 2.5.4 (/opt/ros/jazzy/share/ament_cmake/cmake)
-- Found Python3: /usr/bin/python3 (found version "3.12.3") found components: Interpreter 
-- Found rclcpp: 28.1.12 (/opt/ros/jazzy/share/rclcpp/cmake)
-- Found rosidl_generator_c: 4.6.6 (/opt/ros/jazzy/share/rosidl_generator_c/cmake)
-- Found rosidl_generator_cpp: 4.6.6 (/opt/ros/jazzy/share/rosidl_generator_cpp/cmake)
-- Using all available rosidl_typesupport_c: rosidl_typesupport_fastrtps_c;rosidl_typesupport_introspection_c
-- Using all available rosidl_typesupport_cpp: rosidl_typesupport_fastrtps_cpp;rosidl_typesupport_introspection_cpp
-- Found rmw_implementation_cmake: 7.3.2 (/opt/ros/jazzy/share/rmw_implementation_cmake/cmake)
-- Found rmw_fastrtps_cpp: 8.4.3 (/opt/ros/jazzy/share/rmw_fastrtps_cpp/cmake)
-- Using RMW implementation 'rmw_fastrtps_cpp' as default
-- Found rclcpp_action: 28.1.12 (/opt/ros/jazzy/share/rclcpp_action/cmake)
-- Found rosidl_default_generators: 1.6.0 (/opt/ros/jazzy/share/rosidl_default_generators/cmake)
-- Found rosidl_adapter: 4.6.6 (/opt/ros/jazzy/share/rosidl_adapter/cmake)
-- Found ament_cmake_ros: 0.12.0 (/opt/ros/jazzy/share/ament_cmake_ros/cmake)
-- Using all available rosidl_typesupport_c: rosidl_typesupport_fastrtps_c;rosidl_typesupport_introspection_c
-- Using all available rosidl_typesupport_cpp: rosidl_typesupport_fastrtps_cpp;rosidl_typesupport_introspection_cpp
-- Found python_cmake_module: 0.11.1 (/opt/ros/jazzy/share/python_cmake_module/cmake)
-- Found Python3: /usr/bin/python3 (found version "3.12.3") found components: Interpreter Development NumPy Development.Module Development.Embed 
-- Configuring done (1.0s)
-- Generating done (0.0s)
-- Build files have been written to: /home/dksoren/drone_boys/build/drone_core
[  7%] [32mBuilding CXX object CMakeFiles/drone_core_lib.dir/src/utils.cpp.o[0m
[  7%] [34m[1mGenerating type hashes for ROS interfaces[0m
[  7%] [32mBuilding CXX object CMakeFiles/drone_core_lib.dir/src/manipulator.cpp.o[0m
[  7%] Built target ament_cmake_python_copy_drone_core
[  7%] Built target drone_core__rosidl_generator_type_description
[  9%] [34m[1mGenerating C code for ROS interfaces[0m
running egg_info
creating drone_core.egg-info
[ 12%] [34m[1mGenerating C++ code for ROS interfaces[0m
writing drone_core.egg-info/PKG-INFO
writing dependency_links to drone_core.egg-info/dependency_links.txt
writing top-level names to drone_core.egg-info/top_level.txt
writing manifest file 'drone_core.egg-info/SOURCES.txt'
reading manifest file 'drone_core.egg-info/SOURCES.txt'
writing manifest file 'drone_core.egg-info/SOURCES.txt'
[ 12%] Built target ament_cmake_python_build_drone_core_egg
[ 12%] Built target drone_core__cpp
[ 19%] [32mBuilding C object CMakeFiles/drone_core__rosidl_generator_c.dir/rosidl_generator_c/drone_core/action/detail/finder_action__description.c.o[0m
[ 19%] [32mBuilding C object CMakeFiles/drone_core__rosidl_generator_c.dir/rosidl_generator_c/drone_core/action/detail/finder_action__functions.c.o[0m
[ 19%] [32mBuilding C object CMakeFiles/drone_core__rosidl_generator_c.dir/rosidl_generator_c/drone_core/action/detail/finder_action__type_support.c.o[0m
[ 21%] [32m[1mLinking C shared library libdrone_core__rosidl_generator_c.so[0m
[ 21%] Built target drone_core__rosidl_generator_c
[ 26%] [34m[1mGenerating C++ type support for eProsima Fast-RTPS[0m
[ 26%] [34m[1mGenerating C++ type support dispatch for ROS interfaces[0m
[ 29%] [34m[1mGenerating C type support for eProsima Fast-RTPS[0m
[ 31%] [34m[1mGenerating C introspection for ROS interfaces[0m
[ 34%] [34m[1mGenerating C++ introspection for ROS interfaces[0m
[ 36%] [34m[1mGenerating C type support dispatch for ROS interfaces[0m
[ 39%] [32mBuilding CXX object CMakeFiles/drone_core__rosidl_typesupport_cpp.dir/rosidl_typesupport_cpp/drone_core/action/finder_action__type_support.cpp.o[0m
[ 41%] [32mBuilding CXX object CMakeFiles/drone_core__rosidl_typesupport_introspection_cpp.dir/rosidl_typesupport_introspection_cpp/drone_core/action/detail/finder_action__type_support.cpp.o[0m
[ 43%] [32mBuilding CXX object CMakeFiles/drone_core__rosidl_typesupport_c.dir/rosidl_typesupport_c/drone_core/action/finder_action__type_support.cpp.o[0m
[ 46%] [32mBuilding CXX object CMakeFiles/drone_core__rosidl_typesupport_fastrtps_c.dir/rosidl_typesupport_fastrtps_c/drone_core/action/detail/finder_action__type_support_c.cpp.o[0m
[ 48%] [32m[1mLinking CXX shared library libdrone_core__rosidl_typesupport_c.so[0m
[ 51%] [32mBuilding C object CMakeFiles/drone_core__rosidl_typesupport_introspection_c.dir/rosidl_typesupport_introspection_c/drone_core/action/detail/finder_action__type_support.c.o[0m
[ 51%] Built target drone_core__rosidl_typesupport_c
[ 53%] [32m[1mLinking C shared library libdrone_core__rosidl_typesupport_introspection_c.so[0m
[ 56%] [32mBuilding CXX object CMakeFiles/drone_core__rosidl_typesupport_fastrtps_cpp.dir/rosidl_typesupport_fastrtps_cpp/drone_core/action/detail/dds_fastrtps/finder_action__type_support.cpp.o[0m
[ 56%] Built target drone_core__rosidl_typesupport_introspection_c
[ 58%] [32m[1mLinking CXX shared library libdrone_core__rosidl_typesupport_cpp.so[0m
[ 58%] Built target drone_core__rosidl_typesupport_cpp
[ 60%] [32m[1mLinking CXX shared library libdrone_core__rosidl_typesupport_fastrtps_c.so[0m
[ 63%] [32m[1mLinking CXX shared library libdrone_core__rosidl_typesupport_introspection_cpp.so[0m
[ 63%] Built target drone_core__rosidl_typesupport_fastrtps_c
[ 63%] Built target drone_core__rosidl_typesupport_introspection_cpp
[ 65%] [32m[1mLinking CXX shared library libdrone_core__rosidl_typesupport_fastrtps_cpp.so[0m
[ 68%] [32m[1mLinking CXX shared library libdrone_core_lib.so[0m
[ 68%] Built target drone_core__rosidl_typesupport_fastrtps_cpp
[ 68%] Built target drone_core
[ 70%] [34m[1mGenerating Python code for ROS interfaces[0m
[ 70%] Built target drone_core_lib
[ 78%] [32mBuilding CXX object CMakeFiles/finder.dir/src/main.cpp.o[0m
[ 78%] [32mBuilding CXX object CMakeFiles/finder.dir/src/utils.cpp.o[0m
[ 78%] [32mBuilding CXX object CMakeFiles/finder.dir/src/manipulator.cpp.o[0m
[ 78%] Built target drone_core__py
[ 80%] [32mBuilding C object CMakeFiles/drone_core__rosidl_generator_py.dir/rosidl_generator_py/drone_core/action/_finder_action_s.c.o[0m
[ 82%] [32m[1mLinking C shared library libdrone_core__rosidl_generator_py.so[0m
[ 82%] Built target drone_core__rosidl_generator_py
[ 90%] [32mBuilding C object CMakeFiles/drone_core_s__rosidl_typesupport_c.dir/rosidl_generator_py/drone_core/_drone_core_s.ep.rosidl_typesupport_c.c.o[0m
[ 90%] [32mBuilding C object CMakeFiles/drone_core_s__rosidl_typesupport_introspection_c.dir/rosidl_generator_py/drone_core/_drone_core_s.ep.rosidl_typesupport_introspection_c.c.o[0m
[ 90%] [32mBuilding C object CMakeFiles/drone_core_s__rosidl_typesupport_fastrtps_c.dir/rosidl_generator_py/drone_core/_drone_core_s.ep.rosidl_typesupport_fastrtps_c.c.o[0m
[ 95%] [32m[1mLinking C shared module rosidl_generator_py/drone_core/drone_core_s__rosidl_typesupport_introspection_c.so[0m
[ 95%] [32m[1mLinking C shared module rosidl_generator_py/drone_core/drone_core_s__rosidl_typesupport_c.so[0m
[ 97%] [32m[1mLinking C shared module rosidl_generator_py/drone_core/drone_core_s__rosidl_typesupport_fastrtps_c.so[0m
[ 97%] Built target drone_core_s__rosidl_typesupport_c
[ 97%] Built target drone_core_s__rosidl_typesupport_introspection_c
[ 97%] Built target drone_core_s__rosidl_typesupport_fastrtps_c
