[ 14%] Built target glfw
[ 26%] Built target gears
[ 26%] Built target sharing
[ 26%] Built target heightmap
[ 26%] Built target boing
[ 26%] Built target offscreen
[ 30%] Built target particles
[ 31%] Built target splitview
[ 35%] Built target wave
[ 36%] Built target simple
[ 38%] Built target clipboard
[ 43%] Built target ImGuiLib
[ 47%] Built target events
[ 61%] Built target iconify
[ 61%] Built target glfwinfo
[ 61%] Built target empty
[ 62%] Built target msaa
[ 65%] Built target reopen
[ 68%] Built target monitors
[ 68%] Built target gamma
[ 71%] Built target inputlag
[ 73%] Built target cursor
[ 78%] Built target joysticks
[ 78%] Built target icon
[ 80%] Built target opacity
[ 92%] Built target tearing
[ 92%] [32mBuilding CXX object CMakeFiles/InterfaceLib.dir/src/interfaceUtil.cpp.o[0m
[ 97%] Built target title
[ 97%] Built target timeout
[ 97%] Built target windows
[ 97%] Built target threads
[ 97%] Built target triangle-vulkan
[ 98%] [32m[1mLinking CXX static library libInterfaceLib.a[0m
[ 98%] Built target InterfaceLib
[ 99%] [32mBuilding CXX object CMakeFiles/gui_app.dir/src/interface.cpp.o[0m
[01m[K/home/dksoren/drone_boys/src/drone_gui/src/interface.cpp:[m[K In function ‘[01m[Kint[01;32m[K main[m[K()[m[K’:
[01m[K/home/dksoren/drone_boys/src/drone_gui/src/interface.cpp:59:56:[m[K [01;31m[Kerror: [m[Kinvalid operands of types ‘[01m[Kconst char*[m[K’ and ‘[01m[Kconst char [6][m[K’ to binary ‘[01m[Koperator+[m[K’
   59 |     std::string path = [32m[K"images/jesper" + current_image[m[K [01;31m[K+[m[K [34m[K".jpeg"[m[K;
      |                        [32m[K~~~~~~~~~~~~~~~~~~~~~~~~~~~~~~~[m[K [01;31m[K^[m[K [34m[K~~~~~~~[m[K
      |                                        [32m[K|[m[K                 [34m[K|[m[K
      |                                        [32m[Kconst char*[m[K       [34m[Kconst char [6][m[K
gmake[2]: *** [CMakeFiles/gui_app.dir/build.make:76: CMakeFiles/gui_app.dir/src/interface.cpp.o] Error 1
gmake[1]: *** [CMakeFiles/Makefile2:318: CMakeFiles/gui_app.dir/all] Error 2
gmake: *** [Makefile:146: all] Error 2
