[0.011s] Invoking command in '/home/dksoren/drone_boys/build/drone_gui': CMAKE_PREFIX_PATH=/opt/ros/jazzy:/home/dksoren/drone_boys/install/drone_core:${CMAKE_PREFIX_PATH} DEBUGINFOD_URLS=https://debuginfod.ubuntu.com LD_LIBRARY_PATH=/home/dksoren/drone_boys/install/drone_core/lib:${LD_LIBRARY_PATH} PKG_CONFIG_PATH=/home/dksoren/drone_boys/install/drone_core/lib/x86_64-linux-gnu/pkgconfig:/home/dksoren/drone_boys/install/drone_core/lib/pkgconfig PYTHONPATH=/home/dksoren/drone_boys/install/drone_core/lib/python3.12/site-packages:${PYTHONPATH} ROS_PACKAGE_PATH=/home/dksoren/drone_boys/install/drone_core/share /usr/bin/cmake --build /home/dksoren/drone_boys/build/drone_gui -- -j12 -l12
[0.067s] [ 14%] Built target glfw
[0.093s] [ 26%] Built target gears
[0.093s] [ 26%] Built target sharing
[0.093s] [ 26%] Built target heightmap
[0.093s] [ 26%] Built target boing
[0.094s] [ 26%] Built target offscreen
[0.094s] [ 30%] Built target particles
[0.094s] [ 31%] Built target splitview
[0.094s] [ 35%] Built target wave
[0.096s] [ 36%] Built target simple
[0.096s] [ 38%] Built target clipboard
[0.096s] [ 43%] Built target ImGuiLib
[0.097s] [ 47%] Built target events
[0.119s] [ 61%] Built target iconify
[0.121s] [ 61%] Built target glfwinfo
[0.121s] [ 61%] Built target empty
[0.121s] [ 62%] Built target msaa
[0.121s] [ 65%] Built target reopen
[0.121s] [ 68%] Built target monitors
[0.121s] [ 68%] Built target gamma
[0.121s] [ 71%] Built target inputlag
[0.121s] [ 73%] Built target cursor
[0.125s] [ 78%] Built target joysticks
[0.125s] [ 78%] Built target icon
[0.125s] [ 80%] Built target opacity
[0.143s] [ 92%] Built target tearing
[0.143s] [ 92%] [32mBuilding CXX object CMakeFiles/InterfaceLib.dir/src/interfaceUtil.cpp.o[0m
[0.143s] [ 97%] Built target title
[0.143s] [ 97%] Built target timeout
[0.143s] [ 97%] Built target windows
[0.143s] [ 97%] Built target threads
[0.143s] [ 97%] Built target triangle-vulkan
[1.055s] [ 98%] [32m[1mLinking CXX static library libInterfaceLib.a[0m
[1.118s] [ 98%] Built target InterfaceLib
[1.139s] [ 99%] [32mBuilding CXX object CMakeFiles/gui_app.dir/src/interface.cpp.o[0m
[1.937s] [01m[K/home/dksoren/drone_boys/src/drone_gui/src/interface.cpp:[m[K In function ‘[01m[Kint[01;32m[K main[m[K()[m[K’:
[1.937s] [01m[K/home/dksoren/drone_boys/src/drone_gui/src/interface.cpp:59:56:[m[K [01;31m[Kerror: [m[Kinvalid operands of types ‘[01m[Kconst char*[m[K’ and ‘[01m[Kconst char [6][m[K’ to binary ‘[01m[Koperator+[m[K’
[1.937s]    59 |     std::string path = [32m[K"images/jesper" + current_image[m[K [01;31m[K+[m[K [34m[K".jpeg"[m[K;
[1.938s]       |                        [32m[K~~~~~~~~~~~~~~~~~~~~~~~~~~~~~~~[m[K [01;31m[K^[m[K [34m[K~~~~~~~[m[K
[1.938s]       |                                        [32m[K|[m[K                 [34m[K|[m[K
[1.938s]       |                                        [32m[Kconst char*[m[K       [34m[Kconst char [6][m[K
[2.036s] gmake[2]: *** [CMakeFiles/gui_app.dir/build.make:76: CMakeFiles/gui_app.dir/src/interface.cpp.o] Error 1
[2.036s] gmake[1]: *** [CMakeFiles/Makefile2:318: CMakeFiles/gui_app.dir/all] Error 2
[2.037s] gmake: *** [Makefile:146: all] Error 2
[2.039s] Invoked command in '/home/dksoren/drone_boys/build/drone_gui' returned '2': CMAKE_PREFIX_PATH=/opt/ros/jazzy:/home/dksoren/drone_boys/install/drone_core:${CMAKE_PREFIX_PATH} DEBUGINFOD_URLS=https://debuginfod.ubuntu.com LD_LIBRARY_PATH=/home/dksoren/drone_boys/install/drone_core/lib:${LD_LIBRARY_PATH} PKG_CONFIG_PATH=/home/dksoren/drone_boys/install/drone_core/lib/x86_64-linux-gnu/pkgconfig:/home/dksoren/drone_boys/install/drone_core/lib/pkgconfig PYTHONPATH=/home/dksoren/drone_boys/install/drone_core/lib/python3.12/site-packages:${PYTHONPATH} ROS_PACKAGE_PATH=/home/dksoren/drone_boys/install/drone_core/share /usr/bin/cmake --build /home/dksoren/drone_boys/build/drone_gui -- -j12 -l12
