[0.012s] Invoking command in '/home/dksoren/drone_boys/build/drone_core': CMAKE_PREFIX_PATH=${CMAKE_PREFIX_PATH}:/opt/ros/jazzy DEBUGINFOD_URLS=https://debuginfod.ubuntu.com /usr/bin/cmake --build /home/dksoren/drone_boys/build/drone_core -- -j12 -l12
[0.040s] -- Found ament_cmake: 2.5.4 (/opt/ros/jazzy/share/ament_cmake/cmake)
[0.313s] -- Configuring done (0.3s)
[0.319s] -- Generating done (0.0s)
[0.321s] -- Build files have been written to: /home/dksoren/drone_boys/build/drone_core
[0.352s] [ 66%] [32mBuilding CXX object CMakeFiles/drone_core.dir/src/utils.cpp.o[0m
[0.352s] [ 66%] [32mBuilding CXX object CMakeFiles/drone_core.dir/src/manipulator.cpp.o[0m
[0.359s] [01m[K/home/dksoren/drone_boys/src/drone_core/src/manipulator.cpp:1:10:[m[K [01;31m[Kfatal error: [m[Kmanipulator.h: No such file or directory
[0.359s]     1 | #include [01;31m[K"manipulator.h"[m[K
[0.359s]       |          [01;31m[K^~~~~~~~~~~~~~~[m[K
[0.360s] [01m[K/home/dksoren/drone_boys/src/drone_core/src/utils.cpp:1:10:[m[K [01;31m[Kfatal error: [m[Kutils.h: No such file or directory
[0.360s]     1 | #include [01;31m[K"utils.h"[m[K
[0.360s]       |          [01;31m[K^~~~~~~~~[m[K
[0.360s] compilation terminated.
[0.360s] compilation terminated.
[0.360s] gmake[2]: *** [CMakeFiles/drone_core.dir/build.make:76: CMakeFiles/drone_core.dir/src/utils.cpp.o] Error 1
[0.360s] gmake[2]: *** Waiting for unfinished jobs....
[0.360s] gmake[2]: *** [CMakeFiles/drone_core.dir/build.make:90: CMakeFiles/drone_core.dir/src/manipulator.cpp.o] Error 1
[0.360s] gmake[1]: *** [CMakeFiles/Makefile2:137: CMakeFiles/drone_core.dir/all] Error 2
[0.360s] gmake: *** [Makefile:146: all] Error 2
[0.362s] Invoked command in '/home/dksoren/drone_boys/build/drone_core' returned '2': CMAKE_PREFIX_PATH=${CMAKE_PREFIX_PATH}:/opt/ros/jazzy DEBUGINFOD_URLS=https://debuginfod.ubuntu.com /usr/bin/cmake --build /home/dksoren/drone_boys/build/drone_core -- -j12 -l12
