-- Found ament_cmake: 2.5.4 (/opt/ros/jazzy/share/ament_cmake/cmake)
-- Override CMake install command with custom implementation using symlinks instead of copying resources
-- Found rclcpp: 28.1.12 (/opt/ros/jazzy/share/rclcpp/cmake)
-- Found rosidl_generator_c: 4.6.6 (/opt/ros/jazzy/share/rosidl_generator_c/cmake)
-- Found rosidl_generator_cpp: 4.6.6 (/opt/ros/jazzy/share/rosidl_generator_cpp/cmake)
-- Using all available rosidl_typesupport_c: rosidl_typesupport_fastrtps_c;rosidl_typesupport_introspection_c
-- Using all available rosidl_typesupport_cpp: rosidl_typesupport_fastrtps_cpp;rosidl_typesupport_introspection_cpp
-- Found rmw_implementation_cmake: 7.3.2 (/opt/ros/jazzy/share/rmw_implementation_cmake/cmake)
-- Found rmw_fastrtps_cpp: 8.4.3 (/opt/ros/jazzy/share/rmw_fastrtps_cpp/cmake)
-- Using RMW implementation 'rmw_fastrtps_cpp' as default
-- Found std_msgs: 5.3.6 (/opt/ros/jazzy/share/std_msgs/cmake)
-- Could NOT find Doxygen (missing: DOXYGEN_EXECUTABLE) 
-- Using X11 for window creation
-- Configuring done (1.4s)
-- Generating done (0.0s)
-- Build files have been written to: /home/dksoren/drone_boys/build/drone_gui
[ 14%] Built target glfw
[ 20%] Built target heightmap
[ 20%] Built target sharing
[ 20%] Built target gears
[ 22%] Built target offscreen
[ 26%] Built target particles
[ 28%] Built target simple
[ 30%] Built target boing
[ 35%] Built target splitview
[ 34%] Built target wave
[ 41%] Built target clipboard
[ 42%] Built target events
[ 47%] Built target ImGuiLib
[ 58%] Built target msaa
[ 58%] Built target glfwinfo
[ 58%] Built target monitors
[ 60%] Built target iconify
[ 65%] Built target cursor
[ 66%] Built target empty
[ 68%] Built target reopen
[ 72%] Built target gamma
[ 73%] Built target icon
[ 75%] Built target joysticks
[ 78%] Built target inputlag
[ 80%] Built target opacity
[ 87%] Built target tearing
[ 87%] Built target timeout
[ 89%] Built target title
[ 90%] Built target threads
[ 94%] Built target windows
[ 96%] Built target triangle-vulkan
[ 98%] Built target InterfaceLib
[100%] Built target gui_app
-- Install configuration: ""
-- Execute custom install script
-- Up-to-date symlink: /home/dksoren/drone_boys/install/drone_gui/lib/cmake/glfw3/glfw3Config.cmake
-- Up-to-date symlink: /home/dksoren/drone_boys/install/drone_gui/lib/cmake/glfw3/glfw3ConfigVersion.cmake
-- Up-to-date symlink: /home/dksoren/drone_boys/install/drone_gui/lib/pkgconfig/glfw3.pc
-- Up-to-date symlink: /home/dksoren/drone_boys/install/drone_gui/lib/drone_gui/gui_app
-- Up-to-date symlink: /home/dksoren/drone_boys/install/drone_gui/share/ament_index/resource_index/package_run_dependencies/drone_gui
-- Up-to-date symlink: /home/dksoren/drone_boys/install/drone_gui/share/ament_index/resource_index/parent_prefix_path/drone_gui
-- Up-to-date symlink: /home/dksoren/drone_boys/install/drone_gui/share/drone_gui/environment/ament_prefix_path.sh
-- Up-to-date symlink: /home/dksoren/drone_boys/install/drone_gui/share/drone_gui/environment/ament_prefix_path.dsv
-- Up-to-date symlink: /home/dksoren/drone_boys/install/drone_gui/share/drone_gui/environment/path.sh
-- Up-to-date symlink: /home/dksoren/drone_boys/install/drone_gui/share/drone_gui/environment/path.dsv
-- Up-to-date symlink: /home/dksoren/drone_boys/install/drone_gui/share/drone_gui/local_setup.bash
-- Up-to-date symlink: /home/dksoren/drone_boys/install/drone_gui/share/drone_gui/local_setup.sh
-- Up-to-date symlink: /home/dksoren/drone_boys/install/drone_gui/share/drone_gui/local_setup.zsh
-- Up-to-date symlink: /home/dksoren/drone_boys/install/drone_gui/share/drone_gui/local_setup.dsv
-- Symlinking: /home/dksoren/drone_boys/install/drone_gui/share/drone_gui/package.dsv
-- Up-to-date symlink: /home/dksoren/drone_boys/install/drone_gui/share/ament_index/resource_index/packages/drone_gui
-- Up-to-date symlink: /home/dksoren/drone_boys/install/drone_gui/share/drone_gui/cmake/ament_cmake_export_dependencies-extras.cmake
-- Up-to-date symlink: /home/dksoren/drone_boys/install/drone_gui/share/drone_gui/cmake/drone_guiConfig.cmake
-- Up-to-date symlink: /home/dksoren/drone_boys/install/drone_gui/share/drone_gui/cmake/drone_guiConfig-version.cmake
-- Up-to-date symlink: /home/dksoren/drone_boys/install/drone_gui/share/drone_gui/package.xml
-- Up-to-date: /home/dksoren/drone_boys/install/drone_gui/include/GLFW
-- Up-to-date: /home/dksoren/drone_boys/install/drone_gui/include/GLFW/glfw3.h
-- Up-to-date: /home/dksoren/drone_boys/install/drone_gui/include/GLFW/glfw3native.h
-- Up-to-date: /home/dksoren/drone_boys/install/drone_gui/lib/cmake/glfw3/glfw3Targets.cmake
-- Up-to-date: /home/dksoren/drone_boys/install/drone_gui/lib/cmake/glfw3/glfw3Targets-noconfig.cmake
-- Up-to-date: /home/dksoren/drone_boys/install/drone_gui/lib/libglfw3.a
