[0.009s] Invoking command in '/home/dksoren/drone_boys/build/drone_core': DEBUGINFOD_URLS=https://debuginfod.ubuntu.com /usr/bin/cmake --build /home/dksoren/drone_boys/build/drone_core -- -j12 -l12
[0.056s] [  2%] Built target drone_core__rosidl_generator_type_description
[0.060s] [  9%] Built target drone_core_lib
[0.064s] [  9%] Built target ament_cmake_python_copy_drone_core
[0.073s] [ 14%] Built target drone_core__cpp
[0.073s] [ 24%] Built target drone_core__rosidl_generator_c
[0.092s] [ 46%] Built target drone_core__rosidl_typesupport_fastrtps_c
[0.092s] [ 46%] Built target drone_core__rosidl_typesupport_introspection_cpp
[0.092s] [ 46%] Built target drone_core__rosidl_typesupport_c
[0.094s] [ 53%] Built target drone_core__rosidl_typesupport_introspection_c
[0.113s] [ 68%] Built target drone_core__rosidl_typesupport_cpp
[0.113s] [ 68%] Built target drone_core__rosidl_typesupport_fastrtps_cpp
[0.135s] [ 68%] Built target drone_core
[0.155s] [ 70%] Built target drone_core__py
[0.173s] [ 73%] [32mBuilding CXX object CMakeFiles/finder.dir/src/main.cpp.o[0m
[0.177s] [ 78%] Built target drone_core__rosidl_generator_py
[0.197s] [ 92%] Built target drone_core_s__rosidl_typesupport_fastrtps_c
[0.197s] [ 92%] Built target drone_core_s__rosidl_typesupport_c
[0.197s] [ 92%] Built target drone_core_s__rosidl_typesupport_introspection_c
[0.245s] running egg_info
[0.263s] writing drone_core.egg-info/PKG-INFO
[0.263s] writing dependency_links to drone_core.egg-info/dependency_links.txt
[0.263s] writing top-level names to drone_core.egg-info/top_level.txt
[0.313s] reading manifest file 'drone_core.egg-info/SOURCES.txt'
[0.313s] writing manifest file 'drone_core.egg-info/SOURCES.txt'
[0.342s] [ 92%] Built target ament_cmake_python_build_drone_core_egg
[3.201s] In file included from [01m[K/opt/ros/jazzy/include/rclcpp/rclcpp/copy_all_parameter_values.hpp:27[m[K,
[3.201s]                  from [01m[K/opt/ros/jazzy/include/rclcpp/rclcpp/rclcpp.hpp:171[m[K,
[3.201s]                  from [01m[K/home/dksoren/drone_boys/src/drone_core/src/main.cpp:4[m[K:
[3.201s] [01m[K/home/dksoren/drone_boys/src/drone_core/src/main.cpp:126:6:[m[K [01;31m[Kerror: [m[Kexpected unqualified-id before ‘[01m[Kdo[m[K’
[3.201s]   126 |      [01;31m[KRCLCPP_INFO[m[K(get_logger(), "Loading config from: %s", configPath.c_str());
[3.201s]       |      [01;31m[K^~~~~~~~~~~[m[K
[3.201s] [01m[K/home/dksoren/drone_boys/src/drone_core/src/main.cpp:126:6:[m[K [01;31m[Kerror: [m[Kexpected unqualified-id before ‘[01m[Kwhile[m[K’
[3.201s]   126 |      [01;31m[KRCLCPP_INFO[m[K(get_logger(), "Loading config from: %s", configPath.c_str());
[3.201s]       |      [01;31m[K^~~~~~~~~~~[m[K
[4.410s] gmake[2]: *** [CMakeFiles/finder.dir/build.make:76: CMakeFiles/finder.dir/src/main.cpp.o] Error 1
[4.411s] gmake[1]: *** [CMakeFiles/Makefile2:655: CMakeFiles/finder.dir/all] Error 2
[4.411s] gmake: *** [Makefile:146: all] Error 2
[4.413s] Invoked command in '/home/dksoren/drone_boys/build/drone_core' returned '2': DEBUGINFOD_URLS=https://debuginfod.ubuntu.com /usr/bin/cmake --build /home/dksoren/drone_boys/build/drone_core -- -j12 -l12
