[0.062s] DEBUG:colcon:Command line arguments: ['/usr/bin/colcon', 'build']
[0.062s] DEBUG:colcon:Parsed command line arguments: Namespace(log_base=None, log_level=None, verb_name='build', build_base='build', install_base='install', merge_install=False, symlink_install=False, test_result_base=None, continue_on_error=False, executor='parallel', parallel_workers=24, event_handlers=None, ignore_user_meta=False, metas=['./colcon.meta'], base_paths=['.'], packages_ignore=None, packages_ignore_regex=None, paths=None, packages_up_to=None, packages_up_to_regex=None, packages_above=None, packages_above_and_dependencies=None, packages_above_depth=None, packages_select_by_dep=None, packages_skip_by_dep=None, packages_skip_up_to=None, packages_select_build_failed=False, packages_skip_build_finished=False, packages_select_test_failures=False, packages_skip_test_passed=False, packages_select=None, packages_skip=None, packages_select_regex=None, packages_skip_regex=None, packages_start=None, packages_end=None, allow_overriding=[], cmake_args=None, cmake_target=None, cmake_target_skip_unavailable=False, cmake_clean_cache=False, cmake_clean_first=False, cmake_force_configure=False, ament_cmake_args=None, catkin_cmake_args=None, catkin_skip_building_tests=False, mixin_files=None, mixin=None, verb_parser=<colcon_mixin.mixin.mixin_argument.MixinArgumentDecorator object at 0x79b33c687f20>, verb_extension=<colcon_core.verb.build.BuildVerb object at 0x79b33c687b90>, main=<bound method BuildVerb.main of <colcon_core.verb.build.BuildVerb object at 0x79b33c687b90>>, mixin_verb=('build',))
[0.086s] Level 1:colcon.colcon_core.package_discovery:discover_packages(colcon_meta) check parameters
[0.086s] Level 1:colcon.colcon_core.package_discovery:discover_packages(recursive) check parameters
[0.086s] Level 1:colcon.colcon_core.package_discovery:discover_packages(ignore) check parameters
[0.087s] Level 1:colcon.colcon_core.package_discovery:discover_packages(path) check parameters
[0.087s] Level 1:colcon.colcon_core.package_discovery:discover_packages(colcon_meta) discover
[0.087s] Level 1:colcon.colcon_core.package_discovery:discover_packages(recursive) discover
[0.087s] INFO:colcon.colcon_core.package_discovery:Crawling recursively for packages in '/home/snekkie/DroneBoys'
[0.087s] Level 1:colcon.colcon_core.package_identification:_identify(.) by extensions ['ignore', 'ignore_ament_install']
[0.087s] Level 1:colcon.colcon_core.package_identification:_identify(.) by extension 'ignore'
[0.087s] Level 1:colcon.colcon_core.package_identification:_identify(.) by extension 'ignore_ament_install'
[0.087s] Level 1:colcon.colcon_core.package_identification:_identify(.) by extensions ['colcon_pkg']
[0.087s] Level 1:colcon.colcon_core.package_identification:_identify(.) by extension 'colcon_pkg'
[0.087s] Level 1:colcon.colcon_core.package_identification:_identify(.) by extensions ['colcon_meta']
[0.087s] Level 1:colcon.colcon_core.package_identification:_identify(.) by extension 'colcon_meta'
[0.087s] Level 1:colcon.colcon_core.package_identification:_identify(.) by extensions ['ros']
[0.087s] Level 1:colcon.colcon_core.package_identification:_identify(.) by extension 'ros'
[0.104s] Level 1:colcon.colcon_core.package_identification:_identify(.) by extensions ['cmake', 'python']
[0.104s] Level 1:colcon.colcon_core.package_identification:_identify(.) by extension 'cmake'
[0.104s] Level 1:colcon.colcon_core.package_identification:_identify(.) by extension 'python'
[0.104s] Level 1:colcon.colcon_core.package_identification:_identify(.) by extensions ['python_setup_py']
[0.104s] Level 1:colcon.colcon_core.package_identification:_identify(.) by extension 'python_setup_py'
[0.104s] Level 1:colcon.colcon_core.package_identification:_identify(Images) by extensions ['ignore', 'ignore_ament_install']
[0.104s] Level 1:colcon.colcon_core.package_identification:_identify(Images) by extension 'ignore'
[0.104s] Level 1:colcon.colcon_core.package_identification:_identify(Images) by extension 'ignore_ament_install'
[0.104s] Level 1:colcon.colcon_core.package_identification:_identify(Images) by extensions ['colcon_pkg']
[0.104s] Level 1:colcon.colcon_core.package_identification:_identify(Images) by extension 'colcon_pkg'
[0.104s] Level 1:colcon.colcon_core.package_identification:_identify(Images) by extensions ['colcon_meta']
[0.104s] Level 1:colcon.colcon_core.package_identification:_identify(Images) by extension 'colcon_meta'
[0.104s] Level 1:colcon.colcon_core.package_identification:_identify(Images) by extensions ['ros']
[0.104s] Level 1:colcon.colcon_core.package_identification:_identify(Images) by extension 'ros'
[0.104s] Level 1:colcon.colcon_core.package_identification:_identify(Images) by extensions ['cmake', 'python']
[0.104s] Level 1:colcon.colcon_core.package_identification:_identify(Images) by extension 'cmake'
[0.104s] Level 1:colcon.colcon_core.package_identification:_identify(Images) by extension 'python'
[0.104s] Level 1:colcon.colcon_core.package_identification:_identify(Images) by extensions ['python_setup_py']
[0.104s] Level 1:colcon.colcon_core.package_identification:_identify(Images) by extension 'python_setup_py'
[0.104s] Level 1:colcon.colcon_core.package_identification:_identify(build) by extensions ['ignore', 'ignore_ament_install']
[0.104s] Level 1:colcon.colcon_core.package_identification:_identify(build) by extension 'ignore'
[0.104s] Level 1:colcon.colcon_core.package_identification:_identify(build) ignored
[0.104s] Level 1:colcon.colcon_core.package_identification:_identify(install) by extensions ['ignore', 'ignore_ament_install']
[0.104s] Level 1:colcon.colcon_core.package_identification:_identify(install) by extension 'ignore'
[0.105s] Level 1:colcon.colcon_core.package_identification:_identify(install) ignored
[0.105s] Level 1:colcon.colcon_core.package_identification:_identify(log) by extensions ['ignore', 'ignore_ament_install']
[0.105s] Level 1:colcon.colcon_core.package_identification:_identify(log) by extension 'ignore'
[0.105s] Level 1:colcon.colcon_core.package_identification:_identify(log) ignored
[0.105s] Level 1:colcon.colcon_core.package_identification:_identify(src) by extensions ['ignore', 'ignore_ament_install']
[0.105s] Level 1:colcon.colcon_core.package_identification:_identify(src) by extension 'ignore'
[0.105s] Level 1:colcon.colcon_core.package_identification:_identify(src) by extension 'ignore_ament_install'
[0.105s] Level 1:colcon.colcon_core.package_identification:_identify(src) by extensions ['colcon_pkg']
[0.105s] Level 1:colcon.colcon_core.package_identification:_identify(src) by extension 'colcon_pkg'
[0.105s] Level 1:colcon.colcon_core.package_identification:_identify(src) by extensions ['colcon_meta']
[0.105s] Level 1:colcon.colcon_core.package_identification:_identify(src) by extension 'colcon_meta'
[0.105s] Level 1:colcon.colcon_core.package_identification:_identify(src) by extensions ['ros']
[0.105s] Level 1:colcon.colcon_core.package_identification:_identify(src) by extension 'ros'
[0.105s] Level 1:colcon.colcon_core.package_identification:_identify(src) by extensions ['cmake', 'python']
[0.105s] Level 1:colcon.colcon_core.package_identification:_identify(src) by extension 'cmake'
[0.105s] Level 1:colcon.colcon_core.package_identification:_identify(src) by extension 'python'
[0.105s] Level 1:colcon.colcon_core.package_identification:_identify(src) by extensions ['python_setup_py']
[0.105s] Level 1:colcon.colcon_core.package_identification:_identify(src) by extension 'python_setup_py'
[0.105s] Level 1:colcon.colcon_core.package_identification:_identify(src/drone_core) by extensions ['ignore', 'ignore_ament_install']
[0.105s] Level 1:colcon.colcon_core.package_identification:_identify(src/drone_core) by extension 'ignore'
[0.105s] Level 1:colcon.colcon_core.package_identification:_identify(src/drone_core) by extension 'ignore_ament_install'
[0.105s] Level 1:colcon.colcon_core.package_identification:_identify(src/drone_core) by extensions ['colcon_pkg']
[0.105s] Level 1:colcon.colcon_core.package_identification:_identify(src/drone_core) by extension 'colcon_pkg'
[0.105s] Level 1:colcon.colcon_core.package_identification:_identify(src/drone_core) by extensions ['colcon_meta']
[0.105s] Level 1:colcon.colcon_core.package_identification:_identify(src/drone_core) by extension 'colcon_meta'
[0.105s] Level 1:colcon.colcon_core.package_identification:_identify(src/drone_core) by extensions ['ros']
[0.105s] Level 1:colcon.colcon_core.package_identification:_identify(src/drone_core) by extension 'ros'
[0.107s] DEBUG:colcon.colcon_core.package_identification:Package 'src/drone_core' with type 'ros.ament_cmake' and name 'drone_core'
[0.107s] Level 1:colcon.colcon_core.package_identification:_identify(src/drone_gui) by extensions ['ignore', 'ignore_ament_install']
[0.107s] Level 1:colcon.colcon_core.package_identification:_identify(src/drone_gui) by extension 'ignore'
[0.107s] Level 1:colcon.colcon_core.package_identification:_identify(src/drone_gui) by extension 'ignore_ament_install'
[0.107s] Level 1:colcon.colcon_core.package_identification:_identify(src/drone_gui) by extensions ['colcon_pkg']
[0.107s] Level 1:colcon.colcon_core.package_identification:_identify(src/drone_gui) by extension 'colcon_pkg'
[0.107s] Level 1:colcon.colcon_core.package_identification:_identify(src/drone_gui) by extensions ['colcon_meta']
[0.107s] Level 1:colcon.colcon_core.package_identification:_identify(src/drone_gui) by extension 'colcon_meta'
[0.107s] Level 1:colcon.colcon_core.package_identification:_identify(src/drone_gui) by extensions ['ros']
[0.107s] Level 1:colcon.colcon_core.package_identification:_identify(src/drone_gui) by extension 'ros'
[0.107s] DEBUG:colcon.colcon_core.package_identification:Package 'src/drone_gui' with type 'ros.ament_cmake' and name 'drone_gui'
[0.107s] Level 1:colcon.colcon_core.package_discovery:discover_packages(recursive) using defaults
[0.108s] Level 1:colcon.colcon_core.package_discovery:discover_packages(ignore) discover
[0.108s] Level 1:colcon.colcon_core.package_discovery:discover_packages(ignore) using defaults
[0.108s] Level 1:colcon.colcon_core.package_discovery:discover_packages(path) discover
[0.108s] Level 1:colcon.colcon_core.package_discovery:discover_packages(path) using defaults
[0.119s] Level 1:colcon.colcon_core.package_discovery:discover_packages(prefix_path) check parameters
[0.119s] Level 1:colcon.colcon_core.package_discovery:discover_packages(prefix_path) discover
[0.120s] DEBUG:colcon.colcon_installed_package_information.package_discovery:Found 1 installed packages in /home/snekkie/DroneBoys/install
[0.121s] DEBUG:colcon.colcon_installed_package_information.package_discovery:Found 285 installed packages in /opt/ros/jazzy
[0.122s] Level 1:colcon.colcon_core.package_discovery:discover_packages(prefix_path) using defaults
[0.144s] Level 5:colcon.colcon_core.verb:set package 'drone_core' build argument 'cmake_args' from command line to 'None'
[0.144s] Level 5:colcon.colcon_core.verb:set package 'drone_core' build argument 'cmake_target' from command line to 'None'
[0.144s] Level 5:colcon.colcon_core.verb:set package 'drone_core' build argument 'cmake_target_skip_unavailable' from command line to 'False'
[0.144s] Level 5:colcon.colcon_core.verb:set package 'drone_core' build argument 'cmake_clean_cache' from command line to 'False'
[0.144s] Level 5:colcon.colcon_core.verb:set package 'drone_core' build argument 'cmake_clean_first' from command line to 'False'
[0.144s] Level 5:colcon.colcon_core.verb:set package 'drone_core' build argument 'cmake_force_configure' from command line to 'False'
[0.144s] Level 5:colcon.colcon_core.verb:set package 'drone_core' build argument 'ament_cmake_args' from command line to 'None'
[0.144s] Level 5:colcon.colcon_core.verb:set package 'drone_core' build argument 'catkin_cmake_args' from command line to 'None'
[0.144s] Level 5:colcon.colcon_core.verb:set package 'drone_core' build argument 'catkin_skip_building_tests' from command line to 'False'
[0.144s] DEBUG:colcon.colcon_core.verb:Building package 'drone_core' with the following arguments: {'ament_cmake_args': None, 'build_base': '/home/snekkie/DroneBoys/build/drone_core', 'catkin_cmake_args': None, 'catkin_skip_building_tests': False, 'cmake_args': None, 'cmake_clean_cache': False, 'cmake_clean_first': False, 'cmake_force_configure': False, 'cmake_target': None, 'cmake_target_skip_unavailable': False, 'install_base': '/home/snekkie/DroneBoys/install/drone_core', 'merge_install': False, 'path': '/home/snekkie/DroneBoys/src/drone_core', 'symlink_install': False, 'test_result_base': None}
[0.145s] Level 5:colcon.colcon_core.verb:set package 'drone_gui' build argument 'cmake_args' from command line to 'None'
[0.145s] Level 5:colcon.colcon_core.verb:set package 'drone_gui' build argument 'cmake_target' from command line to 'None'
[0.145s] Level 5:colcon.colcon_core.verb:set package 'drone_gui' build argument 'cmake_target_skip_unavailable' from command line to 'False'
[0.145s] Level 5:colcon.colcon_core.verb:set package 'drone_gui' build argument 'cmake_clean_cache' from command line to 'False'
[0.145s] Level 5:colcon.colcon_core.verb:set package 'drone_gui' build argument 'cmake_clean_first' from command line to 'False'
[0.145s] Level 5:colcon.colcon_core.verb:set package 'drone_gui' build argument 'cmake_force_configure' from command line to 'False'
[0.145s] Level 5:colcon.colcon_core.verb:set package 'drone_gui' build argument 'ament_cmake_args' from command line to 'None'
[0.145s] Level 5:colcon.colcon_core.verb:set package 'drone_gui' build argument 'catkin_cmake_args' from command line to 'None'
[0.145s] Level 5:colcon.colcon_core.verb:set package 'drone_gui' build argument 'catkin_skip_building_tests' from command line to 'False'
[0.145s] DEBUG:colcon.colcon_core.verb:Building package 'drone_gui' with the following arguments: {'ament_cmake_args': None, 'build_base': '/home/snekkie/DroneBoys/build/drone_gui', 'catkin_cmake_args': None, 'catkin_skip_building_tests': False, 'cmake_args': None, 'cmake_clean_cache': False, 'cmake_clean_first': False, 'cmake_force_configure': False, 'cmake_target': None, 'cmake_target_skip_unavailable': False, 'install_base': '/home/snekkie/DroneBoys/install/drone_gui', 'merge_install': False, 'path': '/home/snekkie/DroneBoys/src/drone_gui', 'symlink_install': False, 'test_result_base': None}
[0.145s] INFO:colcon.colcon_core.executor:Executing jobs using 'parallel' executor
[0.146s] DEBUG:colcon.colcon_parallel_executor.executor.parallel:run_until_complete
[0.146s] INFO:colcon.colcon_ros.task.ament_cmake.build:Building ROS package in '/home/snekkie/DroneBoys/src/drone_core' with build type 'ament_cmake'
[0.146s] INFO:colcon.colcon_cmake.task.cmake.build:Building CMake package in '/home/snekkie/DroneBoys/src/drone_core'
[0.147s] INFO:colcon.colcon_core.plugin_system:Skipping extension 'colcon_core.shell.bat': Not used on non-Windows systems
[0.148s] INFO:colcon.colcon_core.shell:Skip shell extension 'powershell' for command environment: Not usable outside of PowerShell
[0.148s] DEBUG:colcon.colcon_core.shell:Skip shell extension 'dsv' for command environment
[0.155s] DEBUG:colcon.colcon_core.event_handler.log_command:Invoking command in '/home/snekkie/DroneBoys/build/drone_core': CMAKE_PREFIX_PATH=${CMAKE_PREFIX_PATH}:/opt/ros/jazzy DEBUGINFOD_URLS=https://debuginfod.ubuntu.com /usr/bin/cmake --build /home/snekkie/DroneBoys/build/drone_core -- -j24 -l24
[0.448s] DEBUG:colcon.colcon_core.event_handler.log_command:Invoked command in '/home/snekkie/DroneBoys/build/drone_core' returned '0': CMAKE_PREFIX_PATH=${CMAKE_PREFIX_PATH}:/opt/ros/jazzy DEBUGINFOD_URLS=https://debuginfod.ubuntu.com /usr/bin/cmake --build /home/snekkie/DroneBoys/build/drone_core -- -j24 -l24
[0.457s] DEBUG:colcon.colcon_core.event_handler.log_command:Invoking command in '/home/snekkie/DroneBoys/build/drone_core': CMAKE_PREFIX_PATH=${CMAKE_PREFIX_PATH}:/opt/ros/jazzy DEBUGINFOD_URLS=https://debuginfod.ubuntu.com /usr/bin/cmake --install /home/snekkie/DroneBoys/build/drone_core
[0.503s] Level 1:colcon.colcon_core.environment:create_environment_scripts_only(drone_core)
[0.503s] DEBUG:colcon.colcon_core.event_handler.log_command:Invoked command in '/home/snekkie/DroneBoys/build/drone_core' returned '0': CMAKE_PREFIX_PATH=${CMAKE_PREFIX_PATH}:/opt/ros/jazzy DEBUGINFOD_URLS=https://debuginfod.ubuntu.com /usr/bin/cmake --install /home/snekkie/DroneBoys/build/drone_core
[0.505s] Level 1:colcon.colcon_core.environment:checking '/home/snekkie/DroneBoys/install/drone_core' for CMake module files
[0.505s] Level 1:colcon.colcon_core.environment:checking '/home/snekkie/DroneBoys/install/drone_core' for CMake config files
[0.506s] Level 1:colcon.colcon_core.shell:create_environment_hook('drone_core', 'cmake_prefix_path')
[0.506s] INFO:colcon.colcon_core.shell:Creating environment hook '/home/snekkie/DroneBoys/install/drone_core/share/drone_core/hook/cmake_prefix_path.ps1'
[0.507s] INFO:colcon.colcon_core.shell:Creating environment descriptor '/home/snekkie/DroneBoys/install/drone_core/share/drone_core/hook/cmake_prefix_path.dsv'
[0.507s] INFO:colcon.colcon_core.shell:Creating environment hook '/home/snekkie/DroneBoys/install/drone_core/share/drone_core/hook/cmake_prefix_path.sh'
[0.508s] Level 1:colcon.colcon_core.environment:checking '/home/snekkie/DroneBoys/install/drone_core/lib'
[0.508s] Level 1:colcon.colcon_core.shell:create_environment_hook('drone_core', 'ld_library_path_lib')
[0.508s] INFO:colcon.colcon_core.shell:Creating environment hook '/home/snekkie/DroneBoys/install/drone_core/share/drone_core/hook/ld_library_path_lib.ps1'
[0.508s] INFO:colcon.colcon_core.shell:Creating environment descriptor '/home/snekkie/DroneBoys/install/drone_core/share/drone_core/hook/ld_library_path_lib.dsv'
[0.509s] INFO:colcon.colcon_core.shell:Creating environment hook '/home/snekkie/DroneBoys/install/drone_core/share/drone_core/hook/ld_library_path_lib.sh'
[0.509s] Level 1:colcon.colcon_core.environment:checking '/home/snekkie/DroneBoys/install/drone_core/bin'
[0.509s] Level 1:colcon.colcon_core.environment:checking '/home/snekkie/DroneBoys/install/drone_core/lib/pkgconfig/drone_core.pc'
[0.509s] Level 1:colcon.colcon_core.environment:checking '/home/snekkie/DroneBoys/install/drone_core/lib/python3.12/site-packages'
[0.509s] Level 1:colcon.colcon_core.shell:create_environment_hook('drone_core', 'pythonpath')
[0.509s] INFO:colcon.colcon_core.shell:Creating environment hook '/home/snekkie/DroneBoys/install/drone_core/share/drone_core/hook/pythonpath.ps1'
[0.510s] INFO:colcon.colcon_core.shell:Creating environment descriptor '/home/snekkie/DroneBoys/install/drone_core/share/drone_core/hook/pythonpath.dsv'
[0.510s] INFO:colcon.colcon_core.shell:Creating environment hook '/home/snekkie/DroneBoys/install/drone_core/share/drone_core/hook/pythonpath.sh'
[0.510s] Level 1:colcon.colcon_core.environment:checking '/home/snekkie/DroneBoys/install/drone_core/bin'
[0.511s] INFO:colcon.colcon_core.shell:Creating package script '/home/snekkie/DroneBoys/install/drone_core/share/drone_core/package.ps1'
[0.511s] INFO:colcon.colcon_core.shell:Creating package descriptor '/home/snekkie/DroneBoys/install/drone_core/share/drone_core/package.dsv'
[0.512s] INFO:colcon.colcon_core.shell:Creating package script '/home/snekkie/DroneBoys/install/drone_core/share/drone_core/package.sh'
[0.512s] INFO:colcon.colcon_core.shell:Creating package script '/home/snekkie/DroneBoys/install/drone_core/share/drone_core/package.bash'
[0.513s] INFO:colcon.colcon_core.shell:Creating package script '/home/snekkie/DroneBoys/install/drone_core/share/drone_core/package.zsh'
[0.513s] Level 1:colcon.colcon_core.environment:create_file_with_runtime_dependencies(/home/snekkie/DroneBoys/install/drone_core/share/colcon-core/packages/drone_core)
[0.514s] Level 1:colcon.colcon_core.environment:create_environment_scripts_only(drone_core)
[0.514s] Level 1:colcon.colcon_core.environment:checking '/home/snekkie/DroneBoys/install/drone_core' for CMake module files
[0.514s] Level 1:colcon.colcon_core.environment:checking '/home/snekkie/DroneBoys/install/drone_core' for CMake config files
[0.515s] Level 1:colcon.colcon_core.shell:create_environment_hook('drone_core', 'cmake_prefix_path')
[0.515s] INFO:colcon.colcon_core.shell:Creating environment hook '/home/snekkie/DroneBoys/install/drone_core/share/drone_core/hook/cmake_prefix_path.ps1'
[0.515s] INFO:colcon.colcon_core.shell:Creating environment descriptor '/home/snekkie/DroneBoys/install/drone_core/share/drone_core/hook/cmake_prefix_path.dsv'
[0.515s] INFO:colcon.colcon_core.shell:Creating environment hook '/home/snekkie/DroneBoys/install/drone_core/share/drone_core/hook/cmake_prefix_path.sh'
[0.516s] Level 1:colcon.colcon_core.environment:checking '/home/snekkie/DroneBoys/install/drone_core/lib'
[0.516s] Level 1:colcon.colcon_core.shell:create_environment_hook('drone_core', 'ld_library_path_lib')
[0.516s] INFO:colcon.colcon_core.shell:Creating environment hook '/home/snekkie/DroneBoys/install/drone_core/share/drone_core/hook/ld_library_path_lib.ps1'
[0.516s] INFO:colcon.colcon_core.shell:Creating environment descriptor '/home/snekkie/DroneBoys/install/drone_core/share/drone_core/hook/ld_library_path_lib.dsv'
[0.517s] INFO:colcon.colcon_core.shell:Creating environment hook '/home/snekkie/DroneBoys/install/drone_core/share/drone_core/hook/ld_library_path_lib.sh'
[0.517s] Level 1:colcon.colcon_core.environment:checking '/home/snekkie/DroneBoys/install/drone_core/bin'
[0.517s] Level 1:colcon.colcon_core.environment:checking '/home/snekkie/DroneBoys/install/drone_core/lib/pkgconfig/drone_core.pc'
[0.518s] Level 1:colcon.colcon_core.environment:checking '/home/snekkie/DroneBoys/install/drone_core/lib/python3.12/site-packages'
[0.518s] Level 1:colcon.colcon_core.shell:create_environment_hook('drone_core', 'pythonpath')
[0.518s] INFO:colcon.colcon_core.shell:Creating environment hook '/home/snekkie/DroneBoys/install/drone_core/share/drone_core/hook/pythonpath.ps1'
[0.518s] INFO:colcon.colcon_core.shell:Creating environment descriptor '/home/snekkie/DroneBoys/install/drone_core/share/drone_core/hook/pythonpath.dsv'
[0.518s] INFO:colcon.colcon_core.shell:Creating environment hook '/home/snekkie/DroneBoys/install/drone_core/share/drone_core/hook/pythonpath.sh'
[0.519s] Level 1:colcon.colcon_core.environment:checking '/home/snekkie/DroneBoys/install/drone_core/bin'
[0.519s] INFO:colcon.colcon_core.shell:Creating package script '/home/snekkie/DroneBoys/install/drone_core/share/drone_core/package.ps1'
[0.520s] INFO:colcon.colcon_core.shell:Creating package descriptor '/home/snekkie/DroneBoys/install/drone_core/share/drone_core/package.dsv'
[0.520s] INFO:colcon.colcon_core.shell:Creating package script '/home/snekkie/DroneBoys/install/drone_core/share/drone_core/package.sh'
[0.520s] INFO:colcon.colcon_core.shell:Creating package script '/home/snekkie/DroneBoys/install/drone_core/share/drone_core/package.bash'
[0.521s] INFO:colcon.colcon_core.shell:Creating package script '/home/snekkie/DroneBoys/install/drone_core/share/drone_core/package.zsh'
[0.521s] Level 1:colcon.colcon_core.environment:create_file_with_runtime_dependencies(/home/snekkie/DroneBoys/install/drone_core/share/colcon-core/packages/drone_core)
[0.521s] INFO:colcon.colcon_ros.task.ament_cmake.build:Building ROS package in '/home/snekkie/DroneBoys/src/drone_gui' with build type 'ament_cmake'
[0.521s] INFO:colcon.colcon_cmake.task.cmake.build:Building CMake package in '/home/snekkie/DroneBoys/src/drone_gui'
[0.522s] INFO:colcon.colcon_core.shell:Skip shell extension 'powershell' for command environment: Not usable outside of PowerShell
[0.522s] DEBUG:colcon.colcon_core.shell:Skip shell extension 'dsv' for command environment
[0.529s] DEBUG:colcon.colcon_core.event_handler.log_command:Invoking command in '/home/snekkie/DroneBoys/build/drone_gui': CMAKE_PREFIX_PATH=${CMAKE_PREFIX_PATH}:/opt/ros/jazzy DEBUGINFOD_URLS=https://debuginfod.ubuntu.com /usr/bin/cmake /home/snekkie/DroneBoys/src/drone_gui -DCMAKE_INSTALL_PREFIX=/home/snekkie/DroneBoys/install/drone_gui
[5.837s] DEBUG:colcon.colcon_parallel_executor.executor.parallel:run_until_complete was interrupted
[5.837s] DEBUG:colcon.colcon_parallel_executor.executor.parallel:run_until_complete again
[5.845s] Level 1:colcon.colcon_core.environment:create_environment_scripts_only(drone_gui)
[5.845s] DEBUG:colcon.colcon_core.event_handler.log_command:Invoked command in '/home/snekkie/DroneBoys/build/drone_gui' returned '-2': CMAKE_PREFIX_PATH=${CMAKE_PREFIX_PATH}:/opt/ros/jazzy DEBUGINFOD_URLS=https://debuginfod.ubuntu.com /usr/bin/cmake /home/snekkie/DroneBoys/src/drone_gui -DCMAKE_INSTALL_PREFIX=/home/snekkie/DroneBoys/install/drone_gui
[5.845s] Level 1:colcon.colcon_core.environment:checking '/home/snekkie/DroneBoys/install/drone_gui' for CMake module files
[5.846s] Level 1:colcon.colcon_core.environment:checking '/home/snekkie/DroneBoys/install/drone_gui' for CMake config files
[5.846s] Level 1:colcon.colcon_core.environment:checking '/home/snekkie/DroneBoys/install/drone_gui/bin'
[5.846s] Level 1:colcon.colcon_core.environment:checking '/home/snekkie/DroneBoys/install/drone_gui/lib/pkgconfig/drone_gui.pc'
[5.846s] Level 1:colcon.colcon_core.environment:checking '/home/snekkie/DroneBoys/install/drone_gui/lib/python3.12/site-packages'
[5.846s] Level 1:colcon.colcon_core.environment:checking '/home/snekkie/DroneBoys/install/drone_gui/bin'
[5.846s] INFO:colcon.colcon_core.shell:Creating package script '/home/snekkie/DroneBoys/install/drone_gui/share/drone_gui/package.ps1'
[5.847s] INFO:colcon.colcon_core.shell:Creating package descriptor '/home/snekkie/DroneBoys/install/drone_gui/share/drone_gui/package.dsv'
[5.847s] INFO:colcon.colcon_core.shell:Creating package script '/home/snekkie/DroneBoys/install/drone_gui/share/drone_gui/package.sh'
[5.847s] INFO:colcon.colcon_core.shell:Creating package script '/home/snekkie/DroneBoys/install/drone_gui/share/drone_gui/package.bash'
[5.847s] INFO:colcon.colcon_core.shell:Creating package script '/home/snekkie/DroneBoys/install/drone_gui/share/drone_gui/package.zsh'
[5.847s] Level 1:colcon.colcon_core.environment:create_file_with_runtime_dependencies(/home/snekkie/DroneBoys/install/drone_gui/share/colcon-core/packages/drone_gui)
[5.857s] DEBUG:colcon.colcon_parallel_executor.executor.parallel:run_until_complete finished
[5.857s] DEBUG:colcon.colcon_parallel_executor.executor.parallel:closing loop
[5.858s] DEBUG:colcon.colcon_parallel_executor.executor.parallel:loop closed
[5.858s] DEBUG:colcon.colcon_core.event_reactor:joining thread
[5.861s] INFO:colcon.colcon_core.plugin_system:Skipping extension 'colcon_notification.desktop_notification.terminal_notifier': Not used on non-Darwin systems
[5.861s] INFO:colcon.colcon_core.plugin_system:Skipping extension 'colcon_notification.desktop_notification.win32': Not used on non-Windows systems
[5.861s] INFO:colcon.colcon_notification.desktop_notification:Sending desktop notification using 'notify2'
[5.870s] DEBUG:colcon.colcon_core.event_reactor:joined thread
[5.870s] INFO:colcon.colcon_core.shell:Creating prefix script '/home/snekkie/DroneBoys/install/local_setup.ps1'
[5.871s] INFO:colcon.colcon_core.shell:Creating prefix util module '/home/snekkie/DroneBoys/install/_local_setup_util_ps1.py'
[5.872s] INFO:colcon.colcon_core.shell:Creating prefix chain script '/home/snekkie/DroneBoys/install/setup.ps1'
[5.872s] INFO:colcon.colcon_core.shell:Creating prefix script '/home/snekkie/DroneBoys/install/local_setup.sh'
[5.872s] INFO:colcon.colcon_core.shell:Creating prefix util module '/home/snekkie/DroneBoys/install/_local_setup_util_sh.py'
[5.873s] INFO:colcon.colcon_core.shell:Creating prefix chain script '/home/snekkie/DroneBoys/install/setup.sh'
[5.873s] INFO:colcon.colcon_core.shell:Creating prefix script '/home/snekkie/DroneBoys/install/local_setup.bash'
[5.874s] INFO:colcon.colcon_core.shell:Creating prefix chain script '/home/snekkie/DroneBoys/install/setup.bash'
[5.874s] INFO:colcon.colcon_core.shell:Creating prefix script '/home/snekkie/DroneBoys/install/local_setup.zsh'
[5.874s] INFO:colcon.colcon_core.shell:Creating prefix chain script '/home/snekkie/DroneBoys/install/setup.zsh'
