[ 14%] Built target glfw
[ 18%] Built target sharing
[ 23%] Built target heightmap
[ 23%] Built target ImGuiLib
[ 26%] Built target wave
[ 33%] Built target events
[ 35%] Built target offscreen
[ 37%] Built target simple
[ 40%] Built target gears
[ 31%] Built target particles
[ 42%] Built target splitview
[ 45%] Built target clipboard
[ 47%] Built target boing
[ 57%] Built target cursor
[ 64%] Built target glfwinfo
[ 65%] Built target monitors
[ 65%] Built target reopen
[ 65%] Built target msaa
[ 65%] Built target inputlag
[ 73%] Built target icon
[ 73%] Built target gamma
[ 71%] Built target empty
[ 76%] Built target iconify
[ 78%] Built target joysticks
[ 80%] Built target opacity
[ 88%] Built target threads
[ 88%] Built target tearing
[ 88%] Built target title
[ 90%] Built target timeout
[ 94%] Built target windows
[ 96%] Built target triangle-vulkan
[ 98%] Built target InterfaceLib
[ 99%] [32mBuilding CXX object CMakeFiles/gui_app.dir/src/interface.cpp.o[0m
[100%] [32m[1mLinking CXX executable gui_app[0m
[100%] Built target gui_app
-- Install configuration: ""
-- Installing: /home/dksoren/drone_boys/install/drone_gui/include/GLFW
-- Installing: /home/dksoren/drone_boys/install/drone_gui/include/GLFW/glfw3.h
-- Installing: /home/dksoren/drone_boys/install/drone_gui/include/GLFW/glfw3native.h
-- Installing: /home/dksoren/drone_boys/install/drone_gui/lib/cmake/glfw3/glfw3Config.cmake
-- Installing: /home/dksoren/drone_boys/install/drone_gui/lib/cmake/glfw3/glfw3ConfigVersion.cmake
-- Installing: /home/dksoren/drone_boys/install/drone_gui/lib/cmake/glfw3/glfw3Targets.cmake
-- Installing: /home/dksoren/drone_boys/install/drone_gui/lib/cmake/glfw3/glfw3Targets-noconfig.cmake
-- Installing: /home/dksoren/drone_boys/install/drone_gui/lib/pkgconfig/glfw3.pc
-- Installing: /home/dksoren/drone_boys/install/drone_gui/lib/libglfw3.a
-- Installing: /home/dksoren/drone_boys/install/drone_gui/lib/drone_gui/gui_app
-- Set non-toolchain portion of runtime path of "/home/dksoren/drone_boys/install/drone_gui/lib/drone_gui/gui_app" to ""
-- Installing: /home/dksoren/drone_boys/install/drone_gui/share/drone_gui//config
-- Installing: /home/dksoren/drone_boys/install/drone_gui/share/ament_index/resource_index/package_run_dependencies/drone_gui
-- Installing: /home/dksoren/drone_boys/install/drone_gui/share/ament_index/resource_index/parent_prefix_path/drone_gui
-- Installing: /home/dksoren/drone_boys/install/drone_gui/share/drone_gui/environment/ament_prefix_path.sh
-- Installing: /home/dksoren/drone_boys/install/drone_gui/share/drone_gui/environment/ament_prefix_path.dsv
-- Installing: /home/dksoren/drone_boys/install/drone_gui/share/drone_gui/environment/path.sh
-- Installing: /home/dksoren/drone_boys/install/drone_gui/share/drone_gui/environment/path.dsv
-- Installing: /home/dksoren/drone_boys/install/drone_gui/share/drone_gui/local_setup.bash
-- Installing: /home/dksoren/drone_boys/install/drone_gui/share/drone_gui/local_setup.sh
-- Installing: /home/dksoren/drone_boys/install/drone_gui/share/drone_gui/local_setup.zsh
-- Installing: /home/dksoren/drone_boys/install/drone_gui/share/drone_gui/local_setup.dsv
-- Installing: /home/dksoren/drone_boys/install/drone_gui/share/drone_gui/package.dsv
-- Installing: /home/dksoren/drone_boys/install/drone_gui/share/ament_index/resource_index/packages/drone_gui
-- Installing: /home/dksoren/drone_boys/install/drone_gui/share/drone_gui/cmake/ament_cmake_export_dependencies-extras.cmake
-- Installing: /home/dksoren/drone_boys/install/drone_gui/share/drone_gui/cmake/drone_guiConfig.cmake
-- Installing: /home/dksoren/drone_boys/install/drone_gui/share/drone_gui/cmake/drone_guiConfig-version.cmake
-- Installing: /home/dksoren/drone_boys/install/drone_gui/share/drone_gui/package.xml
