[0.115s] DEBUG:colcon:Command line arguments: ['/usr/bin/colcon', 'build']
[0.115s] DEBUG:colcon:Parsed command line arguments: Namespace(log_base=None, log_level=None, verb_name='build', build_base='build', install_base='install', merge_install=False, symlink_install=False, test_result_base=None, continue_on_error=False, executor='parallel', parallel_workers=12, event_handlers=None, ignore_user_meta=False, metas=['./colcon.meta'], base_paths=['.'], packages_ignore=None, packages_ignore_regex=None, paths=None, packages_up_to=None, packages_up_to_regex=None, packages_above=None, packages_above_and_dependencies=None, packages_above_depth=None, packages_select_by_dep=None, packages_skip_by_dep=None, packages_skip_up_to=None, packages_select_build_failed=False, packages_skip_build_finished=False, packages_select_test_failures=False, packages_skip_test_passed=False, packages_select=None, packages_skip=None, packages_select_regex=None, packages_skip_regex=None, packages_start=None, packages_end=None, allow_overriding=[], cmake_args=None, cmake_target=None, cmake_target_skip_unavailable=False, cmake_clean_cache=False, cmake_clean_first=False, cmake_force_configure=False, ament_cmake_args=None, catkin_cmake_args=None, catkin_skip_building_tests=False, mixin_files=None, mixin=None, verb_parser=<colcon_mixin.mixin.mixin_argument.MixinArgumentDecorator object at 0x75c248b8eff0>, verb_extension=<colcon_core.verb.build.BuildVerb object at 0x75c248b8ecc0>, main=<bound method BuildVerb.main of <colcon_core.verb.build.BuildVerb object at 0x75c248b8ecc0>>, mixin_verb=('build',))
[0.157s] Level 1:colcon.colcon_core.package_discovery:discover_packages(colcon_meta) check parameters
[0.157s] Level 1:colcon.colcon_core.package_discovery:discover_packages(recursive) check parameters
[0.157s] Level 1:colcon.colcon_core.package_discovery:discover_packages(ignore) check parameters
[0.157s] Level 1:colcon.colcon_core.package_discovery:discover_packages(path) check parameters
[0.157s] Level 1:colcon.colcon_core.package_discovery:discover_packages(colcon_meta) discover
[0.157s] Level 1:colcon.colcon_core.package_discovery:discover_packages(recursive) discover
[0.157s] INFO:colcon.colcon_core.package_discovery:Crawling recursively for packages in '/home/dksoren/drone_boys'
[0.157s] Level 1:colcon.colcon_core.package_identification:_identify(.) by extensions ['ignore', 'ignore_ament_install']
[0.157s] Level 1:colcon.colcon_core.package_identification:_identify(.) by extension 'ignore'
[0.157s] Level 1:colcon.colcon_core.package_identification:_identify(.) by extension 'ignore_ament_install'
[0.157s] Level 1:colcon.colcon_core.package_identification:_identify(.) by extensions ['colcon_pkg']
[0.157s] Level 1:colcon.colcon_core.package_identification:_identify(.) by extension 'colcon_pkg'
[0.157s] Level 1:colcon.colcon_core.package_identification:_identify(.) by extensions ['colcon_meta']
[0.158s] Level 1:colcon.colcon_core.package_identification:_identify(.) by extension 'colcon_meta'
[0.158s] Level 1:colcon.colcon_core.package_identification:_identify(.) by extensions ['ros']
[0.158s] Level 1:colcon.colcon_core.package_identification:_identify(.) by extension 'ros'
[0.184s] Level 1:colcon.colcon_core.package_identification:_identify(.) by extensions ['cmake', 'python']
[0.184s] Level 1:colcon.colcon_core.package_identification:_identify(.) by extension 'cmake'
[0.184s] Level 1:colcon.colcon_core.package_identification:_identify(.) by extension 'python'
[0.184s] Level 1:colcon.colcon_core.package_identification:_identify(.) by extensions ['python_setup_py']
[0.184s] Level 1:colcon.colcon_core.package_identification:_identify(.) by extension 'python_setup_py'
[0.184s] Level 1:colcon.colcon_core.package_identification:_identify(build) by extensions ['ignore', 'ignore_ament_install']
[0.184s] Level 1:colcon.colcon_core.package_identification:_identify(build) by extension 'ignore'
[0.184s] Level 1:colcon.colcon_core.package_identification:_identify(build) ignored
[0.184s] Level 1:colcon.colcon_core.package_identification:_identify(install) by extensions ['ignore', 'ignore_ament_install']
[0.184s] Level 1:colcon.colcon_core.package_identification:_identify(install) by extension 'ignore'
[0.185s] Level 1:colcon.colcon_core.package_identification:_identify(install) ignored
[0.185s] Level 1:colcon.colcon_core.package_identification:_identify(log) by extensions ['ignore', 'ignore_ament_install']
[0.185s] Level 1:colcon.colcon_core.package_identification:_identify(log) by extension 'ignore'
[0.185s] Level 1:colcon.colcon_core.package_identification:_identify(log) ignored
[0.185s] Level 1:colcon.colcon_core.package_identification:_identify(src) by extensions ['ignore', 'ignore_ament_install']
[0.185s] Level 1:colcon.colcon_core.package_identification:_identify(src) by extension 'ignore'
[0.185s] Level 1:colcon.colcon_core.package_identification:_identify(src) by extension 'ignore_ament_install'
[0.185s] Level 1:colcon.colcon_core.package_identification:_identify(src) by extensions ['colcon_pkg']
[0.185s] Level 1:colcon.colcon_core.package_identification:_identify(src) by extension 'colcon_pkg'
[0.185s] Level 1:colcon.colcon_core.package_identification:_identify(src) by extensions ['colcon_meta']
[0.185s] Level 1:colcon.colcon_core.package_identification:_identify(src) by extension 'colcon_meta'
[0.185s] Level 1:colcon.colcon_core.package_identification:_identify(src) by extensions ['ros']
[0.185s] Level 1:colcon.colcon_core.package_identification:_identify(src) by extension 'ros'
[0.185s] Level 1:colcon.colcon_core.package_identification:_identify(src) by extensions ['cmake', 'python']
[0.185s] Level 1:colcon.colcon_core.package_identification:_identify(src) by extension 'cmake'
[0.186s] Level 1:colcon.colcon_core.package_identification:_identify(src) by extension 'python'
[0.186s] Level 1:colcon.colcon_core.package_identification:_identify(src) by extensions ['python_setup_py']
[0.186s] Level 1:colcon.colcon_core.package_identification:_identify(src) by extension 'python_setup_py'
[0.186s] Level 1:colcon.colcon_core.package_identification:_identify(src/drone_core) by extensions ['ignore', 'ignore_ament_install']
[0.186s] Level 1:colcon.colcon_core.package_identification:_identify(src/drone_core) by extension 'ignore'
[0.186s] Level 1:colcon.colcon_core.package_identification:_identify(src/drone_core) by extension 'ignore_ament_install'
[0.186s] Level 1:colcon.colcon_core.package_identification:_identify(src/drone_core) by extensions ['colcon_pkg']
[0.186s] Level 1:colcon.colcon_core.package_identification:_identify(src/drone_core) by extension 'colcon_pkg'
[0.186s] Level 1:colcon.colcon_core.package_identification:_identify(src/drone_core) by extensions ['colcon_meta']
[0.186s] Level 1:colcon.colcon_core.package_identification:_identify(src/drone_core) by extension 'colcon_meta'
[0.186s] Level 1:colcon.colcon_core.package_identification:_identify(src/drone_core) by extensions ['ros']
[0.186s] Level 1:colcon.colcon_core.package_identification:_identify(src/drone_core) by extension 'ros'
[0.189s] DEBUG:colcon.colcon_core.package_identification:Package 'src/drone_core' with type 'ros.catkin' and name 'drone_core'
[0.189s] Level 1:colcon.colcon_core.package_identification:_identify(src/drone_gui) by extensions ['ignore', 'ignore_ament_install']
[0.189s] Level 1:colcon.colcon_core.package_identification:_identify(src/drone_gui) by extension 'ignore'
[0.189s] Level 1:colcon.colcon_core.package_identification:_identify(src/drone_gui) by extension 'ignore_ament_install'
[0.189s] Level 1:colcon.colcon_core.package_identification:_identify(src/drone_gui) by extensions ['colcon_pkg']
[0.189s] Level 1:colcon.colcon_core.package_identification:_identify(src/drone_gui) by extension 'colcon_pkg'
[0.189s] Level 1:colcon.colcon_core.package_identification:_identify(src/drone_gui) by extensions ['colcon_meta']
[0.189s] Level 1:colcon.colcon_core.package_identification:_identify(src/drone_gui) by extension 'colcon_meta'
[0.189s] Level 1:colcon.colcon_core.package_identification:_identify(src/drone_gui) by extensions ['ros']
[0.189s] Level 1:colcon.colcon_core.package_identification:_identify(src/drone_gui) by extension 'ros'
[0.190s] DEBUG:colcon.colcon_core.package_identification:Package 'src/drone_gui' with type 'ros.ament_cmake' and name 'drone_gui'
[0.190s] Level 1:colcon.colcon_core.package_discovery:discover_packages(recursive) using defaults
[0.190s] Level 1:colcon.colcon_core.package_discovery:discover_packages(ignore) discover
[0.190s] Level 1:colcon.colcon_core.package_discovery:discover_packages(ignore) using defaults
[0.190s] Level 1:colcon.colcon_core.package_discovery:discover_packages(path) discover
[0.190s] Level 1:colcon.colcon_core.package_discovery:discover_packages(path) using defaults
[0.209s] Level 1:colcon.colcon_core.package_discovery:discover_packages(prefix_path) check parameters
[0.209s] Level 1:colcon.colcon_core.package_discovery:discover_packages(prefix_path) discover
[0.210s] DEBUG:colcon.colcon_installed_package_information.package_discovery:Found 3 installed packages in /home/dksoren/drone_boys/install
[0.212s] DEBUG:colcon.colcon_installed_package_information.package_discovery:Found 290 installed packages in /opt/ros/jazzy
[0.213s] Level 1:colcon.colcon_core.package_discovery:discover_packages(prefix_path) using defaults
[0.258s] Level 5:colcon.colcon_core.verb:set package 'drone_core' build argument 'cmake_args' from command line to 'None'
[0.258s] Level 5:colcon.colcon_core.verb:set package 'drone_core' build argument 'cmake_target' from command line to 'None'
[0.258s] Level 5:colcon.colcon_core.verb:set package 'drone_core' build argument 'cmake_target_skip_unavailable' from command line to 'False'
[0.258s] Level 5:colcon.colcon_core.verb:set package 'drone_core' build argument 'cmake_clean_cache' from command line to 'False'
[0.258s] Level 5:colcon.colcon_core.verb:set package 'drone_core' build argument 'cmake_clean_first' from command line to 'False'
[0.258s] Level 5:colcon.colcon_core.verb:set package 'drone_core' build argument 'cmake_force_configure' from command line to 'False'
[0.258s] Level 5:colcon.colcon_core.verb:set package 'drone_core' build argument 'ament_cmake_args' from command line to 'None'
[0.258s] Level 5:colcon.colcon_core.verb:set package 'drone_core' build argument 'catkin_cmake_args' from command line to 'None'
[0.258s] Level 5:colcon.colcon_core.verb:set package 'drone_core' build argument 'catkin_skip_building_tests' from command line to 'False'
[0.258s] DEBUG:colcon.colcon_core.verb:Building package 'drone_core' with the following arguments: {'ament_cmake_args': None, 'build_base': '/home/dksoren/drone_boys/build/drone_core', 'catkin_cmake_args': None, 'catkin_skip_building_tests': False, 'cmake_args': None, 'cmake_clean_cache': False, 'cmake_clean_first': False, 'cmake_force_configure': False, 'cmake_target': None, 'cmake_target_skip_unavailable': False, 'install_base': '/home/dksoren/drone_boys/install/drone_core', 'merge_install': False, 'path': '/home/dksoren/drone_boys/src/drone_core', 'symlink_install': False, 'test_result_base': None}
[0.258s] Level 5:colcon.colcon_core.verb:set package 'drone_gui' build argument 'cmake_args' from command line to 'None'
[0.258s] Level 5:colcon.colcon_core.verb:set package 'drone_gui' build argument 'cmake_target' from command line to 'None'
[0.258s] Level 5:colcon.colcon_core.verb:set package 'drone_gui' build argument 'cmake_target_skip_unavailable' from command line to 'False'
[0.258s] Level 5:colcon.colcon_core.verb:set package 'drone_gui' build argument 'cmake_clean_cache' from command line to 'False'
[0.258s] Level 5:colcon.colcon_core.verb:set package 'drone_gui' build argument 'cmake_clean_first' from command line to 'False'
[0.258s] Level 5:colcon.colcon_core.verb:set package 'drone_gui' build argument 'cmake_force_configure' from command line to 'False'
[0.259s] Level 5:colcon.colcon_core.verb:set package 'drone_gui' build argument 'ament_cmake_args' from command line to 'None'
[0.259s] Level 5:colcon.colcon_core.verb:set package 'drone_gui' build argument 'catkin_cmake_args' from command line to 'None'
[0.259s] Level 5:colcon.colcon_core.verb:set package 'drone_gui' build argument 'catkin_skip_building_tests' from command line to 'False'
[0.259s] DEBUG:colcon.colcon_core.verb:Building package 'drone_gui' with the following arguments: {'ament_cmake_args': None, 'build_base': '/home/dksoren/drone_boys/build/drone_gui', 'catkin_cmake_args': None, 'catkin_skip_building_tests': False, 'cmake_args': None, 'cmake_clean_cache': False, 'cmake_clean_first': False, 'cmake_force_configure': False, 'cmake_target': None, 'cmake_target_skip_unavailable': False, 'install_base': '/home/dksoren/drone_boys/install/drone_gui', 'merge_install': False, 'path': '/home/dksoren/drone_boys/src/drone_gui', 'symlink_install': False, 'test_result_base': None}
[0.259s] INFO:colcon.colcon_core.executor:Executing jobs using 'parallel' executor
[0.260s] DEBUG:colcon.colcon_parallel_executor.executor.parallel:run_until_complete
[0.260s] INFO:colcon.colcon_ros.task.catkin.build:Building ROS package in '/home/dksoren/drone_boys/src/drone_core' with build type 'catkin'
[0.260s] INFO:colcon.colcon_cmake.task.cmake.build:Building CMake package in '/home/dksoren/drone_boys/src/drone_core'
[0.262s] INFO:colcon.colcon_core.plugin_system:Skipping extension 'colcon_core.shell.bat': Not used on non-Windows systems
[0.262s] INFO:colcon.colcon_core.shell:Skip shell extension 'powershell' for command environment: Not usable outside of PowerShell
[0.263s] DEBUG:colcon.colcon_core.shell:Skip shell extension 'dsv' for command environment
[0.273s] DEBUG:colcon.colcon_core.event_handler.log_command:Invoking command in '/home/dksoren/drone_boys/build/drone_core': DEBUGINFOD_URLS=https://debuginfod.ubuntu.com /usr/bin/cmake /home/dksoren/drone_boys/src/drone_core -DCATKIN_INSTALL_INTO_PREFIX_ROOT=0 -DCMAKE_INSTALL_PREFIX=/home/dksoren/drone_boys/install/drone_core
[2.681s] DEBUG:colcon.colcon_core.event_handler.log_command:Invoked command in '/home/dksoren/drone_boys/build/drone_core' returned '1': DEBUGINFOD_URLS=https://debuginfod.ubuntu.com /usr/bin/cmake /home/dksoren/drone_boys/src/drone_core -DCATKIN_INSTALL_INTO_PREFIX_ROOT=0 -DCMAKE_INSTALL_PREFIX=/home/dksoren/drone_boys/install/drone_core
[2.681s] Level 1:colcon.colcon_core.shell:create_environment_hook('drone_core', 'ros_package_path')
[2.681s] INFO:colcon.colcon_core.shell:Creating environment hook '/home/dksoren/drone_boys/install/drone_core/share/drone_core/hook/ros_package_path.ps1'
[2.682s] INFO:colcon.colcon_core.shell:Creating environment descriptor '/home/dksoren/drone_boys/install/drone_core/share/drone_core/hook/ros_package_path.dsv'
[2.682s] INFO:colcon.colcon_core.shell:Creating environment hook '/home/dksoren/drone_boys/install/drone_core/share/drone_core/hook/ros_package_path.sh'
[2.683s] Level 1:colcon.colcon_ros.task.catkin:checking '/home/dksoren/drone_boys/install/drone_core/lib/python3.12/site-packages'
[2.683s] Level 1:colcon.colcon_core.shell:create_environment_hook('drone_core', 'pkg_config_path')
[2.683s] INFO:colcon.colcon_core.shell:Creating environment hook '/home/dksoren/drone_boys/install/drone_core/share/drone_core/hook/pkg_config_path.ps1'
[2.683s] INFO:colcon.colcon_core.shell:Creating environment descriptor '/home/dksoren/drone_boys/install/drone_core/share/drone_core/hook/pkg_config_path.dsv'
[2.683s] INFO:colcon.colcon_core.shell:Creating environment hook '/home/dksoren/drone_boys/install/drone_core/share/drone_core/hook/pkg_config_path.sh'
[2.685s] Level 1:colcon.colcon_core.shell:create_environment_hook('drone_core', 'pkg_config_path_multiarch')
[2.685s] INFO:colcon.colcon_core.shell:Creating environment hook '/home/dksoren/drone_boys/install/drone_core/share/drone_core/hook/pkg_config_path_multiarch.ps1'
[2.685s] INFO:colcon.colcon_core.shell:Creating environment descriptor '/home/dksoren/drone_boys/install/drone_core/share/drone_core/hook/pkg_config_path_multiarch.dsv'
[2.685s] INFO:colcon.colcon_core.shell:Creating environment hook '/home/dksoren/drone_boys/install/drone_core/share/drone_core/hook/pkg_config_path_multiarch.sh'
[2.686s] Level 1:colcon.colcon_core.environment:create_environment_scripts_only(drone_core)
[2.687s] Level 1:colcon.colcon_core.environment:checking '/home/dksoren/drone_boys/install/drone_core' for CMake module files
[2.688s] Level 1:colcon.colcon_core.environment:checking '/home/dksoren/drone_boys/install/drone_core' for CMake config files
[2.688s] Level 1:colcon.colcon_core.shell:create_environment_hook('drone_core', 'cmake_prefix_path')
[2.688s] INFO:colcon.colcon_core.shell:Creating environment hook '/home/dksoren/drone_boys/install/drone_core/share/drone_core/hook/cmake_prefix_path.ps1'
[2.688s] INFO:colcon.colcon_core.shell:Creating environment descriptor '/home/dksoren/drone_boys/install/drone_core/share/drone_core/hook/cmake_prefix_path.dsv'
[2.689s] INFO:colcon.colcon_core.shell:Creating environment hook '/home/dksoren/drone_boys/install/drone_core/share/drone_core/hook/cmake_prefix_path.sh'
[2.689s] Level 1:colcon.colcon_core.environment:checking '/home/dksoren/drone_boys/install/drone_core/lib'
[2.689s] Level 1:colcon.colcon_core.environment:checking '/home/dksoren/drone_boys/install/drone_core/bin'
[2.689s] Level 1:colcon.colcon_core.environment:checking '/home/dksoren/drone_boys/install/drone_core/lib/pkgconfig/drone_core.pc'
[2.689s] Level 1:colcon.colcon_core.environment:checking '/home/dksoren/drone_boys/install/drone_core/lib/python3.12/site-packages'
[2.690s] Level 1:colcon.colcon_core.environment:checking '/home/dksoren/drone_boys/install/drone_core/bin'
[2.690s] INFO:colcon.colcon_core.shell:Creating package script '/home/dksoren/drone_boys/install/drone_core/share/drone_core/package.ps1'
[2.690s] INFO:colcon.colcon_core.shell:Creating package descriptor '/home/dksoren/drone_boys/install/drone_core/share/drone_core/package.dsv'
[2.691s] INFO:colcon.colcon_core.shell:Creating package script '/home/dksoren/drone_boys/install/drone_core/share/drone_core/package.sh'
[2.691s] INFO:colcon.colcon_core.shell:Creating package script '/home/dksoren/drone_boys/install/drone_core/share/drone_core/package.bash'
[2.692s] INFO:colcon.colcon_core.shell:Creating package script '/home/dksoren/drone_boys/install/drone_core/share/drone_core/package.zsh'
[2.692s] Level 1:colcon.colcon_core.environment:create_file_with_runtime_dependencies(/home/dksoren/drone_boys/install/drone_core/share/colcon-core/packages/drone_core)
[2.702s] DEBUG:colcon.colcon_parallel_executor.executor.parallel:closing loop
[2.703s] DEBUG:colcon.colcon_parallel_executor.executor.parallel:loop closed
[2.703s] DEBUG:colcon.colcon_parallel_executor.executor.parallel:run_until_complete finished with '1'
[2.703s] DEBUG:colcon.colcon_core.event_reactor:joining thread
[2.707s] INFO:colcon.colcon_core.plugin_system:Skipping extension 'colcon_notification.desktop_notification.terminal_notifier': Not used on non-Darwin systems
[2.707s] INFO:colcon.colcon_core.plugin_system:Skipping extension 'colcon_notification.desktop_notification.win32': Not used on non-Windows systems
[2.707s] INFO:colcon.colcon_notification.desktop_notification:Sending desktop notification using 'notify2'
[2.716s] DEBUG:colcon.colcon_core.event_reactor:joined thread
[2.717s] INFO:colcon.colcon_core.shell:Creating prefix script '/home/dksoren/drone_boys/install/local_setup.ps1'
[2.717s] INFO:colcon.colcon_core.shell:Creating prefix util module '/home/dksoren/drone_boys/install/_local_setup_util_ps1.py'
[2.718s] INFO:colcon.colcon_core.shell:Creating prefix chain script '/home/dksoren/drone_boys/install/setup.ps1'
[2.719s] INFO:colcon.colcon_core.shell:Creating prefix script '/home/dksoren/drone_boys/install/local_setup.sh'
[2.719s] INFO:colcon.colcon_core.shell:Creating prefix util module '/home/dksoren/drone_boys/install/_local_setup_util_sh.py'
[2.719s] INFO:colcon.colcon_core.shell:Creating prefix chain script '/home/dksoren/drone_boys/install/setup.sh'
[2.720s] INFO:colcon.colcon_core.shell:Creating prefix script '/home/dksoren/drone_boys/install/local_setup.bash'
[2.720s] INFO:colcon.colcon_core.shell:Creating prefix chain script '/home/dksoren/drone_boys/install/setup.bash'
[2.721s] INFO:colcon.colcon_core.shell:Creating prefix script '/home/dksoren/drone_boys/install/local_setup.zsh'
[2.721s] INFO:colcon.colcon_core.shell:Creating prefix chain script '/home/dksoren/drone_boys/install/setup.zsh'
