[0.008s] Invoking command in '/home/dksoren/drone_boys/build/drone': CMAKE_PREFIX_PATH=${CMAKE_PREFIX_PATH}:/opt/ros/jazzy DEBUGINFOD_URLS=https://debuginfod.ubuntu.com /usr/bin/cmake --build /home/dksoren/drone_boys/build/drone -- -j12 -l12
[0.058s] [  2%] Built target drone__rosidl_generator_type_description
[0.065s] [  2%] Built target ament_cmake_python_symlink_drone
[0.075s] [  5%] Built target drone__cpp
[0.075s] [ 17%] Built target drone__rosidl_generator_c
[0.096s] [ 41%] Built target drone__rosidl_typesupport_introspection_cpp
[0.096s] [ 41%] Built target drone__rosidl_typesupport_fastrtps_c
[0.096s] [ 41%] Built target drone__rosidl_typesupport_c
[0.096s] [ 48%] Built target drone__rosidl_typesupport_cpp
[0.096s] [ 56%] Built target drone__rosidl_typesupport_fastrtps_cpp
[0.096s] [ 64%] Built target drone__rosidl_typesupport_introspection_c
[0.116s] [ 64%] Built target drone
[0.135s] [ 66%] Built target drone__py
[0.153s] [ 69%] [32mBuilding CXX object CMakeFiles/finder.dir/src/main.cpp.o[0m
[0.158s] [ 74%] Built target drone__rosidl_generator_py
[0.179s] [ 87%] Built target drone_s__rosidl_typesupport_c
[0.179s] [ 87%] Built target drone_s__rosidl_typesupport_fastrtps_c
[0.179s] [ 89%] Built target drone_s__rosidl_typesupport_introspection_c
[0.246s] running egg_info
[0.263s] writing drone.egg-info/PKG-INFO
[0.263s] writing dependency_links to drone.egg-info/dependency_links.txt
[0.264s] writing top-level names to drone.egg-info/top_level.txt
[0.311s] reading manifest file 'drone.egg-info/SOURCES.txt'
[0.312s] writing manifest file 'drone.egg-info/SOURCES.txt'
[0.338s] [ 89%] Built target ament_cmake_python_build_drone_egg
[3.160s] [01m[K/home/dksoren/drone_boys/src/drone/src/main.cpp:[m[K In function ‘[01m[Kint[01;32m[K main[m[K()[m[K’:
[3.160s] [01m[K/home/dksoren/drone_boys/src/drone/src/main.cpp:198:18:[m[K [01;31m[Kerror: [m[K‘[01m[Kargc[m[K’ was not declared in this scope
[3.160s]   198 |     rclcpp::init([01;31m[Kargc[m[K, argv);
[3.161s]       |                  [01;31m[K^~~~[m[K
[3.164s] [01m[K/home/dksoren/drone_boys/src/drone/src/main.cpp:198:24:[m[K [01;31m[Kerror: [m[K‘[01m[Kargv[m[K’ was not declared in this scope
[3.164s]   198 |     rclcpp::init(argc, [01;31m[Kargv[m[K);
[3.164s]       |                        [01;31m[K^~~~[m[K
[4.317s] gmake[2]: *** [CMakeFiles/finder.dir/build.make:76: CMakeFiles/finder.dir/src/main.cpp.o] Error 1
[4.318s] gmake[1]: *** [CMakeFiles/Makefile2:626: CMakeFiles/finder.dir/all] Error 2
[4.318s] gmake: *** [Makefile:146: all] Error 2
[4.321s] Invoked command in '/home/dksoren/drone_boys/build/drone' returned '2': CMAKE_PREFIX_PATH=${CMAKE_PREFIX_PATH}:/opt/ros/jazzy DEBUGINFOD_URLS=https://debuginfod.ubuntu.com /usr/bin/cmake --build /home/dksoren/drone_boys/build/drone -- -j12 -l12
