[0.007s] Invoking command in '/home/dksoren/drone_boys/build/drone_gui': AMENT_PREFIX_PATH=/home/dksoren/drone_boys/install/drone_core:${AMENT_PREFIX_PATH} CMAKE_PREFIX_PATH=/home/dksoren/drone_boys/install/drone_core:/opt/ros/jazzy:${CMAKE_PREFIX_PATH} DEBUGINFOD_URLS=https://debuginfod.ubuntu.com /usr/bin/cmake /home/dksoren/drone_boys/src/drone_gui -DCMAKE_INSTALL_PREFIX=/home/dksoren/drone_boys/install/drone_gui
[0.018s] -- Found ament_cmake: 2.5.4 (/opt/ros/jazzy/share/ament_cmake/cmake)
[0.192s] -- Found rclcpp: 28.1.12 (/opt/ros/jazzy/share/rclcpp/cmake)
[0.214s] -- Found rosidl_generator_c: 4.6.6 (/opt/ros/jazzy/share/rosidl_generator_c/cmake)
[0.221s] -- Found rosidl_generator_cpp: 4.6.6 (/opt/ros/jazzy/share/rosidl_generator_cpp/cmake)
[0.229s] -- Using all available rosidl_typesupport_c: rosidl_typesupport_fastrtps_c;rosidl_typesupport_introspection_c
[0.240s] -- Using all available rosidl_typesupport_cpp: rosidl_typesupport_fastrtps_cpp;rosidl_typesupport_introspection_cpp
[0.289s] -- Found rmw_implementation_cmake: 7.3.2 (/opt/ros/jazzy/share/rmw_implementation_cmake/cmake)
[0.289s] -- Found rmw_fastrtps_cpp: 8.4.3 (/opt/ros/jazzy/share/rmw_fastrtps_cpp/cmake)
[0.351s] -- Using RMW implementation 'rmw_fastrtps_cpp' as default
[0.406s] -- Found std_msgs: 5.3.6 (/opt/ros/jazzy/share/std_msgs/cmake)
[0.418s] -- Found drone_core: 0.0.1 (/home/dksoren/drone_boys/install/drone_core/share/drone_core/cmake)
[1.390s] [0mCMake Deprecation Warning at /home/dksoren/drone_boys/build/drone_gui/_deps/glfw-src/CMakeLists.txt:1 (cmake_minimum_required):
[1.390s]   Compatibility with CMake < 3.5 will be removed from a future version of
[1.390s]   CMake.
[1.390s] 
[1.390s]   Update the VERSION argument <min> value or use a ...<max> suffix to tell
[1.390s]   CMake that the project does not need compatibility with older versions.
[1.390s] 
[1.390s] [0m
[1.395s] -- Could NOT find Doxygen (missing: DOXYGEN_EXECUTABLE) 
[1.395s] -- Using X11 for window creation
[1.460s] [31mCMake Error at /opt/ros/jazzy/share/ament_cmake_target_dependencies/cmake/ament_target_dependencies.cmake:146 (target_link_libraries):
[1.460s]   The keyword signature for target_link_libraries has already been used with
[1.460s]   the target "gui_app".  All uses of target_link_libraries with a target must
[1.461s]   be either all-keyword or all-plain.
[1.461s] 
[1.461s]   The uses of the keyword signature are here:
[1.461s] 
[1.461s]    * CMakeLists.txt:91 (target_link_libraries)
[1.461s] 
[1.461s] Call Stack (most recent call first):
[1.461s]   CMakeLists.txt:100 (ament_target_dependencies)
[1.461s] 
[1.461s] [0m
[1.534s] -- Configuring incomplete, errors occurred!
