[ 14%] Built target glfw
[ 20%] Built target sharing
[ 21%] Built target particles
[ 23%] Built target heightmap
[ 26%] Built target clipboard
[ 28%] Built target boing
[ 33%] Built target splitview
[ 33%] Built target gears
[ 35%] Built target simple
[ 37%] Built target offscreen
[ 38%] Built target wave
[ 43%] Built target ImGuiLib
[ 47%] Built target events
[ 54%] Built target glfwinfo
[ 54%] Built target iconify
[ 56%] Built target gamma
[ 59%] Built target monitors
[ 62%] Built target msaa
[ 65%] Built target empty
[ 68%] Built target inputlag
[ 71%] Built target reopen
[ 73%] Built target joysticks
[ 76%] Built target icon
[ 78%] Built target cursor
[ 80%] Built target opacity
[ 86%] [32mBuilding CXX object CMakeFiles/InterfaceLib.dir/src/interfaceUtil.cpp.o[0m
[ 88%] Built target timeout
[ 88%] Built target title
[ 88%] Built target triangle-vulkan
[ 90%] Built target tearing
[ 96%] Built target windows
[ 97%] Built target threads
[01m[K/home/dksoren/drone_boys/src/drone_gui/src/interfaceUtil.cpp:4:10:[m[K [01;31m[Kfatal error: [m[Kstb_image.h: No such file or directory
    4 | #include [01;31m[K"stb_image.h"[m[K
      |          [01;31m[K^~~~~~~~~~~~~[m[K
compilation terminated.
gmake[2]: *** [CMakeFiles/InterfaceLib.dir/build.make:76: CMakeFiles/InterfaceLib.dir/src/interfaceUtil.cpp.o] Error 1
gmake[1]: *** [CMakeFiles/Makefile2:290: CMakeFiles/InterfaceLib.dir/all] Error 2
gmake: *** [Makefile:146: all] Error 2
