[0.016s] Invoking command in '/home/dksoren/drone_boys/build/drone_gui': CMAKE_PREFIX_PATH=/opt/ros/jazzy:/home/dksoren/drone_boys/install/drone_core:${CMAKE_PREFIX_PATH} DEBUGINFOD_URLS=https://debuginfod.ubuntu.com LD_LIBRARY_PATH=/home/dksoren/drone_boys/install/drone_core/lib:${LD_LIBRARY_PATH} PKG_CONFIG_PATH=/home/dksoren/drone_boys/install/drone_core/lib/x86_64-linux-gnu/pkgconfig:/home/dksoren/drone_boys/install/drone_core/lib/pkgconfig PYTHONPATH=/home/dksoren/drone_boys/install/drone_core/lib/python3.12/site-packages:${PYTHONPATH} ROS_PACKAGE_PATH=/home/dksoren/drone_boys/install/drone_core/share /usr/bin/cmake --build /home/dksoren/drone_boys/build/drone_gui -- -j12 -l12
[0.089s] [ 14%] Built target glfw
[0.126s] [ 20%] Built target sharing
[0.126s] [ 21%] Built target particles
[0.130s] [ 23%] Built target heightmap
[0.130s] [ 26%] Built target clipboard
[0.130s] [ 28%] Built target boing
[0.130s] [ 33%] Built target splitview
[0.130s] [ 33%] Built target gears
[0.131s] [ 35%] Built target simple
[0.131s] [ 37%] Built target offscreen
[0.131s] [ 38%] Built target wave
[0.132s] [ 43%] Built target ImGuiLib
[0.135s] [ 47%] Built target events
[0.162s] [ 54%] Built target glfwinfo
[0.164s] [ 54%] Built target iconify
[0.164s] [ 56%] Built target gamma
[0.165s] [ 59%] Built target monitors
[0.165s] [ 62%] Built target msaa
[0.165s] [ 65%] Built target empty
[0.165s] [ 68%] Built target inputlag
[0.165s] [ 71%] Built target reopen
[0.167s] [ 73%] Built target joysticks
[0.168s] [ 76%] Built target icon
[0.169s] [ 78%] Built target cursor
[0.169s] [ 80%] Built target opacity
[0.192s] [ 86%] [32mBuilding CXX object CMakeFiles/InterfaceLib.dir/src/interfaceUtil.cpp.o[0m
[0.192s] [ 88%] Built target timeout
[0.192s] [ 88%] Built target title
[0.192s] [ 88%] Built target triangle-vulkan
[0.193s] [ 90%] Built target tearing
[0.194s] [ 96%] Built target windows
[0.195s] [ 97%] Built target threads
[0.315s] [01m[K/home/dksoren/drone_boys/src/drone_gui/src/interfaceUtil.cpp:4:10:[m[K [01;31m[Kfatal error: [m[Kstb_image.h: No such file or directory
[0.316s]     4 | #include [01;31m[K"stb_image.h"[m[K
[0.316s]       |          [01;31m[K^~~~~~~~~~~~~[m[K
[0.316s] compilation terminated.
[0.323s] gmake[2]: *** [CMakeFiles/InterfaceLib.dir/build.make:76: CMakeFiles/InterfaceLib.dir/src/interfaceUtil.cpp.o] Error 1
[0.323s] gmake[1]: *** [CMakeFiles/Makefile2:290: CMakeFiles/InterfaceLib.dir/all] Error 2
[0.324s] gmake: *** [Makefile:146: all] Error 2
[0.326s] Invoked command in '/home/dksoren/drone_boys/build/drone_gui' returned '2': CMAKE_PREFIX_PATH=/opt/ros/jazzy:/home/dksoren/drone_boys/install/drone_core:${CMAKE_PREFIX_PATH} DEBUGINFOD_URLS=https://debuginfod.ubuntu.com LD_LIBRARY_PATH=/home/dksoren/drone_boys/install/drone_core/lib:${LD_LIBRARY_PATH} PKG_CONFIG_PATH=/home/dksoren/drone_boys/install/drone_core/lib/x86_64-linux-gnu/pkgconfig:/home/dksoren/drone_boys/install/drone_core/lib/pkgconfig PYTHONPATH=/home/dksoren/drone_boys/install/drone_core/lib/python3.12/site-packages:${PYTHONPATH} ROS_PACKAGE_PATH=/home/dksoren/drone_boys/install/drone_core/share /usr/bin/cmake --build /home/dksoren/drone_boys/build/drone_gui -- -j12 -l12
