[0.127s] DEBUG:colcon:Command line arguments: ['/usr/bin/colcon', 'build']
[0.127s] DEBUG:colcon:Parsed command line arguments: Namespace(log_base=None, log_level=None, verb_name='build', build_base='build', install_base='install', merge_install=False, symlink_install=False, test_result_base=None, continue_on_error=False, executor='parallel', parallel_workers=12, event_handlers=None, ignore_user_meta=False, metas=['./colcon.meta'], base_paths=['.'], packages_ignore=None, packages_ignore_regex=None, paths=None, packages_up_to=None, packages_up_to_regex=None, packages_above=None, packages_above_and_dependencies=None, packages_above_depth=None, packages_select_by_dep=None, packages_skip_by_dep=None, packages_skip_up_to=None, packages_select_build_failed=False, packages_skip_build_finished=False, packages_select_test_failures=False, packages_skip_test_passed=False, packages_select=None, packages_skip=None, packages_select_regex=None, packages_skip_regex=None, packages_start=None, packages_end=None, allow_overriding=[], cmake_args=None, cmake_target=None, cmake_target_skip_unavailable=False, cmake_clean_cache=False, cmake_clean_first=False, cmake_force_configure=False, ament_cmake_args=None, catkin_cmake_args=None, catkin_skip_building_tests=False, mixin_files=None, mixin=None, verb_parser=<colcon_mixin.mixin.mixin_argument.MixinArgumentDecorator object at 0x7c4466b96de0>, verb_extension=<colcon_core.verb.build.BuildVerb object at 0x7c4466b96a50>, main=<bound method BuildVerb.main of <colcon_core.verb.build.BuildVerb object at 0x7c4466b96a50>>, mixin_verb=('build',))
[0.170s] Level 1:colcon.colcon_core.package_discovery:discover_packages(colcon_meta) check parameters
[0.170s] Level 1:colcon.colcon_core.package_discovery:discover_packages(recursive) check parameters
[0.170s] Level 1:colcon.colcon_core.package_discovery:discover_packages(ignore) check parameters
[0.170s] Level 1:colcon.colcon_core.package_discovery:discover_packages(path) check parameters
[0.170s] Level 1:colcon.colcon_core.package_discovery:discover_packages(colcon_meta) discover
[0.170s] Level 1:colcon.colcon_core.package_discovery:discover_packages(recursive) discover
[0.170s] INFO:colcon.colcon_core.package_discovery:Crawling recursively for packages in '/home/dksoren/drone_boys'
[0.170s] Level 1:colcon.colcon_core.package_identification:_identify(.) by extensions ['ignore', 'ignore_ament_install']
[0.171s] Level 1:colcon.colcon_core.package_identification:_identify(.) by extension 'ignore'
[0.171s] Level 1:colcon.colcon_core.package_identification:_identify(.) by extension 'ignore_ament_install'
[0.171s] Level 1:colcon.colcon_core.package_identification:_identify(.) by extensions ['colcon_pkg']
[0.171s] Level 1:colcon.colcon_core.package_identification:_identify(.) by extension 'colcon_pkg'
[0.171s] Level 1:colcon.colcon_core.package_identification:_identify(.) by extensions ['colcon_meta']
[0.171s] Level 1:colcon.colcon_core.package_identification:_identify(.) by extension 'colcon_meta'
[0.171s] Level 1:colcon.colcon_core.package_identification:_identify(.) by extensions ['ros']
[0.171s] Level 1:colcon.colcon_core.package_identification:_identify(.) by extension 'ros'
[0.197s] Level 1:colcon.colcon_core.package_identification:_identify(.) by extensions ['cmake', 'python']
[0.197s] Level 1:colcon.colcon_core.package_identification:_identify(.) by extension 'cmake'
[0.197s] Level 1:colcon.colcon_core.package_identification:_identify(.) by extension 'python'
[0.197s] Level 1:colcon.colcon_core.package_identification:_identify(.) by extensions ['python_setup_py']
[0.197s] Level 1:colcon.colcon_core.package_identification:_identify(.) by extension 'python_setup_py'
[0.198s] Level 1:colcon.colcon_core.package_identification:_identify(build) by extensions ['ignore', 'ignore_ament_install']
[0.198s] Level 1:colcon.colcon_core.package_identification:_identify(build) by extension 'ignore'
[0.198s] Level 1:colcon.colcon_core.package_identification:_identify(build) ignored
[0.198s] Level 1:colcon.colcon_core.package_identification:_identify(install) by extensions ['ignore', 'ignore_ament_install']
[0.198s] Level 1:colcon.colcon_core.package_identification:_identify(install) by extension 'ignore'
[0.198s] Level 1:colcon.colcon_core.package_identification:_identify(install) ignored
[0.198s] Level 1:colcon.colcon_core.package_identification:_identify(log) by extensions ['ignore', 'ignore_ament_install']
[0.198s] Level 1:colcon.colcon_core.package_identification:_identify(log) by extension 'ignore'
[0.198s] Level 1:colcon.colcon_core.package_identification:_identify(log) ignored
[0.198s] Level 1:colcon.colcon_core.package_identification:_identify(src) by extensions ['ignore', 'ignore_ament_install']
[0.199s] Level 1:colcon.colcon_core.package_identification:_identify(src) by extension 'ignore'
[0.199s] Level 1:colcon.colcon_core.package_identification:_identify(src) by extension 'ignore_ament_install'
[0.199s] Level 1:colcon.colcon_core.package_identification:_identify(src) by extensions ['colcon_pkg']
[0.199s] Level 1:colcon.colcon_core.package_identification:_identify(src) by extension 'colcon_pkg'
[0.199s] Level 1:colcon.colcon_core.package_identification:_identify(src) by extensions ['colcon_meta']
[0.199s] Level 1:colcon.colcon_core.package_identification:_identify(src) by extension 'colcon_meta'
[0.199s] Level 1:colcon.colcon_core.package_identification:_identify(src) by extensions ['ros']
[0.199s] Level 1:colcon.colcon_core.package_identification:_identify(src) by extension 'ros'
[0.199s] Level 1:colcon.colcon_core.package_identification:_identify(src) by extensions ['cmake', 'python']
[0.199s] Level 1:colcon.colcon_core.package_identification:_identify(src) by extension 'cmake'
[0.199s] Level 1:colcon.colcon_core.package_identification:_identify(src) by extension 'python'
[0.199s] Level 1:colcon.colcon_core.package_identification:_identify(src) by extensions ['python_setup_py']
[0.199s] Level 1:colcon.colcon_core.package_identification:_identify(src) by extension 'python_setup_py'
[0.199s] Level 1:colcon.colcon_core.package_identification:_identify(src/drone_core) by extensions ['ignore', 'ignore_ament_install']
[0.199s] Level 1:colcon.colcon_core.package_identification:_identify(src/drone_core) by extension 'ignore'
[0.199s] Level 1:colcon.colcon_core.package_identification:_identify(src/drone_core) by extension 'ignore_ament_install'
[0.200s] Level 1:colcon.colcon_core.package_identification:_identify(src/drone_core) by extensions ['colcon_pkg']
[0.200s] Level 1:colcon.colcon_core.package_identification:_identify(src/drone_core) by extension 'colcon_pkg'
[0.200s] Level 1:colcon.colcon_core.package_identification:_identify(src/drone_core) by extensions ['colcon_meta']
[0.200s] Level 1:colcon.colcon_core.package_identification:_identify(src/drone_core) by extension 'colcon_meta'
[0.200s] Level 1:colcon.colcon_core.package_identification:_identify(src/drone_core) by extensions ['ros']
[0.200s] Level 1:colcon.colcon_core.package_identification:_identify(src/drone_core) by extension 'ros'
[0.202s] DEBUG:colcon.colcon_core.package_identification:Package 'src/drone_core' with type 'ros.ament_cmake' and name 'drone_core'
[0.202s] Level 1:colcon.colcon_core.package_identification:_identify(src/drone_gui) by extensions ['ignore', 'ignore_ament_install']
[0.202s] Level 1:colcon.colcon_core.package_identification:_identify(src/drone_gui) by extension 'ignore'
[0.203s] Level 1:colcon.colcon_core.package_identification:_identify(src/drone_gui) by extension 'ignore_ament_install'
[0.203s] Level 1:colcon.colcon_core.package_identification:_identify(src/drone_gui) by extensions ['colcon_pkg']
[0.203s] Level 1:colcon.colcon_core.package_identification:_identify(src/drone_gui) by extension 'colcon_pkg'
[0.203s] Level 1:colcon.colcon_core.package_identification:_identify(src/drone_gui) by extensions ['colcon_meta']
[0.203s] Level 1:colcon.colcon_core.package_identification:_identify(src/drone_gui) by extension 'colcon_meta'
[0.203s] Level 1:colcon.colcon_core.package_identification:_identify(src/drone_gui) by extensions ['ros']
[0.203s] Level 1:colcon.colcon_core.package_identification:_identify(src/drone_gui) by extension 'ros'
[0.203s] DEBUG:colcon.colcon_core.package_identification:Package 'src/drone_gui' with type 'ros.ament_cmake' and name 'drone_gui'
[0.203s] Level 1:colcon.colcon_core.package_discovery:discover_packages(recursive) using defaults
[0.204s] Level 1:colcon.colcon_core.package_discovery:discover_packages(ignore) discover
[0.204s] Level 1:colcon.colcon_core.package_discovery:discover_packages(ignore) using defaults
[0.204s] Level 1:colcon.colcon_core.package_discovery:discover_packages(path) discover
[0.204s] Level 1:colcon.colcon_core.package_discovery:discover_packages(path) using defaults
[0.222s] Level 1:colcon.colcon_core.package_discovery:discover_packages(prefix_path) check parameters
[0.222s] Level 1:colcon.colcon_core.package_discovery:discover_packages(prefix_path) discover
[0.224s] DEBUG:colcon.colcon_installed_package_information.package_discovery:Found 3 installed packages in /home/dksoren/drone_boys/install
[0.226s] DEBUG:colcon.colcon_installed_package_information.package_discovery:Found 290 installed packages in /opt/ros/jazzy
[0.227s] Level 1:colcon.colcon_core.package_discovery:discover_packages(prefix_path) using defaults
[0.270s] Level 5:colcon.colcon_core.verb:set package 'drone_core' build argument 'cmake_args' from command line to 'None'
[0.271s] Level 5:colcon.colcon_core.verb:set package 'drone_core' build argument 'cmake_target' from command line to 'None'
[0.271s] Level 5:colcon.colcon_core.verb:set package 'drone_core' build argument 'cmake_target_skip_unavailable' from command line to 'False'
[0.271s] Level 5:colcon.colcon_core.verb:set package 'drone_core' build argument 'cmake_clean_cache' from command line to 'False'
[0.271s] Level 5:colcon.colcon_core.verb:set package 'drone_core' build argument 'cmake_clean_first' from command line to 'False'
[0.271s] Level 5:colcon.colcon_core.verb:set package 'drone_core' build argument 'cmake_force_configure' from command line to 'False'
[0.271s] Level 5:colcon.colcon_core.verb:set package 'drone_core' build argument 'ament_cmake_args' from command line to 'None'
[0.271s] Level 5:colcon.colcon_core.verb:set package 'drone_core' build argument 'catkin_cmake_args' from command line to 'None'
[0.271s] Level 5:colcon.colcon_core.verb:set package 'drone_core' build argument 'catkin_skip_building_tests' from command line to 'False'
[0.271s] DEBUG:colcon.colcon_core.verb:Building package 'drone_core' with the following arguments: {'ament_cmake_args': None, 'build_base': '/home/dksoren/drone_boys/build/drone_core', 'catkin_cmake_args': None, 'catkin_skip_building_tests': False, 'cmake_args': None, 'cmake_clean_cache': False, 'cmake_clean_first': False, 'cmake_force_configure': False, 'cmake_target': None, 'cmake_target_skip_unavailable': False, 'install_base': '/home/dksoren/drone_boys/install/drone_core', 'merge_install': False, 'path': '/home/dksoren/drone_boys/src/drone_core', 'symlink_install': False, 'test_result_base': None}
[0.271s] Level 5:colcon.colcon_core.verb:set package 'drone_gui' build argument 'cmake_args' from command line to 'None'
[0.271s] Level 5:colcon.colcon_core.verb:set package 'drone_gui' build argument 'cmake_target' from command line to 'None'
[0.271s] Level 5:colcon.colcon_core.verb:set package 'drone_gui' build argument 'cmake_target_skip_unavailable' from command line to 'False'
[0.271s] Level 5:colcon.colcon_core.verb:set package 'drone_gui' build argument 'cmake_clean_cache' from command line to 'False'
[0.271s] Level 5:colcon.colcon_core.verb:set package 'drone_gui' build argument 'cmake_clean_first' from command line to 'False'
[0.271s] Level 5:colcon.colcon_core.verb:set package 'drone_gui' build argument 'cmake_force_configure' from command line to 'False'
[0.271s] Level 5:colcon.colcon_core.verb:set package 'drone_gui' build argument 'ament_cmake_args' from command line to 'None'
[0.271s] Level 5:colcon.colcon_core.verb:set package 'drone_gui' build argument 'catkin_cmake_args' from command line to 'None'
[0.271s] Level 5:colcon.colcon_core.verb:set package 'drone_gui' build argument 'catkin_skip_building_tests' from command line to 'False'
[0.271s] DEBUG:colcon.colcon_core.verb:Building package 'drone_gui' with the following arguments: {'ament_cmake_args': None, 'build_base': '/home/dksoren/drone_boys/build/drone_gui', 'catkin_cmake_args': None, 'catkin_skip_building_tests': False, 'cmake_args': None, 'cmake_clean_cache': False, 'cmake_clean_first': False, 'cmake_force_configure': False, 'cmake_target': None, 'cmake_target_skip_unavailable': False, 'install_base': '/home/dksoren/drone_boys/install/drone_gui', 'merge_install': False, 'path': '/home/dksoren/drone_boys/src/drone_gui', 'symlink_install': False, 'test_result_base': None}
[0.271s] INFO:colcon.colcon_core.executor:Executing jobs using 'parallel' executor
[0.272s] DEBUG:colcon.colcon_parallel_executor.executor.parallel:run_until_complete
[0.273s] INFO:colcon.colcon_ros.task.ament_cmake.build:Building ROS package in '/home/dksoren/drone_boys/src/drone_core' with build type 'ament_cmake'
[0.273s] INFO:colcon.colcon_cmake.task.cmake.build:Building CMake package in '/home/dksoren/drone_boys/src/drone_core'
[0.275s] INFO:colcon.colcon_core.plugin_system:Skipping extension 'colcon_core.shell.bat': Not used on non-Windows systems
[0.275s] INFO:colcon.colcon_core.shell:Skip shell extension 'powershell' for command environment: Not usable outside of PowerShell
[0.275s] DEBUG:colcon.colcon_core.shell:Skip shell extension 'dsv' for command environment
[0.288s] DEBUG:colcon.colcon_core.event_handler.log_command:Invoking command in '/home/dksoren/drone_boys/build/drone_core': CMAKE_PREFIX_PATH=/home/dksoren/drone_boys/install/drone_gui:/opt/ros/jazzy:/home/dksoren/drone_boys/install/drone_core:/home/dksoren/drone_boys/install/drone:/opt/ros/jazzy/opt/gz_math_vendor:/opt/ros/jazzy/opt/gz_utils_vendor:/opt/ros/jazzy/opt/gz_cmake_vendor DEBUGINFOD_URLS=https://debuginfod.ubuntu.com /usr/bin/cmake /home/dksoren/drone_boys/src/drone_core -DCMAKE_INSTALL_PREFIX=/home/dksoren/drone_boys/install/drone_core
[1.450s] DEBUG:colcon.colcon_core.event_handler.log_command:Invoked command in '/home/dksoren/drone_boys/build/drone_core' returned '0': CMAKE_PREFIX_PATH=/home/dksoren/drone_boys/install/drone_gui:/opt/ros/jazzy:/home/dksoren/drone_boys/install/drone_core:/home/dksoren/drone_boys/install/drone:/opt/ros/jazzy/opt/gz_math_vendor:/opt/ros/jazzy/opt/gz_utils_vendor:/opt/ros/jazzy/opt/gz_cmake_vendor DEBUGINFOD_URLS=https://debuginfod.ubuntu.com /usr/bin/cmake /home/dksoren/drone_boys/src/drone_core -DCMAKE_INSTALL_PREFIX=/home/dksoren/drone_boys/install/drone_core
[1.451s] DEBUG:colcon.colcon_core.event_handler.log_command:Invoking command in '/home/dksoren/drone_boys/build/drone_core': CMAKE_PREFIX_PATH=/home/dksoren/drone_boys/install/drone_gui:/opt/ros/jazzy:/home/dksoren/drone_boys/install/drone_core:/home/dksoren/drone_boys/install/drone:/opt/ros/jazzy/opt/gz_math_vendor:/opt/ros/jazzy/opt/gz_utils_vendor:/opt/ros/jazzy/opt/gz_cmake_vendor DEBUGINFOD_URLS=https://debuginfod.ubuntu.com /usr/bin/cmake --build /home/dksoren/drone_boys/build/drone_core -- -j12 -l12
[1.787s] DEBUG:colcon.colcon_core.event_handler.log_command:Invoked command in '/home/dksoren/drone_boys/build/drone_core' returned '0': CMAKE_PREFIX_PATH=/home/dksoren/drone_boys/install/drone_gui:/opt/ros/jazzy:/home/dksoren/drone_boys/install/drone_core:/home/dksoren/drone_boys/install/drone:/opt/ros/jazzy/opt/gz_math_vendor:/opt/ros/jazzy/opt/gz_utils_vendor:/opt/ros/jazzy/opt/gz_cmake_vendor DEBUGINFOD_URLS=https://debuginfod.ubuntu.com /usr/bin/cmake --build /home/dksoren/drone_boys/build/drone_core -- -j12 -l12
[1.798s] DEBUG:colcon.colcon_core.event_handler.log_command:Invoking command in '/home/dksoren/drone_boys/build/drone_core': CMAKE_PREFIX_PATH=/home/dksoren/drone_boys/install/drone_gui:/opt/ros/jazzy:/home/dksoren/drone_boys/install/drone_core:/home/dksoren/drone_boys/install/drone:/opt/ros/jazzy/opt/gz_math_vendor:/opt/ros/jazzy/opt/gz_utils_vendor:/opt/ros/jazzy/opt/gz_cmake_vendor DEBUGINFOD_URLS=https://debuginfod.ubuntu.com /usr/bin/cmake --install /home/dksoren/drone_boys/build/drone_core
[1.846s] Level 1:colcon.colcon_core.environment:create_environment_scripts_only(drone_core)
[1.847s] DEBUG:colcon.colcon_core.event_handler.log_command:Invoked command in '/home/dksoren/drone_boys/build/drone_core' returned '0': CMAKE_PREFIX_PATH=/home/dksoren/drone_boys/install/drone_gui:/opt/ros/jazzy:/home/dksoren/drone_boys/install/drone_core:/home/dksoren/drone_boys/install/drone:/opt/ros/jazzy/opt/gz_math_vendor:/opt/ros/jazzy/opt/gz_utils_vendor:/opt/ros/jazzy/opt/gz_cmake_vendor DEBUGINFOD_URLS=https://debuginfod.ubuntu.com /usr/bin/cmake --install /home/dksoren/drone_boys/build/drone_core
[1.848s] Level 1:colcon.colcon_core.environment:checking '/home/dksoren/drone_boys/install/drone_core' for CMake module files
[1.849s] Level 1:colcon.colcon_core.environment:checking '/home/dksoren/drone_boys/install/drone_core' for CMake config files
[1.849s] Level 1:colcon.colcon_core.shell:create_environment_hook('drone_core', 'cmake_prefix_path')
[1.849s] INFO:colcon.colcon_core.shell:Creating environment hook '/home/dksoren/drone_boys/install/drone_core/share/drone_core/hook/cmake_prefix_path.ps1'
[1.850s] INFO:colcon.colcon_core.shell:Creating environment descriptor '/home/dksoren/drone_boys/install/drone_core/share/drone_core/hook/cmake_prefix_path.dsv'
[1.850s] INFO:colcon.colcon_core.shell:Creating environment hook '/home/dksoren/drone_boys/install/drone_core/share/drone_core/hook/cmake_prefix_path.sh'
[1.850s] Level 1:colcon.colcon_core.environment:checking '/home/dksoren/drone_boys/install/drone_core/lib'
[1.850s] Level 1:colcon.colcon_core.shell:create_environment_hook('drone_core', 'ld_library_path_lib')
[1.851s] INFO:colcon.colcon_core.shell:Creating environment hook '/home/dksoren/drone_boys/install/drone_core/share/drone_core/hook/ld_library_path_lib.ps1'
[1.851s] INFO:colcon.colcon_core.shell:Creating environment descriptor '/home/dksoren/drone_boys/install/drone_core/share/drone_core/hook/ld_library_path_lib.dsv'
[1.851s] INFO:colcon.colcon_core.shell:Creating environment hook '/home/dksoren/drone_boys/install/drone_core/share/drone_core/hook/ld_library_path_lib.sh'
[1.852s] Level 1:colcon.colcon_core.environment:checking '/home/dksoren/drone_boys/install/drone_core/bin'
[1.852s] Level 1:colcon.colcon_core.environment:checking '/home/dksoren/drone_boys/install/drone_core/lib/pkgconfig/drone_core.pc'
[1.852s] Level 1:colcon.colcon_core.environment:checking '/home/dksoren/drone_boys/install/drone_core/lib/python3.12/site-packages'
[1.852s] Level 1:colcon.colcon_core.shell:create_environment_hook('drone_core', 'pythonpath')
[1.852s] INFO:colcon.colcon_core.shell:Creating environment hook '/home/dksoren/drone_boys/install/drone_core/share/drone_core/hook/pythonpath.ps1'
[1.853s] INFO:colcon.colcon_core.shell:Creating environment descriptor '/home/dksoren/drone_boys/install/drone_core/share/drone_core/hook/pythonpath.dsv'
[1.853s] INFO:colcon.colcon_core.shell:Creating environment hook '/home/dksoren/drone_boys/install/drone_core/share/drone_core/hook/pythonpath.sh'
[1.854s] Level 1:colcon.colcon_core.environment:checking '/home/dksoren/drone_boys/install/drone_core/bin'
[1.854s] INFO:colcon.colcon_core.shell:Creating package script '/home/dksoren/drone_boys/install/drone_core/share/drone_core/package.ps1'
[1.854s] INFO:colcon.colcon_core.shell:Creating package descriptor '/home/dksoren/drone_boys/install/drone_core/share/drone_core/package.dsv'
[1.855s] INFO:colcon.colcon_core.shell:Creating package script '/home/dksoren/drone_boys/install/drone_core/share/drone_core/package.sh'
[1.855s] INFO:colcon.colcon_core.shell:Creating package script '/home/dksoren/drone_boys/install/drone_core/share/drone_core/package.bash'
[1.855s] INFO:colcon.colcon_core.shell:Creating package script '/home/dksoren/drone_boys/install/drone_core/share/drone_core/package.zsh'
[1.856s] Level 1:colcon.colcon_core.environment:create_file_with_runtime_dependencies(/home/dksoren/drone_boys/install/drone_core/share/colcon-core/packages/drone_core)
[1.856s] Level 1:colcon.colcon_core.environment:create_environment_scripts_only(drone_core)
[1.856s] Level 1:colcon.colcon_core.environment:checking '/home/dksoren/drone_boys/install/drone_core' for CMake module files
[1.857s] Level 1:colcon.colcon_core.environment:checking '/home/dksoren/drone_boys/install/drone_core' for CMake config files
[1.857s] Level 1:colcon.colcon_core.shell:create_environment_hook('drone_core', 'cmake_prefix_path')
[1.857s] INFO:colcon.colcon_core.shell:Creating environment hook '/home/dksoren/drone_boys/install/drone_core/share/drone_core/hook/cmake_prefix_path.ps1'
[1.857s] INFO:colcon.colcon_core.shell:Creating environment descriptor '/home/dksoren/drone_boys/install/drone_core/share/drone_core/hook/cmake_prefix_path.dsv'
[1.857s] INFO:colcon.colcon_core.shell:Creating environment hook '/home/dksoren/drone_boys/install/drone_core/share/drone_core/hook/cmake_prefix_path.sh'
[1.858s] Level 1:colcon.colcon_core.environment:checking '/home/dksoren/drone_boys/install/drone_core/lib'
[1.858s] Level 1:colcon.colcon_core.shell:create_environment_hook('drone_core', 'ld_library_path_lib')
[1.858s] INFO:colcon.colcon_core.shell:Creating environment hook '/home/dksoren/drone_boys/install/drone_core/share/drone_core/hook/ld_library_path_lib.ps1'
[1.858s] INFO:colcon.colcon_core.shell:Creating environment descriptor '/home/dksoren/drone_boys/install/drone_core/share/drone_core/hook/ld_library_path_lib.dsv'
[1.859s] INFO:colcon.colcon_core.shell:Creating environment hook '/home/dksoren/drone_boys/install/drone_core/share/drone_core/hook/ld_library_path_lib.sh'
[1.859s] Level 1:colcon.colcon_core.environment:checking '/home/dksoren/drone_boys/install/drone_core/bin'
[1.859s] Level 1:colcon.colcon_core.environment:checking '/home/dksoren/drone_boys/install/drone_core/lib/pkgconfig/drone_core.pc'
[1.859s] Level 1:colcon.colcon_core.environment:checking '/home/dksoren/drone_boys/install/drone_core/lib/python3.12/site-packages'
[1.859s] Level 1:colcon.colcon_core.shell:create_environment_hook('drone_core', 'pythonpath')
[1.859s] INFO:colcon.colcon_core.shell:Creating environment hook '/home/dksoren/drone_boys/install/drone_core/share/drone_core/hook/pythonpath.ps1'
[1.859s] INFO:colcon.colcon_core.shell:Creating environment descriptor '/home/dksoren/drone_boys/install/drone_core/share/drone_core/hook/pythonpath.dsv'
[1.860s] INFO:colcon.colcon_core.shell:Creating environment hook '/home/dksoren/drone_boys/install/drone_core/share/drone_core/hook/pythonpath.sh'
[1.860s] Level 1:colcon.colcon_core.environment:checking '/home/dksoren/drone_boys/install/drone_core/bin'
[1.860s] INFO:colcon.colcon_core.shell:Creating package script '/home/dksoren/drone_boys/install/drone_core/share/drone_core/package.ps1'
[1.861s] INFO:colcon.colcon_core.shell:Creating package descriptor '/home/dksoren/drone_boys/install/drone_core/share/drone_core/package.dsv'
[1.861s] INFO:colcon.colcon_core.shell:Creating package script '/home/dksoren/drone_boys/install/drone_core/share/drone_core/package.sh'
[1.861s] INFO:colcon.colcon_core.shell:Creating package script '/home/dksoren/drone_boys/install/drone_core/share/drone_core/package.bash'
[1.862s] INFO:colcon.colcon_core.shell:Creating package script '/home/dksoren/drone_boys/install/drone_core/share/drone_core/package.zsh'
[1.862s] Level 1:colcon.colcon_core.environment:create_file_with_runtime_dependencies(/home/dksoren/drone_boys/install/drone_core/share/colcon-core/packages/drone_core)
[1.862s] INFO:colcon.colcon_ros.task.ament_cmake.build:Building ROS package in '/home/dksoren/drone_boys/src/drone_gui' with build type 'ament_cmake'
[1.862s] INFO:colcon.colcon_cmake.task.cmake.build:Building CMake package in '/home/dksoren/drone_boys/src/drone_gui'
[1.862s] INFO:colcon.colcon_core.shell:Skip shell extension 'powershell' for command environment: Not usable outside of PowerShell
[1.862s] DEBUG:colcon.colcon_core.shell:Skip shell extension 'dsv' for command environment
[1.871s] DEBUG:colcon.colcon_core.event_handler.log_command:Invoking command in '/home/dksoren/drone_boys/build/drone_gui': AMENT_PREFIX_PATH=/home/dksoren/drone_boys/install/drone_core:${AMENT_PREFIX_PATH} CMAKE_PREFIX_PATH=/opt/ros/jazzy:/home/dksoren/drone_boys/install/drone_core:/home/dksoren/drone_boys/install/drone_gui:/home/dksoren/drone_boys/install/drone:/opt/ros/jazzy/opt/gz_math_vendor:/opt/ros/jazzy/opt/gz_utils_vendor:/opt/ros/jazzy/opt/gz_cmake_vendor DEBUGINFOD_URLS=https://debuginfod.ubuntu.com /usr/bin/cmake /home/dksoren/drone_boys/src/drone_gui -DCMAKE_INSTALL_PREFIX=/home/dksoren/drone_boys/install/drone_gui
[3.397s] DEBUG:colcon.colcon_core.event_handler.log_command:Invoked command in '/home/dksoren/drone_boys/build/drone_gui' returned '0': AMENT_PREFIX_PATH=/home/dksoren/drone_boys/install/drone_core:${AMENT_PREFIX_PATH} CMAKE_PREFIX_PATH=/opt/ros/jazzy:/home/dksoren/drone_boys/install/drone_core:/home/dksoren/drone_boys/install/drone_gui:/home/dksoren/drone_boys/install/drone:/opt/ros/jazzy/opt/gz_math_vendor:/opt/ros/jazzy/opt/gz_utils_vendor:/opt/ros/jazzy/opt/gz_cmake_vendor DEBUGINFOD_URLS=https://debuginfod.ubuntu.com /usr/bin/cmake /home/dksoren/drone_boys/src/drone_gui -DCMAKE_INSTALL_PREFIX=/home/dksoren/drone_boys/install/drone_gui
[3.398s] DEBUG:colcon.colcon_core.event_handler.log_command:Invoking command in '/home/dksoren/drone_boys/build/drone_gui': AMENT_PREFIX_PATH=/home/dksoren/drone_boys/install/drone_core:${AMENT_PREFIX_PATH} CMAKE_PREFIX_PATH=/opt/ros/jazzy:/home/dksoren/drone_boys/install/drone_core:/home/dksoren/drone_boys/install/drone_gui:/home/dksoren/drone_boys/install/drone:/opt/ros/jazzy/opt/gz_math_vendor:/opt/ros/jazzy/opt/gz_utils_vendor:/opt/ros/jazzy/opt/gz_cmake_vendor DEBUGINFOD_URLS=https://debuginfod.ubuntu.com /usr/bin/cmake --build /home/dksoren/drone_boys/build/drone_gui -- -j12 -l12
[3.584s] DEBUG:colcon.colcon_core.event_handler.log_command:Invoked command in '/home/dksoren/drone_boys/build/drone_gui' returned '0': AMENT_PREFIX_PATH=/home/dksoren/drone_boys/install/drone_core:${AMENT_PREFIX_PATH} CMAKE_PREFIX_PATH=/opt/ros/jazzy:/home/dksoren/drone_boys/install/drone_core:/home/dksoren/drone_boys/install/drone_gui:/home/dksoren/drone_boys/install/drone:/opt/ros/jazzy/opt/gz_math_vendor:/opt/ros/jazzy/opt/gz_utils_vendor:/opt/ros/jazzy/opt/gz_cmake_vendor DEBUGINFOD_URLS=https://debuginfod.ubuntu.com /usr/bin/cmake --build /home/dksoren/drone_boys/build/drone_gui -- -j12 -l12
[3.585s] DEBUG:colcon.colcon_core.event_handler.log_command:Invoking command in '/home/dksoren/drone_boys/build/drone_gui': AMENT_PREFIX_PATH=/home/dksoren/drone_boys/install/drone_core:${AMENT_PREFIX_PATH} CMAKE_PREFIX_PATH=/opt/ros/jazzy:/home/dksoren/drone_boys/install/drone_core:/home/dksoren/drone_boys/install/drone_gui:/home/dksoren/drone_boys/install/drone:/opt/ros/jazzy/opt/gz_math_vendor:/opt/ros/jazzy/opt/gz_utils_vendor:/opt/ros/jazzy/opt/gz_cmake_vendor DEBUGINFOD_URLS=https://debuginfod.ubuntu.com /usr/bin/cmake --install /home/dksoren/drone_boys/build/drone_gui
[3.608s] Level 1:colcon.colcon_core.environment:create_environment_scripts_only(drone_gui)
[3.608s] Level 1:colcon.colcon_core.environment:checking '/home/dksoren/drone_boys/install/drone_gui' for CMake module files
[3.609s] DEBUG:colcon.colcon_core.event_handler.log_command:Invoked command in '/home/dksoren/drone_boys/build/drone_gui' returned '0': AMENT_PREFIX_PATH=/home/dksoren/drone_boys/install/drone_core:${AMENT_PREFIX_PATH} CMAKE_PREFIX_PATH=/opt/ros/jazzy:/home/dksoren/drone_boys/install/drone_core:/home/dksoren/drone_boys/install/drone_gui:/home/dksoren/drone_boys/install/drone:/opt/ros/jazzy/opt/gz_math_vendor:/opt/ros/jazzy/opt/gz_utils_vendor:/opt/ros/jazzy/opt/gz_cmake_vendor DEBUGINFOD_URLS=https://debuginfod.ubuntu.com /usr/bin/cmake --install /home/dksoren/drone_boys/build/drone_gui
[3.609s] Level 1:colcon.colcon_core.environment:checking '/home/dksoren/drone_boys/install/drone_gui' for CMake config files
[3.609s] Level 1:colcon.colcon_core.shell:create_environment_hook('drone_gui', 'cmake_prefix_path')
[3.609s] INFO:colcon.colcon_core.shell:Creating environment hook '/home/dksoren/drone_boys/install/drone_gui/share/drone_gui/hook/cmake_prefix_path.ps1'
[3.610s] INFO:colcon.colcon_core.shell:Creating environment descriptor '/home/dksoren/drone_boys/install/drone_gui/share/drone_gui/hook/cmake_prefix_path.dsv'
[3.610s] INFO:colcon.colcon_core.shell:Creating environment hook '/home/dksoren/drone_boys/install/drone_gui/share/drone_gui/hook/cmake_prefix_path.sh'
[3.610s] Level 1:colcon.colcon_core.environment:checking '/home/dksoren/drone_boys/install/drone_gui/lib'
[3.610s] Level 1:colcon.colcon_core.environment:checking '/home/dksoren/drone_boys/install/drone_gui/bin'
[3.610s] Level 1:colcon.colcon_core.environment:checking '/home/dksoren/drone_boys/install/drone_gui/lib/pkgconfig/drone_gui.pc'
[3.611s] Level 1:colcon.colcon_core.environment:checking '/home/dksoren/drone_boys/install/drone_gui/lib/python3.12/site-packages'
[3.611s] Level 1:colcon.colcon_core.environment:checking '/home/dksoren/drone_boys/install/drone_gui/bin'
[3.611s] INFO:colcon.colcon_core.shell:Creating package script '/home/dksoren/drone_boys/install/drone_gui/share/drone_gui/package.ps1'
[3.611s] INFO:colcon.colcon_core.shell:Creating package descriptor '/home/dksoren/drone_boys/install/drone_gui/share/drone_gui/package.dsv'
[3.611s] INFO:colcon.colcon_core.shell:Creating package script '/home/dksoren/drone_boys/install/drone_gui/share/drone_gui/package.sh'
[3.612s] INFO:colcon.colcon_core.shell:Creating package script '/home/dksoren/drone_boys/install/drone_gui/share/drone_gui/package.bash'
[3.612s] INFO:colcon.colcon_core.shell:Creating package script '/home/dksoren/drone_boys/install/drone_gui/share/drone_gui/package.zsh'
[3.612s] Level 1:colcon.colcon_core.environment:create_file_with_runtime_dependencies(/home/dksoren/drone_boys/install/drone_gui/share/colcon-core/packages/drone_gui)
[3.613s] Level 1:colcon.colcon_core.environment:create_environment_scripts_only(drone_gui)
[3.613s] Level 1:colcon.colcon_core.environment:checking '/home/dksoren/drone_boys/install/drone_gui' for CMake module files
[3.613s] Level 1:colcon.colcon_core.environment:checking '/home/dksoren/drone_boys/install/drone_gui' for CMake config files
[3.613s] Level 1:colcon.colcon_core.shell:create_environment_hook('drone_gui', 'cmake_prefix_path')
[3.613s] INFO:colcon.colcon_core.shell:Creating environment hook '/home/dksoren/drone_boys/install/drone_gui/share/drone_gui/hook/cmake_prefix_path.ps1'
[3.614s] INFO:colcon.colcon_core.shell:Creating environment descriptor '/home/dksoren/drone_boys/install/drone_gui/share/drone_gui/hook/cmake_prefix_path.dsv'
[3.614s] INFO:colcon.colcon_core.shell:Creating environment hook '/home/dksoren/drone_boys/install/drone_gui/share/drone_gui/hook/cmake_prefix_path.sh'
[3.614s] Level 1:colcon.colcon_core.environment:checking '/home/dksoren/drone_boys/install/drone_gui/lib'
[3.614s] Level 1:colcon.colcon_core.environment:checking '/home/dksoren/drone_boys/install/drone_gui/bin'
[3.614s] Level 1:colcon.colcon_core.environment:checking '/home/dksoren/drone_boys/install/drone_gui/lib/pkgconfig/drone_gui.pc'
[3.614s] Level 1:colcon.colcon_core.environment:checking '/home/dksoren/drone_boys/install/drone_gui/lib/python3.12/site-packages'
[3.615s] Level 1:colcon.colcon_core.environment:checking '/home/dksoren/drone_boys/install/drone_gui/bin'
[3.615s] INFO:colcon.colcon_core.shell:Creating package script '/home/dksoren/drone_boys/install/drone_gui/share/drone_gui/package.ps1'
[3.615s] INFO:colcon.colcon_core.shell:Creating package descriptor '/home/dksoren/drone_boys/install/drone_gui/share/drone_gui/package.dsv'
[3.615s] INFO:colcon.colcon_core.shell:Creating package script '/home/dksoren/drone_boys/install/drone_gui/share/drone_gui/package.sh'
[3.616s] INFO:colcon.colcon_core.shell:Creating package script '/home/dksoren/drone_boys/install/drone_gui/share/drone_gui/package.bash'
[3.616s] INFO:colcon.colcon_core.shell:Creating package script '/home/dksoren/drone_boys/install/drone_gui/share/drone_gui/package.zsh'
[3.616s] Level 1:colcon.colcon_core.environment:create_file_with_runtime_dependencies(/home/dksoren/drone_boys/install/drone_gui/share/colcon-core/packages/drone_gui)
[3.616s] DEBUG:colcon.colcon_parallel_executor.executor.parallel:closing loop
[3.616s] DEBUG:colcon.colcon_parallel_executor.executor.parallel:loop closed
[3.617s] DEBUG:colcon.colcon_parallel_executor.executor.parallel:run_until_complete finished with '0'
[3.617s] DEBUG:colcon.colcon_core.event_reactor:joining thread
[3.623s] INFO:colcon.colcon_core.plugin_system:Skipping extension 'colcon_notification.desktop_notification.terminal_notifier': Not used on non-Darwin systems
[3.623s] INFO:colcon.colcon_core.plugin_system:Skipping extension 'colcon_notification.desktop_notification.win32': Not used on non-Windows systems
[3.623s] INFO:colcon.colcon_notification.desktop_notification:Sending desktop notification using 'notify2'
[3.635s] DEBUG:colcon.colcon_core.event_reactor:joined thread
[3.635s] INFO:colcon.colcon_core.shell:Creating prefix script '/home/dksoren/drone_boys/install/local_setup.ps1'
[3.636s] INFO:colcon.colcon_core.shell:Creating prefix util module '/home/dksoren/drone_boys/install/_local_setup_util_ps1.py'
[3.637s] INFO:colcon.colcon_core.shell:Creating prefix chain script '/home/dksoren/drone_boys/install/setup.ps1'
[3.637s] INFO:colcon.colcon_core.shell:Creating prefix script '/home/dksoren/drone_boys/install/local_setup.sh'
[3.638s] INFO:colcon.colcon_core.shell:Creating prefix util module '/home/dksoren/drone_boys/install/_local_setup_util_sh.py'
[3.638s] INFO:colcon.colcon_core.shell:Creating prefix chain script '/home/dksoren/drone_boys/install/setup.sh'
[3.639s] INFO:colcon.colcon_core.shell:Creating prefix script '/home/dksoren/drone_boys/install/local_setup.bash'
[3.639s] INFO:colcon.colcon_core.shell:Creating prefix chain script '/home/dksoren/drone_boys/install/setup.bash'
[3.640s] INFO:colcon.colcon_core.shell:Creating prefix script '/home/dksoren/drone_boys/install/local_setup.zsh'
[3.640s] INFO:colcon.colcon_core.shell:Creating prefix chain script '/home/dksoren/drone_boys/install/setup.zsh'
