[0.008s] Invoking command in '/home/dksoren/drone_boys/build/drone': CMAKE_PREFIX_PATH=${CMAKE_PREFIX_PATH}:/opt/ros/jazzy DEBUGINFOD_URLS=https://debuginfod.ubuntu.com /usr/bin/cmake --build /home/dksoren/drone_boys/build/drone -- -j12 -l12
[0.052s] [  2%] Built target drone__rosidl_generator_type_description
[0.059s] [  2%] Built target ament_cmake_python_symlink_drone
[0.067s] [  5%] Built target drone__cpp
[0.069s] [ 17%] Built target drone__rosidl_generator_c
[0.088s] [ 33%] Built target drone__rosidl_typesupport_cpp
[0.088s] [ 33%] Built target drone__rosidl_typesupport_introspection_c
[0.089s] [ 41%] Built target drone__rosidl_typesupport_fastrtps_cpp
[0.089s] [ 48%] Built target drone__rosidl_typesupport_c
[0.090s] [ 56%] Built target drone__rosidl_typesupport_fastrtps_c
[0.092s] [ 64%] Built target drone__rosidl_typesupport_introspection_cpp
[0.110s] [ 64%] Built target drone
[0.127s] [ 66%] Built target drone__py
[0.145s] [ 69%] [32mBuilding CXX object CMakeFiles/finder.dir/src/main.cpp.o[0m
[0.150s] [ 74%] Built target drone__rosidl_generator_py
[0.171s] [ 89%] Built target drone_s__rosidl_typesupport_fastrtps_c
[0.171s] [ 89%] Built target drone_s__rosidl_typesupport_introspection_c
[0.172s] [ 89%] Built target drone_s__rosidl_typesupport_c
[0.239s] running egg_info
[0.256s] writing drone.egg-info/PKG-INFO
[0.256s] writing dependency_links to drone.egg-info/dependency_links.txt
[0.256s] writing top-level names to drone.egg-info/top_level.txt
[0.303s] reading manifest file 'drone.egg-info/SOURCES.txt'
[0.304s] writing manifest file 'drone.egg-info/SOURCES.txt'
[0.330s] [ 89%] Built target ament_cmake_python_build_drone_egg
[3.190s] [01m[K/home/dksoren/drone_boys/src/drone/src/main.cpp:[m[K In function ‘[01m[Kint[01;32m[K main[m[K()[m[K’:
[3.191s] [01m[K/home/dksoren/drone_boys/src/drone/src/main.cpp:199:18:[m[K [01;31m[Kerror: [m[K‘[01m[Kargc[m[K’ was not declared in this scope
[3.191s]   199 |     rclcpp::init([01;31m[Kargc[m[K, argv);
[3.191s]       |                  [01;31m[K^~~~[m[K
[3.194s] [01m[K/home/dksoren/drone_boys/src/drone/src/main.cpp:199:24:[m[K [01;31m[Kerror: [m[K‘[01m[Kargv[m[K’ was not declared in this scope
[3.194s]   199 |     rclcpp::init(argc, [01;31m[Kargv[m[K);
[3.194s]       |                        [01;31m[K^~~~[m[K
[4.341s] gmake[2]: *** [CMakeFiles/finder.dir/build.make:76: CMakeFiles/finder.dir/src/main.cpp.o] Error 1
[4.341s] gmake[1]: *** [CMakeFiles/Makefile2:626: CMakeFiles/finder.dir/all] Error 2
[4.342s] gmake: *** [Makefile:146: all] Error 2
[4.345s] Invoked command in '/home/dksoren/drone_boys/build/drone' returned '2': CMAKE_PREFIX_PATH=${CMAKE_PREFIX_PATH}:/opt/ros/jazzy DEBUGINFOD_URLS=https://debuginfod.ubuntu.com /usr/bin/cmake --build /home/dksoren/drone_boys/build/drone -- -j12 -l12
