[0.047s] Invoking command in '/home/dksoren/drone_boys/build/drone_core': DEBUGINFOD_URLS=https://debuginfod.ubuntu.com /usr/bin/cmake --build /home/dksoren/drone_boys/build/drone_core -- -j12 -l12
[0.114s] [  2%] Built target drone_core__rosidl_generator_type_description
[0.118s] [  9%] Built target drone_core_lib
[0.127s] [  9%] Built target ament_cmake_python_copy_drone_core
[0.139s] [ 12%] Built target drone_core__cpp
[0.139s] [ 24%] Built target drone_core__rosidl_generator_c
[0.168s] [ 46%] Built target drone_core__rosidl_typesupport_c
[0.168s] [ 46%] Built target drone_core__rosidl_typesupport_introspection_c
[0.168s] [ 46%] Built target drone_core__rosidl_typesupport_cpp
[0.169s] [ 53%] Built target drone_core__rosidl_typesupport_fastrtps_cpp
[0.170s] [ 60%] Built target drone_core__rosidl_typesupport_fastrtps_c
[0.173s] [ 68%] Built target drone_core__rosidl_typesupport_introspection_cpp
[0.203s] [ 68%] Built target drone_core
[0.229s] [ 70%] Built target drone_core__py
[0.253s] [ 80%] Built target finder
[0.257s] [ 85%] Built target drone_core__rosidl_generator_py
[0.285s] [100%] Built target drone_core_s__rosidl_typesupport_fastrtps_c
[0.285s] [100%] Built target drone_core_s__rosidl_typesupport_introspection_c
[0.285s] [100%] Built target drone_core_s__rosidl_typesupport_c
[0.389s] running egg_info
[0.414s] writing drone_core.egg-info/PKG-INFO
[0.415s] writing dependency_links to drone_core.egg-info/dependency_links.txt
[0.415s] writing top-level names to drone_core.egg-info/top_level.txt
[0.495s] reading manifest file 'drone_core.egg-info/SOURCES.txt'
[0.496s] writing manifest file 'drone_core.egg-info/SOURCES.txt'
[0.527s] [100%] Built target ament_cmake_python_build_drone_core_egg
[0.539s] Invoked command in '/home/dksoren/drone_boys/build/drone_core' returned '0': DEBUGINFOD_URLS=https://debuginfod.ubuntu.com /usr/bin/cmake --build /home/dksoren/drone_boys/build/drone_core -- -j12 -l12
[0.550s] Invoking command in '/home/dksoren/drone_boys/build/drone_core': DEBUGINFOD_URLS=https://debuginfod.ubuntu.com /usr/bin/cmake --install /home/dksoren/drone_boys/build/drone_core
[0.559s] -- Install configuration: ""
[0.559s] -- Up-to-date: /home/dksoren/drone_boys/install/drone_core/share/ament_index/resource_index/rosidl_interfaces/drone_core
[0.559s] -- Up-to-date: /home/dksoren/drone_boys/install/drone_core/share/drone_core/action/FinderAction.json
[0.559s] -- Up-to-date: /home/dksoren/drone_boys/install/drone_core/include/drone_core/drone_core
[0.559s] -- Up-to-date: /home/dksoren/drone_boys/install/drone_core/include/drone_core/drone_core/action
[0.560s] -- Up-to-date: /home/dksoren/drone_boys/install/drone_core/include/drone_core/drone_core/action/detail
[0.560s] -- Up-to-date: /home/dksoren/drone_boys/install/drone_core/include/drone_core/drone_core/action/detail/finder_action__functions.h
[0.560s] -- Up-to-date: /home/dksoren/drone_boys/install/drone_core/include/drone_core/drone_core/action/detail/finder_action__description.c
[0.560s] -- Up-to-date: /home/dksoren/drone_boys/install/drone_core/include/drone_core/drone_core/action/detail/finder_action__functions.c
[0.560s] -- Up-to-date: /home/dksoren/drone_boys/install/drone_core/include/drone_core/drone_core/action/detail/finder_action__type_support.c
[0.560s] -- Up-to-date: /home/dksoren/drone_boys/install/drone_core/include/drone_core/drone_core/action/detail/finder_action__type_support.h
[0.560s] -- Up-to-date: /home/dksoren/drone_boys/install/drone_core/include/drone_core/drone_core/action/detail/finder_action__struct.h
[0.560s] -- Up-to-date: /home/dksoren/drone_boys/install/drone_core/include/drone_core/drone_core/action/finder_action.h
[0.560s] -- Up-to-date: /home/dksoren/drone_boys/install/drone_core/include/drone_core/drone_core/msg
[0.561s] -- Up-to-date: /home/dksoren/drone_boys/install/drone_core/include/drone_core/drone_core/msg/rosidl_generator_c__visibility_control.h
[0.561s] -- Up-to-date: /home/dksoren/drone_boys/install/drone_core/share/drone_core/environment/library_path.sh
[0.561s] -- Up-to-date: /home/dksoren/drone_boys/install/drone_core/share/drone_core/environment/library_path.dsv
[0.561s] -- Up-to-date: /home/dksoren/drone_boys/install/drone_core/lib/libdrone_core__rosidl_generator_c.so
[0.561s] -- Up-to-date: /home/dksoren/drone_boys/install/drone_core/include/drone_core/drone_core
[0.561s] -- Up-to-date: /home/dksoren/drone_boys/install/drone_core/include/drone_core/drone_core/action
[0.561s] -- Up-to-date: /home/dksoren/drone_boys/install/drone_core/include/drone_core/drone_core/action/detail
[0.561s] -- Up-to-date: /home/dksoren/drone_boys/install/drone_core/include/drone_core/drone_core/action/detail/finder_action__rosidl_typesupport_fastrtps_c.h
[0.561s] -- Up-to-date: /home/dksoren/drone_boys/install/drone_core/include/drone_core/drone_core/msg
[0.561s] -- Up-to-date: /home/dksoren/drone_boys/install/drone_core/include/drone_core/drone_core/msg/rosidl_typesupport_fastrtps_c__visibility_control.h
[0.561s] -- Up-to-date: /home/dksoren/drone_boys/install/drone_core/lib/libdrone_core__rosidl_typesupport_fastrtps_c.so
[0.561s] -- Up-to-date: /home/dksoren/drone_boys/install/drone_core/include/drone_core/drone_core
[0.561s] -- Up-to-date: /home/dksoren/drone_boys/install/drone_core/include/drone_core/drone_core/action
[0.561s] -- Up-to-date: /home/dksoren/drone_boys/install/drone_core/include/drone_core/drone_core/action/finder_action.hpp
[0.562s] -- Up-to-date: /home/dksoren/drone_boys/install/drone_core/include/drone_core/drone_core/action/detail
[0.562s] -- Up-to-date: /home/dksoren/drone_boys/install/drone_core/include/drone_core/drone_core/action/detail/finder_action__traits.hpp
[0.562s] -- Up-to-date: /home/dksoren/drone_boys/install/drone_core/include/drone_core/drone_core/action/detail/finder_action__type_support.hpp
[0.562s] -- Up-to-date: /home/dksoren/drone_boys/install/drone_core/include/drone_core/drone_core/action/detail/finder_action__struct.hpp
[0.562s] -- Up-to-date: /home/dksoren/drone_boys/install/drone_core/include/drone_core/drone_core/action/detail/finder_action__builder.hpp
[0.562s] -- Up-to-date: /home/dksoren/drone_boys/install/drone_core/include/drone_core/drone_core/msg
[0.562s] -- Up-to-date: /home/dksoren/drone_boys/install/drone_core/include/drone_core/drone_core/msg/rosidl_generator_cpp__visibility_control.hpp
[0.562s] -- Up-to-date: /home/dksoren/drone_boys/install/drone_core/include/drone_core/drone_core
[0.562s] -- Up-to-date: /home/dksoren/drone_boys/install/drone_core/include/drone_core/drone_core/action
[0.562s] -- Up-to-date: /home/dksoren/drone_boys/install/drone_core/include/drone_core/drone_core/action/detail
[0.562s] -- Up-to-date: /home/dksoren/drone_boys/install/drone_core/include/drone_core/drone_core/action/detail/dds_fastrtps
[0.562s] -- Up-to-date: /home/dksoren/drone_boys/install/drone_core/include/drone_core/drone_core/action/detail/finder_action__rosidl_typesupport_fastrtps_cpp.hpp
[0.562s] -- Up-to-date: /home/dksoren/drone_boys/install/drone_core/include/drone_core/drone_core/msg
[0.562s] -- Up-to-date: /home/dksoren/drone_boys/install/drone_core/include/drone_core/drone_core/msg/rosidl_typesupport_fastrtps_cpp__visibility_control.h
[0.563s] -- Up-to-date: /home/dksoren/drone_boys/install/drone_core/lib/libdrone_core__rosidl_typesupport_fastrtps_cpp.so
[0.563s] -- Up-to-date: /home/dksoren/drone_boys/install/drone_core/include/drone_core/drone_core
[0.563s] -- Up-to-date: /home/dksoren/drone_boys/install/drone_core/include/drone_core/drone_core/action
[0.563s] -- Up-to-date: /home/dksoren/drone_boys/install/drone_core/include/drone_core/drone_core/action/detail
[0.563s] -- Up-to-date: /home/dksoren/drone_boys/install/drone_core/include/drone_core/drone_core/action/detail/finder_action__type_support.c
[0.563s] -- Up-to-date: /home/dksoren/drone_boys/install/drone_core/include/drone_core/drone_core/action/detail/finder_action__rosidl_typesupport_introspection_c.h
[0.563s] -- Up-to-date: /home/dksoren/drone_boys/install/drone_core/include/drone_core/drone_core/msg
[0.563s] -- Up-to-date: /home/dksoren/drone_boys/install/drone_core/include/drone_core/drone_core/msg/rosidl_typesupport_introspection_c__visibility_control.h
[0.563s] -- Up-to-date: /home/dksoren/drone_boys/install/drone_core/lib/libdrone_core__rosidl_typesupport_introspection_c.so
[0.563s] -- Up-to-date: /home/dksoren/drone_boys/install/drone_core/lib/libdrone_core__rosidl_typesupport_c.so
[0.563s] -- Up-to-date: /home/dksoren/drone_boys/install/drone_core/include/drone_core/drone_core
[0.563s] -- Up-to-date: /home/dksoren/drone_boys/install/drone_core/include/drone_core/drone_core/action
[0.563s] -- Up-to-date: /home/dksoren/drone_boys/install/drone_core/include/drone_core/drone_core/action/detail
[0.563s] -- Up-to-date: /home/dksoren/drone_boys/install/drone_core/include/drone_core/drone_core/action/detail/finder_action__rosidl_typesupport_introspection_cpp.hpp
[0.563s] -- Up-to-date: /home/dksoren/drone_boys/install/drone_core/include/drone_core/drone_core/action/detail/finder_action__type_support.cpp
[0.563s] -- Up-to-date: /home/dksoren/drone_boys/install/drone_core/lib/libdrone_core__rosidl_typesupport_introspection_cpp.so
[0.563s] -- Up-to-date: /home/dksoren/drone_boys/install/drone_core/lib/libdrone_core__rosidl_typesupport_cpp.so
[0.563s] -- Up-to-date: /home/dksoren/drone_boys/install/drone_core/share/drone_core/environment/pythonpath.sh
[0.564s] -- Up-to-date: /home/dksoren/drone_boys/install/drone_core/share/drone_core/environment/pythonpath.dsv
[0.564s] -- Up-to-date: /home/dksoren/drone_boys/install/drone_core/lib/python3.12/site-packages/drone_core-0.0.1-py3.12.egg-info
[0.564s] -- Installing: /home/dksoren/drone_boys/install/drone_core/lib/python3.12/site-packages/drone_core-0.0.1-py3.12.egg-info/top_level.txt
[0.564s] -- Installing: /home/dksoren/drone_boys/install/drone_core/lib/python3.12/site-packages/drone_core-0.0.1-py3.12.egg-info/PKG-INFO
[0.564s] -- Installing: /home/dksoren/drone_boys/install/drone_core/lib/python3.12/site-packages/drone_core-0.0.1-py3.12.egg-info/SOURCES.txt
[0.564s] -- Installing: /home/dksoren/drone_boys/install/drone_core/lib/python3.12/site-packages/drone_core-0.0.1-py3.12.egg-info/dependency_links.txt
[0.564s] -- Up-to-date: /home/dksoren/drone_boys/install/drone_core/lib/python3.12/site-packages/drone_core
[0.564s] -- Up-to-date: /home/dksoren/drone_boys/install/drone_core/lib/python3.12/site-packages/drone_core/action
[0.564s] -- Up-to-date: /home/dksoren/drone_boys/install/drone_core/lib/python3.12/site-packages/drone_core/action/__init__.py
[0.564s] -- Up-to-date: /home/dksoren/drone_boys/install/drone_core/lib/python3.12/site-packages/drone_core/action/_finder_action.py
[0.564s] -- Up-to-date: /home/dksoren/drone_boys/install/drone_core/lib/python3.12/site-packages/drone_core/action/_finder_action_s.c
[0.564s] -- Up-to-date: /home/dksoren/drone_boys/install/drone_core/lib/python3.12/site-packages/drone_core/__init__.py
[0.564s] -- Up-to-date: /home/dksoren/drone_boys/install/drone_core/lib/python3.12/site-packages/drone_core/_drone_core_s.ep.rosidl_typesupport_introspection_c.c
[0.564s] -- Up-to-date: /home/dksoren/drone_boys/install/drone_core/lib/python3.12/site-packages/drone_core/_drone_core_s.ep.rosidl_typesupport_c.c
[0.564s] -- Up-to-date: /home/dksoren/drone_boys/install/drone_core/lib/python3.12/site-packages/drone_core/drone_core_s__rosidl_typesupport_c.so
[0.564s] -- Up-to-date: /home/dksoren/drone_boys/install/drone_core/lib/python3.12/site-packages/drone_core/drone_core_s__rosidl_typesupport_introspection_c.so
[0.564s] -- Up-to-date: /home/dksoren/drone_boys/install/drone_core/lib/python3.12/site-packages/drone_core/_drone_core_s.ep.rosidl_typesupport_fastrtps_c.c
[0.564s] -- Up-to-date: /home/dksoren/drone_boys/install/drone_core/lib/python3.12/site-packages/drone_core/drone_core_s__rosidl_typesupport_fastrtps_c.so
[0.590s] Listing '/home/dksoren/drone_boys/install/drone_core/lib/python3.12/site-packages/drone_core'...
[0.590s] Listing '/home/dksoren/drone_boys/install/drone_core/lib/python3.12/site-packages/drone_core/action'...
[0.594s] -- Up-to-date: /home/dksoren/drone_boys/install/drone_core/lib/python3.12/site-packages/drone_core/drone_core_s__rosidl_typesupport_fastrtps_c.so
[0.595s] -- Up-to-date: /home/dksoren/drone_boys/install/drone_core/lib/python3.12/site-packages/drone_core/drone_core_s__rosidl_typesupport_introspection_c.so
[0.595s] -- Up-to-date: /home/dksoren/drone_boys/install/drone_core/lib/python3.12/site-packages/drone_core/drone_core_s__rosidl_typesupport_c.so
[0.595s] -- Up-to-date: /home/dksoren/drone_boys/install/drone_core/lib/libdrone_core__rosidl_generator_py.so
[0.595s] -- Up-to-date: /home/dksoren/drone_boys/install/drone_core/share/drone_core/action/FinderAction.idl
[0.596s] -- Up-to-date: /home/dksoren/drone_boys/install/drone_core/share/drone_core/action/FinderAction.action
[0.596s] -- Up-to-date: /home/dksoren/drone_boys/install/drone_core/include
[0.596s] -- Up-to-date: /home/dksoren/drone_boys/install/drone_core/include/drone_core
[0.596s] -- Up-to-date: /home/dksoren/drone_boys/install/drone_core/include/drone_core/manipulator.h
[0.596s] -- Up-to-date: /home/dksoren/drone_boys/install/drone_core/include/drone_core/utils.h
[0.597s] -- Up-to-date: /home/dksoren/drone_boys/install/drone_core/lib/drone_core/libdrone_core_lib.so
[0.597s] -- Up-to-date: /home/dksoren/drone_boys/install/drone_core/lib/drone_core/finder
[0.597s] -- Up-to-date: /home/dksoren/drone_boys/install/drone_core/share/drone_core//config
[0.597s] -- Up-to-date: /home/dksoren/drone_boys/install/drone_core/share/drone_core//config/params.yaml
[0.597s] -- Up-to-date: /home/dksoren/drone_boys/install/drone_core/share/ament_index/resource_index/package_run_dependencies/drone_core
[0.597s] -- Up-to-date: /home/dksoren/drone_boys/install/drone_core/share/ament_index/resource_index/parent_prefix_path/drone_core
[0.597s] -- Up-to-date: /home/dksoren/drone_boys/install/drone_core/share/drone_core/environment/ament_prefix_path.sh
[0.597s] -- Up-to-date: /home/dksoren/drone_boys/install/drone_core/share/drone_core/environment/ament_prefix_path.dsv
[0.597s] -- Up-to-date: /home/dksoren/drone_boys/install/drone_core/share/drone_core/environment/path.sh
[0.597s] -- Up-to-date: /home/dksoren/drone_boys/install/drone_core/share/drone_core/environment/path.dsv
[0.597s] -- Up-to-date: /home/dksoren/drone_boys/install/drone_core/share/drone_core/local_setup.bash
[0.597s] -- Up-to-date: /home/dksoren/drone_boys/install/drone_core/share/drone_core/local_setup.sh
[0.598s] -- Up-to-date: /home/dksoren/drone_boys/install/drone_core/share/drone_core/local_setup.zsh
[0.598s] -- Up-to-date: /home/dksoren/drone_boys/install/drone_core/share/drone_core/local_setup.dsv
[0.598s] -- Installing: /home/dksoren/drone_boys/install/drone_core/share/drone_core/package.dsv
[0.598s] -- Up-to-date: /home/dksoren/drone_boys/install/drone_core/share/ament_index/resource_index/packages/drone_core
[0.598s] -- Up-to-date: /home/dksoren/drone_boys/install/drone_core/share/drone_core/cmake/export_drone_core__rosidl_generator_cExport.cmake
[0.598s] -- Up-to-date: /home/dksoren/drone_boys/install/drone_core/share/drone_core/cmake/export_drone_core__rosidl_generator_cExport-noconfig.cmake
[0.598s] -- Up-to-date: /home/dksoren/drone_boys/install/drone_core/share/drone_core/cmake/export_drone_core__rosidl_typesupport_fastrtps_cExport.cmake
[0.598s] -- Up-to-date: /home/dksoren/drone_boys/install/drone_core/share/drone_core/cmake/export_drone_core__rosidl_typesupport_fastrtps_cExport-noconfig.cmake
[0.599s] -- Up-to-date: /home/dksoren/drone_boys/install/drone_core/share/drone_core/cmake/export_drone_core__rosidl_generator_cppExport.cmake
[0.599s] -- Up-to-date: /home/dksoren/drone_boys/install/drone_core/share/drone_core/cmake/export_drone_core__rosidl_typesupport_fastrtps_cppExport.cmake
[0.599s] -- Up-to-date: /home/dksoren/drone_boys/install/drone_core/share/drone_core/cmake/export_drone_core__rosidl_typesupport_fastrtps_cppExport-noconfig.cmake
[0.599s] -- Up-to-date: /home/dksoren/drone_boys/install/drone_core/share/drone_core/cmake/drone_core__rosidl_typesupport_introspection_cExport.cmake
[0.599s] -- Up-to-date: /home/dksoren/drone_boys/install/drone_core/share/drone_core/cmake/drone_core__rosidl_typesupport_introspection_cExport-noconfig.cmake
[0.599s] -- Up-to-date: /home/dksoren/drone_boys/install/drone_core/share/drone_core/cmake/drone_core__rosidl_typesupport_cExport.cmake
[0.599s] -- Up-to-date: /home/dksoren/drone_boys/install/drone_core/share/drone_core/cmake/drone_core__rosidl_typesupport_cExport-noconfig.cmake
[0.600s] -- Up-to-date: /home/dksoren/drone_boys/install/drone_core/share/drone_core/cmake/drone_core__rosidl_typesupport_introspection_cppExport.cmake
[0.600s] -- Up-to-date: /home/dksoren/drone_boys/install/drone_core/share/drone_core/cmake/drone_core__rosidl_typesupport_introspection_cppExport-noconfig.cmake
[0.600s] -- Up-to-date: /home/dksoren/drone_boys/install/drone_core/share/drone_core/cmake/drone_core__rosidl_typesupport_cppExport.cmake
[0.600s] -- Up-to-date: /home/dksoren/drone_boys/install/drone_core/share/drone_core/cmake/drone_core__rosidl_typesupport_cppExport-noconfig.cmake
[0.600s] -- Up-to-date: /home/dksoren/drone_boys/install/drone_core/share/drone_core/cmake/export_drone_core__rosidl_generator_pyExport.cmake
[0.600s] -- Up-to-date: /home/dksoren/drone_boys/install/drone_core/share/drone_core/cmake/export_drone_core__rosidl_generator_pyExport-noconfig.cmake
[0.600s] -- Up-to-date: /home/dksoren/drone_boys/install/drone_core/share/drone_core/cmake/rosidl_cmake-extras.cmake
[0.600s] -- Up-to-date: /home/dksoren/drone_boys/install/drone_core/share/drone_core/cmake/ament_cmake_export_dependencies-extras.cmake
[0.600s] -- Up-to-date: /home/dksoren/drone_boys/install/drone_core/share/drone_core/cmake/ament_cmake_export_include_directories-extras.cmake
[0.600s] -- Up-to-date: /home/dksoren/drone_boys/install/drone_core/share/drone_core/cmake/ament_cmake_export_libraries-extras.cmake
[0.600s] -- Up-to-date: /home/dksoren/drone_boys/install/drone_core/share/drone_core/cmake/ament_cmake_export_targets-extras.cmake
[0.600s] -- Up-to-date: /home/dksoren/drone_boys/install/drone_core/share/drone_core/cmake/rosidl_cmake_export_typesupport_targets-extras.cmake
[0.600s] -- Up-to-date: /home/dksoren/drone_boys/install/drone_core/share/drone_core/cmake/rosidl_cmake_export_typesupport_libraries-extras.cmake
[0.600s] -- Up-to-date: /home/dksoren/drone_boys/install/drone_core/share/drone_core/cmake/drone_coreConfig.cmake
[0.600s] -- Up-to-date: /home/dksoren/drone_boys/install/drone_core/share/drone_core/cmake/drone_coreConfig-version.cmake
[0.600s] -- Up-to-date: /home/dksoren/drone_boys/install/drone_core/share/drone_core/package.xml
[0.602s] Invoked command in '/home/dksoren/drone_boys/build/drone_core' returned '0': DEBUGINFOD_URLS=https://debuginfod.ubuntu.com /usr/bin/cmake --install /home/dksoren/drone_boys/build/drone_core
