[0.013s] Invoking command in '/home/dksoren/drone_boys/build/drone_core': DEBUGINFOD_URLS=https://debuginfod.ubuntu.com /usr/bin/cmake --build /home/dksoren/drone_boys/build/drone_core -- -j12 -l12
[0.093s] [  2%] Built target drone_core__rosidl_generator_type_description
[0.103s] [  9%] Built target drone_core_lib
[0.107s] [  9%] Built target ament_cmake_python_copy_drone_core
[0.121s] [ 12%] Built target drone_core__cpp
[0.121s] [ 24%] Built target drone_core__rosidl_generator_c
[0.156s] [ 53%] Built target drone_core__rosidl_typesupport_fastrtps_c
[0.157s] [ 58%] Built target drone_core__rosidl_typesupport_cpp
[0.157s] [ 60%] Built target drone_core__rosidl_typesupport_introspection_c
[0.157s] [ 60%] Built target drone_core__rosidl_typesupport_fastrtps_cpp
[0.157s] [ 60%] Built target drone_core__rosidl_typesupport_c
[0.157s] [ 68%] Built target drone_core__rosidl_typesupport_introspection_cpp
[0.181s] [ 68%] Built target drone_core
[0.201s] [ 70%] Built target drone_core__py
[0.218s] [ 73%] [32mBuilding CXX object CMakeFiles/finder.dir/src/main.cpp.o[0m
[0.222s] [ 78%] Built target drone_core__rosidl_generator_py
[0.243s] [ 92%] Built target drone_core_s__rosidl_typesupport_fastrtps_c
[0.243s] [ 92%] Built target drone_core_s__rosidl_typesupport_introspection_c
[0.243s] [ 92%] Built target drone_core_s__rosidl_typesupport_c
[0.312s] running egg_info
[0.330s] writing drone_core.egg-info/PKG-INFO
[0.330s] writing dependency_links to drone_core.egg-info/dependency_links.txt
[0.330s] writing top-level names to drone_core.egg-info/top_level.txt
[0.383s] reading manifest file 'drone_core.egg-info/SOURCES.txt'
[0.384s] writing manifest file 'drone_core.egg-info/SOURCES.txt'
[0.411s] [ 92%] Built target ament_cmake_python_build_drone_core_egg
[3.479s] [01m[K/home/dksoren/drone_boys/src/drone_core/src/main.cpp:127:53:[m[K [01;31m[Kerror: [m[Kcannot call member function ‘[01m[KConfig ImageProcessingPipeline::[01;32m[KloadConfig[m[K(const std::string&)[m[K’ without object
[3.479s]   127 |     Config cfg = [01;31m[KImageProcessingPipeline::loadConfig(config_path)[m[K;
[3.480s]       |                  [01;31m[K~~~~~~~~~~~~~~~~~~~~~~~~~~~~~~~~~~~^~~~~~~~~~~~~[m[K
[4.760s] gmake[2]: *** [CMakeFiles/finder.dir/build.make:76: CMakeFiles/finder.dir/src/main.cpp.o] Error 1
[4.760s] gmake[1]: *** [CMakeFiles/Makefile2:655: CMakeFiles/finder.dir/all] Error 2
[4.761s] gmake: *** [Makefile:146: all] Error 2
[4.763s] Invoked command in '/home/dksoren/drone_boys/build/drone_core' returned '2': DEBUGINFOD_URLS=https://debuginfod.ubuntu.com /usr/bin/cmake --build /home/dksoren/drone_boys/build/drone_core -- -j12 -l12
