[  2%] Built target drone_core__rosidl_generator_type_description
[  9%] Built target drone_core_lib
[  9%] Built target ament_cmake_python_copy_drone_core
[ 14%] Built target drone_core__cpp
[ 24%] Built target drone_core__rosidl_generator_c
[ 46%] Built target drone_core__rosidl_typesupport_cpp
[ 46%] Built target drone_core__rosidl_typesupport_introspection_c
[ 46%] Built target drone_core__rosidl_typesupport_c
[ 53%] Built target drone_core__rosidl_typesupport_fastrtps_c
[ 60%] Built target drone_core__rosidl_typesupport_introspection_cpp
[ 68%] Built target drone_core__rosidl_typesupport_fastrtps_cpp
[ 68%] Built target drone_core
[ 70%] Built target drone_core__py
[ 73%] [32mBuilding CXX object CMakeFiles/finder.dir/src/main.cpp.o[0m
[ 78%] Built target drone_core__rosidl_generator_py
[ 92%] Built target drone_core_s__rosidl_typesupport_fastrtps_c
[ 92%] Built target drone_core_s__rosidl_typesupport_c
[ 92%] Built target drone_core_s__rosidl_typesupport_introspection_c
running egg_info
writing drone_core.egg-info/PKG-INFO
writing dependency_links to drone_core.egg-info/dependency_links.txt
writing top-level names to drone_core.egg-info/top_level.txt
reading manifest file 'drone_core.egg-info/SOURCES.txt'
writing manifest file 'drone_core.egg-info/SOURCES.txt'
[ 92%] Built target ament_cmake_python_build_drone_core_egg
[ 95%] [32m[1mLinking CXX executable finder[0m
[100%] Built target finder
-- Install configuration: ""
-- Installing: /home/dksoren/drone_boys/install/drone_core/share/ament_index/resource_index/rosidl_interfaces/drone_core
-- Installing: /home/dksoren/drone_boys/install/drone_core/share/drone_core/action/FinderAction.json
-- Installing: /home/dksoren/drone_boys/install/drone_core/include/drone_core/drone_core
-- Installing: /home/dksoren/drone_boys/install/drone_core/include/drone_core/drone_core/action
-- Installing: /home/dksoren/drone_boys/install/drone_core/include/drone_core/drone_core/action/detail
-- Installing: /home/dksoren/drone_boys/install/drone_core/include/drone_core/drone_core/action/detail/finder_action__functions.h
-- Installing: /home/dksoren/drone_boys/install/drone_core/include/drone_core/drone_core/action/detail/finder_action__description.c
-- Installing: /home/dksoren/drone_boys/install/drone_core/include/drone_core/drone_core/action/detail/finder_action__functions.c
-- Installing: /home/dksoren/drone_boys/install/drone_core/include/drone_core/drone_core/action/detail/finder_action__type_support.c
-- Installing: /home/dksoren/drone_boys/install/drone_core/include/drone_core/drone_core/action/detail/finder_action__type_support.h
-- Installing: /home/dksoren/drone_boys/install/drone_core/include/drone_core/drone_core/action/detail/finder_action__struct.h
-- Installing: /home/dksoren/drone_boys/install/drone_core/include/drone_core/drone_core/action/finder_action.h
-- Installing: /home/dksoren/drone_boys/install/drone_core/include/drone_core/drone_core/msg
-- Installing: /home/dksoren/drone_boys/install/drone_core/include/drone_core/drone_core/msg/rosidl_generator_c__visibility_control.h
-- Installing: /home/dksoren/drone_boys/install/drone_core/share/drone_core/environment/library_path.sh
-- Installing: /home/dksoren/drone_boys/install/drone_core/share/drone_core/environment/library_path.dsv
-- Installing: /home/dksoren/drone_boys/install/drone_core/lib/libdrone_core__rosidl_generator_c.so
-- Set non-toolchain portion of runtime path of "/home/dksoren/drone_boys/install/drone_core/lib/libdrone_core__rosidl_generator_c.so" to ""
-- Up-to-date: /home/dksoren/drone_boys/install/drone_core/include/drone_core/drone_core
-- Up-to-date: /home/dksoren/drone_boys/install/drone_core/include/drone_core/drone_core/action
-- Up-to-date: /home/dksoren/drone_boys/install/drone_core/include/drone_core/drone_core/action/detail
-- Installing: /home/dksoren/drone_boys/install/drone_core/include/drone_core/drone_core/action/detail/finder_action__rosidl_typesupport_fastrtps_c.h
-- Up-to-date: /home/dksoren/drone_boys/install/drone_core/include/drone_core/drone_core/msg
-- Installing: /home/dksoren/drone_boys/install/drone_core/include/drone_core/drone_core/msg/rosidl_typesupport_fastrtps_c__visibility_control.h
-- Installing: /home/dksoren/drone_boys/install/drone_core/lib/libdrone_core__rosidl_typesupport_fastrtps_c.so
-- Set non-toolchain portion of runtime path of "/home/dksoren/drone_boys/install/drone_core/lib/libdrone_core__rosidl_typesupport_fastrtps_c.so" to ""
-- Up-to-date: /home/dksoren/drone_boys/install/drone_core/include/drone_core/drone_core
-- Up-to-date: /home/dksoren/drone_boys/install/drone_core/include/drone_core/drone_core/action
-- Installing: /home/dksoren/drone_boys/install/drone_core/include/drone_core/drone_core/action/finder_action.hpp
-- Up-to-date: /home/dksoren/drone_boys/install/drone_core/include/drone_core/drone_core/action/detail
-- Installing: /home/dksoren/drone_boys/install/drone_core/include/drone_core/drone_core/action/detail/finder_action__traits.hpp
-- Installing: /home/dksoren/drone_boys/install/drone_core/include/drone_core/drone_core/action/detail/finder_action__type_support.hpp
-- Installing: /home/dksoren/drone_boys/install/drone_core/include/drone_core/drone_core/action/detail/finder_action__struct.hpp
-- Installing: /home/dksoren/drone_boys/install/drone_core/include/drone_core/drone_core/action/detail/finder_action__builder.hpp
-- Up-to-date: /home/dksoren/drone_boys/install/drone_core/include/drone_core/drone_core/msg
-- Installing: /home/dksoren/drone_boys/install/drone_core/include/drone_core/drone_core/msg/rosidl_generator_cpp__visibility_control.hpp
-- Up-to-date: /home/dksoren/drone_boys/install/drone_core/include/drone_core/drone_core
-- Up-to-date: /home/dksoren/drone_boys/install/drone_core/include/drone_core/drone_core/action
-- Up-to-date: /home/dksoren/drone_boys/install/drone_core/include/drone_core/drone_core/action/detail
-- Installing: /home/dksoren/drone_boys/install/drone_core/include/drone_core/drone_core/action/detail/dds_fastrtps
-- Installing: /home/dksoren/drone_boys/install/drone_core/include/drone_core/drone_core/action/detail/finder_action__rosidl_typesupport_fastrtps_cpp.hpp
-- Up-to-date: /home/dksoren/drone_boys/install/drone_core/include/drone_core/drone_core/msg
-- Installing: /home/dksoren/drone_boys/install/drone_core/include/drone_core/drone_core/msg/rosidl_typesupport_fastrtps_cpp__visibility_control.h
-- Installing: /home/dksoren/drone_boys/install/drone_core/lib/libdrone_core__rosidl_typesupport_fastrtps_cpp.so
-- Set non-toolchain portion of runtime path of "/home/dksoren/drone_boys/install/drone_core/lib/libdrone_core__rosidl_typesupport_fastrtps_cpp.so" to ""
-- Up-to-date: /home/dksoren/drone_boys/install/drone_core/include/drone_core/drone_core
-- Up-to-date: /home/dksoren/drone_boys/install/drone_core/include/drone_core/drone_core/action
-- Up-to-date: /home/dksoren/drone_boys/install/drone_core/include/drone_core/drone_core/action/detail
-- Up-to-date: /home/dksoren/drone_boys/install/drone_core/include/drone_core/drone_core/action/detail/finder_action__type_support.c
-- Installing: /home/dksoren/drone_boys/install/drone_core/include/drone_core/drone_core/action/detail/finder_action__rosidl_typesupport_introspection_c.h
-- Up-to-date: /home/dksoren/drone_boys/install/drone_core/include/drone_core/drone_core/msg
-- Installing: /home/dksoren/drone_boys/install/drone_core/include/drone_core/drone_core/msg/rosidl_typesupport_introspection_c__visibility_control.h
-- Installing: /home/dksoren/drone_boys/install/drone_core/lib/libdrone_core__rosidl_typesupport_introspection_c.so
-- Set non-toolchain portion of runtime path of "/home/dksoren/drone_boys/install/drone_core/lib/libdrone_core__rosidl_typesupport_introspection_c.so" to ""
-- Installing: /home/dksoren/drone_boys/install/drone_core/lib/libdrone_core__rosidl_typesupport_c.so
-- Set non-toolchain portion of runtime path of "/home/dksoren/drone_boys/install/drone_core/lib/libdrone_core__rosidl_typesupport_c.so" to ""
-- Up-to-date: /home/dksoren/drone_boys/install/drone_core/include/drone_core/drone_core
-- Up-to-date: /home/dksoren/drone_boys/install/drone_core/include/drone_core/drone_core/action
-- Up-to-date: /home/dksoren/drone_boys/install/drone_core/include/drone_core/drone_core/action/detail
-- Installing: /home/dksoren/drone_boys/install/drone_core/include/drone_core/drone_core/action/detail/finder_action__rosidl_typesupport_introspection_cpp.hpp
-- Installing: /home/dksoren/drone_boys/install/drone_core/include/drone_core/drone_core/action/detail/finder_action__type_support.cpp
-- Installing: /home/dksoren/drone_boys/install/drone_core/lib/libdrone_core__rosidl_typesupport_introspection_cpp.so
-- Set non-toolchain portion of runtime path of "/home/dksoren/drone_boys/install/drone_core/lib/libdrone_core__rosidl_typesupport_introspection_cpp.so" to ""
-- Installing: /home/dksoren/drone_boys/install/drone_core/lib/libdrone_core__rosidl_typesupport_cpp.so
-- Set non-toolchain portion of runtime path of "/home/dksoren/drone_boys/install/drone_core/lib/libdrone_core__rosidl_typesupport_cpp.so" to ""
-- Installing: /home/dksoren/drone_boys/install/drone_core/share/drone_core/environment/pythonpath.sh
-- Installing: /home/dksoren/drone_boys/install/drone_core/share/drone_core/environment/pythonpath.dsv
-- Installing: /home/dksoren/drone_boys/install/drone_core/lib/python3.12/site-packages/drone_core-0.0.1-py3.12.egg-info
-- Installing: /home/dksoren/drone_boys/install/drone_core/lib/python3.12/site-packages/drone_core-0.0.1-py3.12.egg-info/top_level.txt
-- Installing: /home/dksoren/drone_boys/install/drone_core/lib/python3.12/site-packages/drone_core-0.0.1-py3.12.egg-info/PKG-INFO
-- Installing: /home/dksoren/drone_boys/install/drone_core/lib/python3.12/site-packages/drone_core-0.0.1-py3.12.egg-info/SOURCES.txt
-- Installing: /home/dksoren/drone_boys/install/drone_core/lib/python3.12/site-packages/drone_core-0.0.1-py3.12.egg-info/dependency_links.txt
-- Installing: /home/dksoren/drone_boys/install/drone_core/lib/python3.12/site-packages/drone_core
-- Installing: /home/dksoren/drone_boys/install/drone_core/lib/python3.12/site-packages/drone_core/action
-- Installing: /home/dksoren/drone_boys/install/drone_core/lib/python3.12/site-packages/drone_core/action/__init__.py
-- Installing: /home/dksoren/drone_boys/install/drone_core/lib/python3.12/site-packages/drone_core/action/_finder_action.py
-- Installing: /home/dksoren/drone_boys/install/drone_core/lib/python3.12/site-packages/drone_core/action/_finder_action_s.c
-- Installing: /home/dksoren/drone_boys/install/drone_core/lib/python3.12/site-packages/drone_core/__init__.py
-- Installing: /home/dksoren/drone_boys/install/drone_core/lib/python3.12/site-packages/drone_core/_drone_core_s.ep.rosidl_typesupport_introspection_c.c
-- Installing: /home/dksoren/drone_boys/install/drone_core/lib/python3.12/site-packages/drone_core/_drone_core_s.ep.rosidl_typesupport_c.c
-- Installing: /home/dksoren/drone_boys/install/drone_core/lib/python3.12/site-packages/drone_core/drone_core_s__rosidl_typesupport_c.so
-- Installing: /home/dksoren/drone_boys/install/drone_core/lib/python3.12/site-packages/drone_core/drone_core_s__rosidl_typesupport_introspection_c.so
-- Installing: /home/dksoren/drone_boys/install/drone_core/lib/python3.12/site-packages/drone_core/_drone_core_s.ep.rosidl_typesupport_fastrtps_c.c
-- Installing: /home/dksoren/drone_boys/install/drone_core/lib/python3.12/site-packages/drone_core/drone_core_s__rosidl_typesupport_fastrtps_c.so
Listing '/home/dksoren/drone_boys/install/drone_core/lib/python3.12/site-packages/drone_core'...
Compiling '/home/dksoren/drone_boys/install/drone_core/lib/python3.12/site-packages/drone_core/__init__.py'...
Listing '/home/dksoren/drone_boys/install/drone_core/lib/python3.12/site-packages/drone_core/action'...
Compiling '/home/dksoren/drone_boys/install/drone_core/lib/python3.12/site-packages/drone_core/action/__init__.py'...
Compiling '/home/dksoren/drone_boys/install/drone_core/lib/python3.12/site-packages/drone_core/action/_finder_action.py'...
-- Installing: /home/dksoren/drone_boys/install/drone_core/lib/python3.12/site-packages/drone_core/drone_core_s__rosidl_typesupport_fastrtps_c.so
-- Set non-toolchain portion of runtime path of "/home/dksoren/drone_boys/install/drone_core/lib/python3.12/site-packages/drone_core/drone_core_s__rosidl_typesupport_fastrtps_c.so" to ""
-- Installing: /home/dksoren/drone_boys/install/drone_core/lib/python3.12/site-packages/drone_core/drone_core_s__rosidl_typesupport_introspection_c.so
-- Set non-toolchain portion of runtime path of "/home/dksoren/drone_boys/install/drone_core/lib/python3.12/site-packages/drone_core/drone_core_s__rosidl_typesupport_introspection_c.so" to ""
-- Installing: /home/dksoren/drone_boys/install/drone_core/lib/python3.12/site-packages/drone_core/drone_core_s__rosidl_typesupport_c.so
-- Set non-toolchain portion of runtime path of "/home/dksoren/drone_boys/install/drone_core/lib/python3.12/site-packages/drone_core/drone_core_s__rosidl_typesupport_c.so" to ""
-- Installing: /home/dksoren/drone_boys/install/drone_core/lib/libdrone_core__rosidl_generator_py.so
-- Set non-toolchain portion of runtime path of "/home/dksoren/drone_boys/install/drone_core/lib/libdrone_core__rosidl_generator_py.so" to ""
-- Installing: /home/dksoren/drone_boys/install/drone_core/share/drone_core/action/FinderAction.idl
-- Installing: /home/dksoren/drone_boys/install/drone_core/share/drone_core/action/FinderAction.action
-- Up-to-date: /home/dksoren/drone_boys/install/drone_core/include
-- Up-to-date: /home/dksoren/drone_boys/install/drone_core/include/drone_core
-- Up-to-date: /home/dksoren/drone_boys/install/drone_core/include/drone_core/manipulator.h
-- Up-to-date: /home/dksoren/drone_boys/install/drone_core/include/drone_core/utils.h
-- Installing: /home/dksoren/drone_boys/install/drone_core/lib/drone_core/libdrone_core_lib.so
-- Installing: /home/dksoren/drone_boys/install/drone_core/lib/drone_core/finder
-- Set non-toolchain portion of runtime path of "/home/dksoren/drone_boys/install/drone_core/lib/drone_core/finder" to ""
-- Installing: /home/dksoren/drone_boys/install/drone_core/share/drone_core//config
-- Installing: /home/dksoren/drone_boys/install/drone_core/share/drone_core//config/params.yaml
-- Installing: /home/dksoren/drone_boys/install/drone_core/share/ament_index/resource_index/package_run_dependencies/drone_core
-- Up-to-date: /home/dksoren/drone_boys/install/drone_core/share/ament_index/resource_index/parent_prefix_path/drone_core
-- Up-to-date: /home/dksoren/drone_boys/install/drone_core/share/drone_core/environment/ament_prefix_path.sh
-- Up-to-date: /home/dksoren/drone_boys/install/drone_core/share/drone_core/environment/ament_prefix_path.dsv
-- Up-to-date: /home/dksoren/drone_boys/install/drone_core/share/drone_core/environment/path.sh
-- Up-to-date: /home/dksoren/drone_boys/install/drone_core/share/drone_core/environment/path.dsv
-- Up-to-date: /home/dksoren/drone_boys/install/drone_core/share/drone_core/local_setup.bash
-- Installing: /home/dksoren/drone_boys/install/drone_core/share/drone_core/local_setup.sh
-- Up-to-date: /home/dksoren/drone_boys/install/drone_core/share/drone_core/local_setup.zsh
-- Installing: /home/dksoren/drone_boys/install/drone_core/share/drone_core/local_setup.dsv
-- Installing: /home/dksoren/drone_boys/install/drone_core/share/drone_core/package.dsv
-- Up-to-date: /home/dksoren/drone_boys/install/drone_core/share/ament_index/resource_index/packages/drone_core
-- Installing: /home/dksoren/drone_boys/install/drone_core/share/drone_core/cmake/export_drone_core__rosidl_generator_cExport.cmake
-- Installing: /home/dksoren/drone_boys/install/drone_core/share/drone_core/cmake/export_drone_core__rosidl_generator_cExport-noconfig.cmake
-- Installing: /home/dksoren/drone_boys/install/drone_core/share/drone_core/cmake/export_drone_core__rosidl_typesupport_fastrtps_cExport.cmake
-- Installing: /home/dksoren/drone_boys/install/drone_core/share/drone_core/cmake/export_drone_core__rosidl_typesupport_fastrtps_cExport-noconfig.cmake
-- Installing: /home/dksoren/drone_boys/install/drone_core/share/drone_core/cmake/export_drone_core__rosidl_generator_cppExport.cmake
-- Installing: /home/dksoren/drone_boys/install/drone_core/share/drone_core/cmake/export_drone_core__rosidl_typesupport_fastrtps_cppExport.cmake
-- Installing: /home/dksoren/drone_boys/install/drone_core/share/drone_core/cmake/export_drone_core__rosidl_typesupport_fastrtps_cppExport-noconfig.cmake
-- Installing: /home/dksoren/drone_boys/install/drone_core/share/drone_core/cmake/drone_core__rosidl_typesupport_introspection_cExport.cmake
-- Installing: /home/dksoren/drone_boys/install/drone_core/share/drone_core/cmake/drone_core__rosidl_typesupport_introspection_cExport-noconfig.cmake
-- Installing: /home/dksoren/drone_boys/install/drone_core/share/drone_core/cmake/drone_core__rosidl_typesupport_cExport.cmake
-- Installing: /home/dksoren/drone_boys/install/drone_core/share/drone_core/cmake/drone_core__rosidl_typesupport_cExport-noconfig.cmake
-- Installing: /home/dksoren/drone_boys/install/drone_core/share/drone_core/cmake/drone_core__rosidl_typesupport_introspection_cppExport.cmake
-- Installing: /home/dksoren/drone_boys/install/drone_core/share/drone_core/cmake/drone_core__rosidl_typesupport_introspection_cppExport-noconfig.cmake
-- Installing: /home/dksoren/drone_boys/install/drone_core/share/drone_core/cmake/drone_core__rosidl_typesupport_cppExport.cmake
-- Installing: /home/dksoren/drone_boys/install/drone_core/share/drone_core/cmake/drone_core__rosidl_typesupport_cppExport-noconfig.cmake
-- Installing: /home/dksoren/drone_boys/install/drone_core/share/drone_core/cmake/export_drone_core__rosidl_generator_pyExport.cmake
-- Installing: /home/dksoren/drone_boys/install/drone_core/share/drone_core/cmake/export_drone_core__rosidl_generator_pyExport-noconfig.cmake
-- Installing: /home/dksoren/drone_boys/install/drone_core/share/drone_core/cmake/rosidl_cmake-extras.cmake
-- Installing: /home/dksoren/drone_boys/install/drone_core/share/drone_core/cmake/ament_cmake_export_dependencies-extras.cmake
-- Installing: /home/dksoren/drone_boys/install/drone_core/share/drone_core/cmake/ament_cmake_export_include_directories-extras.cmake
-- Installing: /home/dksoren/drone_boys/install/drone_core/share/drone_core/cmake/ament_cmake_export_libraries-extras.cmake
-- Installing: /home/dksoren/drone_boys/install/drone_core/share/drone_core/cmake/ament_cmake_export_targets-extras.cmake
-- Installing: /home/dksoren/drone_boys/install/drone_core/share/drone_core/cmake/rosidl_cmake_export_typesupport_targets-extras.cmake
-- Installing: /home/dksoren/drone_boys/install/drone_core/share/drone_core/cmake/rosidl_cmake_export_typesupport_libraries-extras.cmake
-- Installing: /home/dksoren/drone_boys/install/drone_core/share/drone_core/cmake/drone_coreConfig.cmake
-- Up-to-date: /home/dksoren/drone_boys/install/drone_core/share/drone_core/cmake/drone_coreConfig-version.cmake
-- Installing: /home/dksoren/drone_boys/install/drone_core/share/drone_core/package.xml
