[0.008s] Invoking command in '/home/dksoren/drone_boys/build/drone_core': DEBUGINFOD_URLS=https://debuginfod.ubuntu.com /usr/bin/cmake --build /home/dksoren/drone_boys/build/drone_core -- -j12 -l12
[0.055s] [  2%] Built target drone_core__rosidl_generator_type_description
[0.057s] [  9%] Built target drone_core_lib
[0.063s] [  9%] Built target ament_cmake_python_copy_drone_core
[0.073s] [ 14%] Built target drone_core__cpp
[0.073s] [ 24%] Built target drone_core__rosidl_generator_c
[0.092s] [ 46%] Built target drone_core__rosidl_typesupport_cpp
[0.092s] [ 46%] Built target drone_core__rosidl_typesupport_introspection_c
[0.092s] [ 46%] Built target drone_core__rosidl_typesupport_c
[0.093s] [ 53%] Built target drone_core__rosidl_typesupport_fastrtps_c
[0.093s] [ 60%] Built target drone_core__rosidl_typesupport_introspection_cpp
[0.095s] [ 68%] Built target drone_core__rosidl_typesupport_fastrtps_cpp
[0.118s] [ 68%] Built target drone_core
[0.138s] [ 70%] Built target drone_core__py
[0.159s] [ 73%] [32mBuilding CXX object CMakeFiles/finder.dir/src/main.cpp.o[0m
[0.166s] [ 78%] Built target drone_core__rosidl_generator_py
[0.192s] [ 92%] Built target drone_core_s__rosidl_typesupport_fastrtps_c
[0.192s] [ 92%] Built target drone_core_s__rosidl_typesupport_c
[0.192s] [ 92%] Built target drone_core_s__rosidl_typesupport_introspection_c
[0.254s] running egg_info
[0.271s] writing drone_core.egg-info/PKG-INFO
[0.271s] writing dependency_links to drone_core.egg-info/dependency_links.txt
[0.271s] writing top-level names to drone_core.egg-info/top_level.txt
[0.322s] reading manifest file 'drone_core.egg-info/SOURCES.txt'
[0.323s] writing manifest file 'drone_core.egg-info/SOURCES.txt'
[0.356s] [ 92%] Built target ament_cmake_python_build_drone_core_egg
[4.876s] [ 95%] [32m[1mLinking CXX executable finder[0m
[5.436s] [100%] Built target finder
[5.448s] Invoked command in '/home/dksoren/drone_boys/build/drone_core' returned '0': DEBUGINFOD_URLS=https://debuginfod.ubuntu.com /usr/bin/cmake --build /home/dksoren/drone_boys/build/drone_core -- -j12 -l12
[5.457s] Invoking command in '/home/dksoren/drone_boys/build/drone_core': DEBUGINFOD_URLS=https://debuginfod.ubuntu.com /usr/bin/cmake --install /home/dksoren/drone_boys/build/drone_core
[5.465s] -- Install configuration: ""
[5.466s] -- Installing: /home/dksoren/drone_boys/install/drone_core/share/ament_index/resource_index/rosidl_interfaces/drone_core
[5.466s] -- Installing: /home/dksoren/drone_boys/install/drone_core/share/drone_core/action/FinderAction.json
[5.466s] -- Installing: /home/dksoren/drone_boys/install/drone_core/include/drone_core/drone_core
[5.466s] -- Installing: /home/dksoren/drone_boys/install/drone_core/include/drone_core/drone_core/action
[5.466s] -- Installing: /home/dksoren/drone_boys/install/drone_core/include/drone_core/drone_core/action/detail
[5.466s] -- Installing: /home/dksoren/drone_boys/install/drone_core/include/drone_core/drone_core/action/detail/finder_action__functions.h
[5.466s] -- Installing: /home/dksoren/drone_boys/install/drone_core/include/drone_core/drone_core/action/detail/finder_action__description.c
[5.467s] -- Installing: /home/dksoren/drone_boys/install/drone_core/include/drone_core/drone_core/action/detail/finder_action__functions.c
[5.467s] -- Installing: /home/dksoren/drone_boys/install/drone_core/include/drone_core/drone_core/action/detail/finder_action__type_support.c
[5.467s] -- Installing: /home/dksoren/drone_boys/install/drone_core/include/drone_core/drone_core/action/detail/finder_action__type_support.h
[5.467s] -- Installing: /home/dksoren/drone_boys/install/drone_core/include/drone_core/drone_core/action/detail/finder_action__struct.h
[5.467s] -- Installing: /home/dksoren/drone_boys/install/drone_core/include/drone_core/drone_core/action/finder_action.h
[5.467s] -- Installing: /home/dksoren/drone_boys/install/drone_core/include/drone_core/drone_core/msg
[5.467s] -- Installing: /home/dksoren/drone_boys/install/drone_core/include/drone_core/drone_core/msg/rosidl_generator_c__visibility_control.h
[5.467s] -- Installing: /home/dksoren/drone_boys/install/drone_core/share/drone_core/environment/library_path.sh
[5.467s] -- Installing: /home/dksoren/drone_boys/install/drone_core/share/drone_core/environment/library_path.dsv
[5.467s] -- Installing: /home/dksoren/drone_boys/install/drone_core/lib/libdrone_core__rosidl_generator_c.so
[5.468s] -- Set non-toolchain portion of runtime path of "/home/dksoren/drone_boys/install/drone_core/lib/libdrone_core__rosidl_generator_c.so" to ""
[5.468s] -- Up-to-date: /home/dksoren/drone_boys/install/drone_core/include/drone_core/drone_core
[5.468s] -- Up-to-date: /home/dksoren/drone_boys/install/drone_core/include/drone_core/drone_core/action
[5.468s] -- Up-to-date: /home/dksoren/drone_boys/install/drone_core/include/drone_core/drone_core/action/detail
[5.468s] -- Installing: /home/dksoren/drone_boys/install/drone_core/include/drone_core/drone_core/action/detail/finder_action__rosidl_typesupport_fastrtps_c.h
[5.468s] -- Up-to-date: /home/dksoren/drone_boys/install/drone_core/include/drone_core/drone_core/msg
[5.468s] -- Installing: /home/dksoren/drone_boys/install/drone_core/include/drone_core/drone_core/msg/rosidl_typesupport_fastrtps_c__visibility_control.h
[5.468s] -- Installing: /home/dksoren/drone_boys/install/drone_core/lib/libdrone_core__rosidl_typesupport_fastrtps_c.so
[5.468s] -- Set non-toolchain portion of runtime path of "/home/dksoren/drone_boys/install/drone_core/lib/libdrone_core__rosidl_typesupport_fastrtps_c.so" to ""
[5.469s] -- Up-to-date: /home/dksoren/drone_boys/install/drone_core/include/drone_core/drone_core
[5.469s] -- Up-to-date: /home/dksoren/drone_boys/install/drone_core/include/drone_core/drone_core/action
[5.469s] -- Installing: /home/dksoren/drone_boys/install/drone_core/include/drone_core/drone_core/action/finder_action.hpp
[5.469s] -- Up-to-date: /home/dksoren/drone_boys/install/drone_core/include/drone_core/drone_core/action/detail
[5.469s] -- Installing: /home/dksoren/drone_boys/install/drone_core/include/drone_core/drone_core/action/detail/finder_action__traits.hpp
[5.469s] -- Installing: /home/dksoren/drone_boys/install/drone_core/include/drone_core/drone_core/action/detail/finder_action__type_support.hpp
[5.469s] -- Installing: /home/dksoren/drone_boys/install/drone_core/include/drone_core/drone_core/action/detail/finder_action__struct.hpp
[5.469s] -- Installing: /home/dksoren/drone_boys/install/drone_core/include/drone_core/drone_core/action/detail/finder_action__builder.hpp
[5.469s] -- Up-to-date: /home/dksoren/drone_boys/install/drone_core/include/drone_core/drone_core/msg
[5.469s] -- Installing: /home/dksoren/drone_boys/install/drone_core/include/drone_core/drone_core/msg/rosidl_generator_cpp__visibility_control.hpp
[5.469s] -- Up-to-date: /home/dksoren/drone_boys/install/drone_core/include/drone_core/drone_core
[5.469s] -- Up-to-date: /home/dksoren/drone_boys/install/drone_core/include/drone_core/drone_core/action
[5.469s] -- Up-to-date: /home/dksoren/drone_boys/install/drone_core/include/drone_core/drone_core/action/detail
[5.469s] -- Installing: /home/dksoren/drone_boys/install/drone_core/include/drone_core/drone_core/action/detail/dds_fastrtps
[5.470s] -- Installing: /home/dksoren/drone_boys/install/drone_core/include/drone_core/drone_core/action/detail/finder_action__rosidl_typesupport_fastrtps_cpp.hpp
[5.470s] -- Up-to-date: /home/dksoren/drone_boys/install/drone_core/include/drone_core/drone_core/msg
[5.470s] -- Installing: /home/dksoren/drone_boys/install/drone_core/include/drone_core/drone_core/msg/rosidl_typesupport_fastrtps_cpp__visibility_control.h
[5.470s] -- Installing: /home/dksoren/drone_boys/install/drone_core/lib/libdrone_core__rosidl_typesupport_fastrtps_cpp.so
[5.470s] -- Set non-toolchain portion of runtime path of "/home/dksoren/drone_boys/install/drone_core/lib/libdrone_core__rosidl_typesupport_fastrtps_cpp.so" to ""
[5.471s] -- Up-to-date: /home/dksoren/drone_boys/install/drone_core/include/drone_core/drone_core
[5.471s] -- Up-to-date: /home/dksoren/drone_boys/install/drone_core/include/drone_core/drone_core/action
[5.471s] -- Up-to-date: /home/dksoren/drone_boys/install/drone_core/include/drone_core/drone_core/action/detail
[5.471s] -- Up-to-date: /home/dksoren/drone_boys/install/drone_core/include/drone_core/drone_core/action/detail/finder_action__type_support.c
[5.471s] -- Installing: /home/dksoren/drone_boys/install/drone_core/include/drone_core/drone_core/action/detail/finder_action__rosidl_typesupport_introspection_c.h
[5.471s] -- Up-to-date: /home/dksoren/drone_boys/install/drone_core/include/drone_core/drone_core/msg
[5.471s] -- Installing: /home/dksoren/drone_boys/install/drone_core/include/drone_core/drone_core/msg/rosidl_typesupport_introspection_c__visibility_control.h
[5.471s] -- Installing: /home/dksoren/drone_boys/install/drone_core/lib/libdrone_core__rosidl_typesupport_introspection_c.so
[5.471s] -- Set non-toolchain portion of runtime path of "/home/dksoren/drone_boys/install/drone_core/lib/libdrone_core__rosidl_typesupport_introspection_c.so" to ""
[5.471s] -- Installing: /home/dksoren/drone_boys/install/drone_core/lib/libdrone_core__rosidl_typesupport_c.so
[5.472s] -- Set non-toolchain portion of runtime path of "/home/dksoren/drone_boys/install/drone_core/lib/libdrone_core__rosidl_typesupport_c.so" to ""
[5.472s] -- Up-to-date: /home/dksoren/drone_boys/install/drone_core/include/drone_core/drone_core
[5.472s] -- Up-to-date: /home/dksoren/drone_boys/install/drone_core/include/drone_core/drone_core/action
[5.472s] -- Up-to-date: /home/dksoren/drone_boys/install/drone_core/include/drone_core/drone_core/action/detail
[5.472s] -- Installing: /home/dksoren/drone_boys/install/drone_core/include/drone_core/drone_core/action/detail/finder_action__rosidl_typesupport_introspection_cpp.hpp
[5.472s] -- Installing: /home/dksoren/drone_boys/install/drone_core/include/drone_core/drone_core/action/detail/finder_action__type_support.cpp
[5.472s] -- Installing: /home/dksoren/drone_boys/install/drone_core/lib/libdrone_core__rosidl_typesupport_introspection_cpp.so
[5.472s] -- Set non-toolchain portion of runtime path of "/home/dksoren/drone_boys/install/drone_core/lib/libdrone_core__rosidl_typesupport_introspection_cpp.so" to ""
[5.473s] -- Installing: /home/dksoren/drone_boys/install/drone_core/lib/libdrone_core__rosidl_typesupport_cpp.so
[5.473s] -- Set non-toolchain portion of runtime path of "/home/dksoren/drone_boys/install/drone_core/lib/libdrone_core__rosidl_typesupport_cpp.so" to ""
[5.473s] -- Installing: /home/dksoren/drone_boys/install/drone_core/share/drone_core/environment/pythonpath.sh
[5.473s] -- Installing: /home/dksoren/drone_boys/install/drone_core/share/drone_core/environment/pythonpath.dsv
[5.473s] -- Installing: /home/dksoren/drone_boys/install/drone_core/lib/python3.12/site-packages/drone_core-0.0.1-py3.12.egg-info
[5.473s] -- Installing: /home/dksoren/drone_boys/install/drone_core/lib/python3.12/site-packages/drone_core-0.0.1-py3.12.egg-info/top_level.txt
[5.473s] -- Installing: /home/dksoren/drone_boys/install/drone_core/lib/python3.12/site-packages/drone_core-0.0.1-py3.12.egg-info/PKG-INFO
[5.474s] -- Installing: /home/dksoren/drone_boys/install/drone_core/lib/python3.12/site-packages/drone_core-0.0.1-py3.12.egg-info/SOURCES.txt
[5.474s] -- Installing: /home/dksoren/drone_boys/install/drone_core/lib/python3.12/site-packages/drone_core-0.0.1-py3.12.egg-info/dependency_links.txt
[5.474s] -- Installing: /home/dksoren/drone_boys/install/drone_core/lib/python3.12/site-packages/drone_core
[5.474s] -- Installing: /home/dksoren/drone_boys/install/drone_core/lib/python3.12/site-packages/drone_core/action
[5.474s] -- Installing: /home/dksoren/drone_boys/install/drone_core/lib/python3.12/site-packages/drone_core/action/__init__.py
[5.474s] -- Installing: /home/dksoren/drone_boys/install/drone_core/lib/python3.12/site-packages/drone_core/action/_finder_action.py
[5.474s] -- Installing: /home/dksoren/drone_boys/install/drone_core/lib/python3.12/site-packages/drone_core/action/_finder_action_s.c
[5.474s] -- Installing: /home/dksoren/drone_boys/install/drone_core/lib/python3.12/site-packages/drone_core/__init__.py
[5.474s] -- Installing: /home/dksoren/drone_boys/install/drone_core/lib/python3.12/site-packages/drone_core/_drone_core_s.ep.rosidl_typesupport_introspection_c.c
[5.475s] -- Installing: /home/dksoren/drone_boys/install/drone_core/lib/python3.12/site-packages/drone_core/_drone_core_s.ep.rosidl_typesupport_c.c
[5.475s] -- Installing: /home/dksoren/drone_boys/install/drone_core/lib/python3.12/site-packages/drone_core/drone_core_s__rosidl_typesupport_c.so
[5.475s] -- Installing: /home/dksoren/drone_boys/install/drone_core/lib/python3.12/site-packages/drone_core/drone_core_s__rosidl_typesupport_introspection_c.so
[5.475s] -- Installing: /home/dksoren/drone_boys/install/drone_core/lib/python3.12/site-packages/drone_core/_drone_core_s.ep.rosidl_typesupport_fastrtps_c.c
[5.475s] -- Installing: /home/dksoren/drone_boys/install/drone_core/lib/python3.12/site-packages/drone_core/drone_core_s__rosidl_typesupport_fastrtps_c.so
[5.512s] Listing '/home/dksoren/drone_boys/install/drone_core/lib/python3.12/site-packages/drone_core'...
[5.512s] Compiling '/home/dksoren/drone_boys/install/drone_core/lib/python3.12/site-packages/drone_core/__init__.py'...
[5.512s] Listing '/home/dksoren/drone_boys/install/drone_core/lib/python3.12/site-packages/drone_core/action'...
[5.512s] Compiling '/home/dksoren/drone_boys/install/drone_core/lib/python3.12/site-packages/drone_core/action/__init__.py'...
[5.512s] Compiling '/home/dksoren/drone_boys/install/drone_core/lib/python3.12/site-packages/drone_core/action/_finder_action.py'...
[5.517s] -- Installing: /home/dksoren/drone_boys/install/drone_core/lib/python3.12/site-packages/drone_core/drone_core_s__rosidl_typesupport_fastrtps_c.so
[5.517s] -- Set non-toolchain portion of runtime path of "/home/dksoren/drone_boys/install/drone_core/lib/python3.12/site-packages/drone_core/drone_core_s__rosidl_typesupport_fastrtps_c.so" to ""
[5.517s] -- Installing: /home/dksoren/drone_boys/install/drone_core/lib/python3.12/site-packages/drone_core/drone_core_s__rosidl_typesupport_introspection_c.so
[5.518s] -- Set non-toolchain portion of runtime path of "/home/dksoren/drone_boys/install/drone_core/lib/python3.12/site-packages/drone_core/drone_core_s__rosidl_typesupport_introspection_c.so" to ""
[5.518s] -- Installing: /home/dksoren/drone_boys/install/drone_core/lib/python3.12/site-packages/drone_core/drone_core_s__rosidl_typesupport_c.so
[5.518s] -- Set non-toolchain portion of runtime path of "/home/dksoren/drone_boys/install/drone_core/lib/python3.12/site-packages/drone_core/drone_core_s__rosidl_typesupport_c.so" to ""
[5.518s] -- Installing: /home/dksoren/drone_boys/install/drone_core/lib/libdrone_core__rosidl_generator_py.so
[5.519s] -- Set non-toolchain portion of runtime path of "/home/dksoren/drone_boys/install/drone_core/lib/libdrone_core__rosidl_generator_py.so" to ""
[5.519s] -- Installing: /home/dksoren/drone_boys/install/drone_core/share/drone_core/action/FinderAction.idl
[5.519s] -- Installing: /home/dksoren/drone_boys/install/drone_core/share/drone_core/action/FinderAction.action
[5.519s] -- Up-to-date: /home/dksoren/drone_boys/install/drone_core/include
[5.519s] -- Up-to-date: /home/dksoren/drone_boys/install/drone_core/include/drone_core
[5.519s] -- Up-to-date: /home/dksoren/drone_boys/install/drone_core/include/drone_core/manipulator.h
[5.519s] -- Up-to-date: /home/dksoren/drone_boys/install/drone_core/include/drone_core/utils.h
[5.519s] -- Installing: /home/dksoren/drone_boys/install/drone_core/lib/drone_core/libdrone_core_lib.so
[5.520s] -- Installing: /home/dksoren/drone_boys/install/drone_core/lib/drone_core/finder
[5.521s] -- Set non-toolchain portion of runtime path of "/home/dksoren/drone_boys/install/drone_core/lib/drone_core/finder" to ""
[5.521s] -- Installing: /home/dksoren/drone_boys/install/drone_core/share/drone_core//config
[5.521s] -- Installing: /home/dksoren/drone_boys/install/drone_core/share/drone_core//config/params.yaml
[5.521s] -- Installing: /home/dksoren/drone_boys/install/drone_core/share/ament_index/resource_index/package_run_dependencies/drone_core
[5.521s] -- Up-to-date: /home/dksoren/drone_boys/install/drone_core/share/ament_index/resource_index/parent_prefix_path/drone_core
[5.521s] -- Up-to-date: /home/dksoren/drone_boys/install/drone_core/share/drone_core/environment/ament_prefix_path.sh
[5.521s] -- Up-to-date: /home/dksoren/drone_boys/install/drone_core/share/drone_core/environment/ament_prefix_path.dsv
[5.521s] -- Up-to-date: /home/dksoren/drone_boys/install/drone_core/share/drone_core/environment/path.sh
[5.521s] -- Up-to-date: /home/dksoren/drone_boys/install/drone_core/share/drone_core/environment/path.dsv
[5.521s] -- Up-to-date: /home/dksoren/drone_boys/install/drone_core/share/drone_core/local_setup.bash
[5.521s] -- Installing: /home/dksoren/drone_boys/install/drone_core/share/drone_core/local_setup.sh
[5.521s] -- Up-to-date: /home/dksoren/drone_boys/install/drone_core/share/drone_core/local_setup.zsh
[5.522s] -- Installing: /home/dksoren/drone_boys/install/drone_core/share/drone_core/local_setup.dsv
[5.522s] -- Installing: /home/dksoren/drone_boys/install/drone_core/share/drone_core/package.dsv
[5.522s] -- Up-to-date: /home/dksoren/drone_boys/install/drone_core/share/ament_index/resource_index/packages/drone_core
[5.522s] -- Installing: /home/dksoren/drone_boys/install/drone_core/share/drone_core/cmake/export_drone_core__rosidl_generator_cExport.cmake
[5.522s] -- Installing: /home/dksoren/drone_boys/install/drone_core/share/drone_core/cmake/export_drone_core__rosidl_generator_cExport-noconfig.cmake
[5.522s] -- Installing: /home/dksoren/drone_boys/install/drone_core/share/drone_core/cmake/export_drone_core__rosidl_typesupport_fastrtps_cExport.cmake
[5.522s] -- Installing: /home/dksoren/drone_boys/install/drone_core/share/drone_core/cmake/export_drone_core__rosidl_typesupport_fastrtps_cExport-noconfig.cmake
[5.522s] -- Installing: /home/dksoren/drone_boys/install/drone_core/share/drone_core/cmake/export_drone_core__rosidl_generator_cppExport.cmake
[5.522s] -- Installing: /home/dksoren/drone_boys/install/drone_core/share/drone_core/cmake/export_drone_core__rosidl_typesupport_fastrtps_cppExport.cmake
[5.522s] -- Installing: /home/dksoren/drone_boys/install/drone_core/share/drone_core/cmake/export_drone_core__rosidl_typesupport_fastrtps_cppExport-noconfig.cmake
[5.523s] -- Installing: /home/dksoren/drone_boys/install/drone_core/share/drone_core/cmake/drone_core__rosidl_typesupport_introspection_cExport.cmake
[5.523s] -- Installing: /home/dksoren/drone_boys/install/drone_core/share/drone_core/cmake/drone_core__rosidl_typesupport_introspection_cExport-noconfig.cmake
[5.523s] -- Installing: /home/dksoren/drone_boys/install/drone_core/share/drone_core/cmake/drone_core__rosidl_typesupport_cExport.cmake
[5.523s] -- Installing: /home/dksoren/drone_boys/install/drone_core/share/drone_core/cmake/drone_core__rosidl_typesupport_cExport-noconfig.cmake
[5.523s] -- Installing: /home/dksoren/drone_boys/install/drone_core/share/drone_core/cmake/drone_core__rosidl_typesupport_introspection_cppExport.cmake
[5.523s] -- Installing: /home/dksoren/drone_boys/install/drone_core/share/drone_core/cmake/drone_core__rosidl_typesupport_introspection_cppExport-noconfig.cmake
[5.523s] -- Installing: /home/dksoren/drone_boys/install/drone_core/share/drone_core/cmake/drone_core__rosidl_typesupport_cppExport.cmake
[5.524s] -- Installing: /home/dksoren/drone_boys/install/drone_core/share/drone_core/cmake/drone_core__rosidl_typesupport_cppExport-noconfig.cmake
[5.524s] -- Installing: /home/dksoren/drone_boys/install/drone_core/share/drone_core/cmake/export_drone_core__rosidl_generator_pyExport.cmake
[5.524s] -- Installing: /home/dksoren/drone_boys/install/drone_core/share/drone_core/cmake/export_drone_core__rosidl_generator_pyExport-noconfig.cmake
[5.524s] -- Installing: /home/dksoren/drone_boys/install/drone_core/share/drone_core/cmake/rosidl_cmake-extras.cmake
[5.524s] -- Installing: /home/dksoren/drone_boys/install/drone_core/share/drone_core/cmake/ament_cmake_export_dependencies-extras.cmake
[5.524s] -- Installing: /home/dksoren/drone_boys/install/drone_core/share/drone_core/cmake/ament_cmake_export_include_directories-extras.cmake
[5.524s] -- Installing: /home/dksoren/drone_boys/install/drone_core/share/drone_core/cmake/ament_cmake_export_libraries-extras.cmake
[5.524s] -- Installing: /home/dksoren/drone_boys/install/drone_core/share/drone_core/cmake/ament_cmake_export_targets-extras.cmake
[5.524s] -- Installing: /home/dksoren/drone_boys/install/drone_core/share/drone_core/cmake/rosidl_cmake_export_typesupport_targets-extras.cmake
[5.525s] -- Installing: /home/dksoren/drone_boys/install/drone_core/share/drone_core/cmake/rosidl_cmake_export_typesupport_libraries-extras.cmake
[5.525s] -- Installing: /home/dksoren/drone_boys/install/drone_core/share/drone_core/cmake/drone_coreConfig.cmake
[5.525s] -- Up-to-date: /home/dksoren/drone_boys/install/drone_core/share/drone_core/cmake/drone_coreConfig-version.cmake
[5.525s] -- Installing: /home/dksoren/drone_boys/install/drone_core/share/drone_core/package.xml
[5.527s] Invoked command in '/home/dksoren/drone_boys/build/drone_core' returned '0': DEBUGINFOD_URLS=https://debuginfod.ubuntu.com /usr/bin/cmake --install /home/dksoren/drone_boys/build/drone_core
