-- Found ament_cmake: 2.5.4 (/opt/ros/jazzy/share/ament_cmake/cmake)
-- Found rclcpp: 28.1.12 (/opt/ros/jazzy/share/rclcpp/cmake)
-- Found rosidl_generator_c: 4.6.6 (/opt/ros/jazzy/share/rosidl_generator_c/cmake)
-- Found rosidl_generator_cpp: 4.6.6 (/opt/ros/jazzy/share/rosidl_generator_cpp/cmake)
-- Using all available rosidl_typesupport_c: rosidl_typesupport_fastrtps_c;rosidl_typesupport_introspection_c
-- Using all available rosidl_typesupport_cpp: rosidl_typesupport_fastrtps_cpp;rosidl_typesupport_introspection_cpp
-- Found rmw_implementation_cmake: 7.3.2 (/opt/ros/jazzy/share/rmw_implementation_cmake/cmake)
-- Found rmw_fastrtps_cpp: 8.4.3 (/opt/ros/jazzy/share/rmw_fastrtps_cpp/cmake)
-- Using RMW implementation 'rmw_fastrtps_cpp' as default
-- Found rclcpp_action: 28.1.12 (/opt/ros/jazzy/share/rclcpp_action/cmake)
-- Found rosidl_default_generators: 1.6.0 (/opt/ros/jazzy/share/rosidl_default_generators/cmake)
-- Found rosidl_adapter: 4.6.6 (/opt/ros/jazzy/share/rosidl_adapter/cmake)
-- Found ament_cmake_ros: 0.12.0 (/opt/ros/jazzy/share/ament_cmake_ros/cmake)
-- Using all available rosidl_typesupport_c: rosidl_typesupport_fastrtps_c;rosidl_typesupport_introspection_c
-- Using all available rosidl_typesupport_cpp: rosidl_typesupport_fastrtps_cpp;rosidl_typesupport_introspection_cpp
-- Found python_cmake_module: 0.11.1 (/opt/ros/jazzy/share/python_cmake_module/cmake)
-- Found Python3: /usr/bin/python3 (found version "3.12.3") found components: Interpreter Development NumPy Development.Module Development.Embed 
[0mCMake Deprecation Warning at /opt/ros/jazzy/share/rosidl_cmake/cmake/rosidl_target_interfaces.cmake:32 (message):
  Use rosidl_get_typesupport_target() and target_link_libraries() instead of
  rosidl_target_interfaces().  i.e:

    rosidl_get_typesupport_target(cpp_typesupport_target "${PROJECT_NAME}" "rosidl_typesupport_cpp")
    target_link_libraries(${PROJECT_NAME}_node "${cpp_typesupport_target}")

Call Stack (most recent call first):
  CMakeLists.txt:54 (rosidl_target_interfaces)

[0m
-- Configuring done (0.9s)
-- Generating done (0.0s)
-- Build files have been written to: /home/dksoren/drone_boys/build/drone_core
[  2%] Built target drone_core__rosidl_generator_type_description
[  9%] Built target drone_core_lib
[  9%] Built target ament_cmake_python_copy_drone_core
[ 12%] Built target drone_core__cpp
[ 24%] Built target drone_core__rosidl_generator_c
[ 39%] Built target drone_core__rosidl_typesupport_c
[ 39%] Built target drone_core__rosidl_typesupport_fastrtps_c
[ 46%] Built target drone_core__rosidl_typesupport_cpp
[ 53%] Built target drone_core__rosidl_typesupport_introspection_c
[ 60%] Built target drone_core__rosidl_typesupport_introspection_cpp
[ 68%] Built target drone_core__rosidl_typesupport_fastrtps_cpp
[ 68%] Built target drone_core
[ 70%] Built target drone_core__py
[ 80%] Built target finder
[ 85%] Built target drone_core__rosidl_generator_py
[ 95%] Built target drone_core_s__rosidl_typesupport_introspection_c
[ 95%] Built target drone_core_s__rosidl_typesupport_fastrtps_c
[100%] Built target drone_core_s__rosidl_typesupport_c
running egg_info
writing drone_core.egg-info/PKG-INFO
writing dependency_links to drone_core.egg-info/dependency_links.txt
writing top-level names to drone_core.egg-info/top_level.txt
reading manifest file 'drone_core.egg-info/SOURCES.txt'
writing manifest file 'drone_core.egg-info/SOURCES.txt'
[100%] Built target ament_cmake_python_build_drone_core_egg
-- Install configuration: ""
-- Up-to-date: /home/dksoren/drone_boys/install/drone_core/share/ament_index/resource_index/rosidl_interfaces/drone_core
-- Up-to-date: /home/dksoren/drone_boys/install/drone_core/share/drone_core/action/FinderAction.json
-- Up-to-date: /home/dksoren/drone_boys/install/drone_core/include/drone_core/drone_core
-- Up-to-date: /home/dksoren/drone_boys/install/drone_core/include/drone_core/drone_core/action
-- Up-to-date: /home/dksoren/drone_boys/install/drone_core/include/drone_core/drone_core/action/detail
-- Up-to-date: /home/dksoren/drone_boys/install/drone_core/include/drone_core/drone_core/action/detail/finder_action__functions.h
-- Up-to-date: /home/dksoren/drone_boys/install/drone_core/include/drone_core/drone_core/action/detail/finder_action__description.c
-- Up-to-date: /home/dksoren/drone_boys/install/drone_core/include/drone_core/drone_core/action/detail/finder_action__functions.c
-- Up-to-date: /home/dksoren/drone_boys/install/drone_core/include/drone_core/drone_core/action/detail/finder_action__type_support.c
-- Up-to-date: /home/dksoren/drone_boys/install/drone_core/include/drone_core/drone_core/action/detail/finder_action__type_support.h
-- Up-to-date: /home/dksoren/drone_boys/install/drone_core/include/drone_core/drone_core/action/detail/finder_action__struct.h
-- Up-to-date: /home/dksoren/drone_boys/install/drone_core/include/drone_core/drone_core/action/finder_action.h
-- Up-to-date: /home/dksoren/drone_boys/install/drone_core/include/drone_core/drone_core/msg
-- Up-to-date: /home/dksoren/drone_boys/install/drone_core/include/drone_core/drone_core/msg/rosidl_generator_c__visibility_control.h
-- Up-to-date: /home/dksoren/drone_boys/install/drone_core/share/drone_core/environment/library_path.sh
-- Up-to-date: /home/dksoren/drone_boys/install/drone_core/share/drone_core/environment/library_path.dsv
-- Up-to-date: /home/dksoren/drone_boys/install/drone_core/lib/libdrone_core__rosidl_generator_c.so
-- Up-to-date: /home/dksoren/drone_boys/install/drone_core/include/drone_core/drone_core
-- Up-to-date: /home/dksoren/drone_boys/install/drone_core/include/drone_core/drone_core/action
-- Up-to-date: /home/dksoren/drone_boys/install/drone_core/include/drone_core/drone_core/action/detail
-- Up-to-date: /home/dksoren/drone_boys/install/drone_core/include/drone_core/drone_core/action/detail/finder_action__rosidl_typesupport_fastrtps_c.h
-- Up-to-date: /home/dksoren/drone_boys/install/drone_core/include/drone_core/drone_core/msg
-- Up-to-date: /home/dksoren/drone_boys/install/drone_core/include/drone_core/drone_core/msg/rosidl_typesupport_fastrtps_c__visibility_control.h
-- Up-to-date: /home/dksoren/drone_boys/install/drone_core/lib/libdrone_core__rosidl_typesupport_fastrtps_c.so
-- Up-to-date: /home/dksoren/drone_boys/install/drone_core/include/drone_core/drone_core
-- Up-to-date: /home/dksoren/drone_boys/install/drone_core/include/drone_core/drone_core/action
-- Up-to-date: /home/dksoren/drone_boys/install/drone_core/include/drone_core/drone_core/action/finder_action.hpp
-- Up-to-date: /home/dksoren/drone_boys/install/drone_core/include/drone_core/drone_core/action/detail
-- Up-to-date: /home/dksoren/drone_boys/install/drone_core/include/drone_core/drone_core/action/detail/finder_action__traits.hpp
-- Up-to-date: /home/dksoren/drone_boys/install/drone_core/include/drone_core/drone_core/action/detail/finder_action__type_support.hpp
-- Up-to-date: /home/dksoren/drone_boys/install/drone_core/include/drone_core/drone_core/action/detail/finder_action__struct.hpp
-- Up-to-date: /home/dksoren/drone_boys/install/drone_core/include/drone_core/drone_core/action/detail/finder_action__builder.hpp
-- Up-to-date: /home/dksoren/drone_boys/install/drone_core/include/drone_core/drone_core/msg
-- Up-to-date: /home/dksoren/drone_boys/install/drone_core/include/drone_core/drone_core/msg/rosidl_generator_cpp__visibility_control.hpp
-- Up-to-date: /home/dksoren/drone_boys/install/drone_core/include/drone_core/drone_core
-- Up-to-date: /home/dksoren/drone_boys/install/drone_core/include/drone_core/drone_core/action
-- Up-to-date: /home/dksoren/drone_boys/install/drone_core/include/drone_core/drone_core/action/detail
-- Up-to-date: /home/dksoren/drone_boys/install/drone_core/include/drone_core/drone_core/action/detail/dds_fastrtps
-- Up-to-date: /home/dksoren/drone_boys/install/drone_core/include/drone_core/drone_core/action/detail/finder_action__rosidl_typesupport_fastrtps_cpp.hpp
-- Up-to-date: /home/dksoren/drone_boys/install/drone_core/include/drone_core/drone_core/msg
-- Up-to-date: /home/dksoren/drone_boys/install/drone_core/include/drone_core/drone_core/msg/rosidl_typesupport_fastrtps_cpp__visibility_control.h
-- Up-to-date: /home/dksoren/drone_boys/install/drone_core/lib/libdrone_core__rosidl_typesupport_fastrtps_cpp.so
-- Up-to-date: /home/dksoren/drone_boys/install/drone_core/include/drone_core/drone_core
-- Up-to-date: /home/dksoren/drone_boys/install/drone_core/include/drone_core/drone_core/action
-- Up-to-date: /home/dksoren/drone_boys/install/drone_core/include/drone_core/drone_core/action/detail
-- Up-to-date: /home/dksoren/drone_boys/install/drone_core/include/drone_core/drone_core/action/detail/finder_action__type_support.c
-- Up-to-date: /home/dksoren/drone_boys/install/drone_core/include/drone_core/drone_core/action/detail/finder_action__rosidl_typesupport_introspection_c.h
-- Up-to-date: /home/dksoren/drone_boys/install/drone_core/include/drone_core/drone_core/msg
-- Up-to-date: /home/dksoren/drone_boys/install/drone_core/include/drone_core/drone_core/msg/rosidl_typesupport_introspection_c__visibility_control.h
-- Up-to-date: /home/dksoren/drone_boys/install/drone_core/lib/libdrone_core__rosidl_typesupport_introspection_c.so
-- Up-to-date: /home/dksoren/drone_boys/install/drone_core/lib/libdrone_core__rosidl_typesupport_c.so
-- Up-to-date: /home/dksoren/drone_boys/install/drone_core/include/drone_core/drone_core
-- Up-to-date: /home/dksoren/drone_boys/install/drone_core/include/drone_core/drone_core/action
-- Up-to-date: /home/dksoren/drone_boys/install/drone_core/include/drone_core/drone_core/action/detail
-- Up-to-date: /home/dksoren/drone_boys/install/drone_core/include/drone_core/drone_core/action/detail/finder_action__rosidl_typesupport_introspection_cpp.hpp
-- Up-to-date: /home/dksoren/drone_boys/install/drone_core/include/drone_core/drone_core/action/detail/finder_action__type_support.cpp
-- Up-to-date: /home/dksoren/drone_boys/install/drone_core/lib/libdrone_core__rosidl_typesupport_introspection_cpp.so
-- Up-to-date: /home/dksoren/drone_boys/install/drone_core/lib/libdrone_core__rosidl_typesupport_cpp.so
-- Up-to-date: /home/dksoren/drone_boys/install/drone_core/share/drone_core/environment/pythonpath.sh
-- Up-to-date: /home/dksoren/drone_boys/install/drone_core/share/drone_core/environment/pythonpath.dsv
-- Up-to-date: /home/dksoren/drone_boys/install/drone_core/lib/python3.12/site-packages/drone_core-0.0.1-py3.12.egg-info
-- Installing: /home/dksoren/drone_boys/install/drone_core/lib/python3.12/site-packages/drone_core-0.0.1-py3.12.egg-info/top_level.txt
-- Installing: /home/dksoren/drone_boys/install/drone_core/lib/python3.12/site-packages/drone_core-0.0.1-py3.12.egg-info/PKG-INFO
-- Installing: /home/dksoren/drone_boys/install/drone_core/lib/python3.12/site-packages/drone_core-0.0.1-py3.12.egg-info/SOURCES.txt
-- Installing: /home/dksoren/drone_boys/install/drone_core/lib/python3.12/site-packages/drone_core-0.0.1-py3.12.egg-info/dependency_links.txt
-- Up-to-date: /home/dksoren/drone_boys/install/drone_core/lib/python3.12/site-packages/drone_core
-- Up-to-date: /home/dksoren/drone_boys/install/drone_core/lib/python3.12/site-packages/drone_core/action
-- Up-to-date: /home/dksoren/drone_boys/install/drone_core/lib/python3.12/site-packages/drone_core/action/__init__.py
-- Up-to-date: /home/dksoren/drone_boys/install/drone_core/lib/python3.12/site-packages/drone_core/action/_finder_action.py
-- Up-to-date: /home/dksoren/drone_boys/install/drone_core/lib/python3.12/site-packages/drone_core/action/_finder_action_s.c
-- Installing: /home/dksoren/drone_boys/install/drone_core/lib/python3.12/site-packages/drone_core/__init__.py
-- Up-to-date: /home/dksoren/drone_boys/install/drone_core/lib/python3.12/site-packages/drone_core/_drone_core_s.ep.rosidl_typesupport_introspection_c.c
-- Up-to-date: /home/dksoren/drone_boys/install/drone_core/lib/python3.12/site-packages/drone_core/_drone_core_s.ep.rosidl_typesupport_c.c
-- Up-to-date: /home/dksoren/drone_boys/install/drone_core/lib/python3.12/site-packages/drone_core/drone_core_s__rosidl_typesupport_c.so
-- Up-to-date: /home/dksoren/drone_boys/install/drone_core/lib/python3.12/site-packages/drone_core/drone_core_s__rosidl_typesupport_introspection_c.so
-- Up-to-date: /home/dksoren/drone_boys/install/drone_core/lib/python3.12/site-packages/drone_core/_drone_core_s.ep.rosidl_typesupport_fastrtps_c.c
-- Up-to-date: /home/dksoren/drone_boys/install/drone_core/lib/python3.12/site-packages/drone_core/drone_core_s__rosidl_typesupport_fastrtps_c.so
Listing '/home/dksoren/drone_boys/install/drone_core/lib/python3.12/site-packages/drone_core'...
Compiling '/home/dksoren/drone_boys/install/drone_core/lib/python3.12/site-packages/drone_core/__init__.py'...
Listing '/home/dksoren/drone_boys/install/drone_core/lib/python3.12/site-packages/drone_core/action'...
-- Up-to-date: /home/dksoren/drone_boys/install/drone_core/lib/python3.12/site-packages/drone_core/drone_core_s__rosidl_typesupport_fastrtps_c.so
-- Up-to-date: /home/dksoren/drone_boys/install/drone_core/lib/python3.12/site-packages/drone_core/drone_core_s__rosidl_typesupport_introspection_c.so
-- Up-to-date: /home/dksoren/drone_boys/install/drone_core/lib/python3.12/site-packages/drone_core/drone_core_s__rosidl_typesupport_c.so
-- Up-to-date: /home/dksoren/drone_boys/install/drone_core/lib/libdrone_core__rosidl_generator_py.so
-- Up-to-date: /home/dksoren/drone_boys/install/drone_core/share/drone_core/action/FinderAction.idl
-- Up-to-date: /home/dksoren/drone_boys/install/drone_core/share/drone_core/action/FinderAction.action
-- Up-to-date: /home/dksoren/drone_boys/install/drone_core/include
-- Up-to-date: /home/dksoren/drone_boys/install/drone_core/include/drone_core
-- Up-to-date: /home/dksoren/drone_boys/install/drone_core/include/drone_core/manipulator.h
-- Up-to-date: /home/dksoren/drone_boys/install/drone_core/include/drone_core/utils.h
-- Up-to-date: /home/dksoren/drone_boys/install/drone_core/lib/drone_core/libdrone_core_lib.so
-- Up-to-date: /home/dksoren/drone_boys/install/drone_core/lib/drone_core/finder
-- Up-to-date: /home/dksoren/drone_boys/install/drone_core/share/drone_core//config
-- Up-to-date: /home/dksoren/drone_boys/install/drone_core/share/drone_core//config/params.yaml
-- Up-to-date: /home/dksoren/drone_boys/install/drone_core/share/ament_index/resource_index/package_run_dependencies/drone_core
-- Installing: /home/dksoren/drone_boys/install/drone_core/share/ament_index/resource_index/parent_prefix_path/drone_core
-- Up-to-date: /home/dksoren/drone_boys/install/drone_core/share/drone_core/environment/ament_prefix_path.sh
-- Up-to-date: /home/dksoren/drone_boys/install/drone_core/share/drone_core/environment/ament_prefix_path.dsv
-- Up-to-date: /home/dksoren/drone_boys/install/drone_core/share/drone_core/environment/path.sh
-- Up-to-date: /home/dksoren/drone_boys/install/drone_core/share/drone_core/environment/path.dsv
-- Up-to-date: /home/dksoren/drone_boys/install/drone_core/share/drone_core/local_setup.bash
-- Up-to-date: /home/dksoren/drone_boys/install/drone_core/share/drone_core/local_setup.sh
-- Up-to-date: /home/dksoren/drone_boys/install/drone_core/share/drone_core/local_setup.zsh
-- Up-to-date: /home/dksoren/drone_boys/install/drone_core/share/drone_core/local_setup.dsv
-- Installing: /home/dksoren/drone_boys/install/drone_core/share/drone_core/package.dsv
-- Up-to-date: /home/dksoren/drone_boys/install/drone_core/share/ament_index/resource_index/packages/drone_core
-- Up-to-date: /home/dksoren/drone_boys/install/drone_core/share/drone_core/cmake/export_drone_core__rosidl_generator_cExport.cmake
-- Up-to-date: /home/dksoren/drone_boys/install/drone_core/share/drone_core/cmake/export_drone_core__rosidl_generator_cExport-noconfig.cmake
-- Up-to-date: /home/dksoren/drone_boys/install/drone_core/share/drone_core/cmake/export_drone_core__rosidl_typesupport_fastrtps_cExport.cmake
-- Up-to-date: /home/dksoren/drone_boys/install/drone_core/share/drone_core/cmake/export_drone_core__rosidl_typesupport_fastrtps_cExport-noconfig.cmake
-- Up-to-date: /home/dksoren/drone_boys/install/drone_core/share/drone_core/cmake/export_drone_core__rosidl_generator_cppExport.cmake
-- Up-to-date: /home/dksoren/drone_boys/install/drone_core/share/drone_core/cmake/export_drone_core__rosidl_typesupport_fastrtps_cppExport.cmake
-- Up-to-date: /home/dksoren/drone_boys/install/drone_core/share/drone_core/cmake/export_drone_core__rosidl_typesupport_fastrtps_cppExport-noconfig.cmake
-- Up-to-date: /home/dksoren/drone_boys/install/drone_core/share/drone_core/cmake/drone_core__rosidl_typesupport_introspection_cExport.cmake
-- Up-to-date: /home/dksoren/drone_boys/install/drone_core/share/drone_core/cmake/drone_core__rosidl_typesupport_introspection_cExport-noconfig.cmake
-- Up-to-date: /home/dksoren/drone_boys/install/drone_core/share/drone_core/cmake/drone_core__rosidl_typesupport_cExport.cmake
-- Up-to-date: /home/dksoren/drone_boys/install/drone_core/share/drone_core/cmake/drone_core__rosidl_typesupport_cExport-noconfig.cmake
-- Up-to-date: /home/dksoren/drone_boys/install/drone_core/share/drone_core/cmake/drone_core__rosidl_typesupport_introspection_cppExport.cmake
-- Up-to-date: /home/dksoren/drone_boys/install/drone_core/share/drone_core/cmake/drone_core__rosidl_typesupport_introspection_cppExport-noconfig.cmake
-- Up-to-date: /home/dksoren/drone_boys/install/drone_core/share/drone_core/cmake/drone_core__rosidl_typesupport_cppExport.cmake
-- Up-to-date: /home/dksoren/drone_boys/install/drone_core/share/drone_core/cmake/drone_core__rosidl_typesupport_cppExport-noconfig.cmake
-- Up-to-date: /home/dksoren/drone_boys/install/drone_core/share/drone_core/cmake/export_drone_core__rosidl_generator_pyExport.cmake
-- Up-to-date: /home/dksoren/drone_boys/install/drone_core/share/drone_core/cmake/export_drone_core__rosidl_generator_pyExport-noconfig.cmake
-- Up-to-date: /home/dksoren/drone_boys/install/drone_core/share/drone_core/cmake/rosidl_cmake-extras.cmake
-- Up-to-date: /home/dksoren/drone_boys/install/drone_core/share/drone_core/cmake/ament_cmake_export_dependencies-extras.cmake
-- Up-to-date: /home/dksoren/drone_boys/install/drone_core/share/drone_core/cmake/ament_cmake_export_include_directories-extras.cmake
-- Up-to-date: /home/dksoren/drone_boys/install/drone_core/share/drone_core/cmake/ament_cmake_export_libraries-extras.cmake
-- Up-to-date: /home/dksoren/drone_boys/install/drone_core/share/drone_core/cmake/ament_cmake_export_targets-extras.cmake
-- Up-to-date: /home/dksoren/drone_boys/install/drone_core/share/drone_core/cmake/rosidl_cmake_export_typesupport_targets-extras.cmake
-- Up-to-date: /home/dksoren/drone_boys/install/drone_core/share/drone_core/cmake/rosidl_cmake_export_typesupport_libraries-extras.cmake
-- Up-to-date: /home/dksoren/drone_boys/install/drone_core/share/drone_core/cmake/drone_coreConfig.cmake
-- Up-to-date: /home/dksoren/drone_boys/install/drone_core/share/drone_core/cmake/drone_coreConfig-version.cmake
-- Installing: /home/dksoren/drone_boys/install/drone_core/share/drone_core/package.xml
