[0.012s] Invoking command in '/home/dksoren/drone_boys/build/drone_core': CMAKE_PREFIX_PATH=/opt/ros/jazzy:${CMAKE_PREFIX_PATH} DEBUGINFOD_URLS=https://debuginfod.ubuntu.com /usr/bin/cmake --build /home/dksoren/drone_boys/build/drone_core -- -j12 -l12
[0.077s] [100%] Built target drone_core
[0.092s] Invoked command in '/home/dksoren/drone_boys/build/drone_core' returned '0': CMAKE_PREFIX_PATH=/opt/ros/jazzy:${CMAKE_PREFIX_PATH} DEBUGINFOD_URLS=https://debuginfod.ubuntu.com /usr/bin/cmake --build /home/dksoren/drone_boys/build/drone_core -- -j12 -l12
[0.105s] Invoking command in '/home/dksoren/drone_boys/build/drone_core': CMAKE_PREFIX_PATH=/opt/ros/jazzy:${CMAKE_PREFIX_PATH} DEBUGINFOD_URLS=https://debuginfod.ubuntu.com /usr/bin/cmake --install /home/dksoren/drone_boys/build/drone_core
[0.115s] -- Install configuration: ""
[0.115s] -- Up-to-date: /home/dksoren/drone_boys/install/drone_core/lib/libdrone_core.a
[0.115s] -- Up-to-date: /home/dksoren/drone_boys/install/drone_core/include
[0.115s] -- Up-to-date: /home/dksoren/drone_boys/install/drone_core/include/drone_core
[0.115s] -- Up-to-date: /home/dksoren/drone_boys/install/drone_core/include/drone_core/manipulator.h
[0.115s] -- Up-to-date: /home/dksoren/drone_boys/install/drone_core/include/drone_core/utils.h
[0.115s] -- Up-to-date: /home/dksoren/drone_boys/install/drone_core/share/ament_index/resource_index/package_run_dependencies/drone_core
[0.116s] -- Up-to-date: /home/dksoren/drone_boys/install/drone_core/share/ament_index/resource_index/parent_prefix_path/drone_core
[0.116s] -- Up-to-date: /home/dksoren/drone_boys/install/drone_core/share/drone_core/environment/ament_prefix_path.sh
[0.116s] -- Up-to-date: /home/dksoren/drone_boys/install/drone_core/share/drone_core/environment/ament_prefix_path.dsv
[0.116s] -- Up-to-date: /home/dksoren/drone_boys/install/drone_core/share/drone_core/environment/path.sh
[0.116s] -- Up-to-date: /home/dksoren/drone_boys/install/drone_core/share/drone_core/environment/path.dsv
[0.116s] -- Up-to-date: /home/dksoren/drone_boys/install/drone_core/share/drone_core/local_setup.bash
[0.116s] -- Up-to-date: /home/dksoren/drone_boys/install/drone_core/share/drone_core/local_setup.sh
[0.116s] -- Up-to-date: /home/dksoren/drone_boys/install/drone_core/share/drone_core/local_setup.zsh
[0.116s] -- Up-to-date: /home/dksoren/drone_boys/install/drone_core/share/drone_core/local_setup.dsv
[0.116s] -- Installing: /home/dksoren/drone_boys/install/drone_core/share/drone_core/package.dsv
[0.117s] -- Up-to-date: /home/dksoren/drone_boys/install/drone_core/share/ament_index/resource_index/packages/drone_core
[0.117s] -- Up-to-date: /home/dksoren/drone_boys/install/drone_core/share/drone_core/cmake/drone_coreConfig.cmake
[0.117s] -- Up-to-date: /home/dksoren/drone_boys/install/drone_core/share/drone_core/cmake/drone_coreConfig-version.cmake
[0.117s] -- Up-to-date: /home/dksoren/drone_boys/install/drone_core/share/drone_core/package.xml
[0.118s] Invoked command in '/home/dksoren/drone_boys/build/drone_core' returned '0': CMAKE_PREFIX_PATH=/opt/ros/jazzy:${CMAKE_PREFIX_PATH} DEBUGINFOD_URLS=https://debuginfod.ubuntu.com /usr/bin/cmake --install /home/dksoren/drone_boys/build/drone_core
