[  2%] Built target drone__rosidl_generator_type_description
[  2%] Built target ament_cmake_python_symlink_drone
[  5%] Built target drone__cpp
[ 17%] Built target drone__rosidl_generator_c
[ 48%] Built target drone__rosidl_typesupport_introspection_cpp
[ 48%] Built target drone__rosidl_typesupport_introspection_c
[ 48%] Built target drone__rosidl_typesupport_c
[ 48%] Built target drone__rosidl_typesupport_fastrtps_c
[ 56%] Built target drone__rosidl_typesupport_cpp
[ 64%] Built target drone__rosidl_typesupport_fastrtps_cpp
[ 64%] Built target drone
[ 66%] Built target drone__py
[ 69%] [32mBuilding CXX object CMakeFiles/finder.dir/src/main.cpp.o[0m
[ 74%] Built target drone__rosidl_generator_py
[ 89%] Built target drone_s__rosidl_typesupport_c
[ 89%] Built target drone_s__rosidl_typesupport_introspection_c
[ 89%] Built target drone_s__rosidl_typesupport_fastrtps_c
running egg_info
writing drone.egg-info/PKG-INFO
writing dependency_links to drone.egg-info/dependency_links.txt
writing top-level names to drone.egg-info/top_level.txt
reading manifest file 'drone.egg-info/SOURCES.txt'
writing manifest file 'drone.egg-info/SOURCES.txt'
[ 89%] Built target ament_cmake_python_build_drone_egg
[ 92%] [32m[1mLinking CXX executable finder[0m
[100%] Built target finder
-- Install configuration: ""
-- Execute custom install script
-- Up-to-date symlink: /home/dksoren/drone_boys/install/drone/share/ament_index/resource_index/rosidl_interfaces/drone
-- Up-to-date symlink: /home/dksoren/drone_boys/install/drone/share/drone/action/FinderAction.json
-- Up-to-date symlink: /home/dksoren/drone_boys/install/drone/include/drone/drone/action/detail/finder_action__functions.h
-- Up-to-date symlink: /home/dksoren/drone_boys/install/drone/include/drone/drone/action/detail/finder_action__struct.h
-- Up-to-date symlink: /home/dksoren/drone_boys/install/drone/include/drone/drone/action/detail/finder_action__type_support.h
-- Up-to-date symlink: /home/dksoren/drone_boys/install/drone/include/drone/drone/action/finder_action.h
-- Up-to-date symlink: /home/dksoren/drone_boys/install/drone/include/drone/drone/msg/rosidl_generator_c__visibility_control.h
-- Up-to-date symlink: /home/dksoren/drone_boys/install/drone/share/drone/environment/library_path.sh
-- Up-to-date symlink: /home/dksoren/drone_boys/install/drone/share/drone/environment/library_path.dsv
-- Up-to-date symlink: /home/dksoren/drone_boys/install/drone/include/drone/drone/action/detail/finder_action__rosidl_typesupport_fastrtps_c.h
-- Up-to-date symlink: /home/dksoren/drone_boys/install/drone/include/drone/drone/msg/rosidl_typesupport_fastrtps_c__visibility_control.h
-- Up-to-date symlink: /home/dksoren/drone_boys/install/drone/include/drone/drone/action/detail/finder_action__builder.hpp
-- Up-to-date symlink: /home/dksoren/drone_boys/install/drone/include/drone/drone/action/detail/finder_action__struct.hpp
-- Up-to-date symlink: /home/dksoren/drone_boys/install/drone/include/drone/drone/action/detail/finder_action__traits.hpp
-- Up-to-date symlink: /home/dksoren/drone_boys/install/drone/include/drone/drone/action/detail/finder_action__type_support.hpp
-- Up-to-date symlink: /home/dksoren/drone_boys/install/drone/include/drone/drone/action/finder_action.hpp
-- Up-to-date symlink: /home/dksoren/drone_boys/install/drone/include/drone/drone/msg/rosidl_generator_cpp__visibility_control.hpp
-- Up-to-date symlink: /home/dksoren/drone_boys/install/drone/include/drone/drone/action/detail/finder_action__rosidl_typesupport_fastrtps_cpp.hpp
-- Up-to-date symlink: /home/dksoren/drone_boys/install/drone/include/drone/drone/msg/rosidl_typesupport_fastrtps_cpp__visibility_control.h
-- Up-to-date symlink: /home/dksoren/drone_boys/install/drone/include/drone/drone/action/detail/finder_action__rosidl_typesupport_introspection_c.h
-- Up-to-date symlink: /home/dksoren/drone_boys/install/drone/include/drone/drone/msg/rosidl_typesupport_introspection_c__visibility_control.h
-- Up-to-date symlink: /home/dksoren/drone_boys/install/drone/include/drone/drone/action/detail/finder_action__rosidl_typesupport_introspection_cpp.hpp
-- Up-to-date symlink: /home/dksoren/drone_boys/install/drone/share/drone/environment/pythonpath.sh
-- Up-to-date symlink: /home/dksoren/drone_boys/install/drone/share/drone/environment/pythonpath.dsv
-- Up-to-date symlink: /home/dksoren/drone_boys/install/drone/lib/python3.12/site-packages/drone-0.1.0-py3.12.egg-info/PKG-INFO
-- Up-to-date symlink: /home/dksoren/drone_boys/install/drone/lib/python3.12/site-packages/drone-0.1.0-py3.12.egg-info/SOURCES.txt
-- Up-to-date symlink: /home/dksoren/drone_boys/install/drone/lib/python3.12/site-packages/drone-0.1.0-py3.12.egg-info/dependency_links.txt
-- Up-to-date symlink: /home/dksoren/drone_boys/install/drone/lib/python3.12/site-packages/drone-0.1.0-py3.12.egg-info/top_level.txt
-- Up-to-date symlink: /home/dksoren/drone_boys/install/drone/lib/python3.12/site-packages/drone/__init__.py
-- Up-to-date symlink: /home/dksoren/drone_boys/install/drone/lib/python3.12/site-packages/drone/_drone_s.ep.rosidl_typesupport_c.c
-- Up-to-date symlink: /home/dksoren/drone_boys/install/drone/lib/python3.12/site-packages/drone/_drone_s.ep.rosidl_typesupport_fastrtps_c.c
-- Up-to-date symlink: /home/dksoren/drone_boys/install/drone/lib/python3.12/site-packages/drone/_drone_s.ep.rosidl_typesupport_introspection_c.c
-- Up-to-date symlink: /home/dksoren/drone_boys/install/drone/lib/python3.12/site-packages/drone/action/__init__.py
-- Up-to-date symlink: /home/dksoren/drone_boys/install/drone/lib/python3.12/site-packages/drone/action/_finder_action.py
-- Up-to-date symlink: /home/dksoren/drone_boys/install/drone/lib/python3.12/site-packages/drone/action/_finder_action_s.c
-- Up-to-date symlink: /home/dksoren/drone_boys/install/drone/lib/python3.12/site-packages/drone/drone_s__rosidl_typesupport_c.so
-- Up-to-date symlink: /home/dksoren/drone_boys/install/drone/lib/python3.12/site-packages/drone/drone_s__rosidl_typesupport_fastrtps_c.so
-- Up-to-date symlink: /home/dksoren/drone_boys/install/drone/lib/python3.12/site-packages/drone/drone_s__rosidl_typesupport_introspection_c.so
-- Up-to-date symlink: /home/dksoren/drone_boys/install/drone/lib/python3.12/site-packages/drone/drone_s__rosidl_typesupport_fastrtps_c.so
-- Up-to-date symlink: /home/dksoren/drone_boys/install/drone/lib/python3.12/site-packages/drone/drone_s__rosidl_typesupport_introspection_c.so
-- Up-to-date symlink: /home/dksoren/drone_boys/install/drone/lib/python3.12/site-packages/drone/drone_s__rosidl_typesupport_c.so
-- Up-to-date symlink: /home/dksoren/drone_boys/install/drone/share/drone/action/FinderAction.idl
-- Up-to-date symlink: /home/dksoren/drone_boys/install/drone/share/drone/action/FinderAction.action
-- Up-to-date symlink: /home/dksoren/drone_boys/install/drone/lib/drone/finder
-- Up-to-date symlink: /home/dksoren/drone_boys/install/drone/share/drone//config/params.yaml
-- Up-to-date symlink: /home/dksoren/drone_boys/install/drone/share/ament_index/resource_index/package_run_dependencies/drone
-- Up-to-date symlink: /home/dksoren/drone_boys/install/drone/share/ament_index/resource_index/parent_prefix_path/drone
-- Up-to-date symlink: /home/dksoren/drone_boys/install/drone/share/drone/environment/ament_prefix_path.sh
-- Up-to-date symlink: /home/dksoren/drone_boys/install/drone/share/drone/environment/ament_prefix_path.dsv
-- Up-to-date symlink: /home/dksoren/drone_boys/install/drone/share/drone/environment/path.sh
-- Up-to-date symlink: /home/dksoren/drone_boys/install/drone/share/drone/environment/path.dsv
-- Up-to-date symlink: /home/dksoren/drone_boys/install/drone/share/drone/local_setup.bash
-- Up-to-date symlink: /home/dksoren/drone_boys/install/drone/share/drone/local_setup.sh
-- Up-to-date symlink: /home/dksoren/drone_boys/install/drone/share/drone/local_setup.zsh
-- Up-to-date symlink: /home/dksoren/drone_boys/install/drone/share/drone/local_setup.dsv
-- Symlinking: /home/dksoren/drone_boys/install/drone/share/drone/package.dsv
-- Up-to-date symlink: /home/dksoren/drone_boys/install/drone/share/ament_index/resource_index/packages/drone
-- Up-to-date symlink: /home/dksoren/drone_boys/install/drone/share/drone/cmake/rosidl_cmake-extras.cmake
-- Up-to-date symlink: /home/dksoren/drone_boys/install/drone/share/drone/cmake/ament_cmake_export_dependencies-extras.cmake
-- Up-to-date symlink: /home/dksoren/drone_boys/install/drone/share/drone/cmake/ament_cmake_export_include_directories-extras.cmake
-- Up-to-date symlink: /home/dksoren/drone_boys/install/drone/share/drone/cmake/ament_cmake_export_libraries-extras.cmake
-- Up-to-date symlink: /home/dksoren/drone_boys/install/drone/share/drone/cmake/ament_cmake_export_targets-extras.cmake
-- Up-to-date symlink: /home/dksoren/drone_boys/install/drone/share/drone/cmake/rosidl_cmake_export_typesupport_targets-extras.cmake
-- Up-to-date symlink: /home/dksoren/drone_boys/install/drone/share/drone/cmake/rosidl_cmake_export_typesupport_libraries-extras.cmake
-- Up-to-date symlink: /home/dksoren/drone_boys/install/drone/share/drone/cmake/droneConfig.cmake
-- Up-to-date symlink: /home/dksoren/drone_boys/install/drone/share/drone/cmake/droneConfig-version.cmake
-- Up-to-date symlink: /home/dksoren/drone_boys/install/drone/share/drone/package.xml
-- Up-to-date: /home/dksoren/drone_boys/install/drone/lib/libdrone__rosidl_generator_c.so
-- Up-to-date: /home/dksoren/drone_boys/install/drone/lib/libdrone__rosidl_typesupport_fastrtps_c.so
-- Up-to-date: /home/dksoren/drone_boys/install/drone/lib/libdrone__rosidl_typesupport_fastrtps_cpp.so
-- Up-to-date: /home/dksoren/drone_boys/install/drone/lib/libdrone__rosidl_typesupport_introspection_c.so
-- Up-to-date: /home/dksoren/drone_boys/install/drone/lib/libdrone__rosidl_typesupport_c.so
-- Up-to-date: /home/dksoren/drone_boys/install/drone/lib/libdrone__rosidl_typesupport_introspection_cpp.so
-- Up-to-date: /home/dksoren/drone_boys/install/drone/lib/libdrone__rosidl_typesupport_cpp.so
Listing '/home/dksoren/drone_boys/install/drone/lib/python3.12/site-packages/drone'...
Listing '/home/dksoren/drone_boys/install/drone/lib/python3.12/site-packages/drone/action'...
-- Up-to-date: /home/dksoren/drone_boys/install/drone/lib/libdrone__rosidl_generator_py.so
-- Up-to-date: /home/dksoren/drone_boys/install/drone/share/drone/cmake/export_drone__rosidl_generator_cExport.cmake
-- Up-to-date: /home/dksoren/drone_boys/install/drone/share/drone/cmake/export_drone__rosidl_generator_cExport-noconfig.cmake
-- Up-to-date: /home/dksoren/drone_boys/install/drone/share/drone/cmake/export_drone__rosidl_typesupport_fastrtps_cExport.cmake
-- Up-to-date: /home/dksoren/drone_boys/install/drone/share/drone/cmake/export_drone__rosidl_typesupport_fastrtps_cExport-noconfig.cmake
-- Up-to-date: /home/dksoren/drone_boys/install/drone/share/drone/cmake/export_drone__rosidl_generator_cppExport.cmake
-- Up-to-date: /home/dksoren/drone_boys/install/drone/share/drone/cmake/export_drone__rosidl_typesupport_fastrtps_cppExport.cmake
-- Up-to-date: /home/dksoren/drone_boys/install/drone/share/drone/cmake/export_drone__rosidl_typesupport_fastrtps_cppExport-noconfig.cmake
-- Up-to-date: /home/dksoren/drone_boys/install/drone/share/drone/cmake/drone__rosidl_typesupport_introspection_cExport.cmake
-- Up-to-date: /home/dksoren/drone_boys/install/drone/share/drone/cmake/drone__rosidl_typesupport_introspection_cExport-noconfig.cmake
-- Up-to-date: /home/dksoren/drone_boys/install/drone/share/drone/cmake/drone__rosidl_typesupport_cExport.cmake
-- Up-to-date: /home/dksoren/drone_boys/install/drone/share/drone/cmake/drone__rosidl_typesupport_cExport-noconfig.cmake
-- Up-to-date: /home/dksoren/drone_boys/install/drone/share/drone/cmake/drone__rosidl_typesupport_introspection_cppExport.cmake
-- Up-to-date: /home/dksoren/drone_boys/install/drone/share/drone/cmake/drone__rosidl_typesupport_introspection_cppExport-noconfig.cmake
-- Up-to-date: /home/dksoren/drone_boys/install/drone/share/drone/cmake/drone__rosidl_typesupport_cppExport.cmake
-- Up-to-date: /home/dksoren/drone_boys/install/drone/share/drone/cmake/drone__rosidl_typesupport_cppExport-noconfig.cmake
-- Up-to-date: /home/dksoren/drone_boys/install/drone/share/drone/cmake/export_drone__rosidl_generator_pyExport.cmake
-- Up-to-date: /home/dksoren/drone_boys/install/drone/share/drone/cmake/export_drone__rosidl_generator_pyExport-noconfig.cmake
