[0.008s] Invoking command in '/home/dksoren/drone_boys/build/drone': CMAKE_PREFIX_PATH=${CMAKE_PREFIX_PATH}:/opt/ros/jazzy DEBUGINFOD_URLS=https://debuginfod.ubuntu.com /usr/bin/cmake --build /home/dksoren/drone_boys/build/drone -- -j12 -l12
[0.055s] [  2%] Built target drone__rosidl_generator_type_description
[0.062s] [  2%] Built target ament_cmake_python_symlink_drone
[0.071s] [  5%] Built target drone__cpp
[0.073s] [ 17%] Built target drone__rosidl_generator_c
[0.093s] [ 48%] Built target drone__rosidl_typesupport_introspection_cpp
[0.093s] [ 48%] Built target drone__rosidl_typesupport_introspection_c
[0.093s] [ 48%] Built target drone__rosidl_typesupport_c
[0.093s] [ 48%] Built target drone__rosidl_typesupport_fastrtps_c
[0.094s] [ 56%] Built target drone__rosidl_typesupport_cpp
[0.094s] [ 64%] Built target drone__rosidl_typesupport_fastrtps_cpp
[0.114s] [ 64%] Built target drone
[0.133s] [ 66%] Built target drone__py
[0.149s] [ 69%] [32mBuilding CXX object CMakeFiles/finder.dir/src/main.cpp.o[0m
[0.154s] [ 74%] Built target drone__rosidl_generator_py
[0.176s] [ 89%] Built target drone_s__rosidl_typesupport_c
[0.176s] [ 89%] Built target drone_s__rosidl_typesupport_introspection_c
[0.176s] [ 89%] Built target drone_s__rosidl_typesupport_fastrtps_c
[0.243s] running egg_info
[0.261s] writing drone.egg-info/PKG-INFO
[0.261s] writing dependency_links to drone.egg-info/dependency_links.txt
[0.261s] writing top-level names to drone.egg-info/top_level.txt
[0.311s] reading manifest file 'drone.egg-info/SOURCES.txt'
[0.311s] writing manifest file 'drone.egg-info/SOURCES.txt'
[0.335s] [ 89%] Built target ament_cmake_python_build_drone_egg
[4.808s] [ 92%] [32m[1mLinking CXX executable finder[0m
[5.297s] [100%] Built target finder
[5.309s] Invoked command in '/home/dksoren/drone_boys/build/drone' returned '0': CMAKE_PREFIX_PATH=${CMAKE_PREFIX_PATH}:/opt/ros/jazzy DEBUGINFOD_URLS=https://debuginfod.ubuntu.com /usr/bin/cmake --build /home/dksoren/drone_boys/build/drone -- -j12 -l12
[5.318s] Invoking command in '/home/dksoren/drone_boys/build/drone': CMAKE_PREFIX_PATH=${CMAKE_PREFIX_PATH}:/opt/ros/jazzy DEBUGINFOD_URLS=https://debuginfod.ubuntu.com /usr/bin/cmake --install /home/dksoren/drone_boys/build/drone
[5.325s] -- Install configuration: ""
[5.325s] -- Execute custom install script
[5.325s] -- Up-to-date symlink: /home/dksoren/drone_boys/install/drone/share/ament_index/resource_index/rosidl_interfaces/drone
[5.326s] -- Up-to-date symlink: /home/dksoren/drone_boys/install/drone/share/drone/action/FinderAction.json
[5.326s] -- Up-to-date symlink: /home/dksoren/drone_boys/install/drone/include/drone/drone/action/detail/finder_action__functions.h
[5.326s] -- Up-to-date symlink: /home/dksoren/drone_boys/install/drone/include/drone/drone/action/detail/finder_action__struct.h
[5.326s] -- Up-to-date symlink: /home/dksoren/drone_boys/install/drone/include/drone/drone/action/detail/finder_action__type_support.h
[5.326s] -- Up-to-date symlink: /home/dksoren/drone_boys/install/drone/include/drone/drone/action/finder_action.h
[5.327s] -- Up-to-date symlink: /home/dksoren/drone_boys/install/drone/include/drone/drone/msg/rosidl_generator_c__visibility_control.h
[5.327s] -- Up-to-date symlink: /home/dksoren/drone_boys/install/drone/share/drone/environment/library_path.sh
[5.327s] -- Up-to-date symlink: /home/dksoren/drone_boys/install/drone/share/drone/environment/library_path.dsv
[5.327s] -- Up-to-date symlink: /home/dksoren/drone_boys/install/drone/include/drone/drone/action/detail/finder_action__rosidl_typesupport_fastrtps_c.h
[5.327s] -- Up-to-date symlink: /home/dksoren/drone_boys/install/drone/include/drone/drone/msg/rosidl_typesupport_fastrtps_c__visibility_control.h
[5.328s] -- Up-to-date symlink: /home/dksoren/drone_boys/install/drone/include/drone/drone/action/detail/finder_action__builder.hpp
[5.328s] -- Up-to-date symlink: /home/dksoren/drone_boys/install/drone/include/drone/drone/action/detail/finder_action__struct.hpp
[5.328s] -- Up-to-date symlink: /home/dksoren/drone_boys/install/drone/include/drone/drone/action/detail/finder_action__traits.hpp
[5.328s] -- Up-to-date symlink: /home/dksoren/drone_boys/install/drone/include/drone/drone/action/detail/finder_action__type_support.hpp
[5.328s] -- Up-to-date symlink: /home/dksoren/drone_boys/install/drone/include/drone/drone/action/finder_action.hpp
[5.328s] -- Up-to-date symlink: /home/dksoren/drone_boys/install/drone/include/drone/drone/msg/rosidl_generator_cpp__visibility_control.hpp
[5.328s] -- Up-to-date symlink: /home/dksoren/drone_boys/install/drone/include/drone/drone/action/detail/finder_action__rosidl_typesupport_fastrtps_cpp.hpp
[5.329s] -- Up-to-date symlink: /home/dksoren/drone_boys/install/drone/include/drone/drone/msg/rosidl_typesupport_fastrtps_cpp__visibility_control.h
[5.329s] -- Up-to-date symlink: /home/dksoren/drone_boys/install/drone/include/drone/drone/action/detail/finder_action__rosidl_typesupport_introspection_c.h
[5.329s] -- Up-to-date symlink: /home/dksoren/drone_boys/install/drone/include/drone/drone/msg/rosidl_typesupport_introspection_c__visibility_control.h
[5.330s] -- Up-to-date symlink: /home/dksoren/drone_boys/install/drone/include/drone/drone/action/detail/finder_action__rosidl_typesupport_introspection_cpp.hpp
[5.330s] -- Up-to-date symlink: /home/dksoren/drone_boys/install/drone/share/drone/environment/pythonpath.sh
[5.330s] -- Up-to-date symlink: /home/dksoren/drone_boys/install/drone/share/drone/environment/pythonpath.dsv
[5.330s] -- Up-to-date symlink: /home/dksoren/drone_boys/install/drone/lib/python3.12/site-packages/drone-0.1.0-py3.12.egg-info/PKG-INFO
[5.330s] -- Up-to-date symlink: /home/dksoren/drone_boys/install/drone/lib/python3.12/site-packages/drone-0.1.0-py3.12.egg-info/SOURCES.txt
[5.330s] -- Up-to-date symlink: /home/dksoren/drone_boys/install/drone/lib/python3.12/site-packages/drone-0.1.0-py3.12.egg-info/dependency_links.txt
[5.330s] -- Up-to-date symlink: /home/dksoren/drone_boys/install/drone/lib/python3.12/site-packages/drone-0.1.0-py3.12.egg-info/top_level.txt
[5.331s] -- Up-to-date symlink: /home/dksoren/drone_boys/install/drone/lib/python3.12/site-packages/drone/__init__.py
[5.331s] -- Up-to-date symlink: /home/dksoren/drone_boys/install/drone/lib/python3.12/site-packages/drone/_drone_s.ep.rosidl_typesupport_c.c
[5.331s] -- Up-to-date symlink: /home/dksoren/drone_boys/install/drone/lib/python3.12/site-packages/drone/_drone_s.ep.rosidl_typesupport_fastrtps_c.c
[5.331s] -- Up-to-date symlink: /home/dksoren/drone_boys/install/drone/lib/python3.12/site-packages/drone/_drone_s.ep.rosidl_typesupport_introspection_c.c
[5.331s] -- Up-to-date symlink: /home/dksoren/drone_boys/install/drone/lib/python3.12/site-packages/drone/action/__init__.py
[5.331s] -- Up-to-date symlink: /home/dksoren/drone_boys/install/drone/lib/python3.12/site-packages/drone/action/_finder_action.py
[5.331s] -- Up-to-date symlink: /home/dksoren/drone_boys/install/drone/lib/python3.12/site-packages/drone/action/_finder_action_s.c
[5.332s] -- Up-to-date symlink: /home/dksoren/drone_boys/install/drone/lib/python3.12/site-packages/drone/drone_s__rosidl_typesupport_c.so
[5.332s] -- Up-to-date symlink: /home/dksoren/drone_boys/install/drone/lib/python3.12/site-packages/drone/drone_s__rosidl_typesupport_fastrtps_c.so
[5.332s] -- Up-to-date symlink: /home/dksoren/drone_boys/install/drone/lib/python3.12/site-packages/drone/drone_s__rosidl_typesupport_introspection_c.so
[5.332s] -- Up-to-date symlink: /home/dksoren/drone_boys/install/drone/lib/python3.12/site-packages/drone/drone_s__rosidl_typesupport_fastrtps_c.so
[5.332s] -- Up-to-date symlink: /home/dksoren/drone_boys/install/drone/lib/python3.12/site-packages/drone/drone_s__rosidl_typesupport_introspection_c.so
[5.332s] -- Up-to-date symlink: /home/dksoren/drone_boys/install/drone/lib/python3.12/site-packages/drone/drone_s__rosidl_typesupport_c.so
[5.333s] -- Up-to-date symlink: /home/dksoren/drone_boys/install/drone/share/drone/action/FinderAction.idl
[5.333s] -- Up-to-date symlink: /home/dksoren/drone_boys/install/drone/share/drone/action/FinderAction.action
[5.333s] -- Up-to-date symlink: /home/dksoren/drone_boys/install/drone/lib/drone/finder
[5.333s] -- Up-to-date symlink: /home/dksoren/drone_boys/install/drone/share/drone//config/params.yaml
[5.333s] -- Up-to-date symlink: /home/dksoren/drone_boys/install/drone/share/ament_index/resource_index/package_run_dependencies/drone
[5.333s] -- Up-to-date symlink: /home/dksoren/drone_boys/install/drone/share/ament_index/resource_index/parent_prefix_path/drone
[5.334s] -- Up-to-date symlink: /home/dksoren/drone_boys/install/drone/share/drone/environment/ament_prefix_path.sh
[5.334s] -- Up-to-date symlink: /home/dksoren/drone_boys/install/drone/share/drone/environment/ament_prefix_path.dsv
[5.334s] -- Up-to-date symlink: /home/dksoren/drone_boys/install/drone/share/drone/environment/path.sh
[5.334s] -- Up-to-date symlink: /home/dksoren/drone_boys/install/drone/share/drone/environment/path.dsv
[5.334s] -- Up-to-date symlink: /home/dksoren/drone_boys/install/drone/share/drone/local_setup.bash
[5.334s] -- Up-to-date symlink: /home/dksoren/drone_boys/install/drone/share/drone/local_setup.sh
[5.335s] -- Up-to-date symlink: /home/dksoren/drone_boys/install/drone/share/drone/local_setup.zsh
[5.335s] -- Up-to-date symlink: /home/dksoren/drone_boys/install/drone/share/drone/local_setup.dsv
[5.335s] -- Symlinking: /home/dksoren/drone_boys/install/drone/share/drone/package.dsv
[5.345s] -- Up-to-date symlink: /home/dksoren/drone_boys/install/drone/share/ament_index/resource_index/packages/drone
[5.345s] -- Up-to-date symlink: /home/dksoren/drone_boys/install/drone/share/drone/cmake/rosidl_cmake-extras.cmake
[5.345s] -- Up-to-date symlink: /home/dksoren/drone_boys/install/drone/share/drone/cmake/ament_cmake_export_dependencies-extras.cmake
[5.345s] -- Up-to-date symlink: /home/dksoren/drone_boys/install/drone/share/drone/cmake/ament_cmake_export_include_directories-extras.cmake
[5.346s] -- Up-to-date symlink: /home/dksoren/drone_boys/install/drone/share/drone/cmake/ament_cmake_export_libraries-extras.cmake
[5.346s] -- Up-to-date symlink: /home/dksoren/drone_boys/install/drone/share/drone/cmake/ament_cmake_export_targets-extras.cmake
[5.346s] -- Up-to-date symlink: /home/dksoren/drone_boys/install/drone/share/drone/cmake/rosidl_cmake_export_typesupport_targets-extras.cmake
[5.346s] -- Up-to-date symlink: /home/dksoren/drone_boys/install/drone/share/drone/cmake/rosidl_cmake_export_typesupport_libraries-extras.cmake
[5.346s] -- Up-to-date symlink: /home/dksoren/drone_boys/install/drone/share/drone/cmake/droneConfig.cmake
[5.346s] -- Up-to-date symlink: /home/dksoren/drone_boys/install/drone/share/drone/cmake/droneConfig-version.cmake
[5.346s] -- Up-to-date symlink: /home/dksoren/drone_boys/install/drone/share/drone/package.xml
[5.347s] -- Up-to-date: /home/dksoren/drone_boys/install/drone/lib/libdrone__rosidl_generator_c.so
[5.347s] -- Up-to-date: /home/dksoren/drone_boys/install/drone/lib/libdrone__rosidl_typesupport_fastrtps_c.so
[5.347s] -- Up-to-date: /home/dksoren/drone_boys/install/drone/lib/libdrone__rosidl_typesupport_fastrtps_cpp.so
[5.348s] -- Up-to-date: /home/dksoren/drone_boys/install/drone/lib/libdrone__rosidl_typesupport_introspection_c.so
[5.348s] -- Up-to-date: /home/dksoren/drone_boys/install/drone/lib/libdrone__rosidl_typesupport_c.so
[5.348s] -- Up-to-date: /home/dksoren/drone_boys/install/drone/lib/libdrone__rosidl_typesupport_introspection_cpp.so
[5.348s] -- Up-to-date: /home/dksoren/drone_boys/install/drone/lib/libdrone__rosidl_typesupport_cpp.so
[5.374s] Listing '/home/dksoren/drone_boys/install/drone/lib/python3.12/site-packages/drone'...
[5.374s] Listing '/home/dksoren/drone_boys/install/drone/lib/python3.12/site-packages/drone/action'...
[5.378s] -- Up-to-date: /home/dksoren/drone_boys/install/drone/lib/libdrone__rosidl_generator_py.so
[5.378s] -- Up-to-date: /home/dksoren/drone_boys/install/drone/share/drone/cmake/export_drone__rosidl_generator_cExport.cmake
[5.378s] -- Up-to-date: /home/dksoren/drone_boys/install/drone/share/drone/cmake/export_drone__rosidl_generator_cExport-noconfig.cmake
[5.378s] -- Up-to-date: /home/dksoren/drone_boys/install/drone/share/drone/cmake/export_drone__rosidl_typesupport_fastrtps_cExport.cmake
[5.378s] -- Up-to-date: /home/dksoren/drone_boys/install/drone/share/drone/cmake/export_drone__rosidl_typesupport_fastrtps_cExport-noconfig.cmake
[5.379s] -- Up-to-date: /home/dksoren/drone_boys/install/drone/share/drone/cmake/export_drone__rosidl_generator_cppExport.cmake
[5.379s] -- Up-to-date: /home/dksoren/drone_boys/install/drone/share/drone/cmake/export_drone__rosidl_typesupport_fastrtps_cppExport.cmake
[5.379s] -- Up-to-date: /home/dksoren/drone_boys/install/drone/share/drone/cmake/export_drone__rosidl_typesupport_fastrtps_cppExport-noconfig.cmake
[5.379s] -- Up-to-date: /home/dksoren/drone_boys/install/drone/share/drone/cmake/drone__rosidl_typesupport_introspection_cExport.cmake
[5.379s] -- Up-to-date: /home/dksoren/drone_boys/install/drone/share/drone/cmake/drone__rosidl_typesupport_introspection_cExport-noconfig.cmake
[5.379s] -- Up-to-date: /home/dksoren/drone_boys/install/drone/share/drone/cmake/drone__rosidl_typesupport_cExport.cmake
[5.379s] -- Up-to-date: /home/dksoren/drone_boys/install/drone/share/drone/cmake/drone__rosidl_typesupport_cExport-noconfig.cmake
[5.379s] -- Up-to-date: /home/dksoren/drone_boys/install/drone/share/drone/cmake/drone__rosidl_typesupport_introspection_cppExport.cmake
[5.379s] -- Up-to-date: /home/dksoren/drone_boys/install/drone/share/drone/cmake/drone__rosidl_typesupport_introspection_cppExport-noconfig.cmake
[5.380s] -- Up-to-date: /home/dksoren/drone_boys/install/drone/share/drone/cmake/drone__rosidl_typesupport_cppExport.cmake
[5.380s] -- Up-to-date: /home/dksoren/drone_boys/install/drone/share/drone/cmake/drone__rosidl_typesupport_cppExport-noconfig.cmake
[5.380s] -- Up-to-date: /home/dksoren/drone_boys/install/drone/share/drone/cmake/export_drone__rosidl_generator_pyExport.cmake
[5.380s] -- Up-to-date: /home/dksoren/drone_boys/install/drone/share/drone/cmake/export_drone__rosidl_generator_pyExport-noconfig.cmake
[5.381s] Invoked command in '/home/dksoren/drone_boys/build/drone' returned '0': CMAKE_PREFIX_PATH=${CMAKE_PREFIX_PATH}:/opt/ros/jazzy DEBUGINFOD_URLS=https://debuginfod.ubuntu.com /usr/bin/cmake --install /home/dksoren/drone_boys/build/drone
