[0.007s] Invoking command in '/home/dksoren/drone_boys/build/drone_gui': CMAKE_PREFIX_PATH=/opt/ros/jazzy:/home/dksoren/drone_boys/install/drone_core:/home/dksoren/drone_boys/install/drone_gui:/home/dksoren/drone_boys/install/drone:/opt/ros/jazzy/opt/gz_math_vendor:/opt/ros/jazzy/opt/gz_utils_vendor:/opt/ros/jazzy/opt/gz_cmake_vendor DEBUGINFOD_URLS=https://debuginfod.ubuntu.com /usr/bin/cmake /home/dksoren/drone_boys/src/drone_gui -DAMENT_CMAKE_SYMLINK_INSTALL=1 -DCMAKE_INSTALL_PREFIX=/home/dksoren/drone_boys/install/drone_gui
[0.019s] -- Found ament_cmake: 2.5.4 (/opt/ros/jazzy/share/ament_cmake/cmake)
[0.180s] -- Override CMake install command with custom implementation using symlinks instead of copying resources
[0.185s] -- Found rclcpp: 28.1.12 (/opt/ros/jazzy/share/rclcpp/cmake)
[0.207s] -- Found rosidl_generator_c: 4.6.6 (/opt/ros/jazzy/share/rosidl_generator_c/cmake)
[0.214s] -- Found rosidl_generator_cpp: 4.6.6 (/opt/ros/jazzy/share/rosidl_generator_cpp/cmake)
[0.222s] -- Using all available rosidl_typesupport_c: rosidl_typesupport_fastrtps_c;rosidl_typesupport_introspection_c
[0.232s] -- Using all available rosidl_typesupport_cpp: rosidl_typesupport_fastrtps_cpp;rosidl_typesupport_introspection_cpp
[0.278s] -- Found rmw_implementation_cmake: 7.3.2 (/opt/ros/jazzy/share/rmw_implementation_cmake/cmake)
[0.279s] -- Found rmw_fastrtps_cpp: 8.4.3 (/opt/ros/jazzy/share/rmw_fastrtps_cpp/cmake)
[0.334s] -- Using RMW implementation 'rmw_fastrtps_cpp' as default
[0.384s] -- Found std_msgs: 5.3.6 (/opt/ros/jazzy/share/std_msgs/cmake)
[1.304s] [0mCMake Deprecation Warning at /home/dksoren/drone_boys/build/drone_gui/_deps/glfw-src/CMakeLists.txt:1 (cmake_minimum_required):
[1.304s]   Compatibility with CMake < 3.5 will be removed from a future version of
[1.304s]   CMake.
[1.304s] 
[1.304s]   Update the VERSION argument <min> value or use a ...<max> suffix to tell
[1.304s]   CMake that the project does not need compatibility with older versions.
[1.304s] 
[1.305s] [0m
[1.309s] -- Could NOT find Doxygen (missing: DOXYGEN_EXECUTABLE) 
[1.309s] -- Using X11 for window creation
[1.437s] -- Configuring done (1.4s)
[1.497s] -- Generating done (0.1s)
[1.510s] -- Build files have been written to: /home/dksoren/drone_boys/build/drone_gui
[1.521s] Invoked command in '/home/dksoren/drone_boys/build/drone_gui' returned '0': CMAKE_PREFIX_PATH=/opt/ros/jazzy:/home/dksoren/drone_boys/install/drone_core:/home/dksoren/drone_boys/install/drone_gui:/home/dksoren/drone_boys/install/drone:/opt/ros/jazzy/opt/gz_math_vendor:/opt/ros/jazzy/opt/gz_utils_vendor:/opt/ros/jazzy/opt/gz_cmake_vendor DEBUGINFOD_URLS=https://debuginfod.ubuntu.com /usr/bin/cmake /home/dksoren/drone_boys/src/drone_gui -DAMENT_CMAKE_SYMLINK_INSTALL=1 -DCMAKE_INSTALL_PREFIX=/home/dksoren/drone_boys/install/drone_gui
[1.522s] Invoking command in '/home/dksoren/drone_boys/build/drone_gui': CMAKE_PREFIX_PATH=/opt/ros/jazzy:/home/dksoren/drone_boys/install/drone_core:/home/dksoren/drone_boys/install/drone_gui:/home/dksoren/drone_boys/install/drone:/opt/ros/jazzy/opt/gz_math_vendor:/opt/ros/jazzy/opt/gz_utils_vendor:/opt/ros/jazzy/opt/gz_cmake_vendor DEBUGINFOD_URLS=https://debuginfod.ubuntu.com /usr/bin/cmake --build /home/dksoren/drone_boys/build/drone_gui -- -j12 -l12
[1.585s] [ 14%] Built target glfw
[1.611s] [ 29%] Built target simple
[1.611s] [ 29%] Built target offscreen
[1.612s] [ 29%] Built target heightmap
[1.612s] [ 29%] Built target boing
[1.612s] [ 29%] Built target sharing
[1.612s] [ 30%] Built target particles
[1.612s] [ 32%] Built target events
[1.612s] [ 37%] Built target wave
[1.612s] [ 37%] Built target splitview
[1.614s] [ 39%] Built target gears
[1.617s] [ 42%] Built target clipboard
[1.620s] [ 47%] Built target ImGuiLib
[1.638s] [ 53%] Built target reopen
[1.638s] [ 53%] Built target monitors
[1.639s] [ 59%] Built target msaa
[1.639s] [ 58%] Built target cursor
[1.640s] [ 62%] Built target iconify
[1.643s] [ 71%] Built target glfwinfo
[1.643s] [ 71%] Built target inputlag
[1.643s] [ 71%] Built target icon
[1.644s] [ 73%] Built target gamma
[1.644s] [ 76%] Built target empty
[1.646s] [ 78%] Built target joysticks
[1.649s] [ 80%] Built target opacity
[1.662s] [ 84%] Built target timeout
[1.662s] [ 87%] Built target threads
[1.662s] [ 87%] Built target tearing
[1.663s] [ 90%] Built target title
[1.665s] [ 95%] Built target triangle-vulkan
[1.665s] [ 96%] Built target windows
[1.667s] [ 98%] Built target InterfaceLib
[1.694s] [ 99%] [32m[1mLinking CXX executable gui_app[0m
[1.862s] [100%] Built target gui_app
[1.875s] Invoked command in '/home/dksoren/drone_boys/build/drone_gui' returned '0': CMAKE_PREFIX_PATH=/opt/ros/jazzy:/home/dksoren/drone_boys/install/drone_core:/home/dksoren/drone_boys/install/drone_gui:/home/dksoren/drone_boys/install/drone:/opt/ros/jazzy/opt/gz_math_vendor:/opt/ros/jazzy/opt/gz_utils_vendor:/opt/ros/jazzy/opt/gz_cmake_vendor DEBUGINFOD_URLS=https://debuginfod.ubuntu.com /usr/bin/cmake --build /home/dksoren/drone_boys/build/drone_gui -- -j12 -l12
[1.876s] Invoking command in '/home/dksoren/drone_boys/build/drone_gui': CMAKE_PREFIX_PATH=/opt/ros/jazzy:/home/dksoren/drone_boys/install/drone_core:/home/dksoren/drone_boys/install/drone_gui:/home/dksoren/drone_boys/install/drone:/opt/ros/jazzy/opt/gz_math_vendor:/opt/ros/jazzy/opt/gz_utils_vendor:/opt/ros/jazzy/opt/gz_cmake_vendor DEBUGINFOD_URLS=https://debuginfod.ubuntu.com /usr/bin/cmake --install /home/dksoren/drone_boys/build/drone_gui
[1.882s] -- Install configuration: ""
[1.883s] -- Execute custom install script
[1.883s] -- Symlinking: /home/dksoren/drone_boys/install/drone_gui/lib/cmake/glfw3/glfw3Config.cmake
[1.891s] -- Symlinking: /home/dksoren/drone_boys/install/drone_gui/lib/cmake/glfw3/glfw3ConfigVersion.cmake
[1.901s] -- Symlinking: /home/dksoren/drone_boys/install/drone_gui/lib/pkgconfig/glfw3.pc
[1.910s] -- Symlinking: /home/dksoren/drone_boys/install/drone_gui/lib/drone_gui/gui_app
[1.919s] -- Symlinking: /home/dksoren/drone_boys/install/drone_gui/share/ament_index/resource_index/package_run_dependencies/drone_gui
[1.927s] -- Symlinking: /home/dksoren/drone_boys/install/drone_gui/share/ament_index/resource_index/parent_prefix_path/drone_gui
[1.935s] -- Symlinking: /home/dksoren/drone_boys/install/drone_gui/share/drone_gui/environment/ament_prefix_path.sh
[1.942s] -- Symlinking: /home/dksoren/drone_boys/install/drone_gui/share/drone_gui/environment/ament_prefix_path.dsv
[1.951s] -- Symlinking: /home/dksoren/drone_boys/install/drone_gui/share/drone_gui/environment/path.sh
[1.960s] -- Symlinking: /home/dksoren/drone_boys/install/drone_gui/share/drone_gui/environment/path.dsv
[1.968s] -- Symlinking: /home/dksoren/drone_boys/install/drone_gui/share/drone_gui/local_setup.bash
[1.976s] -- Symlinking: /home/dksoren/drone_boys/install/drone_gui/share/drone_gui/local_setup.sh
[1.984s] -- Symlinking: /home/dksoren/drone_boys/install/drone_gui/share/drone_gui/local_setup.zsh
[1.992s] -- Symlinking: /home/dksoren/drone_boys/install/drone_gui/share/drone_gui/local_setup.dsv
[2.001s] -- Symlinking: /home/dksoren/drone_boys/install/drone_gui/share/drone_gui/package.dsv
[2.010s] -- Symlinking: /home/dksoren/drone_boys/install/drone_gui/share/ament_index/resource_index/packages/drone_gui
[2.018s] -- Symlinking: /home/dksoren/drone_boys/install/drone_gui/share/drone_gui/cmake/ament_cmake_export_dependencies-extras.cmake
[2.028s] -- Symlinking: /home/dksoren/drone_boys/install/drone_gui/share/drone_gui/cmake/drone_guiConfig.cmake
[2.035s] -- Symlinking: /home/dksoren/drone_boys/install/drone_gui/share/drone_gui/cmake/drone_guiConfig-version.cmake
[2.044s] -- Symlinking: /home/dksoren/drone_boys/install/drone_gui/share/drone_gui/package.xml
[2.052s] -- Up-to-date: /home/dksoren/drone_boys/install/drone_gui/include/GLFW
[2.052s] -- Up-to-date: /home/dksoren/drone_boys/install/drone_gui/include/GLFW/glfw3.h
[2.052s] -- Up-to-date: /home/dksoren/drone_boys/install/drone_gui/include/GLFW/glfw3native.h
[2.053s] -- Up-to-date: /home/dksoren/drone_boys/install/drone_gui/lib/cmake/glfw3/glfw3Targets.cmake
[2.053s] -- Up-to-date: /home/dksoren/drone_boys/install/drone_gui/lib/cmake/glfw3/glfw3Targets-noconfig.cmake
[2.053s] -- Up-to-date: /home/dksoren/drone_boys/install/drone_gui/lib/libglfw3.a
[2.055s] Invoked command in '/home/dksoren/drone_boys/build/drone_gui' returned '0': CMAKE_PREFIX_PATH=/opt/ros/jazzy:/home/dksoren/drone_boys/install/drone_core:/home/dksoren/drone_boys/install/drone_gui:/home/dksoren/drone_boys/install/drone:/opt/ros/jazzy/opt/gz_math_vendor:/opt/ros/jazzy/opt/gz_utils_vendor:/opt/ros/jazzy/opt/gz_cmake_vendor DEBUGINFOD_URLS=https://debuginfod.ubuntu.com /usr/bin/cmake --install /home/dksoren/drone_boys/build/drone_gui
