[0.008s] Invoking command in '/home/dksoren/drone_boys/build/drone': CMAKE_PREFIX_PATH=${CMAKE_PREFIX_PATH}:/opt/ros/jazzy DEBUGINFOD_URLS=https://debuginfod.ubuntu.com /usr/bin/cmake --build /home/dksoren/drone_boys/build/drone -- -j12 -l12
[0.032s] -- Found ament_cmake: 2.5.4 (/opt/ros/jazzy/share/ament_cmake/cmake)
[0.053s] -- Found Python3: /usr/bin/python3 (found version "3.12.3") found components: Interpreter 
[0.113s] -- Override CMake install command with custom implementation using symlinks instead of copying resources
[0.119s] -- Found rclcpp: 28.1.12 (/opt/ros/jazzy/share/rclcpp/cmake)
[0.142s] -- Found rosidl_generator_c: 4.6.6 (/opt/ros/jazzy/share/rosidl_generator_c/cmake)
[0.149s] -- Found rosidl_generator_cpp: 4.6.6 (/opt/ros/jazzy/share/rosidl_generator_cpp/cmake)
[0.157s] -- Using all available rosidl_typesupport_c: rosidl_typesupport_fastrtps_c;rosidl_typesupport_introspection_c
[0.167s] -- Using all available rosidl_typesupport_cpp: rosidl_typesupport_fastrtps_cpp;rosidl_typesupport_introspection_cpp
[0.215s] -- Found rmw_implementation_cmake: 7.3.2 (/opt/ros/jazzy/share/rmw_implementation_cmake/cmake)
[0.216s] -- Found rmw_fastrtps_cpp: 8.4.3 (/opt/ros/jazzy/share/rmw_fastrtps_cpp/cmake)
[0.271s] -- Using RMW implementation 'rmw_fastrtps_cpp' as default
[0.322s] -- Found rclcpp_action: 28.1.12 (/opt/ros/jazzy/share/rclcpp_action/cmake)
[0.359s] -- Found rosidl_default_generators: 1.6.0 (/opt/ros/jazzy/share/rosidl_default_generators/cmake)
[0.365s] -- Found rosidl_adapter: 4.6.6 (/opt/ros/jazzy/share/rosidl_adapter/cmake)
[0.580s] -- Found ament_cmake_ros: 0.12.0 (/opt/ros/jazzy/share/ament_cmake_ros/cmake)
[0.729s] -- Using all available rosidl_typesupport_c: rosidl_typesupport_fastrtps_c;rosidl_typesupport_introspection_c
[0.785s] -- Using all available rosidl_typesupport_cpp: rosidl_typesupport_fastrtps_cpp;rosidl_typesupport_introspection_cpp
[0.786s] -- Found python_cmake_module: 0.11.1 (/opt/ros/jazzy/share/python_cmake_module/cmake)
[1.021s] -- Found Python3: /usr/bin/python3 (found version "3.12.3") found components: Interpreter Development NumPy Development.Module Development.Embed 
[1.034s] [0mCMake Deprecation Warning at /opt/ros/jazzy/share/rosidl_cmake/cmake/rosidl_target_interfaces.cmake:32 (message):
[1.034s]   Use rosidl_get_typesupport_target() and target_link_libraries() instead of
[1.034s]   rosidl_target_interfaces().  i.e:
[1.034s] 
[1.034s]     rosidl_get_typesupport_target(cpp_typesupport_target "${PROJECT_NAME}" "rosidl_typesupport_cpp")
[1.035s]     target_link_libraries(${PROJECT_NAME}_node "${cpp_typesupport_target}")
[1.035s] 
[1.035s] Call Stack (most recent call first):
[1.035s]   CMakeLists.txt:43 (rosidl_target_interfaces)
[1.035s] 
[1.035s] [0m
[1.059s] [31mCMake Error at CMakeLists.txt:63 (find_package):
[1.059s]   By not providing "Finddrone_core.cmake" in CMAKE_MODULE_PATH this project
[1.059s]   has asked CMake to find a package configuration file provided by
[1.059s]   "drone_core", but CMake did not find one.
[1.059s] 
[1.059s]   Could not find a package configuration file provided by "drone_core" with
[1.059s]   any of the following names:
[1.059s] 
[1.060s]     drone_coreConfig.cmake
[1.060s]     drone_core-config.cmake
[1.060s] 
[1.060s]   Add the installation prefix of "drone_core" to CMAKE_PREFIX_PATH or set
[1.060s]   "drone_core_DIR" to a directory containing one of the above files.  If
[1.060s]   "drone_core" provides a separate development package or SDK, be sure it has
[1.060s]   been installed.
[1.060s] 
[1.060s] [0m
[1.060s] -- Configuring incomplete, errors occurred!
[1.068s] gmake: *** [Makefile:937: cmake_check_build_system] Error 1
